_MID_ ; Inverters_Action
_MNAME_ ; Inverters_Action
Inverters_Action_B.Merge ; 1001 0 ; ASD_VARIABLE ; Inverters_Action.Merge.Merge ; 0x0
Inverters_Action_B.Merge2 ; 1001 1 ; ASD_VARIABLE ; Inverters_Action.Subsystem9.Merge2.Merge2 ; 0x0
Inverters_Action_B.Merge2_p ; 1001 2 ; ASD_VARIABLE ; Inverters_Action.Subsystem10.Merge2.Merge2_p ; 0x0
Inverters_Action_B.subscribed ; 1001 3 ; ASD_VARIABLE ; Inverters_Action.Subsystem9.Unsubscribe__Subscribe.subscribed_.subscribed ; 0x0
Inverters_Action_B.subscribed_b ; 1001 4 ; ASD_VARIABLE ; Inverters_Action.Subsystem10.Unsubscribe__Subscribe.subscribed_.subscribed_b ; 0x0
Inverters_Action_ConstB.TorqueCommand.Divide ; 1001 5 ; ASD_VARIABLE ; Inverters_Action.Subsystem10.Torque_Command.Divide.Divide ; 0x0
Inverters_Action_ConstB.TorqueCommand0.BitwiseOperator1 ; 1001 6 ; ASD_VARIABLE ; Inverters_Action.Subsystem10.Torque_Command_0.Subsystem.Bitwise_Operator1.BitwiseOperator1 ; 0x0
Inverters_Action_ConstB.TorqueCommand0.Current0to65535 ; 1001 7 ; ASD_VARIABLE ; Inverters_Action.Subsystem10.Torque_Command_0.Product.Current_0_to_65535 ; 0x0
Inverters_Action_ConstB.TorqueCommand0.Divide ; 1001 8 ; ASD_VARIABLE ; Inverters_Action.Subsystem10.Torque_Command_0.Divide.Divide ; 0x0
Inverters_Action_ConstB.TorqueCommand0.ShiftArithmetic ; 1001 9 ; ASD_VARIABLE ; Inverters_Action.Subsystem10.Torque_Command_0.Subsystem.Shift_Arithmetic.ShiftArithmetic ; 0x0
Inverters_Action_ConstB.TorqueCommand0.b7tob0 ; 1001 10 ; ASD_VARIABLE ; Inverters_Action.Subsystem10.Torque_Command_0.Subsystem.Bitwise_Operator.b7_to_b0 ; 0x0
Inverters_Action_ConstB.TorqueCommand0_g.BitwiseOperator1 ; 1001 11 ; ASD_VARIABLE ; Inverters_Action.Subsystem9.Torque_Command_0.Subsystem.Bitwise_Operator1.BitwiseOperator1 ; 0x0
Inverters_Action_ConstB.TorqueCommand0_g.Current0to65535 ; 1001 12 ; ASD_VARIABLE ; Inverters_Action.Subsystem9.Torque_Command_0.Product.Current_0_to_65535 ; 0x0
Inverters_Action_ConstB.TorqueCommand0_g.Divide ; 1001 13 ; ASD_VARIABLE ; Inverters_Action.Subsystem9.Torque_Command_0.Divide.Divide ; 0x0
Inverters_Action_ConstB.TorqueCommand0_g.ShiftArithmetic ; 1001 14 ; ASD_VARIABLE ; Inverters_Action.Subsystem9.Torque_Command_0.Subsystem.Shift_Arithmetic.ShiftArithmetic ; 0x0
Inverters_Action_ConstB.TorqueCommand0_g.b7tob0 ; 1001 15 ; ASD_VARIABLE ; Inverters_Action.Subsystem9.Torque_Command_0.Subsystem.Bitwise_Operator.b7_to_b0 ; 0x0
Inverters_Action_ConstB.TorqueCommand_m.Divide ; 1001 16 ; ASD_VARIABLE ; Inverters_Action.Subsystem9.Torque_Command.Divide.Divide ; 0x0
Inverters_Action_DW.EnumerationCounter ; 1001 17 ; ASD_VARIABLE ; Inverters_Action.Subsystem10.Data_Store_Memory2.EnumerationCounter ; 0x0
Inverters_Action_DW.EnumerationCounter_m ; 1001 18 ; ASD_VARIABLE ; Inverters_Action.Subsystem9.Data_Store_Memory2.EnumerationCounter_m ; 0x0
Inverters_Action_DW.LastAction ; 1001 19 ; ASD_VARIABLE ; Inverters_Action.Subsystem10.Data_Store_Memory1.LastAction ; 0x0
Inverters_Action_DW.LastAction_k ; 1001 20 ; ASD_VARIABLE ; Inverters_Action.Subsystem9.Data_Store_Memory1.LastAction_k ; 0x0
Inverters_Action_U.InvertersAction ; 1001 21 ; ASD_VARIABLE ; Inverters_Action.InvertersAction ; 0x0
Inverters_Action_U.current_L ; 1001 22 ; ASD_VARIABLE ; Inverters_Action.current_L ; 0x0
Inverters_Action_U.current_R ; 1001 23 ; ASD_VARIABLE ; Inverters_Action.current_R ; 0x0
Inverters_Action_Y.Inverter_L_RegID ; 1001 24 ; ASD_VARIABLE ; Inverters_Action.Inverter_L_RegID ; 0x0
Inverters_Action_Y.Inverter_L_b15tob8 ; 1001 25 ; ASD_VARIABLE ; Inverters_Action.Inverter_L_b15tob8 ; 0x0
Inverters_Action_Y.Inverter_L_b7tob0 ; 1001 26 ; ASD_VARIABLE ; Inverters_Action.Inverter_L_b7tob0 ; 0x0
Inverters_Action_Y.Inverter_R_RegID ; 1001 27 ; ASD_VARIABLE ; Inverters_Action.Inverter_R_RegID ; 0x0
Inverters_Action_Y.Inverter_R_b15tob8 ; 1001 28 ; ASD_VARIABLE ; Inverters_Action.Inverter_R_b15tob8 ; 0x0
Inverters_Action_Y.Inverter_R_b7tob0 ; 1001 29 ; ASD_VARIABLE ; Inverters_Action.Inverter_R_b7tob0 ; 0x0
Inverters_Action_Y.InvertersSubscribed ; 1001 30 ; ASD_VARIABLE ; Inverters_Action.InvertersSubscribed ; 0x0
