C:\\Users\\joser\\OneDrive\\Documentos\\GitHub\\ETAS\\Build\\Car_State_irt_rtw\\Car_State.c
C:\\Users\\joser\\OneDrive\\Documentos\\GitHub\\ETAS\\Build\\Car_State_irt_rtw\\Car_State.h
C:\\Users\\joser\\OneDrive\\Documentos\\GitHub\\ETAS\\Build\\Car_State_irt_rtw\\Car_State_main.c
C:\\Users\\joser\\OneDrive\\Documentos\\GitHub\\ETAS\\Build\\Car_State_irt_rtw\\Car_State_main.h
C:\\Users\\joser\\OneDrive\\Documentos\\GitHub\\ETAS\\Build\\Car_State_irt_rtw\\external\\rtw\\c\\src\\rt_sim.c
C:\\Users\\joser\\OneDrive\\Documentos\\GitHub\\ETAS\\Build\\Car_State_irt_rtw\\external\\rtw\\c\\src\\rt_sim.h
C:\\Users\\joser\\OneDrive\\Documentos\\GitHub\\ETAS\\Build\\Disconnections_irt_rtw\\Disconnections.c
C:\\Users\\joser\\OneDrive\\Documentos\\GitHub\\ETAS\\Build\\Disconnections_irt_rtw\\Disconnections.h
C:\\Users\\joser\\OneDrive\\Documentos\\GitHub\\ETAS\\Build\\Disconnections_irt_rtw\\Disconnections_main.c
C:\\Users\\joser\\OneDrive\\Documentos\\GitHub\\ETAS\\Build\\Disconnections_irt_rtw\\Disconnections_main.h
C:\\Users\\joser\\OneDrive\\Documentos\\GitHub\\ETAS\\Build\\Disconnections_irt_rtw\\external\\rtw\\c\\src\\rt_sim.c
C:\\Users\\joser\\OneDrive\\Documentos\\GitHub\\ETAS\\Build\\Disconnections_irt_rtw\\external\\rtw\\c\\src\\rt_sim.h
C:\\Users\\joser\\OneDrive\\Documentos\\GitHub\\ETAS\\Build\\Ellipse_irt_rtw\\Ellipse.c
C:\\Users\\joser\\OneDrive\\Documentos\\GitHub\\ETAS\\Build\\Ellipse_irt_rtw\\Ellipse.h
C:\\Users\\joser\\OneDrive\\Documentos\\GitHub\\ETAS\\Build\\Ellipse_irt_rtw\\Ellipse_main.c
C:\\Users\\joser\\OneDrive\\Documentos\\GitHub\\ETAS\\Build\\Ellipse_irt_rtw\\Ellipse_main.h
C:\\Users\\joser\\OneDrive\\Documentos\\GitHub\\ETAS\\Build\\Ellipse_irt_rtw\\external\\rtw\\c\\src\\rt_sim.c
C:\\Users\\joser\\OneDrive\\Documentos\\GitHub\\ETAS\\Build\\Ellipse_irt_rtw\\external\\rtw\\c\\src\\rt_sim.h
C:\\Users\\joser\\OneDrive\\Documentos\\GitHub\\ETAS\\Build\\Inverters_Action_irt_rtw\\Inverters_Action.c
C:\\Users\\joser\\OneDrive\\Documentos\\GitHub\\ETAS\\Build\\Inverters_Action_irt_rtw\\Inverters_Action.h
C:\\Users\\joser\\OneDrive\\Documentos\\GitHub\\ETAS\\Build\\Inverters_Action_irt_rtw\\Inverters_Action_data.c
C:\\Users\\joser\\OneDrive\\Documentos\\GitHub\\ETAS\\Build\\Inverters_Action_irt_rtw\\Inverters_Action_data.h
C:\\Users\\joser\\OneDrive\\Documentos\\GitHub\\ETAS\\Build\\Inverters_Action_irt_rtw\\Inverters_Action_main.c
C:\\Users\\joser\\OneDrive\\Documentos\\GitHub\\ETAS\\Build\\Inverters_Action_irt_rtw\\Inverters_Action_main.h
C:\\Users\\joser\\OneDrive\\Documentos\\GitHub\\ETAS\\Build\\Inverters_Action_irt_rtw\\external\\rtw\\c\\src\\rt_sim.c
C:\\Users\\joser\\OneDrive\\Documentos\\GitHub\\ETAS\\Build\\Inverters_Action_irt_rtw\\external\\rtw\\c\\src\\rt_sim.h
C:\\Users\\joser\\OneDrive\\Documentos\\GitHub\\ETAS\\Build\\Inverters_Data_irt_rtw\\Inverters_Data.c
C:\\Users\\joser\\OneDrive\\Documentos\\GitHub\\ETAS\\Build\\Inverters_Data_irt_rtw\\Inverters_Data.h
C:\\Users\\joser\\OneDrive\\Documentos\\GitHub\\ETAS\\Build\\Inverters_Data_irt_rtw\\Inverters_Data_main.c
C:\\Users\\joser\\OneDrive\\Documentos\\GitHub\\ETAS\\Build\\Inverters_Data_irt_rtw\\Inverters_Data_main.h
C:\\Users\\joser\\OneDrive\\Documentos\\GitHub\\ETAS\\Build\\Inverters_Data_irt_rtw\\external\\rtw\\c\\src\\rt_sim.c
C:\\Users\\joser\\OneDrive\\Documentos\\GitHub\\ETAS\\Build\\Inverters_Data_irt_rtw\\external\\rtw\\c\\src\\rt_sim.h
C:\\Users\\joser\\OneDrive\\Documentos\\GitHub\\ETAS\\Build\\Power_Control_irt_rtw\\Power_Control.c
C:\\Users\\joser\\OneDrive\\Documentos\\GitHub\\ETAS\\Build\\Power_Control_irt_rtw\\Power_Control.h
C:\\Users\\joser\\OneDrive\\Documentos\\GitHub\\ETAS\\Build\\Power_Control_irt_rtw\\Power_Control_main.c
C:\\Users\\joser\\OneDrive\\Documentos\\GitHub\\ETAS\\Build\\Power_Control_irt_rtw\\Power_Control_main.h
C:\\Users\\joser\\OneDrive\\Documentos\\GitHub\\ETAS\\Build\\Power_Control_irt_rtw\\external\\rtw\\c\\src\\rt_sim.c
C:\\Users\\joser\\OneDrive\\Documentos\\GitHub\\ETAS\\Build\\Power_Control_irt_rtw\\external\\rtw\\c\\src\\rt_sim.h
C:\\Users\\joser\\OneDrive\\Documentos\\GitHub\\ETAS\\Build\\Sensors_irt_rtw\\Sensors.c
C:\\Users\\joser\\OneDrive\\Documentos\\GitHub\\ETAS\\Build\\Sensors_irt_rtw\\Sensors.h
C:\\Users\\joser\\OneDrive\\Documentos\\GitHub\\ETAS\\Build\\Sensors_irt_rtw\\Sensors_data.c
C:\\Users\\joser\\OneDrive\\Documentos\\GitHub\\ETAS\\Build\\Sensors_irt_rtw\\Sensors_data.h
C:\\Users\\joser\\OneDrive\\Documentos\\GitHub\\ETAS\\Build\\Sensors_irt_rtw\\Sensors_main.c
C:\\Users\\joser\\OneDrive\\Documentos\\GitHub\\ETAS\\Build\\Sensors_irt_rtw\\Sensors_main.h
C:\\Users\\joser\\OneDrive\\Documentos\\GitHub\\ETAS\\Build\\Sensors_irt_rtw\\external\\rtw\\c\\src\\rt_sim.c
C:\\Users\\joser\\OneDrive\\Documentos\\GitHub\\ETAS\\Build\\Sensors_irt_rtw\\external\\rtw\\c\\src\\rt_sim.h
C:\\Users\\joser\\OneDrive\\Documentos\\GitHub\\ETAS\\Build\\SoC_irt_rtw\\SoC.c
C:\\Users\\joser\\OneDrive\\Documentos\\GitHub\\ETAS\\Build\\SoC_irt_rtw\\SoC.h
C:\\Users\\joser\\OneDrive\\Documentos\\GitHub\\ETAS\\Build\\SoC_irt_rtw\\SoC_data.c
C:\\Users\\joser\\OneDrive\\Documentos\\GitHub\\ETAS\\Build\\SoC_irt_rtw\\SoC_data.h
C:\\Users\\joser\\OneDrive\\Documentos\\GitHub\\ETAS\\Build\\SoC_irt_rtw\\SoC_main.c
C:\\Users\\joser\\OneDrive\\Documentos\\GitHub\\ETAS\\Build\\SoC_irt_rtw\\SoC_main.h
C:\\Users\\joser\\OneDrive\\Documentos\\GitHub\\ETAS\\Build\\SoC_irt_rtw\\external\\rtw\\c\\src\\rt_sim.c
C:\\Users\\joser\\OneDrive\\Documentos\\GitHub\\ETAS\\Build\\SoC_irt_rtw\\external\\rtw\\c\\src\\rt_sim.h
C:\\Program Files (x86)\\ETAS\\INTECRIO5.0\\MATLAB\\c\\src\\ode3.c
C:\\Program Files (x86)\\ETAS\\INTECRIO5.0\\MATLAB\\c\\src\\ode3.h
C:\\Users\\joser\\OneDrive\\Documentos\\GitHub\\ETAS\\Build\\Synchronism_irt_rtw\\Synchronism.c
C:\\Users\\joser\\OneDrive\\Documentos\\GitHub\\ETAS\\Build\\Synchronism_irt_rtw\\Synchronism.h
C:\\Users\\joser\\OneDrive\\Documentos\\GitHub\\ETAS\\Build\\Synchronism_irt_rtw\\Synchronism_main.c
C:\\Users\\joser\\OneDrive\\Documentos\\GitHub\\ETAS\\Build\\Synchronism_irt_rtw\\Synchronism_main.h
C:\\Users\\joser\\OneDrive\\Documentos\\GitHub\\ETAS\\Build\\Synchronism_irt_rtw\\external\\rtw\\c\\src\\rt_sim.c
C:\\Users\\joser\\OneDrive\\Documentos\\GitHub\\ETAS\\Build\\Synchronism_irt_rtw\\external\\rtw\\c\\src\\rt_sim.h
C:\\Users\\joser\\OneDrive\\Documentos\\GitHub\\ETAS\\Build\\VDC_irt_rtw\\VDC.c
C:\\Users\\joser\\OneDrive\\Documentos\\GitHub\\ETAS\\Build\\VDC_irt_rtw\\VDC.h
C:\\Users\\joser\\OneDrive\\Documentos\\GitHub\\ETAS\\Build\\VDC_irt_rtw\\VDC_main.c
C:\\Users\\joser\\OneDrive\\Documentos\\GitHub\\ETAS\\Build\\VDC_irt_rtw\\VDC_main.h
C:\\Users\\joser\\OneDrive\\Documentos\\GitHub\\ETAS\\Build\\VDC_irt_rtw\\external\\rtw\\c\\src\\rt_sim.c
C:\\Users\\joser\\OneDrive\\Documentos\\GitHub\\ETAS\\Build\\VDC_irt_rtw\\external\\rtw\\c\\src\\rt_sim.h
