c:\\users\\dwegg\\desktop\\etas-main\\etas\\programas_simulink_build\\car_state_irt_rtw\\Car_State.c
c:\\users\\dwegg\\desktop\\etas-main\\etas\\programas_simulink_build\\car_state_irt_rtw\\Car_State.h
c:\\users\\dwegg\\desktop\\etas-main\\etas\\programas_simulink_build\\car_state_irt_rtw\\Car_State_data.c
c:\\users\\dwegg\\desktop\\etas-main\\etas\\programas_simulink_build\\car_state_irt_rtw\\Car_State_data.h
c:\\users\\dwegg\\desktop\\etas-main\\etas\\programas_simulink_build\\car_state_irt_rtw\\Car_State_main.c
c:\\users\\dwegg\\desktop\\etas-main\\etas\\programas_simulink_build\\car_state_irt_rtw\\Car_State_main.h
c:\\users\\dwegg\\desktop\\etas-main\\etas\\programas_simulink_build\\car_state_irt_rtw\\external\\rtw\\c\\src\\rt_sim.c
c:\\users\\dwegg\\desktop\\etas-main\\etas\\programas_simulink_build\\car_state_irt_rtw\\external\\rtw\\c\\src\\rt_sim.h
c:\\users\\dwegg\\desktop\\etas-main\\etas\\programas_simulink_build\\accel_data_irt_rtw\\Accel_Data.c
c:\\users\\dwegg\\desktop\\etas-main\\etas\\programas_simulink_build\\accel_data_irt_rtw\\Accel_Data.h
c:\\users\\dwegg\\desktop\\etas-main\\etas\\programas_simulink_build\\accel_data_irt_rtw\\Accel_Data_data.c
c:\\users\\dwegg\\desktop\\etas-main\\etas\\programas_simulink_build\\accel_data_irt_rtw\\Accel_Data_data.h
c:\\users\\dwegg\\desktop\\etas-main\\etas\\programas_simulink_build\\accel_data_irt_rtw\\Accel_Data_main.c
c:\\users\\dwegg\\desktop\\etas-main\\etas\\programas_simulink_build\\accel_data_irt_rtw\\Accel_Data_main.h
c:\\users\\dwegg\\desktop\\etas-main\\etas\\programas_simulink_build\\accel_data_irt_rtw\\external\\rtw\\c\\src\\rt_sim.c
c:\\users\\dwegg\\desktop\\etas-main\\etas\\programas_simulink_build\\accel_data_irt_rtw\\external\\rtw\\c\\src\\rt_sim.h
c:\\users\\dwegg\\desktop\\etas-main\\etas\\programas_simulink_build\\disconnections_irt_rtw\\Disconnections.c
c:\\users\\dwegg\\desktop\\etas-main\\etas\\programas_simulink_build\\disconnections_irt_rtw\\Disconnections.h
c:\\users\\dwegg\\desktop\\etas-main\\etas\\programas_simulink_build\\disconnections_irt_rtw\\Disconnections_data.c
c:\\users\\dwegg\\desktop\\etas-main\\etas\\programas_simulink_build\\disconnections_irt_rtw\\Disconnections_data.h
c:\\users\\dwegg\\desktop\\etas-main\\etas\\programas_simulink_build\\disconnections_irt_rtw\\Disconnections_main.c
c:\\users\\dwegg\\desktop\\etas-main\\etas\\programas_simulink_build\\disconnections_irt_rtw\\Disconnections_main.h
c:\\users\\dwegg\\desktop\\etas-main\\etas\\programas_simulink_build\\disconnections_irt_rtw\\external\\rtw\\c\\src\\rt_sim.c
c:\\users\\dwegg\\desktop\\etas-main\\etas\\programas_simulink_build\\disconnections_irt_rtw\\external\\rtw\\c\\src\\rt_sim.h
c:\\users\\dwegg\\desktop\\etas-main\\etas\\programas_simulink_build\\inverters_action_irt_rtw\\Inverters_Action.c
c:\\users\\dwegg\\desktop\\etas-main\\etas\\programas_simulink_build\\inverters_action_irt_rtw\\Inverters_Action.h
c:\\users\\dwegg\\desktop\\etas-main\\etas\\programas_simulink_build\\inverters_action_irt_rtw\\Inverters_Action_data.c
c:\\users\\dwegg\\desktop\\etas-main\\etas\\programas_simulink_build\\inverters_action_irt_rtw\\Inverters_Action_data.h
c:\\users\\dwegg\\desktop\\etas-main\\etas\\programas_simulink_build\\inverters_action_irt_rtw\\Inverters_Action_main.c
c:\\users\\dwegg\\desktop\\etas-main\\etas\\programas_simulink_build\\inverters_action_irt_rtw\\Inverters_Action_main.h
c:\\users\\dwegg\\desktop\\etas-main\\etas\\programas_simulink_build\\inverters_action_irt_rtw\\external\\rtw\\c\\src\\rt_sim.c
c:\\users\\dwegg\\desktop\\etas-main\\etas\\programas_simulink_build\\inverters_action_irt_rtw\\external\\rtw\\c\\src\\rt_sim.h
c:\\users\\dwegg\\desktop\\etas-main\\etas\\programas_simulink_build\\inverters_data_irt_rtw\\Inverters_Data.c
c:\\users\\dwegg\\desktop\\etas-main\\etas\\programas_simulink_build\\inverters_data_irt_rtw\\Inverters_Data.h
c:\\users\\dwegg\\desktop\\etas-main\\etas\\programas_simulink_build\\inverters_data_irt_rtw\\Inverters_Data_data.c
c:\\users\\dwegg\\desktop\\etas-main\\etas\\programas_simulink_build\\inverters_data_irt_rtw\\Inverters_Data_data.h
c:\\users\\dwegg\\desktop\\etas-main\\etas\\programas_simulink_build\\inverters_data_irt_rtw\\Inverters_Data_main.c
c:\\users\\dwegg\\desktop\\etas-main\\etas\\programas_simulink_build\\inverters_data_irt_rtw\\Inverters_Data_main.h
c:\\users\\dwegg\\desktop\\etas-main\\etas\\programas_simulink_build\\inverters_data_irt_rtw\\external\\rtw\\c\\src\\rt_sim.c
c:\\users\\dwegg\\desktop\\etas-main\\etas\\programas_simulink_build\\inverters_data_irt_rtw\\external\\rtw\\c\\src\\rt_sim.h
c:\\users\\dwegg\\desktop\\etas-main\\etas\\programas_simulink_build\\lvd_data_irt_rtw\\LVD_Data.c
c:\\users\\dwegg\\desktop\\etas-main\\etas\\programas_simulink_build\\lvd_data_irt_rtw\\LVD_Data.h
c:\\users\\dwegg\\desktop\\etas-main\\etas\\programas_simulink_build\\lvd_data_irt_rtw\\LVD_Data_data.c
c:\\users\\dwegg\\desktop\\etas-main\\etas\\programas_simulink_build\\lvd_data_irt_rtw\\LVD_Data_data.h
c:\\users\\dwegg\\desktop\\etas-main\\etas\\programas_simulink_build\\lvd_data_irt_rtw\\LVD_Data_main.c
c:\\users\\dwegg\\desktop\\etas-main\\etas\\programas_simulink_build\\lvd_data_irt_rtw\\LVD_Data_main.h
c:\\users\\dwegg\\desktop\\etas-main\\etas\\programas_simulink_build\\lvd_data_irt_rtw\\external\\rtw\\c\\src\\rt_sim.c
c:\\users\\dwegg\\desktop\\etas-main\\etas\\programas_simulink_build\\lvd_data_irt_rtw\\external\\rtw\\c\\src\\rt_sim.h
c:\\users\\dwegg\\desktop\\etas-main\\etas\\programas_simulink_build\\pedals_susp_sensors_irt_rtw\\Pedals_Susp_Sensors.c
c:\\users\\dwegg\\desktop\\etas-main\\etas\\programas_simulink_build\\pedals_susp_sensors_irt_rtw\\Pedals_Susp_Sensors.h
c:\\users\\dwegg\\desktop\\etas-main\\etas\\programas_simulink_build\\pedals_susp_sensors_irt_rtw\\Pedals_Susp_Sensors_data.c
c:\\users\\dwegg\\desktop\\etas-main\\etas\\programas_simulink_build\\pedals_susp_sensors_irt_rtw\\Pedals_Susp_Sensors_data.h
c:\\users\\dwegg\\desktop\\etas-main\\etas\\programas_simulink_build\\pedals_susp_sensors_irt_rtw\\Pedals_Susp_Sensors_main.c
c:\\users\\dwegg\\desktop\\etas-main\\etas\\programas_simulink_build\\pedals_susp_sensors_irt_rtw\\Pedals_Susp_Sensors_main.h
c:\\users\\dwegg\\desktop\\etas-main\\etas\\programas_simulink_build\\pedals_susp_sensors_irt_rtw\\external\\rtw\\c\\src\\rt_sim.c
c:\\users\\dwegg\\desktop\\etas-main\\etas\\programas_simulink_build\\pedals_susp_sensors_irt_rtw\\external\\rtw\\c\\src\\rt_sim.h
c:\\users\\dwegg\\desktop\\etas-main\\etas\\programas_simulink_build\\racing_mode_irt_rtw\\Racing_Mode.c
c:\\users\\dwegg\\desktop\\etas-main\\etas\\programas_simulink_build\\racing_mode_irt_rtw\\Racing_Mode.h
c:\\users\\dwegg\\desktop\\etas-main\\etas\\programas_simulink_build\\racing_mode_irt_rtw\\Racing_Mode_data.c
c:\\users\\dwegg\\desktop\\etas-main\\etas\\programas_simulink_build\\racing_mode_irt_rtw\\Racing_Mode_data.h
c:\\users\\dwegg\\desktop\\etas-main\\etas\\programas_simulink_build\\racing_mode_irt_rtw\\Racing_Mode_main.c
c:\\users\\dwegg\\desktop\\etas-main\\etas\\programas_simulink_build\\racing_mode_irt_rtw\\Racing_Mode_main.h
c:\\users\\dwegg\\desktop\\etas-main\\etas\\programas_simulink_build\\racing_mode_irt_rtw\\external\\rtw\\c\\src\\rt_sim.c
c:\\users\\dwegg\\desktop\\etas-main\\etas\\programas_simulink_build\\racing_mode_irt_rtw\\external\\rtw\\c\\src\\rt_sim.h
c:\\users\\dwegg\\desktop\\etas-main\\etas\\programas_simulink_build\\synchronism_irt_rtw\\Synchronism.c
c:\\users\\dwegg\\desktop\\etas-main\\etas\\programas_simulink_build\\synchronism_irt_rtw\\Synchronism.h
c:\\users\\dwegg\\desktop\\etas-main\\etas\\programas_simulink_build\\synchronism_irt_rtw\\Synchronism_data.c
c:\\users\\dwegg\\desktop\\etas-main\\etas\\programas_simulink_build\\synchronism_irt_rtw\\Synchronism_data.h
c:\\users\\dwegg\\desktop\\etas-main\\etas\\programas_simulink_build\\synchronism_irt_rtw\\Synchronism_main.c
c:\\users\\dwegg\\desktop\\etas-main\\etas\\programas_simulink_build\\synchronism_irt_rtw\\Synchronism_main.h
c:\\users\\dwegg\\desktop\\etas-main\\etas\\programas_simulink_build\\synchronism_irt_rtw\\external\\rtw\\c\\src\\rt_sim.c
c:\\users\\dwegg\\desktop\\etas-main\\etas\\programas_simulink_build\\synchronism_irt_rtw\\external\\rtw\\c\\src\\rt_sim.h
c:\\users\\dwegg\\desktop\\etas-main\\etas\\programas_simulink_build\\torque_control_irt_rtw\\Torque_Control.c
c:\\users\\dwegg\\desktop\\etas-main\\etas\\programas_simulink_build\\torque_control_irt_rtw\\Torque_Control.h
c:\\users\\dwegg\\desktop\\etas-main\\etas\\programas_simulink_build\\torque_control_irt_rtw\\Torque_Control_data.c
c:\\users\\dwegg\\desktop\\etas-main\\etas\\programas_simulink_build\\torque_control_irt_rtw\\Torque_Control_data.h
c:\\users\\dwegg\\desktop\\etas-main\\etas\\programas_simulink_build\\torque_control_irt_rtw\\Torque_Control_main.c
c:\\users\\dwegg\\desktop\\etas-main\\etas\\programas_simulink_build\\torque_control_irt_rtw\\Torque_Control_main.h
c:\\users\\dwegg\\desktop\\etas-main\\etas\\programas_simulink_build\\torque_control_irt_rtw\\external\\rtw\\c\\src\\rt_sim.c
c:\\users\\dwegg\\desktop\\etas-main\\etas\\programas_simulink_build\\torque_control_irt_rtw\\external\\rtw\\c\\src\\rt_sim.h
C:\\Program Files (x86)\\ETAS\\INTECRIO4.7\\MATLAB\\c\\src\\ode3.c
C:\\Program Files (x86)\\ETAS\\INTECRIO4.7\\MATLAB\\c\\src\\ode3.h
