C:\\Users\\joser\\OneDrive\\Documentos\\GitHub\\ETAS\\Main_ECU\\Simulink_C\\Car_State_irt_rtw\\Car_State.c
C:\\Users\\joser\\OneDrive\\Documentos\\GitHub\\ETAS\\Main_ECU\\Simulink_C\\Car_State_irt_rtw\\Car_State.h
C:\\Users\\joser\\OneDrive\\Documentos\\GitHub\\ETAS\\Main_ECU\\Simulink_C\\Car_State_irt_rtw\\Car_State_main.c
C:\\Users\\joser\\OneDrive\\Documentos\\GitHub\\ETAS\\Main_ECU\\Simulink_C\\Car_State_irt_rtw\\Car_State_main.h
C:\\Users\\joser\\OneDrive\\Documentos\\GitHub\\ETAS\\Main_ECU\\Simulink_C\\Car_State_irt_rtw\\external\\rtw\\c\\src\\rt_sim.c
C:\\Users\\joser\\OneDrive\\Documentos\\GitHub\\ETAS\\Main_ECU\\Simulink_C\\Car_State_irt_rtw\\external\\rtw\\c\\src\\rt_sim.h
C:\\Users\\joser\\OneDrive\\Documentos\\GitHub\\ETAS\\Main_ECU\\Simulink_C\\Disconnections_irt_rtw\\Disconnections.c
C:\\Users\\joser\\OneDrive\\Documentos\\GitHub\\ETAS\\Main_ECU\\Simulink_C\\Disconnections_irt_rtw\\Disconnections.h
C:\\Users\\joser\\OneDrive\\Documentos\\GitHub\\ETAS\\Main_ECU\\Simulink_C\\Disconnections_irt_rtw\\Disconnections_main.c
C:\\Users\\joser\\OneDrive\\Documentos\\GitHub\\ETAS\\Main_ECU\\Simulink_C\\Disconnections_irt_rtw\\Disconnections_main.h
C:\\Users\\joser\\OneDrive\\Documentos\\GitHub\\ETAS\\Main_ECU\\Simulink_C\\Disconnections_irt_rtw\\external\\rtw\\c\\src\\rt_sim.c
C:\\Users\\joser\\OneDrive\\Documentos\\GitHub\\ETAS\\Main_ECU\\Simulink_C\\Disconnections_irt_rtw\\external\\rtw\\c\\src\\rt_sim.h
C:\\Users\\joser\\OneDrive\\Documentos\\GitHub\\ETAS\\Main_ECU\\Simulink_C\\Ellipse_irt_rtw\\Ellipse.c
C:\\Users\\joser\\OneDrive\\Documentos\\GitHub\\ETAS\\Main_ECU\\Simulink_C\\Ellipse_irt_rtw\\Ellipse.h
C:\\Users\\joser\\OneDrive\\Documentos\\GitHub\\ETAS\\Main_ECU\\Simulink_C\\Ellipse_irt_rtw\\Ellipse_main.c
C:\\Users\\joser\\OneDrive\\Documentos\\GitHub\\ETAS\\Main_ECU\\Simulink_C\\Ellipse_irt_rtw\\Ellipse_main.h
C:\\Users\\joser\\OneDrive\\Documentos\\GitHub\\ETAS\\Main_ECU\\Simulink_C\\Ellipse_irt_rtw\\external\\rtw\\c\\src\\rt_sim.c
C:\\Users\\joser\\OneDrive\\Documentos\\GitHub\\ETAS\\Main_ECU\\Simulink_C\\Ellipse_irt_rtw\\external\\rtw\\c\\src\\rt_sim.h
C:\\Users\\joser\\OneDrive\\Documentos\\GitHub\\ETAS\\Main_ECU\\Simulink_C\\Inverters_Action_irt_rtw\\Inverters_Action.c
C:\\Users\\joser\\OneDrive\\Documentos\\GitHub\\ETAS\\Main_ECU\\Simulink_C\\Inverters_Action_irt_rtw\\Inverters_Action.h
C:\\Users\\joser\\OneDrive\\Documentos\\GitHub\\ETAS\\Main_ECU\\Simulink_C\\Inverters_Action_irt_rtw\\Inverters_Action_data.c
C:\\Users\\joser\\OneDrive\\Documentos\\GitHub\\ETAS\\Main_ECU\\Simulink_C\\Inverters_Action_irt_rtw\\Inverters_Action_data.h
C:\\Users\\joser\\OneDrive\\Documentos\\GitHub\\ETAS\\Main_ECU\\Simulink_C\\Inverters_Action_irt_rtw\\Inverters_Action_main.c
C:\\Users\\joser\\OneDrive\\Documentos\\GitHub\\ETAS\\Main_ECU\\Simulink_C\\Inverters_Action_irt_rtw\\Inverters_Action_main.h
C:\\Users\\joser\\OneDrive\\Documentos\\GitHub\\ETAS\\Main_ECU\\Simulink_C\\Inverters_Action_irt_rtw\\external\\rtw\\c\\src\\rt_sim.c
C:\\Users\\joser\\OneDrive\\Documentos\\GitHub\\ETAS\\Main_ECU\\Simulink_C\\Inverters_Action_irt_rtw\\external\\rtw\\c\\src\\rt_sim.h
C:\\Users\\joser\\OneDrive\\Documentos\\GitHub\\ETAS\\Main_ECU\\Simulink_C\\Inverters_Data_irt_rtw\\Inverters_Data.c
C:\\Users\\joser\\OneDrive\\Documentos\\GitHub\\ETAS\\Main_ECU\\Simulink_C\\Inverters_Data_irt_rtw\\Inverters_Data.h
C:\\Users\\joser\\OneDrive\\Documentos\\GitHub\\ETAS\\Main_ECU\\Simulink_C\\Inverters_Data_irt_rtw\\Inverters_Data_main.c
C:\\Users\\joser\\OneDrive\\Documentos\\GitHub\\ETAS\\Main_ECU\\Simulink_C\\Inverters_Data_irt_rtw\\Inverters_Data_main.h
C:\\Users\\joser\\OneDrive\\Documentos\\GitHub\\ETAS\\Main_ECU\\Simulink_C\\Inverters_Data_irt_rtw\\external\\rtw\\c\\src\\rt_sim.c
C:\\Users\\joser\\OneDrive\\Documentos\\GitHub\\ETAS\\Main_ECU\\Simulink_C\\Inverters_Data_irt_rtw\\external\\rtw\\c\\src\\rt_sim.h
C:\\Users\\joser\\OneDrive\\Documentos\\GitHub\\ETAS\\Main_ECU\\Simulink_C\\Racing_Modes_irt_rtw\\Racing_Modes.c
C:\\Users\\joser\\OneDrive\\Documentos\\GitHub\\ETAS\\Main_ECU\\Simulink_C\\Racing_Modes_irt_rtw\\Racing_Modes.h
C:\\Users\\joser\\OneDrive\\Documentos\\GitHub\\ETAS\\Main_ECU\\Simulink_C\\Racing_Modes_irt_rtw\\Racing_Modes_main.c
C:\\Users\\joser\\OneDrive\\Documentos\\GitHub\\ETAS\\Main_ECU\\Simulink_C\\Racing_Modes_irt_rtw\\Racing_Modes_main.h
C:\\Users\\joser\\OneDrive\\Documentos\\GitHub\\ETAS\\Main_ECU\\Simulink_C\\Racing_Modes_irt_rtw\\external\\rtw\\c\\src\\rt_sim.c
C:\\Users\\joser\\OneDrive\\Documentos\\GitHub\\ETAS\\Main_ECU\\Simulink_C\\Racing_Modes_irt_rtw\\external\\rtw\\c\\src\\rt_sim.h
C:\\Users\\joser\\OneDrive\\Documentos\\GitHub\\ETAS\\Main_ECU\\Simulink_C\\Sensors_irt_rtw\\Sensors.c
C:\\Users\\joser\\OneDrive\\Documentos\\GitHub\\ETAS\\Main_ECU\\Simulink_C\\Sensors_irt_rtw\\Sensors.h
C:\\Users\\joser\\OneDrive\\Documentos\\GitHub\\ETAS\\Main_ECU\\Simulink_C\\Sensors_irt_rtw\\Sensors_data.c
C:\\Users\\joser\\OneDrive\\Documentos\\GitHub\\ETAS\\Main_ECU\\Simulink_C\\Sensors_irt_rtw\\Sensors_data.h
C:\\Users\\joser\\OneDrive\\Documentos\\GitHub\\ETAS\\Main_ECU\\Simulink_C\\Sensors_irt_rtw\\Sensors_main.c
C:\\Users\\joser\\OneDrive\\Documentos\\GitHub\\ETAS\\Main_ECU\\Simulink_C\\Sensors_irt_rtw\\Sensors_main.h
C:\\Users\\joser\\OneDrive\\Documentos\\GitHub\\ETAS\\Main_ECU\\Simulink_C\\Sensors_irt_rtw\\external\\rtw\\c\\src\\rt_sim.c
C:\\Users\\joser\\OneDrive\\Documentos\\GitHub\\ETAS\\Main_ECU\\Simulink_C\\Sensors_irt_rtw\\external\\rtw\\c\\src\\rt_sim.h
C:\\Users\\joser\\OneDrive\\Documentos\\GitHub\\ETAS\\Main_ECU\\Simulink_C\\SoC_irt_rtw\\SoC.c
C:\\Users\\joser\\OneDrive\\Documentos\\GitHub\\ETAS\\Main_ECU\\Simulink_C\\SoC_irt_rtw\\SoC.h
C:\\Users\\joser\\OneDrive\\Documentos\\GitHub\\ETAS\\Main_ECU\\Simulink_C\\SoC_irt_rtw\\SoC_main.c
C:\\Users\\joser\\OneDrive\\Documentos\\GitHub\\ETAS\\Main_ECU\\Simulink_C\\SoC_irt_rtw\\SoC_main.h
C:\\Users\\joser\\OneDrive\\Documentos\\GitHub\\ETAS\\Main_ECU\\Simulink_C\\SoC_irt_rtw\\external\\rtw\\c\\src\\rt_sim.c
C:\\Users\\joser\\OneDrive\\Documentos\\GitHub\\ETAS\\Main_ECU\\Simulink_C\\SoC_irt_rtw\\external\\rtw\\c\\src\\rt_sim.h
C:\\Program Files (x86)\\ETAS\\INTECRIO5.0\\MATLAB\\c\\src\\ode3.c
C:\\Program Files (x86)\\ETAS\\INTECRIO5.0\\MATLAB\\c\\src\\ode3.h
C:\\Users\\joser\\OneDrive\\Documentos\\GitHub\\ETAS\\Main_ECU\\Simulink_C\\Synchronism_irt_rtw\\Synchronism.c
C:\\Users\\joser\\OneDrive\\Documentos\\GitHub\\ETAS\\Main_ECU\\Simulink_C\\Synchronism_irt_rtw\\Synchronism.h
C:\\Users\\joser\\OneDrive\\Documentos\\GitHub\\ETAS\\Main_ECU\\Simulink_C\\Synchronism_irt_rtw\\Synchronism_main.c
C:\\Users\\joser\\OneDrive\\Documentos\\GitHub\\ETAS\\Main_ECU\\Simulink_C\\Synchronism_irt_rtw\\Synchronism_main.h
C:\\Users\\joser\\OneDrive\\Documentos\\GitHub\\ETAS\\Main_ECU\\Simulink_C\\Synchronism_irt_rtw\\external\\rtw\\c\\src\\rt_sim.c
C:\\Users\\joser\\OneDrive\\Documentos\\GitHub\\ETAS\\Main_ECU\\Simulink_C\\Synchronism_irt_rtw\\external\\rtw\\c\\src\\rt_sim.h
C:\\Users\\joser\\OneDrive\\Documentos\\GitHub\\ETAS\\Main_ECU\\Simulink_C\\VDC_irt_rtw\\VDC.c
C:\\Users\\joser\\OneDrive\\Documentos\\GitHub\\ETAS\\Main_ECU\\Simulink_C\\VDC_irt_rtw\\VDC.h
C:\\Users\\joser\\OneDrive\\Documentos\\GitHub\\ETAS\\Main_ECU\\Simulink_C\\VDC_irt_rtw\\VDC_main.c
C:\\Users\\joser\\OneDrive\\Documentos\\GitHub\\ETAS\\Main_ECU\\Simulink_C\\VDC_irt_rtw\\VDC_main.h
C:\\Users\\joser\\OneDrive\\Documentos\\GitHub\\ETAS\\Main_ECU\\Simulink_C\\VDC_irt_rtw\\external\\rtw\\c\\src\\rt_sim.c
C:\\Users\\joser\\OneDrive\\Documentos\\GitHub\\ETAS\\Main_ECU\\Simulink_C\\VDC_irt_rtw\\external\\rtw\\c\\src\\rt_sim.h
