_MID_ ; Pedals_Susp_Sensors
_MNAME_ ; Pedals_Susp_Sensors
Pedals_Susp_Sensors_B.bitsmax ; 1001 0 ; ASD_VARIABLE ; Pedals_Susp_Sensors.Suspension_FL_Data_Conv.bitsmax.bitsmax ; 0x0
Pedals_Susp_Sensors_B.bitsmax_n ; 1001 1 ; ASD_VARIABLE ; Pedals_Susp_Sensors.Suspension_RR_Data_Conv.bitsmax.bitsmax_n ; 0x0
Pedals_Susp_Sensors_B.bitsmax_o ; 1001 2 ; ASD_VARIABLE ; Pedals_Susp_Sensors.Suspension_RL_Data_Conv.bitsmax.bitsmax_o ; 0x0
Pedals_Susp_Sensors_B.bitsmax_p ; 1001 3 ; ASD_VARIABLE ; Pedals_Susp_Sensors.Suspension_FR_Data_Conv.bitsmax.bitsmax_p ; 0x0
Pedals_Susp_Sensors_B.sf_MATLABFunction.ZeroExperimental ; 1001 4 ; ASD_VARIABLE ; Pedals_Susp_Sensors.Suspension_FL_Data_Conv.MATLAB_Function.ZeroExperimental ; 0x0
Pedals_Susp_Sensors_B.sf_MATLABFunction_b.ZeroExperimental ; 1001 5 ; ASD_VARIABLE ; Pedals_Susp_Sensors.Suspension_RL_Data_Conv.MATLAB_Function.ZeroExperimental ; 0x0
Pedals_Susp_Sensors_B.sf_MATLABFunction_h.ZeroExperimental ; 1001 6 ; ASD_VARIABLE ; Pedals_Susp_Sensors.Suspension_RR_Data_Conv.MATLAB_Function.ZeroExperimental ; 0x0
Pedals_Susp_Sensors_B.sf_MATLABFunction_k.ZeroExperimental ; 1001 7 ; ASD_VARIABLE ; Pedals_Susp_Sensors.Suspension_FR_Data_Conv.MATLAB_Function.ZeroExperimental ; 0x0
Pedals_Susp_Sensors_DW.Z_E ; 1001 8 ; ASD_VARIABLE ; Pedals_Susp_Sensors.Suspension_FL_Data_Conv.Data_Store_Memory.Z_E ; 0x0
Pedals_Susp_Sensors_DW.Z_E_d ; 1001 9 ; ASD_VARIABLE ; Pedals_Susp_Sensors.Suspension_FR_Data_Conv.Data_Store_Memory.Z_E_d ; 0x0
Pedals_Susp_Sensors_DW.Z_E_h ; 1001 10 ; ASD_VARIABLE ; Pedals_Susp_Sensors.Suspension_RL_Data_Conv.Data_Store_Memory.Z_E_h ; 0x0
Pedals_Susp_Sensors_DW.Z_E_p ; 1001 11 ; ASD_VARIABLE ; Pedals_Susp_Sensors.Suspension_RR_Data_Conv.Data_Store_Memory.Z_E_p ; 0x0
Pedals_Susp_Sensors_P.Brake_Light_Threshold_Value ; 1001 12 ; ASD_PARAMETER ; Pedals_Susp_Sensors.Brake_Light.Brake_Light_Threshold.Value ; 0x0
Pedals_Susp_Sensors_P.Ctemuelles_Gain ; 1001 13 ; ASD_PARAMETER ; Pedals_Susp_Sensors.Suspension_FL_Data_Conv.Cte_muelles.Gain ; 0x0
Pedals_Susp_Sensors_P.Ctemuelles_Gain_a ; 1001 14 ; ASD_PARAMETER ; Pedals_Susp_Sensors.Suspension_RL_Data_Conv.Cte_muelles.Gain ; 0x0
Pedals_Susp_Sensors_P.Ctemuelles_Gain_e ; 1001 15 ; ASD_PARAMETER ; Pedals_Susp_Sensors.Suspension_FR_Data_Conv.Cte_muelles.Gain ; 0x0
Pedals_Susp_Sensors_P.Ctemuelles_Gain_g ; 1001 16 ; ASD_PARAMETER ; Pedals_Susp_Sensors.Suspension_RR_Data_Conv.Cte_muelles.Gain ; 0x0
Pedals_Susp_Sensors_P.DataStoreMemory_InitialValue ; 1001 17 ; ASD_PARAMETER ; Pedals_Susp_Sensors.Suspension_FL_Data_Conv.Data_Store_Memory.InitialValue ; 0x0
Pedals_Susp_Sensors_P.DataStoreMemory_InitialValue_b ; 1001 18 ; ASD_PARAMETER ; Pedals_Susp_Sensors.Suspension_RL_Data_Conv.Data_Store_Memory.InitialValue ; 0x0
Pedals_Susp_Sensors_P.DataStoreMemory_InitialValue_l ; 1001 19 ; ASD_PARAMETER ; Pedals_Susp_Sensors.Suspension_RR_Data_Conv.Data_Store_Memory.InitialValue ; 0x0
Pedals_Susp_Sensors_P.DataStoreMemory_InitialValue_m ; 1001 20 ; ASD_PARAMETER ; Pedals_Susp_Sensors.Suspension_FR_Data_Conv.Data_Store_Memory.InitialValue ; 0x0
Pedals_Susp_Sensors_P.Ltotal_Gain ; 1001 21 ; ASD_PARAMETER ; Pedals_Susp_Sensors.Suspension_FL_Data_Conv.Ltotal.Gain ; 0x0
Pedals_Susp_Sensors_P.Ltotal_Gain_c ; 1001 22 ; ASD_PARAMETER ; Pedals_Susp_Sensors.Suspension_FR_Data_Conv.Ltotal.Gain ; 0x0
Pedals_Susp_Sensors_P.Ltotal_Gain_h ; 1001 23 ; ASD_PARAMETER ; Pedals_Susp_Sensors.Suspension_RL_Data_Conv.Ltotal.Gain ; 0x0
Pedals_Susp_Sensors_P.Ltotal_Gain_j ; 1001 24 ; ASD_PARAMETER ; Pedals_Susp_Sensors.Suspension_RR_Data_Conv.Ltotal.Gain ; 0x0
Pedals_Susp_Sensors_P.ON_Value ; 1001 25 ; ASD_PARAMETER ; Pedals_Susp_Sensors.Brake_Light.Brake_Light_ON.ON.Value ; 0x0
Pedals_Susp_Sensors_P.Off_Value ; 1001 26 ; ASD_PARAMETER ; Pedals_Susp_Sensors.Brake_Light.Brake_Light_OFF.Off.Value ; 0x0
Pedals_Susp_Sensors_P.bitsmax_Value ; 1001 27 ; ASD_PARAMETER ; Pedals_Susp_Sensors.Suspension_FL_Data_Conv.bitsmax.Value ; 0x0
Pedals_Susp_Sensors_P.bitsmax_Value_b ; 1001 28 ; ASD_PARAMETER ; Pedals_Susp_Sensors.Suspension_RR_Data_Conv.bitsmax.Value ; 0x0
Pedals_Susp_Sensors_P.bitsmax_Value_e ; 1001 29 ; ASD_PARAMETER ; Pedals_Susp_Sensors.Suspension_FR_Data_Conv.bitsmax.Value ; 0x0
Pedals_Susp_Sensors_P.bitsmax_Value_o ; 1001 30 ; ASD_PARAMETER ; Pedals_Susp_Sensors.Suspension_RL_Data_Conv.bitsmax.Value ; 0x0
Pedals_Susp_Sensors_P.max_Value ; 1001 31 ; ASD_PARAMETER ; Pedals_Susp_Sensors.BRS_Data_Conv.max.Value ; 0x0
Pedals_Susp_Sensors_P.max_Value_a ; 1001 32 ; ASD_PARAMETER ; Pedals_Susp_Sensors.APPS2_Data_Conv.max.Value ; 0x0
Pedals_Susp_Sensors_P.max_Value_f ; 1001 33 ; ASD_PARAMETER ; Pedals_Susp_Sensors.APPS1_Data_Conv.max.Value ; 0x0
Pedals_Susp_Sensors_P.min_Value ; 1001 34 ; ASD_PARAMETER ; Pedals_Susp_Sensors.BRS_Data_Conv.min.Value ; 0x0
Pedals_Susp_Sensors_P.min_Value_a ; 1001 35 ; ASD_PARAMETER ; Pedals_Susp_Sensors.APPS1_Data_Conv.min.Value ; 0x0
Pedals_Susp_Sensors_P.min_Value_g ; 1001 36 ; ASD_PARAMETER ; Pedals_Susp_Sensors.APPS2_Data_Conv.min.Value ; 0x0
Pedals_Susp_Sensors_U.APPS1_Bits ; 1001 37 ; ASD_VARIABLE ; Pedals_Susp_Sensors.APPS1_Bits ; 0x0
Pedals_Susp_Sensors_U.APPS2_Bits ; 1001 38 ; ASD_VARIABLE ; Pedals_Susp_Sensors.APPS2_Bits ; 0x0
Pedals_Susp_Sensors_U.BrakeSensor_Bits ; 1001 39 ; ASD_VARIABLE ; Pedals_Susp_Sensors.BrakeSensor_Bits ; 0x0
Pedals_Susp_Sensors_U.Susp_F_L_Bits ; 1001 40 ; ASD_VARIABLE ; Pedals_Susp_Sensors.Susp_F_L_Bits ; 0x0
Pedals_Susp_Sensors_U.Susp_F_R_Bits ; 1001 41 ; ASD_VARIABLE ; Pedals_Susp_Sensors.Susp_F_R_Bits ; 0x0
Pedals_Susp_Sensors_U.Susp_R_L_Bits ; 1001 42 ; ASD_VARIABLE ; Pedals_Susp_Sensors.Susp_R_L_Bits ; 0x0
Pedals_Susp_Sensors_U.Susp_R_R_Bits ; 1001 43 ; ASD_VARIABLE ; Pedals_Susp_Sensors.Susp_R_R_Bits ; 0x0
Pedals_Susp_Sensors_Y.APPS1_Value ; 1001 44 ; ASD_VARIABLE ; Pedals_Susp_Sensors.APPS1_Value ; 0x0
Pedals_Susp_Sensors_Y.APPS2_Value ; 1001 45 ; ASD_VARIABLE ; Pedals_Susp_Sensors.APPS2_Value ; 0x0
Pedals_Susp_Sensors_Y.BrakeLight_Control ; 1001 46 ; ASD_VARIABLE ; Pedals_Susp_Sensors.BrakeLight_Control ; 0x0
Pedals_Susp_Sensors_Y.BrakeSensor_Value ; 1001 47 ; ASD_VARIABLE ; Pedals_Susp_Sensors.BrakeSensor_Value ; 0x0
Pedals_Susp_Sensors_Y.SUSP_F_L ; 1001 48 ; ASD_VARIABLE ; Pedals_Susp_Sensors.SUSP_F_L ; 0x0
Pedals_Susp_Sensors_Y.SUSP_F_R ; 1001 49 ; ASD_VARIABLE ; Pedals_Susp_Sensors.SUSP_F_R ; 0x0
Pedals_Susp_Sensors_Y.SUSP_R_L ; 1001 50 ; ASD_VARIABLE ; Pedals_Susp_Sensors.SUSP_R_L ; 0x0
Pedals_Susp_Sensors_Y.SUSP_R_R ; 1001 51 ; ASD_VARIABLE ; Pedals_Susp_Sensors.SUSP_R_R ; 0x0
