_MID_ ; Racing_Mode
_MNAME_ ; Racing_Mode
Racing_Mode_B.Apps_Sat_Dwn.Gain ; 1001 0 ; ASD_VARIABLE ; Racing_Mode.Custom_Dash__11_.Apps_Sat_Dwn.Gain.Gain ; 0x0
Racing_Mode_B.Apps_Sat_Up.Gain ; 1001 1 ; ASD_VARIABLE ; Racing_Mode.Custom_Dash__11_.Apps_Sat_Up.Gain.Gain ; 0x0
Racing_Mode_B.CKF_Initial.Gain ; 1001 2 ; ASD_VARIABLE ; Racing_Mode.Custom_Dash__11_.CKF_Initial.Gain.Gain ; 0x0
Racing_Mode_B.Cte_CKF.Gain ; 1001 3 ; ASD_VARIABLE ; Racing_Mode.Custom_Dash__11_.Cte_CKF.Gain.Gain ; 0x0
Racing_Mode_B.Cte_SKF.Gain ; 1001 4 ; ASD_VARIABLE ; Racing_Mode.Custom_Dash__11_.Cte_SKF.Gain.Gain ; 0x0
Racing_Mode_B.K_Reduction_P.Gain ; 1001 5 ; ASD_VARIABLE ; Racing_Mode.Custom_Dash__11_.K_Reduction_P.Gain.Gain ; 0x0
Racing_Mode_B.K_Reduction_Temperature.Gain ; 1001 6 ; ASD_VARIABLE ; Racing_Mode.Custom_Dash__11_.K_Reduction_Temperature.Gain.Gain ; 0x0
Racing_Mode_B.Max_Regenerative_Torque.In1 ; 1001 7 ; ASD_VARIABLE ; Racing_Mode.Custom_Dash__11_.Max_Regenerative_Torque.In1.In1 ; 0x0
Racing_Mode_B.Merge ; 1001 8 ; ASD_VARIABLE ; Racing_Mode.Merge.Merge ; 0x0
Racing_Mode_B.Power_Limit.In1 ; 1001 9 ; ASD_VARIABLE ; Racing_Mode.Custom_Dash__11_.Power_Limit.In1.In1 ; 0x0
Racing_Mode_B.SKF_Initial.Gain ; 1001 10 ; ASD_VARIABLE ; Racing_Mode.Custom_Dash__11_.SKF_Initial.Gain.Gain ; 0x0
Racing_Mode_P.Apps_Sat_DwnSaturation_LowerSat ; 1001 11 ; ASD_PARAMETER ; Racing_Mode.Apps_Sat_Dwn_Saturation.LowerLimit ; 0x0
Racing_Mode_P.Apps_Sat_DwnSaturation_UpperSat ; 1001 12 ; ASD_PARAMETER ; Racing_Mode.Apps_Sat_Dwn_Saturation.UpperLimit ; 0x0
Racing_Mode_P.Apps_Sat_UpSaturation_LowerSat ; 1001 13 ; ASD_PARAMETER ; Racing_Mode.Apps_Sat_Up_Saturation.LowerLimit ; 0x0
Racing_Mode_P.Apps_Sat_UpSaturation_UpperSat ; 1001 14 ; ASD_PARAMETER ; Racing_Mode.Apps_Sat_Up_Saturation.UpperLimit ; 0x0
Racing_Mode_P.CEE_Apps_Sat_Dwn_Value ; 1001 15 ; ASD_PARAMETER ; Racing_Mode.Tuning.CEE_Apps_Sat_Dwn.Value ; 0x0
Racing_Mode_P.CEE_Apps_Sat_Up_Value ; 1001 16 ; ASD_PARAMETER ; Racing_Mode.Tuning.CEE_Apps_Sat_Up.Value ; 0x0
Racing_Mode_P.CEE_CKF_Initial_Value ; 1001 17 ; ASD_PARAMETER ; Racing_Mode.Tuning.CEE_CKF_Initial.Value ; 0x0
Racing_Mode_P.CEE_Cte_CKF_Value ; 1001 18 ; ASD_PARAMETER ; Racing_Mode.Tuning.CEE_Cte_CKF.Value ; 0x0
Racing_Mode_P.CEE_Cte_SKF_Value ; 1001 19 ; ASD_PARAMETER ; Racing_Mode.Tuning.CEE_Cte_SKF.Value ; 0x0
Racing_Mode_P.CEE_K_Reduction_P_Value ; 1001 20 ; ASD_PARAMETER ; Racing_Mode.Tuning.CEE_K_Reduction_P.Value ; 0x0
Racing_Mode_P.CEE_K_Reduction_Temperature_Val ; 1001 21 ; ASD_PARAMETER ; Racing_Mode.Tuning.CEE_K_Reduction_Temperature.Value ; 0x0
Racing_Mode_P.CEE_Max_Regenerative_Torque_Val ; 1001 22 ; ASD_PARAMETER ; Racing_Mode.Tuning.CEE_Max_Regenerative_Torque.Value ; 0x0
Racing_Mode_P.CEE_Power_Limit_Value ; 1001 23 ; ASD_PARAMETER ; Racing_Mode.Tuning.CEE_Power_Limit.Value ; 0x0
Racing_Mode_P.CEE_SKF_Initial_Value ; 1001 24 ; ASD_PARAMETER ; Racing_Mode.Tuning.CEE_SKF_Initial.Value ; 0x0
Racing_Mode_P.CKF_InitialSaturation_LowerSat ; 1001 25 ; ASD_PARAMETER ; Racing_Mode.CKF_Initial_Saturation.LowerLimit ; 0x0
Racing_Mode_P.CKF_InitialSaturation_UpperSat ; 1001 26 ; ASD_PARAMETER ; Racing_Mode.CKF_Initial_Saturation.UpperLimit ; 0x0
Racing_Mode_P.CompareToConstant_const ; 1001 27 ; ASD_PARAMETER ; Racing_Mode.Compare_To_Constant.Constant.Value ; 0x0
Racing_Mode_P.Cte_CKFSaturation_LowerSat ; 1001 28 ; ASD_PARAMETER ; Racing_Mode.Cte_CKF_Saturation.LowerLimit ; 0x0
Racing_Mode_P.Cte_CKFSaturation_UpperSat ; 1001 29 ; ASD_PARAMETER ; Racing_Mode.Cte_CKF_Saturation.UpperLimit ; 0x0
Racing_Mode_P.Cte_SKFSaturation_LowerSat ; 1001 30 ; ASD_PARAMETER ; Racing_Mode.Cte_SKF_Saturation.LowerLimit ; 0x0
Racing_Mode_P.Cte_SKFSaturation_UpperSat ; 1001 31 ; ASD_PARAMETER ; Racing_Mode.Cte_SKF_Saturation.UpperLimit ; 0x0
Racing_Mode_P.K_Reduction_PSaturation_LowerSa ; 1001 32 ; ASD_PARAMETER ; Racing_Mode.K_Reduction_P_Saturation.LowerLimit ; 0x0
Racing_Mode_P.K_Reduction_PSaturation_UpperSa ; 1001 33 ; ASD_PARAMETER ; Racing_Mode.K_Reduction_P_Saturation.UpperLimit ; 0x0
Racing_Mode_P.K_Reduction_TemperatureSatura_m ; 1001 34 ; ASD_PARAMETER ; Racing_Mode.K_Reduction_Temperature_Saturation.LowerLimit ; 0x0
Racing_Mode_P.K_Reduction_TemperatureSaturati ; 1001 35 ; ASD_PARAMETER ; Racing_Mode.K_Reduction_Temperature_Saturation.UpperLimit ; 0x0
Racing_Mode_P.Max_Regenerative_TorqueSatura_o ; 1001 36 ; ASD_PARAMETER ; Racing_Mode.Max_Regenerative_Torque_Saturation.LowerLimit ; 0x0
Racing_Mode_P.Max_Regenerative_TorqueSaturati ; 1001 37 ; ASD_PARAMETER ; Racing_Mode.Max_Regenerative_Torque_Saturation.UpperLimit ; 0x0
Racing_Mode_P.Merge_InitialOutput ; 1001 38 ; ASD_PARAMETER ; Racing_Mode.Merge.InitialOutput ; 0x0
Racing_Mode_P.Power_LimitSaturation_LowerSat ; 1001 39 ; ASD_PARAMETER ; Racing_Mode.Power_Limit_Saturation.LowerLimit ; 0x0
Racing_Mode_P.Power_LimitSaturation_UpperSat ; 1001 40 ; ASD_PARAMETER ; Racing_Mode.Power_Limit_Saturation.UpperLimit ; 0x0
Racing_Mode_P.SKF_InitialSaturation_LowerSat ; 1001 41 ; ASD_PARAMETER ; Racing_Mode.SKF_Initial_Saturation.LowerLimit ; 0x0
Racing_Mode_P.SKF_InitialSaturation_UpperSat ; 1001 42 ; ASD_PARAMETER ; Racing_Mode.SKF_Initial_Saturation.UpperLimit ; 0x0
Racing_Mode_U.CustomMode_Data ; 1001 43 ; ASD_VARIABLE ; Racing_Mode.CustomMode_Data ; 0x0
Racing_Mode_U.CustomMode_Identifier ; 1001 44 ; ASD_VARIABLE ; Racing_Mode.CustomMode_Identifier ; 0x0
Racing_Mode_U.RacingMode ; 1001 45 ; ASD_VARIABLE ; Racing_Mode.RacingMode ; 0x0
Racing_Mode_Y.VDC_Apps_Sat_Down ; 1001 46 ; ASD_VARIABLE ; Racing_Mode.VDC_Apps_Sat_Down ; 0x0
Racing_Mode_Y.VDC_Apps_Sat_Up ; 1001 47 ; ASD_VARIABLE ; Racing_Mode.VDC_Apps_Sat_Up ; 0x0
Racing_Mode_Y.VDC_CKF_Initial ; 1001 48 ; ASD_VARIABLE ; Racing_Mode.VDC_CKF_Initial ; 0x0
Racing_Mode_Y.VDC_Cte_CKF ; 1001 49 ; ASD_VARIABLE ; Racing_Mode.VDC_Cte_CKF ; 0x0
Racing_Mode_Y.VDC_Cte_SKF ; 1001 50 ; ASD_VARIABLE ; Racing_Mode.VDC_Cte_SKF ; 0x0
Racing_Mode_Y.VDC_K_Reduction_P ; 1001 51 ; ASD_VARIABLE ; Racing_Mode.VDC_K_Reduction_P ; 0x0
Racing_Mode_Y.VDC_K_Reduction_Temperature ; 1001 52 ; ASD_VARIABLE ; Racing_Mode.VDC_K_Reduction_Temperature ; 0x0
Racing_Mode_Y.VDC_Max_Regenerative_Torque ; 1001 53 ; ASD_VARIABLE ; Racing_Mode.VDC_Max_Regenerative_Torque ; 0x0
Racing_Mode_Y.VDC_Power_Limit ; 1001 54 ; ASD_VARIABLE ; Racing_Mode.VDC_Power_Limit ; 0x0
Racing_Mode_Y.VDC_SKF_Initial ; 1001 55 ; ASD_VARIABLE ; Racing_Mode.VDC_SKF_Initial ; 0x0
Racing_Mode_Y.Workshop_Mode_Enable ; 1001 56 ; ASD_VARIABLE ; Racing_Mode.Workshop_Mode_Enable ; 0x0
