Archive member included because of file (symbol)

Car_State1/Car_State1.a(Car_State.o)
                              Car_State0/Car_State_instances.o (Car_State_U)
Disconnections1/Disconnections1.a(Disconnections.o)
                              Disconnections0/Disconnections_instances.o (Disconnections_DW)
Ellipse1/Ellipse1.a(Ellipse.o)
                              Ellipse0/Ellipse_instances.o (Ellipse_Y)
Inverters_Action1/Inverters_Action1.a(Inverters_Action.o)
                              Inverters_Action0/Inverters_Action_instances.o (Inverters_Action_U)
Inverters_Action1/Inverters_Action1.a(Inverters_Action_data.o)
                              Inverters_Action0/Inverters_Action_instances.o (Inverters_Action_ConstB)
Inverters_Data1/Inverters_Data1.a(Inverters_Data.o)
                              Inverters_Data0/Inverters_Data_instances.o (Inverters_Data_U)
Racing_Modes1/Racing_Modes1.a(Racing_Modes.o)
                              Racing_Modes0/Racing_Modes_instances.o (Racing_Modes_B)
Sensors1/Sensors1.a(Sensors.o)
                              Sensors0/Sensors_instances.o (Sensors_U)
Sensors1/Sensors1.a(Sensors_data.o)
                              Sensors0/Sensors_instances.o (Sensors_ConstB)
SoC1/SoC1.a(SoC.o)            SoC0/SoC_instances.o (SoC_U)
Synchronism1/Synchronism1.a(Synchronism.o)
                              Synchronism0/Synchronism_instances.o (Synchronism_DW)
VDC1/VDC1.a(VDC.o)            VDC0/VDC_instances.o (VDC_DW)
matlabsharedR2022a/matlabsharedR2022a.a(rt_nonfinite.o)
                              Inverters_Action1/Inverters_Action1.a(Inverters_Action.o) (rtIsInf)
matlabsharedR2022a/matlabsharedR2022a.a(const_params.o)
                              SoC1/SoC1.a(SoC.o) (rtCP_pooled_AOZKK8H4A7cg)
matlabsharedR2022a/matlabsharedR2022a.a(look1_binlxpw.o)
                              SoC1/SoC1.a(SoC.o) (look1_binlxpw)
matlabsharedR2022a/matlabsharedR2022a.a(rt_powd_snf.o)
                              Inverters_Data1/Inverters_Data1.a(Inverters_Data.o) (rt_powd_snf)
matlabsharedR2022a/matlabsharedR2022a.a(rtgetinf.o)
                              matlabsharedR2022a/matlabsharedR2022a.a(rt_nonfinite.o) (rtGetInf)
matlabsharedR2022a/matlabsharedR2022a.a(rtgetnan.o)
                              matlabsharedR2022a/matlabsharedR2022a.a(rt_nonfinite.o) (rtGetNaN)
OSC/TaskISRArchive.a(etasConfigTask.o)
                              OSC/osekdefs.o (osek_task_e_etasConfigTask)
OSC/TaskISRArchive.a(Sync_25ms.o)
                              OSC/osekdefs.o (osek_task_e_Sync_25ms)
OSC/TaskISRArchive.a(Timer_1000ms.o)
                              OSC/osekdefs.o (osek_task_e_Timer_1000ms)
OSC/TaskISRArchive.a(Timer_100ms.o)
                              OSC/osekdefs.o (osek_task_e_Timer_100ms)
OSC/TaskISRArchive.a(Timer_25ms.o)
                              OSC/osekdefs.o (osek_task_e_Timer_25ms)
OSC/TaskISRArchive.a(Timer_Inv.o)
                              OSC/osekdefs.o (osek_task_e_Timer_Inv)
OSC/TaskISRArchive.a(SWT_CAN1_AP_BMS_SDC.o)
                              OSC/osekdefs.o (osek_task_e_SWT_CAN1_AP_BMS_SDC)
OSC/TaskISRArchive.a(SWT_CAN1_AP_CurrentSensor.o)
                              OSC/osekdefs.o (osek_task_e_SWT_CAN1_AP_CurrentSensor)
OSC/TaskISRArchive.a(SWT_CAN1_AP_BMS_Voltages.o)
                              OSC/osekdefs.o (osek_task_e_SWT_CAN1_AP_BMS_Voltages)
OSC/TaskISRArchive.a(SWT_CAN1_AP_BMS_ChargerParameters.o)
                              OSC/osekdefs.o (osek_task_e_SWT_CAN1_AP_BMS_ChargerParameters)
OSC/TaskISRArchive.a(SWT_CAN1_AP_BMS_BatteryTemperatures.o)
                              OSC/osekdefs.o (osek_task_e_SWT_CAN1_AP_BMS_BatteryTemperatures)
OSC/TaskISRArchive.a(SWT_CAN1_AP_Inverter_R_Tx.o)
                              OSC/osekdefs.o (osek_task_e_SWT_CAN1_AP_Inverter_R_Tx)
OSC/TaskISRArchive.a(SWT_CAN1_AP_Inverter_L_Tx.o)
                              OSC/osekdefs.o (osek_task_e_SWT_CAN1_AP_Inverter_L_Tx)
OSC/TaskISRArchive.a(SWT_CAN1_AP_DASH_CustomMode.o)
                              OSC/osekdefs.o (osek_task_e_SWT_CAN1_AP_DASH_CustomMode)
OSC/TaskISRArchive.a(SWT_CAN1_AP_DASH_Mode.o)
                              OSC/osekdefs.o (osek_task_e_SWT_CAN1_AP_DASH_Mode)
OSC/TaskISRArchive.a(SWT_CAN1_NM_BMS_Keep_Alive.o)
                              OSC/osekdefs.o (osek_task_e_SWT_CAN1_NM_BMS_Keep_Alive)
OSC/TaskISRArchive.a(SWT_CAN1_AP_BMS_AIRs_State.o)
                              OSC/osekdefs.o (osek_task_e_SWT_CAN1_AP_BMS_AIRs_State)
OSC/TaskISRArchive.a(SWT_CAN1_NM_DASH_Keep_Alive.o)
                              OSC/osekdefs.o (osek_task_e_SWT_CAN1_NM_DASH_Keep_Alive)
OSC/TaskISRArchive.a(SWT_CAN1_AP_DASH_TorqueLockOn.o)
                              OSC/osekdefs.o (osek_task_e_SWT_CAN1_AP_DASH_TorqueLockOn)
OSC/TaskISRArchive.a(SWT_CAN1_AP_DASH_PrechargeRequest.o)
                              OSC/osekdefs.o (osek_task_e_SWT_CAN1_AP_DASH_PrechargeRequest)
OSC/TaskISRArchive.a(SWT_CAN1_AP_DASH_EnableDrive.o)
[...]
Memory Configuration

Name             Origin             Length             Attributes
*default*        0x00000000         0xffffffff

Linker script and memory map

LOAD C:/ETAS/Compiler/INTECRIO5.0/QNXCompiler-V6.5\target\qnx6/ppcbe-spe/lib/crt1.o
LOAD C:/ETAS/Compiler/INTECRIO5.0/QNXCompiler-V6.5\target\qnx6/ppcbe-spe/lib/crti.o
LOAD C:/ETAS/Compiler/INTECRIO5.0/QNXCompiler-V6.5\host\win32\x86/usr/lib/gcc/powerpc-unknown-nto-qnx6.5.0/4.4.2/spe/crtbegin.o
LOAD C:\ETAS\Compiler\INTECRIO5.0\QNXCompiler-V6.5\target\qnx6\ppcbe-spe\lib\gcc\4.4.2/libcpp.so
                0x00000000                PROVIDE (__stack, 0x0)
                0x00000000                PROVIDE (___stack, 0x0)
                0x48040000                PROVIDE (__executable_start, 0x48040000)
                0x480400f4                . = (0x48040000 + SIZEOF_HEADERS)

.interp         0x480400f4       0x14
 *(.interp)
 .interp        0x480400f4       0x14 C:/ETAS/Compiler/INTECRIO5.0/QNXCompiler-V6.5\target\qnx6/ppcbe-spe/lib/crt1.o

.note           0x48040110       0x18
 .note          0x48040110       0x18 C:/ETAS/Compiler/INTECRIO5.0/QNXCompiler-V6.5\target\qnx6/ppcbe-spe/lib/crtn.o

.note.gnu.build-id
 *(.note.gnu.build-id)

.hash           0x48040128      0x6a4
 *(.hash)
 .hash          0x48040128      0x6a4 C:/ETAS/Compiler/INTECRIO5.0/QNXCompiler-V6.5\target\qnx6/ppcbe-spe/lib/crt1.o

.gnu.hash
 *(.gnu.hash)

.dynsym         0x480407cc      0xe20
 *(.dynsym)
 .dynsym        0x480407cc      0xe20 C:/ETAS/Compiler/INTECRIO5.0/QNXCompiler-V6.5\target\qnx6/ppcbe-spe/lib/crt1.o

.dynstr         0x480415ec      0xbce
 *(.dynstr)
 .dynstr        0x480415ec      0xbce C:/ETAS/Compiler/INTECRIO5.0/QNXCompiler-V6.5\target\qnx6/ppcbe-spe/lib/crt1.o

.gnu.version    0x480421ba      0x1c4
 *(.gnu.version)
 .gnu.version   0x480421ba      0x1c4 C:/ETAS/Compiler/INTECRIO5.0/QNXCompiler-V6.5\target\qnx6/ppcbe-spe/lib/crt1.o

.gnu.version_d  0x48042380        0x0 load address 0x4804237e
 *(.gnu.version_d)
 .gnu.version_d
                0x00000000        0x0 C:/ETAS/Compiler/INTECRIO5.0/QNXCompiler-V6.5\target\qnx6/ppcbe-spe/lib/crt1.o

.gnu.version_r  0x48042380       0x20
 *(.gnu.version_r)
 .gnu.version_r
                0x48042380       0x20 C:/ETAS/Compiler/INTECRIO5.0/QNXCompiler-V6.5\target\qnx6/ppcbe-spe/lib/crt1.o

.rel.dyn
 *(.rel.init)
 *(.rel.text .rel.text.* .rel.gnu.linkonce.t.*)
 *(.rel.fini)
 *(.rel.rodata .rel.rodata.* .rel.gnu.linkonce.r.*)
 *(.rel.data.rel.ro* .rel.gnu.linkonce.d.rel.ro.*)
 *(.rel.data .rel.data.* .rel.gnu.linkonce.d.*)
 *(.rel.tdata .rel.tdata.* .rel.gnu.linkonce.td.*)
 *(.rel.tbss .rel.tbss.* .rel.gnu.linkonce.tb.*)
 *(.rel.ctors)
 *(.rel.dtors)
 *(.rel.got)
 *(.rel.sdata .rel.sdata.* .rel.gnu.linkonce.s.*)
 *(.rel.sbss .rel.sbss.* .rel.gnu.linkonce.sb.*)
 *(.rel.sdata2 .rel.sdata2.* .rel.gnu.linkonce.s2.*)
 *(.rel.sbss2 .rel.sbss2.* .rel.gnu.linkonce.sb2.*)
 *(.rel.bss .rel.bss.* .rel.gnu.linkonce.b.*)

.rela.dyn       0x480423a0       0x90
 *(.rela.init)
 *(.rela.text .rela.text.* .rela.gnu.linkonce.t.*)
 .rela.text     0x00000000        0x0 C:/ETAS/Compiler/INTECRIO5.0/QNXCompiler-V6.5\target\qnx6/ppcbe-spe/lib/crt1.o
 *(.rela.fini)
 *(.rela.rodata .rela.rodata.* .rela.gnu.linkonce.r.*)
 .rela.rodata   0x00000000        0x0 C:/ETAS/Compiler/INTECRIO5.0/QNXCompiler-V6.5\target\qnx6/ppcbe-spe/lib/crt1.o
 *(.rela.data .rela.data.* .rela.gnu.linkonce.d.*)
 .rela.data     0x00000000        0x0 C:/ETAS/Compiler/INTECRIO5.0/QNXCompiler-V6.5\target\qnx6/ppcbe-spe/lib/crt1.o
 *(.rela.tdata .rela.tdata.* .rela.gnu.linkonce.td.*)
 *(.rela.tbss .rela.tbss.* .rela.gnu.linkonce.tb.*)
 *(.rela.ctors)
 *(.rela.dtors)
 *(.rela.got)
 .rela.got      0x480423a0       0x30 C:/ETAS/Compiler/INTECRIO5.0/QNXCompiler-V6.5\target\qnx6/ppcbe-spe/lib/crt1.o
 *(.rela.got1)
 *(.rela.got2)
 *(.rela.sdata .rela.sdata.* .rela.gnu.linkonce.s.*)
 *(.rela.sbss .rela.sbss.* .rela.gnu.linkonce.sb.*)
 .rela.sbss     0x00000000        0x0 C:/ETAS/Compiler/INTECRIO5.0/QNXCompiler-V6.5\target\qnx6/ppcbe-spe/lib/crt1.o
 *(.rela.sdata2 .rela.sdata2.* .rela.gnu.linkonce.s2.*)
 *(.rela.sbss2 .rela.sbss2.* .rela.gnu.linkonce.sb2.*)
 *(.rela.bss .rela.bss.* .rela.gnu.linkonce.b.*)
 .rela.bss      0x480423d0       0x60 C:/ETAS/Compiler/INTECRIO5.0/QNXCompiler-V6.5\target\qnx6/ppcbe-spe/lib/crt1.o
 .rela.os_pid   0x00000000        0x0 C:/ETAS/Compiler/INTECRIO5.0/QNXCompiler-V6.5\target\qnx6/ppcbe-spe/lib/crt1.o
 .rela.os_intvec
                0x00000000        0x0 C:/ETAS/Compiler/INTECRIO5.0/QNXCompiler-V6.5\target\qnx6/ppcbe-spe/lib/crt1.o

.rel.plt
 *(.rel.plt)

.rela.plt       0x48042430      0x93c
 *(.rela.plt)
 .rela.plt      0x48042430      0x93c C:/ETAS/Compiler/INTECRIO5.0/QNXCompiler-V6.5\target\qnx6/ppcbe-spe/lib/crt1.o

.init           0x48042d6c       0x24
 *(.init)
 .init          0x48042d6c        0xc C:/ETAS/Compiler/INTECRIO5.0/QNXCompiler-V6.5\target\qnx6/ppcbe-spe/lib/crti.o
                0x48042d6c                _init
 .init          0x48042d78        0x4 C:/ETAS/Compiler/INTECRIO5.0/QNXCompiler-V6.5\host\win32\x86/usr/lib/gcc/powerpc-unknown-nto-qnx6.5.0/4.4.2/spe/crtbegin.o
 .init          0x48042d7c        0x4 C:/ETAS/Compiler/INTECRIO5.0/QNXCompiler-V6.5\host\win32\x86/usr/lib/gcc/powerpc-unknown-nto-qnx6.5.0/4.4.2/spe/crtend.o
 .init          0x48042d80       0x10 C:/ETAS/Compiler/INTECRIO5.0/QNXCompiler-V6.5\target\qnx6/ppcbe-spe/lib/crtn.o

.text           0x48042d90    0x47720
                0x48042d90                _btext = .
 *(.text .stub .text.* .gnu.linkonce.t.*)
 .text          0x48042d90      0x118 C:/ETAS/Compiler/INTECRIO5.0/QNXCompiler-V6.5\target\qnx6/ppcbe-spe/lib/crt1.o
                0x48042d90                _start
 .text          0x48042ea8        0x0 C:/ETAS/Compiler/INTECRIO5.0/QNXCompiler-V6.5\target\qnx6/ppcbe-spe/lib/crti.o
 .text          0x48042ea8      0x1b8 C:/ETAS/Compiler/INTECRIO5.0/QNXCompiler-V6.5\host\win32\x86/usr/lib/gcc/powerpc-unknown-nto-qnx6.5.0/4.4.2/spe/crtbegin.o
 .text          0x48043060      0x24c ROOT_instances.o
                0x48043208                initializeYukonModel
                0x480430b0                getSystemTimeS
                0x48043078                getModelIdentificationString
                0x4804308c                getDeltaT
                0x48043060                getIntecrioVersionNumber
                0x48043190                os_setDeltaT
                0x48043084                getBuildEnvironment
                0x4804306c                getBuildEnvironmentVersion
 .text          0x480432ac        0x0 _INT_pid.pi.o
 .text          0x480432ac       0x24 userFuncProcessCanPayload.o
                0x480432c0                userCanInitHook
                0x480432cc                userCanTxHookV3
                0x480432c4                userCanExitHook
                0x480432ac                userCanHookGetVersionAndCid
                0x480432c8                userCanRxHookV3
 .text          0x480432d0       0x24 userFuncProcessFlexRayPayload.o
                0x480432f0                userFlexRayPDURxHook
                0x480432ec                userFlexRayPDUTxHook
                0x480432d0                userFlexRayHookGetVersionAndCid
                0x480432e4                userFlexRayInitHook
                0x480432e8                userFlexRayExitHook
 .text          0x480432f4       0x60 OSC/i_rtawrapper.o
                0x48043334                rtaActivateTask
                0x48043314                rtaSchedule
                0x480432f4                rtaShutdownOS
 .text          0x48043354      0x2c4 Car_State0/Car_State_instances.o
                0x480433fc                initClass_RTWTop_Car_State
                0x480433b4                initInstance_RTWTop_Car_State
                0x48043354                setDeltaT_Car_State
                0x480435ec                initModel_RTWTop_Car_State
 .text          0x48043618      0xcd0 Car_State1/Car_State1.a(Car_State.o)
                0x480440e4                MdlInitialize_Car_State
                0x4804362c                Car_State_FALSE
                0x48043654                MdlOutputs_Car_State
                0x48044064                MdlUpdate_Car_State
                0x48043618                Car_State_TRUE
                0x48043640                Car_State_Failure
                0x480440e8                MdlStart_Car_State
                0x480440dc                MdlInitializeSizes_Car_State
                0x480440e0                MdlInitializeSampleTimes_Car_State
                0x48044134                Car_State
                0x48044130                MdlTerminate_Car_State
 .text          0x480442e8      0x4d8 Disconnections0/Disconnections_instances.o
                0x48044348                initInstance_RTWTop_Disconnections
                0x48044794                initModel_RTWTop_Disconnections
                0x480442e8                setDeltaT_Disconnections
                0x48044390                initClass_RTWTop_Disconnections
 .text          0x480447c0      0x974 Disconnections1/Disconnections1.a(Disconnections.o)
                0x48044f68                MdlTerminate_Disconnections
                0x48044800                Disconnections_Error_Counter
                0x48044f6c                Disconnections
                0x48044efc                MdlInitializeSampleTimes_Disconnections
                0x48044f04                MdlStart_Disconnections
                0x480447c0                Disconnections_Reset_counter
                0x48044ef8                MdlInitializeSizes_Disconnections
                0x48044830                MdlOutputs_Disconnections
                0x48044f00                MdlInitialize_Disconnections
                0x480447d4                Disconnections_CAN_OK
                0x48044e80                MdlUpdate_Disconnections
                0x4804481c                Disconnections_Signal_OK
 .text          0x48045134      0x1e4 Ellipse0/Ellipse_instances.o
                0x480451dc                initClass_RTWTop_Ellipse
                0x48045134                setDeltaT_Ellipse
                0x48045194                initInstance_RTWTop_Ellipse
                0x480452ec                initModel_RTWTop_Ellipse
 .text          0x48045318      0x250 Ellipse1/Ellipse1.a(Ellipse.o)
                0x48045318                MdlOutputs_Ellipse
                0x480453d4                MdlInitialize_Ellipse
                0x480453cc                MdlInitializeSizes_Ellipse
                0x48045354                MdlUpdate_Ellipse
                0x480453dc                MdlTerminate_Ellipse
                0x480453d8                MdlStart_Ellipse
                0x480453d0                MdlInitializeSampleTimes_Ellipse
                0x480453e0                Ellipse
 .text          0x48045568      0x3a0 Inverters_Action0/Inverters_Action_instances.o
                0x480458dc                initModel_RTWTop_Inverters_Action
                0x48045568                setDeltaT_Inverters_Action
                0x48045610                initClass_RTWTop_Inverters_Action
                0x480455c8                initInstance_RTWTop_Inverters_Action
 .text          0x48045908      0xcc8 Inverters_Action1/Inverters_Action1.a(Inverters_Action.o)
                0x48045a60                MdlInitializeSizes_Inverters_Action
                0x48045a68                MdlInitialize_Inverters_Action
                0x48045ab8                Inverters_Action
                0x48045a6c                MdlStart_Inverters_Action
                0x48045908                Inverters_Actio_EnumerationDone
                0x48045974                Inverters_Acti_ActionnotDefined
                0x4804599c                Inverters_Action_TorqueCommand0
                0x480459cc                MdlUpdate_Inverters_Action
                0x4804591c                Inverte_DisableDriveEnableDrive
                0x480459b8                Inverters_Acti_ResetEnumeration
                0x48045ab4                MdlTerminate_Inverters_Action
                0x48045a64                MdlInitializeSampleTimes_Inverters_Action
                0x4804598c                Inverters_Action_bypass
                0x48045fbc                MdlOutputs_Inverters_Action
                0x48045e64                Inverters_Action_TorqueCommand
                0x48045c94                Inverters_Ac_RegisterEnumerator
 .text          0x480465d0        0x0 Inverters_Action1/Inverters_Action1.a(Inverters_Action_data.o)
 .text          0x480465d0      0x3c4 Inverters_Data0/Inverters_Data_instances.o
                0x48046678                initClass_RTWTop_Inverters_Data
                0x48046630                initInstance_RTWTop_Inverters_Data
                0x480465d0                setDeltaT_Inverters_Data
                0x48046968                initModel_RTWTop_Inverters_Data
 .text          0x48046994      0x584 Inverters_Data1/Inverters_Data1.a(Inverters_Data.o)
                0x48046994                MdlUpdate_Inverters_Data
                0x48046a14                MdlInitialize_Inverters_Data
                0x48046a1c                MdlTerminate_Inverters_Data
                0x48046ba4                MdlOutputs_Inverters_Data
                0x48046a20                Inverters_Data
                0x48046a18                MdlStart_Inverters_Data
                0x48046a10                MdlInitializeSampleTimes_Inverters_Data
                0x48046a0c                MdlInitializeSizes_Inverters_Data
 .text          0x48046f18      0x1a8 Racing_Modes0/Racing_Modes_instances.o
                0x48046f78                initInstance_RTWTop_Racing_Modes
                0x48047094                initModel_RTWTop_Racing_Modes
                0x48046f18                setDeltaT_Racing_Modes
                0x48046fc0                initClass_RTWTop_Racing_Modes
 .text          0x480470c0      0x4e8 Racing_Modes1/Racing_Modes1.a(Racing_Modes.o)
                0x480470d4                MdlUpdate_Racing_Modes
                0x4804714c                MdlInitializeSizes_Racing_Modes
                0x48047150                MdlInitializeSampleTimes_Racing_Modes
                0x4804717c                Racing_Modes
                0x48047310                MdlOutputs_Racing_Modes
                0x48047178                MdlTerminate_Racing_Modes
                0x480470c0                Racing_Modes_WorkshopTest01
                0x48047154                MdlInitialize_Racing_Modes
                0x48047158                MdlStart_Racing_Modes
 .text          0x480475a8      0x348 Sensors0/Sensors_instances.o
                0x48047608                initInstance_RTWTop_Sensors
                0x480478c4                initModel_RTWTop_Sensors
                0x480475a8                setDeltaT_Sensors
                0x48047650                initClass_RTWTop_Sensors
 .text          0x480478f0      0x3f0 Sensors1/Sensors1.a(Sensors.o)
                0x48047b04                MdlInitializeSampleTimes_Sensors
                0x48047b2c                MdlTerminate_Sensors
                0x480478f0                MdlOutputs_Sensors
                0x48047a88                MdlUpdate_Sensors
                0x48047b00                MdlInitializeSizes_Sensors
                0x48047b08                MdlInitialize_Sensors
                0x48047b0c                MdlStart_Sensors
                0x48047b30                Sensors
 .text          0x48047ce0        0x0 Sensors1/Sensors1.a(Sensors_data.o)
 .text          0x48047ce0      0x220 SoC0/SoC_instances.o
                0x48047d40                initInstance_RTWTop_SoC
                0x48047d88                initClass_RTWTop_SoC
                0x48047ce0                setDeltaT_SoC
                0x48047ed4                initModel_RTWTop_SoC
 .text          0x48047f00      0xad0 SoC1/SoC1.a(SoC.o)
                0x480489b0                MdlUpdate_SoC
                0x48047f64                rt_ODEDestroyIntegrationData_SoC
                0x48047f60                rt_ODECreateIntegrationData_SoC
                0x48047f74                MdlInitialize_SoC
                0x48047f70                MdlInitializeSampleTimes_SoC
                0x48048670                SoC_update
                0x48047f78                MdlStart_SoC
                0x48047f68                rt_ODEUpdateContinuousStates_SoC
                0x48048650                MdlOutputs_SoC
                0x48047f5c                SoC_terminate
                0x48047f98                MdlTerminate_SoC
                0x48047f6c                MdlInitializeSizes_SoC
                0x48047f24                SoC_initialize
                0x4804821c                SoC_output
                0x48047f00                SoC_derivatives
                0x48047f9c                SoC
 .text          0x480489d0      0x14c Synchronism0/Synchronism_instances.o
                0x48048a78                initClass_RTWTop_Synchronism
                0x48048a30                initInstance_RTWTop_Synchronism
                0x48048af0                initModel_RTWTop_Synchronism
                0x480489d0                setDeltaT_Synchronism
 .text          0x48048b1c      0x268 Synchronism1/Synchronism1.a(Synchronism.o)
                0x48048bf0                MdlInitializeSizes_Synchronism
                0x48048bf8                MdlInitialize_Synchronism
                0x48048bfc                MdlStart_Synchronism
                0x48048c18                MdlTerminate_Synchronism
                0x48048c1c                Synchronism
                0x48048b1c                MdlOutputs_Synchronism
                0x48048b78                MdlUpdate_Synchronism
                0x48048bf4                MdlInitializeSampleTimes_Synchronism
 .text          0x48048d84      0x500 VDC0/VDC_instances.o
                0x48048de4                initInstance_RTWTop_VDC
                0x48048d84                setDeltaT_VDC
                0x48049258                initModel_RTWTop_VDC
                0x48048e2c                initClass_RTWTop_VDC
 .text          0x48049284      0xc28 VDC1/VDC1.a(VDC.o)
                0x48049540                MdlOutputs_VDC
                0x48049334                MdlInitialize_VDC
                0x480492b4                MdlUpdate_VDC
                0x4804937c                VDC
                0x48049338                MdlStart_VDC
                0x48049284                VDC_LimitReached
                0x4804932c                MdlInitializeSizes_VDC
                0x48049378                MdlTerminate_VDC
                0x48049330                MdlInitializeSampleTimes_VDC
                0x48049298                VDC_AutomaticFailureMode
 .text          0x48049eac      0x19c matlabsharedR2022a/matlabsharedR2022a.a(rt_nonfinite.o)
                0x48049fb4                rt_InitInfAndNaN
                0x48049f38                rtIsNaN
                0x48049f8c                rtIsNaNF
                0x48049ef8                rtIsInfF
                0x48049eac                rtIsInf
 .text          0x4804a048        0x0 matlabsharedR2022a/matlabsharedR2022a.a(const_params.o)
 .text          0x4804a048      0x114 matlabsharedR2022a/matlabsharedR2022a.a(look1_binlxpw.o)
                0x4804a048                look1_binlxpw
 .text          0x4804a15c      0x2f4 matlabsharedR2022a/matlabsharedR2022a.a(rt_powd_snf.o)
                0x4804a15c                rt_powd_snf
 .text          0x4804a450       0xd0 matlabsharedR2022a/matlabsharedR2022a.a(rtgetinf.o)
                0x4804a450                rtGetInf
                0x4804a4b8                rtGetMinusInf
                0x4804a514                rtGetMinusInfF
                0x4804a4ac                rtGetInfF
 .text          0x4804a520       0x84 matlabsharedR2022a/matlabsharedR2022a.a(rtgetnan.o)
                0x4804a580                rtGetNaNF
                0x4804a520                rtGetNaN
 .text          0x4804a5a4      0x434 OSC/osekdefs.o
                0x4804a8c4                osE_ISR_CAN2
                0x4804a664                os_StartOS
                0x4804a750                os_pre_errorhook
                0x4804a920                osE_ISR_CAN1
                0x4804a770                Tick_etasCounter
                0x4804a8a4                osek_dispatch
                0x4804a5a4                osResetOS
                0x4804a97c                osE_etasL1Isr
 .text          0x4804a9d8        0x0 OSC/osgen.o
 .text          0x4804a9d8       0x4c OSC/TaskISRArchive.a(etasConfigTask.o)
                0x4804a9d8                osek_task_e_etasConfigTask
 .text          0x4804aa24       0x60 OSC/TaskISRArchive.a(Sync_25ms.o)
                0x4804aa24                osek_task_e_Sync_25ms
 .text          0x4804aa84       0x54 OSC/TaskISRArchive.a(Timer_1000ms.o)
                0x4804aa84                osek_task_e_Timer_1000ms
 .text          0x4804aad8       0x54 OSC/TaskISRArchive.a(Timer_100ms.o)
                0x4804aad8                osek_task_e_Timer_100ms
 .text          0x4804ab2c       0xa8 OSC/TaskISRArchive.a(Timer_25ms.o)
                0x4804ab2c                osek_task_e_Timer_25ms
 .text          0x4804abd4       0x6c OSC/TaskISRArchive.a(Timer_Inv.o)
                0x4804abd4                osek_task_e_Timer_Inv
 .text          0x4804ac40       0x50 OSC/TaskISRArchive.a(SWT_CAN1_AP_BMS_SDC.o)
                0x4804ac40                osek_task_e_SWT_CAN1_AP_BMS_SDC
 .text          0x4804ac90       0x50 OSC/TaskISRArchive.a(SWT_CAN1_AP_CurrentSensor.o)
                0x4804ac90                osek_task_e_SWT_CAN1_AP_CurrentSensor
 .text          0x4804ace0       0x50 OSC/TaskISRArchive.a(SWT_CAN1_AP_BMS_Voltages.o)
                0x4804ace0                osek_task_e_SWT_CAN1_AP_BMS_Voltages
 .text          0x4804ad30       0x50 OSC/TaskISRArchive.a(SWT_CAN1_AP_BMS_ChargerParameters.o)
                0x4804ad30                osek_task_e_SWT_CAN1_AP_BMS_ChargerParameters
 .text          0x4804ad80       0x50 OSC/TaskISRArchive.a(SWT_CAN1_AP_BMS_BatteryTemperatures.o)
                0x4804ad80                osek_task_e_SWT_CAN1_AP_BMS_BatteryTemperatures
 .text          0x4804add0       0x50 OSC/TaskISRArchive.a(SWT_CAN1_AP_Inverter_R_Tx.o)
                0x4804add0                osek_task_e_SWT_CAN1_AP_Inverter_R_Tx
 .text          0x4804ae20       0x50 OSC/TaskISRArchive.a(SWT_CAN1_AP_Inverter_L_Tx.o)
                0x4804ae20                osek_task_e_SWT_CAN1_AP_Inverter_L_Tx
 .text          0x4804ae70       0x50 OSC/TaskISRArchive.a(SWT_CAN1_AP_DASH_CustomMode.o)
                0x4804ae70                osek_task_e_SWT_CAN1_AP_DASH_CustomMode
 .text          0x4804aec0       0x50 OSC/TaskISRArchive.a(SWT_CAN1_AP_DASH_Mode.o)
                0x4804aec0                osek_task_e_SWT_CAN1_AP_DASH_Mode
 .text          0x4804af10       0x50 OSC/TaskISRArchive.a(SWT_CAN1_NM_BMS_Keep_Alive.o)
                0x4804af10                osek_task_e_SWT_CAN1_NM_BMS_Keep_Alive
 .text          0x4804af60       0x50 OSC/TaskISRArchive.a(SWT_CAN1_AP_BMS_AIRs_State.o)
                0x4804af60                osek_task_e_SWT_CAN1_AP_BMS_AIRs_State
 .text          0x4804afb0       0x50 OSC/TaskISRArchive.a(SWT_CAN1_NM_DASH_Keep_Alive.o)
                0x4804afb0                osek_task_e_SWT_CAN1_NM_DASH_Keep_Alive
 .text          0x4804b000       0x50 OSC/TaskISRArchive.a(SWT_CAN1_AP_DASH_TorqueLockOn.o)
                0x4804b000                osek_task_e_SWT_CAN1_AP_DASH_TorqueLockOn
 .text          0x4804b050       0x50 OSC/TaskISRArchive.a(SWT_CAN1_AP_DASH_PrechargeRequest.o)
                0x4804b050                osek_task_e_SWT_CAN1_AP_DASH_PrechargeRequest
 .text          0x4804b0a0       0x50 OSC/TaskISRArchive.a(SWT_CAN1_AP_DASH_EnableDrive.o)
                0x4804b0a0                osek_task_e_SWT_CAN1_AP_DASH_EnableDrive
 .text          0x4804b0f0       0x50 OSC/TaskISRArchive.a(SWT_CAN2_MEAS_RECU_SDC.o)
                0x4804b0f0                osek_task_e_SWT_CAN2_MEAS_RECU_SDC
 .text          0x4804b140       0x50 OSC/TaskISRArchive.a(SWT_CAN2_MEAS_FECU_SDC.o)
                0x4804b140                osek_task_e_SWT_CAN2_MEAS_FECU_SDC
 .text          0x4804b190       0x50 OSC/TaskISRArchive.a(SWT_CAN2_AP_ELLIPSE_EKF_POS.o)
                0x4804b190                osek_task_e_SWT_CAN2_AP_ELLIPSE_EKF_POS
 .text          0x4804b1e0       0x50 OSC/TaskISRArchive.a(SWT_CAN2_AP_ELLIPSE_IMU_ACCEL.o)
                0x4804b1e0                osek_task_e_SWT_CAN2_AP_ELLIPSE_IMU_ACCEL
 .text          0x4804b230       0x50 OSC/TaskISRArchive.a(SWT_CAN2_AP_ELLIPSE_EKF_EULER.o)
                0x4804b230                osek_task_e_SWT_CAN2_AP_ELLIPSE_EKF_EULER
 .text          0x4804b280       0x50 OSC/TaskISRArchive.a(SWT_CAN2_AP_ELLIPSE_EKF_VEL.o)
                0x4804b280                osek_task_e_SWT_CAN2_AP_ELLIPSE_EKF_VEL
 .text          0x4804b2d0       0x50 OSC/TaskISRArchive.a(SWT_CAN2_NM_ELLIPSE_Status.o)
                0x4804b2d0                osek_task_e_SWT_CAN2_NM_ELLIPSE_Status
 .text          0x4804b320       0x50 OSC/TaskISRArchive.a(SWT_CAN2_AP_ELLIPSE_IMU_GYRO.o)
                0x4804b320                osek_task_e_SWT_CAN2_AP_ELLIPSE_IMU_GYRO
 .text          0x4804b370       0x50 OSC/TaskISRArchive.a(SWT_CAN2_AP_ELLIPSE_SLIP_CURV.o)
                0x4804b370                osek_task_e_SWT_CAN2_AP_ELLIPSE_SLIP_CURV
 .text          0x4804b3c0       0x50 OSC/TaskISRArchive.a(SWT_CAN2_AP_RECU_Data.o)
                0x4804b3c0                osek_task_e_SWT_CAN2_AP_RECU_Data
 .text          0x4804b410       0x50 OSC/TaskISRArchive.a(SWT_CAN2_NM_FECU_Keep_Alive.o)
                0x4804b410                osek_task_e_SWT_CAN2_NM_FECU_Keep_Alive
 .text          0x4804b460       0x50 OSC/TaskISRArchive.a(SWT_CAN2_NM_RECU_Keep_Alive.o)
                0x4804b460                osek_task_e_SWT_CAN2_NM_RECU_Keep_Alive
 .text          0x4804b4b0       0x50 OSC/TaskISRArchive.a(SWT_CAN2_AP_FECU_Data2.o)
                0x4804b4b0                osek_task_e_SWT_CAN2_AP_FECU_Data2
 .text          0x4804b500       0x50 OSC/TaskISRArchive.a(SWT_CAN2_AP_FECU_Data1.o)
                0x4804b500                osek_task_e_SWT_CAN2_AP_FECU_Data1
 .text          0x4804b550       0x4c OSC/TaskISRArchive.a(ISR_CAN1.o)
                0x4804b550                osek_isr_e_ISR_CAN1
 .text          0x4804b59c       0x4c OSC/TaskISRArchive.a(ISR_CAN2.o)
                0x4804b59c                osek_isr_e_ISR_CAN2
 .text          0x4804b5e8       0x40 OSC/etasActivateTaskIsr.o
                0x4804b5e8                osek_isr_e_etasActivateTaskIsr
 .text          0x4804b628       0x48 OSC/etasL1Isr.o
                0x4804b628                osek_isr_e_etasL1Isr
 .text          0x4804b670       0x44 OSC/etasL1Task.o
                0x4804b670                osek_task_e_etasL1Task
 .text          0x4804b6b4       0x40 OSC/etasTimerIsr.o
                0x4804b6b4                osek_isr_e_etasTimerIsr
 .text          0x4804b6f4       0x40 OSC/etasStopOsIsr.o
                0x4804b6f4                osek_isr_e_etasStopOsIsr
 .text          0x4804b734      0x254 OSC/DriverThreads.o
                0x4804b734                etasCreateDriverThreads
 .text          0x4804b988        0x0 OSC/ISRFunctions.o
 .text          0x4804b988      0x1f4 OSC/osc_dyn.o
                0x4804bb38                etasInitTasks
                0x4804ba34                etasExitTasks
                0x4804b990                etasInactiveExitTask
                0x4804b98c                etasStartupExitTask
                0x4804bb10                etasStartupInitTask
                0x4804b994                TimersExitTask
                0x4804b988                etasInactiveInitTask
                0x4804ba64                TimersInitTask
 .text          0x4804bb7c        0xc OSC/rtaInterface.o
                0x4804bb7c                etasGetCounterPeriodUs
                0x4804bb84                StackFaultHook
 .text          0x4804bb88      0x620 OSC/ETCHooks.o
                0x4804bed0                rtioHook_15_0
                0x4804bfc0                rtioHook_9_0
                0x4804bf48                rtioHook_12_0
                0x4804be30                rtioHook_19_0
                0x4804be80                rtioHook_17_0
                0x4804c100                rtioHook_1_0
                0x4804c088                rtioHook_4_0
                0x4804bc28                rtioHook_32_0
                0x4804bd90                rtioHook_23_0
                0x4804bc78                rtioHook_30_0
                0x4804bde0                rtioHook_21_0
                0x4804bbb0                rtioHook_35_0
                0x4804bd18                rtioHook_26_0
                0x4804c17c                rtioHook_37_0
                0x4804bcc8                rtioHook_28_0
                0x4804bc00                rtioHook_33_0
                0x4804bd68                rtioHook_24_0
                0x4804c150                rtioHook_38_0
                0x4804bca0                rtioHook_29_0
                0x4804bc50                rtioHook_31_0
                0x4804c010                rtioHook_7_0
                0x4804bdb8                rtioHook_22_0
                0x4804c128                rtioHook_0_0
                0x4804be58                rtioHook_18_0
                0x4804bf20                rtioHook_13_0
                0x4804bf70                rtioHook_11_0
                0x4804bea8                rtioHook_16_0
                0x4804c038                rtioHook_6_0
                0x4804bef8                rtioHook_14_0
                0x4804bfe8                rtioHook_8_0
                0x4804be08                rtioHook_20_0
                0x4804c0d8                rtioHook_2_0
                0x4804bbd8                rtioHook_34_0
                0x4804bd40                rtioHook_25_0
                0x4804c0b0                rtioHook_3_0
                0x4804bf98                rtioHook_10_0
                0x4804c060                rtioHook_5_0
                0x4804bb88                rtioHook_36_0
                0x4804bcf0                rtioHook_27_0
 .text          0x4804c1a8     0x1068 OSC/XbarHooks.o
                0x4804c220                crossbarHook_34_4
                0x4804c2c0                crossbarHook_34_0
                0x4804c7e8                crossbarHook_21_0
                0x4804cae0                crossbarHook_2_0
                0x4804c950                crossbarHook_12_0
                0x4804cc38                crossbarHook_38_13
                0x4804c630                crossbarHook_30_2
                0x4804cef8                crossbarHook_37_17
                0x4804c720                crossbarHook_26_0
                0x4804d058                crossbarHook_37_9
                0x4804c888                crossbarHook_17_0
                0x4804cfa8                crossbarHook_37_13
                0x4804ca18                crossbarHook_7_0
                0x4804c428                crossbarHook_33_7
                0x4804d108                crossbarHook_37_5
                0x4804d1b8                crossbarHook_37_1
                0x4804ca68                crossbarHook_5_0
                0x4804c4c8                crossbarHook_33_3
                0x4804cd40                crossbarHook_38_7
                0x4804c1a8                crossbarHook_36_0
                0x4804c798                crossbarHook_23_0
                0x4804c900                crossbarHook_14_0
                0x4804cdf0                crossbarHook_38_3
                0x4804c360                crossbarHook_33_12
                0x4804c1f8                crossbarHook_34_5
                0x4804cb88                crossbarHook_38_17
                0x4804c298                crossbarHook_34_1
                0x4804c2e8                crossbarHook_33_15
                0x4804cc0c                crossbarHook_38_14
                0x4804ccbc                crossbarHook_38_10
                0x4804c608                crossbarHook_30_3
                0x4804cf7c                crossbarHook_37_14
                0x4804d02c                crossbarHook_37_10
                0x4804d084                crossbarHook_37_8
                0x4804c450                crossbarHook_33_6
                0x4804d134                crossbarHook_37_4
                0x4804d1e4                crossbarHook_37_0
                0x4804c770                crossbarHook_24_0
                0x4804c8d8                crossbarHook_15_0
                0x4804c1d0                crossbarHook_35_0
                0x4804c7c0                crossbarHook_22_0
                0x4804c4f0                crossbarHook_33_2
                0x4804c928                crossbarHook_13_0
                0x4804cb08                crossbarHook_1_0
                0x4804c5b8                crossbarHook_31_1
                0x4804c6f8                crossbarHook_27_0
                0x4804c860                crossbarHook_18_0
                0x4804cd14                crossbarHook_38_8
                0x4804cdc4                crossbarHook_38_4
                0x4804ca40                crossbarHook_6_0
                0x4804c748                crossbarHook_25_0
                0x4804c388                crossbarHook_33_11
                0x4804ce74                crossbarHook_38_0
                0x4804c8b0                crossbarHook_16_0
                0x4804c3b0                crossbarHook_33_10
                0x4804c270                crossbarHook_34_2
                0x4804cb5c                crossbarHook_38_18
                0x4804c310                crossbarHook_33_14
                0x4804cbe0                crossbarHook_38_15
                0x4804c590                crossbarHook_32_0
                0x4804cecc                crossbarHook_37_18
                0x4804cc90                crossbarHook_38_11
                0x4804c9a0                crossbarHook_10_0
                0x4804cf50                crossbarHook_37_15
                0x4804c9f0                crossbarHook_8_0
                0x4804d000                crossbarHook_37_11
                0x4804c680                crossbarHook_30_0
                0x4804d0b0                crossbarHook_37_7
                0x4804d160                crossbarHook_37_3
                0x4804c3d8                crossbarHook_33_9
                0x4804c478                crossbarHook_33_5
                0x4804cab8                crossbarHook_3_0
                0x4804c518                crossbarHook_33_1
                0x4804c5e0                crossbarHook_31_0
                0x4804cce8                crossbarHook_38_9
                0x4804cd98                crossbarHook_38_5
                0x4804ce48                crossbarHook_38_1
                0x4804cb30                crossbarHook_38_19
                0x4804c248                crossbarHook_34_3
                0x4804c338                crossbarHook_33_13
                0x4804c568                crossbarHook_32_1
                0x4804c6d0                crossbarHook_28_0
                0x4804c838                crossbarHook_19_0
                0x4804cbb4                crossbarHook_38_16
                0x4804cea0                crossbarHook_37_19
                0x4804cc64                crossbarHook_38_12
                0x4804c658                crossbarHook_30_1
                0x4804c6a8                crossbarHook_29_0
                0x4804cf24                crossbarHook_37_16
                0x4804cfd4                crossbarHook_37_12
                0x4804d0dc                crossbarHook_37_6
                0x4804c400                crossbarHook_33_8
                0x4804d18c                crossbarHook_37_2
                0x4804c4a0                crossbarHook_33_4
                0x4804c540                crossbarHook_33_0
                0x4804c810                crossbarHook_20_0
                0x4804c978                crossbarHook_11_0
                0x4804cd6c                crossbarHook_38_6
                0x4804ce1c                crossbarHook_38_2
                0x4804c9c8                crossbarHook_9_0
                0x4804ca90                crossbarHook_4_0
 .text          0x4804d210        0x0 ETC/FormulaTable.o
 .text          0x4804d210        0x0 ETC/DriverTable.o
 .text          0x4804d210        0x0 ETC/MappingFunctionTable.o
 .text          0x4804d210        0x0 ETC/RtioL1RecordTable.o
 .text          0x4804d210        0x0 ETC/XCPTransportLayerFunctionsTable.o
 .text          0x4804d210        0x0 ETC/ChecksumAlgoTables.o
 .text          0x4804d210        0x0 CBC/CopyFunctionTable.o
 .text          0x4804d210        0x0 CBC/CrossbarL1RecordTable.o
 .text          0x4804d210       0x48 C:/ETAS/Compiler/INTECRIO5.0/QNXCompiler-V6.5\host\win32\x86/usr/lib/gcc/powerpc-unknown-nto-qnx6.5.0/4.4.2/spe/libgcc.a(_fixunsdfdi.o)
                0x4804d210                __fixunsdfdi
 .text          0x4804d258       0x40 C:/ETAS/Compiler/INTECRIO5.0/QNXCompiler-V6.5\host\win32\x86/usr/lib/gcc/powerpc-unknown-nto-qnx6.5.0/4.4.2/spe/libgcc.a(_floatundidf.o)
                0x4804d258                __floatundidf
 .text          0x4804d298       0x98 C:/ETAS/Compiler/INTECRIO5.0/QNXCompiler-V6.5\host\win32\x86/usr/lib/gcc/powerpc-unknown-nto-qnx6.5.0/4.4.2/spe/crtend.o
 .text          0x4804d330        0x0 C:/ETAS/Compiler/INTECRIO5.0/QNXCompiler-V6.5\target\qnx6/ppcbe-spe/lib/crtn.o
 .text          0x4804d330     0x23b4 C:\Program Files (x86)\ETAS\INTECRIO5.0\Target\Etarget\ES910\libes910.a(i_rtautil.o)
                0x4804d658                etasActivateTaskViaIsr
                0x4804eb54                startTaskHookMon
                0x4804dbfc                ErrorHook
                0x4804d400                osTraceStopwatch
                0x4804d974                switchToInactiveAppMode
                0x4804d33c                isAppModeSwitchPending
                0x4804e85c                etasStartIsrHookMon
                0x4804ea6c                etasStartIsrHook
                0x4804d530                getModelRuntime
                0x4804d684                restartModelProcess
                0x4804d330                GetNextAppMode
                0x4804d5a8                etasActivateTaskWithIdViaIsrHandler
                0x4804e958                etasEndIsrHook
                0x4804d36c                checkInterruptOccurence
                0x4804ee80                osekThreadSuspendRtSignals
                0x4804e990                etasEndIsrHookMon
                0x4804d93c                getCurTaskMonitor
                0x4804db38                GetStopwatchUncertainty
                0x4804ecf0                endTaskHook
                0x4804da24                delayInitExitTask
                0x4804d388                rtaInitTarget
                0x4804db90                OverrunHook
                0x4804d614                etasActivateTaskWithIdViaIsr
                0x4804ec2c                startTaskHook
                0x4804d474                etasDeInstallOsErrorHook
                0x4804f184                applicationModeManager
                0x4804d744                terminateModelProcess
                0x4804e57c                StartupHook
                0x4804ee44                osekThreadResumeRtSignals
                0x4804d8f0                lockCriticalSection
                0x4804d808                isRtaOsekThreadContext
                0x4804d408                isInsideInitExitTask
                0x4804d434                isInsideExitTask
                0x4804df28                ShutdownHook
                0x4804d83c                unlockCriticalSection
                0x4804d44c                etasInstallOsErrorHook
                0x4804ed68                endTaskHookMon
                0x4804d358                resetInterruptFlag
                0x4804d3f8                GetStopwatch
                0x4804d384                etasRTATraceInitProcess
                0x4804d3ec                GetDeltaT
                0x4804d4a0                SetNextAppMode
                0x4804daec                tempMgrRegisterSigtermEvent
                0x4804d41c                isInsideInitTask
                0x4804d378                getLastInterruptTimeTicks
 .text          0x4804f6e4     0x2058 C:\Program Files (x86)\ETAS\INTECRIO5.0\Target\Etarget\ES910\libes910.a(t_driverThreads.o)
                0x480504d0                osek_sendto
                0x4804fd68                osek_msync
                0x4804fac8                osek_vfprintf
                0x48050b48                osek_MsgReceive
                0x480508b0                osek_MsgRead
                0x4805035c                osek_cmsSendMessage
                0x4804f86c                osek_malloc
                0x4804f820                osek_free
                0x4804f7ac                osek_fsync
                0x4804ff50                osek_unlink
                0x4804fc08                osek_munmap
                0x480505a8                osek_devctl
                0x4805078c                osek_close
                0x48050270                osek_cmsReceiveMessage
                0x4804ffc4                osek_system
                0x48050a10                osek_MsgError
                0x48050d6c                osek_send
                0x48050a98                osek_MsgReply
                0x4804fb80                osek_ftruncate
                0x48050960                osek_MsgWrite
                0x4804feb4                osek_lseek
                0x48050bf8                osek_MsgSend
                0x480503f8                osek_recvfrom
                0x4804fe04                osek_fwrite
                0x4804f9fc                osek_vslogf
                0x48050038                osek_cmsReceiveMessageEx
                0x4804f6e4                etasSetNumberOfDriverThreads
                0x48050e1c                etasCreateDriverThread
                0x4804fc90                osek_mmap
                0x480506f0                osek_write
                0x48050cbc                osek_recv
                0x4804f8e0                osek_etasLogCoreFeedRecordToBackends
                0x48050654                osek_read
                0x480501c0                osek_cmsErrorState
                0x48050124                osek_cmsSendMessageEx
                0x48050800                osek_open
 .text          0x4805173c      0x8fc C:\Program Files (x86)\ETAS\INTECRIO5.0\Target\Etarget\ES910\libes910.a(t_idle.o)
                0x48051f60                initRtaTraceSupport
                0x48051970                etasIdleProcess
                0x480517fc                signalStartupHookTermination
                0x48051788                apsGetPartitionId
                0x4805182c                apsJoinPartition
                0x480517cc                signalShutdownHookTermination
                0x48051794                getSysLoad
                0x4805173c                etasInstallIdleHook
                0x48051764                etasDeInstallIdleHook
 .text          0x48052038     0x1fcc C:\Program Files (x86)\ETAS\INTECRIO5.0\Target\Etarget\ES910\libes910.a(t_l1com.o)
                0x48052038                setL1ComBufferSize
                0x48052078                l1SetBusyState
                0x480521f8                l1SignalIdleState
                0x480525a0                waitForL1Request
                0x48052b90                createL1ModelThread
                0x48052adc                serveL1Request
                0x480524e8                etasL1Process
 .text          0x48054004      0xcc4 C:\Program Files (x86)\ETAS\INTECRIO5.0\Target\Etarget\ES910\libes910.a(t_main.o)
                0x48054260                main
 .text          0x48054cc8      0x9f0 C:\Program Files (x86)\ETAS\INTECRIO5.0\Target\Etarget\ES910\libes910.a(t_mlog.o)
                0x48054cec                getDriverLogging
                0x48054cf8                getUserSeverity
                0x48054ce0                getUserLogging
                0x48054d84                mlog_setSeverityFilterUser
                0x48054d58                mlog_setSeverityFilterDrv
                0x48054d04                getDriverSeverity
                0x48055440                mlog_init
                0x48055144                mlog_updateLoggingConfiguration
                0x48054cc8                getUserLogChan
                0x48055230                mlog_startLogConfigThread
                0x48054cd4                getDrvLogChan
                0x48054d10                mlog_debugLog
 .text          0x480556b8      0xfac C:\Program Files (x86)\ETAS\INTECRIO5.0\Target\Etarget\ES910\libes910.a(t_qnxtargetutil.o)
                0x48055be4                qnxThreadJoinPartition
                0x48055914                qnxLockSetSockEnvironmentVariable
                0x48056034                qnxPrintProcesses
                0x480556c8                qnxCheckBootFromFlash
                0x48055f64                qnxPrintCpuLoad
                0x480556e4                qnxCheckHaltedModel
                0x4805570c                qnxRestoreUnlockSockEnvironmentVariable
                0x480556b8                qnxSetBootFromFlash
                0x4805657c                qnxPrintSavedErrorMessages
                0x480556f0                qnxSetStandalone
                0x48055f00                qnxAdjustThreadPriority
                0x480556d4                qnxSetHaltedModel
                0x48055c64                qnxGetSetRunInheritMask
                0x48055700                qnxCheckStandalone
 .text          0x48056664      0x638 C:\Program Files (x86)\ETAS\INTECRIO5.0\Target\Etarget\ES910\libes910.a(t_targetutil.o)
                0x480566b4                initL2CachePerfMeas
                0x48056bdc                es910GetSerialNumber
                0x48056664                GetSystemTimeLow
                0x48056b84                es910GetPcbRevision
                0x48056bb8                es910PiggyGetSerialNumber
                0x48056810                getL2CachePerf
                0x48056918                es910PrintFwVersions
                0x480567bc                getL2CachePerfRaw
                0x48056674                GetSystemTime
                0x48056c68                es910MapCCSRMemoryRange
                0x4805666c                GetSystemTimeHigh
                0x48056b50                es910PiggyGetPcbRevision
                0x48056c00                waitMicroseconds
 .text          0x48056c9c      0x2f4 C:\Program Files (x86)\ETAS\INTECRIO5.0\Target\Etarget\ES910\libes910.a(t_watchdog.o)
                0x48056cac                wdDisableAutoService
                0x48056d74                etasServiceWatchdog
                0x48056d04                wdService
                0x48056dec                wdSetEventPeriod
                0x48056c9c                wdEnableAutoService
                0x48056cbc                wdSetApplicationName
                0x48056d44                triggerWD
                0x48056cc8                wdDisconnect
 .text          0x48056f90      0x848 C:\Program Files (x86)\ETAS\INTECRIO5.0\Target\Etarget\ES910\libes910.a(p_chario.o)
                0x48057544                IOWrite
                0x48056f90                IOIsLogOn
                0x48056f9c                IOLogOff
                0x48056ff8                IOLogOn
                0x480572c4                IOPrintf
 .text          0x480577d8      0x31c C:\Program Files (x86)\ETAS\INTECRIO5.0\Target\Etarget\ES910\libes910.a(t_hwTimeSync.o)
                0x480577d8                es9xxTimeSyncGetTimerValue
                0x480578cc                es9xxTimeSyncGetTimerStatus
                0x48057a20                es9xxTimeSyncInit
                0x4805785c                getLocalSystemTime
 .text          0x48057af4      0x224 C:\Program Files (x86)\ETAS\INTECRIO5.0\Target\Etarget\ES910\libes910.a(t_led.o)
                0x48057af4                userLed2Off
                0x48057b8c                userLed2Toggle
                0x48057c98                ledsOff
                0x48057c60                userLed1Toggle
                0x48057c14                userLed1On
                0x48057bc4                userLed1Off
                0x48057b40                userLed2On
 .text          0x48057d18     0x2178 C:\Program Files (x86)\ETAS\INTECRIO5.0\Target\Etarget\ES910\libtarget.a(a_dacqui.o)
                0x4805936c                asdSimPreCall
                0x48059e20                asdSimPostCall
                0x480593f0                getDacqTimeFor
                0x48059d18                storeMeasureDataForGroup
                0x48059568                applicationStartUserMode
                0x48059540                resetLogSimulationTime
                0x48057fd0                etasAscetLoggingBufferFillLevel
                0x480594b4                getLogSimulationTime
                0x48058004                etasAscetLoggingOverflowCounter
                0x48058048                asdDisableUserDefinedTime
                0x480594dc                getSimulationTime
                0x48057f6c                setSimulationTime
                0x48058038                asdEnableUserDefinedTime
                0x480590a8                checkForBufferOverflow
                0x48059508                resetDacqTimeFor
                0x48057f40                setLogSimulationTime
                0x48057f38                setDacqTimeFor
                0x48057d18                applicationStopUserMode
                0x48059648                timeMeasurementStop
                0x48057f9c                etasAscetLoggingBufferSize
                0x480596f0                logDataForChannel
                0x48059b3c                storeLogDataForGroup
                0x4805969c                timeMeasurementStart
                0x480595e8                timeInSeconds
 .text          0x48059e90       0xd8 C:\Program Files (x86)\ETAS\INTECRIO5.0\Target\Etarget\ES910\libtarget.a(a_l1pro.o)
                0x48059e90                forwardToProcess
                0x48059eec                startUpSimulation
 .text          0x48059f68     0x4c88 C:\Program Files (x86)\ETAS\INTECRIO5.0\Target\Etarget\ES910\libtarget.a(a_primit.o)
                0x4805e6b4                v3_initInstance_uint16
                0x4805be0c                Vec_uint32_getAtProtected
                0x4805d330                v3_initInstance_Mat_real64
                0x4805c9d8                v3_initInstance_Mat_bool
                0x4805e330                initInstance_GroupCharTable2
                0x4805df6c                initInstance_Vec_real32
                0x4805b59c                Mat_sint16_setAtProtected
                0x4805b414                Mat_uint16_setAtProtected
                0x4805d0dc                v3_initInstance_Mat_sint8
                0x4805d204                v3_initInstance_Mat_real32
                0x4805cd5c                v3_initInstance_Mat_uint16
                0x4805bc80                Vec_qreal64_getAtProtected
                0x4805eb80                delete_Mat
                0x4805a7f0                addVector
                0x4805d614                v3_initInstance_Vec_bool
                0x4805ce64                initInstance_Mat_uint16
                0x4805e30c                initInstance_uint32
                0x4805e7b8                initInstance_sint16
                0x4805c638                qreal64_set
                0x4805e974                initInstance_real32
                0x4805dd0c                initInstance_Vec_uint8
                0x4805eac0                delete_CharTable2
                0x4805c198                Vec_uint8_getAtProtected
                0x4805e724                initInstance_uint16
                0x48059ff4                removeMatrix
                0x4805c11c                Vec_uint8_setAtProtected
                0x4805cc30                v3_initInstance_Mat_sint32
                0x4805d720                initInstance_Vec_bool
                0x4805ae7c                Mat_real64_getAtProtected
                0x4805ad8c                Mat_real64_setAtProtected
                0x4805cae0                initInstance_Mat_bool
                0x4805d980                initInstance_Vec_sint32
                0x4805e7dc                v3_initInstance_uint8
                0x4805c52c                Vec_qreal64_setAtProtected
                0x4805a6bc                addMatrix
                0x4805c814                v3_initInstance_Mat_qreal64
                0x4805b96c                Mat_sint8_getAtProtected
                0x4805e4b8                initInstance_GroupCharTable1
                0x4805b668                Mat_sint16_getAtProtected
                0x4805d744                v3_initInstance_Vec_uint32
                0x4805c274                Vec_sint8_getAtProtected
                0x4805b358                Mat_sint32_getAtProtected
                0x4805c2d8                qreal64_adjust
                0x4805ebb8                delete_Vec
                0x4805dad4                v3_initInstance_Vec_sint16
                0x4805dbe0                initInstance_Vec_sint16
                0x4805bb60                Vec_real64_setAtProtected
                0x4805bf54                Vec_uint16_setAtProtected
                0x4805bca8                Vec_real32_setAtProtected
                0x4805d0b8                initInstance_Mat_uint8
                0x4805b1d0                Mat_uint32_getAtProtected
                0x48059f74                getBasicType
                0x4805de5c                v3_initInstance_Vec_real32
                0x4805c3fc                Mat_qreal64_setAtProtected
                0x4805bafc                Vec_bool_getAtProtected
                0x4805ea10                initInstance_real64
                0x4805d5dc                initInstance_Vec_qreal64
                0x4805eb00                delete_GroupCharTable1
                0x4805e620                v3_initInstance_sint32
                0x4805d30c                initInstance_Mat_real32
                0x4805c1f8                Vec_sint8_setAtProtected
                0x4805b048                Mat_real32_getAtProtected
                0x4805ba7c                Vec_bool_setAtProtected
                0x4805a0e4                removeVector
                0x4805acd0                Mat_bool_getAtProtected
                0x4805eb40                delete_CharTable1
                0x4805e690                initInstance_sint32
                0x4805cb04                v3_initInstance_Mat_uint32
                0x4805e8e0                initInstance_sint8
                0x4805e3f4                initInstance_CharTable2
                0x4805e1d0                initInstance_qreal64
                0x4805b104                Mat_uint32_setAtProtected
                0x4805b4e0                Mat_uint16_getAtProtected
                0x4805d438                initInstance_Mat_real64
                0x4805e998                v3_initInstance_real64
                0x4805e29c                v3_initInstance_uint32
                0x48059f80                getPrimitiveType
                0x4805ab6c                Mat_setCurSizeYProtected
                0x4805dd30                v3_initInstance_Vec_sint8
                0x4805e84c                initInstance_uint8
                0x4805d9a4                v3_initInstance_Vec_uint16
                0x48059f68                getTypeSize
                0x4805cd38                initInstance_Mat_sint32
                0x4805e904                v3_initInstance_real32
                0x4805ea80                delete_GroupCharTable2
                0x4805ac04                Mat_bool_setAtProtected
                0x4805cc0c                initInstance_Mat_uint32
                0x4805e278                initInstance_bool
                0x4805bd8c                Vec_uint32_setAtProtected
                0x4805d45c                v3_initInstance_Vec_qreal64
                0x4805c998                initInstance_Mat_qreal64
                0x4805af54                Mat_qreal64_getAtProtected
                0x4805dc04                v3_initInstance_Vec_uint8
                0x4805bef0                Vec_sint32_getAtProtected
                0x4805cf90                initInstance_Mat_sint16
                0x4805bfd4                Vec_uint16_getAtProtected
                0x4805ba28                Vec_setCurSizeProtected
                0x4805e870                v3_initInstance_sint8
                0x4805bc00                Vec_real64_getAtProtected
                0x4805b724                Mat_uint8_setAtProtected
                0x4805d850                initInstance_Vec_uint32
                0x4805ce88                v3_initInstance_Mat_sint16
                0x4805be70                Vec_sint32_setAtProtected
                0x4805ea34                initInstance_reference
                0x4805c0b8                Vec_sint16_getAtProtected
                0x4805b8a4                Mat_sint8_setAtProtected
                0x4805abb8                Mat_setCurSizeXProtected
                0x4805e208                v3_initInstance_bool
                0x4805e56c                initInstance_CharTable1
                0x4805e0c0                v3_initInstance_qreal64
                0x4805c780                initInstance_quantInfo
                0x4805af7c                Mat_real32_setAtProtected
                0x4805d1e0                initInstance_Mat_sint8
                0x4805d874                v3_initInstance_Vec_sint32
                0x4805bd28                Vec_real32_getAtProtected
                0x4805b28c                Mat_sint32_setAtProtected
                0x4805de38                initInstance_Vec_sint8
                0x4805c038                Vec_sint16_setAtProtected
                0x4805b7ec                Mat_uint8_getAtProtected
                0x4805e748                v3_initInstance_sint16
                0x4805cfb4                v3_initInstance_Mat_uint8
                0x4805dab0                initInstance_Vec_uint16
                0x4805e09c                initInstance_Vec_real64
                0x4805df90                v3_initInstance_Vec_real64
 .text          0x4805ebf0       0x20 C:\Program Files (x86)\ETAS\INTECRIO5.0\Target\Etarget\ES910\libtarget.a(a_sysver.o)
                0x4805ec04                getBuildRevision
                0x4805ebf0                getSystemLibVersion
                0x4805ebfc                getSystemLibCid
 .text          0x4805ec10     0x305c C:\Program Files (x86)\ETAS\INTECRIO5.0\Target\Etarget\ES910\libtarget.a(a_targma.o)
                0x4805fb10                perfMeasStop
                0x480604e0                asdMalloc
                0x480608d4                addToActiveSimObjList
                0x4805ed90                getTargetL1BufferSizeCode
                0x48060a64                asdWriteUserError
                0x4805ed28                setTargetL1BufferSize
                0x4806139c                perfMeasDisplay
                0x4805ecf4                getSimObjPtr
                0x4805fde0                asdFree
                0x48060a38                asdClearUserError
                0x4805ede8                resetPerfMeasObj
                0x480602b4                asdMallocNoInit
                0x48061254                asdWriteUserDebug
                0x4805ec40                searchInActiveList
                0x4806048c                asdCalloc
                0x4805ed84                getTargetL1BufferSize
                0x4805ec9c                removeFromActiveSimObjList
                0x4805fbb8                perfMeasStart
                0x4805ec1c                instanceTreeMallocOn
                0x4806040c                createPerfMeasObj
                0x480615e4                etasInitModelProcess
                0x4805f5b4                getObjectsRecursive
                0x4805fc24                availableMemory
                0x4805ec2c                instanceTreeMallocOff
                0x4805fcd8                asdFreeAll
                0x48060774                updateCTBlocks
                0x4806013c                asdRealloc
                0x480600fc                deletePerfMeasObj
                0x4805ec10                getInstanceTreeMemoryConsumption
 .text          0x48061c6c     0x14ac C:\Program Files (x86)\ETAS\INTECRIO5.0\Target\Etarget\ES910\libtarget.a(i_cpyfnc.o)
                0x48061f9c                copyPlainFromFloat
                0x48062ac8                copyScalSatTypeSatFromFloat
                0x48063100                copyInt
                0x4806310c                copyDouble
                0x480630f4                copyShort
                0x48062630                copyScalFromValidFloat
                0x48062874                copyScalSatFromFloat
                0x480621bc                copySatFromFloat
                0x48061c6c                copyPlainToFloat
                0x48061ebc                copyScalSatToFloat
                0x48061e04                copyScalToFloat
                0x480630e8                copyByte
                0x48062e8c                copyBoolSatFromFloat
                0x48061d38                copySatToFloat
                0x48062400                copyScalFromFloat
 .text          0x48063118     0x5394 C:\Program Files (x86)\ETAS\INTECRIO5.0\Target\Etarget\ES910\libtarget.a(i_mapfnc.o)
                0x48063568                var2BufByteOffsetReal64
                0x480658e4                var2BufBypassSint8
                0x48064580                var2Buf64BitIntelSint32
                0x4806379c                var2BufByteOffsetBool
                0x4806671c                var2BufIndirectMotorolaReal32
                0x48063524                buf2VarSimpleUint8
                0x48063830                buf2VarByteOffsetSint32
                0x48066a90                buf2VarIndirectMotorolaSint32
                0x48067ca0                var2BufIndirectIntelSint16
                0x48068458                bufGenFrameInit
                0x480665bc                buf2VarGenFrameIntelSint32
                0x4806819c                buf2VarBypassIntelUint16
                0x48063c88                var2Buf64BitMotorolaUint16
                0x48064448                var2Buf64BitIntelUint32
                0x48064cf4                buf2Var64BitMotorolaReal32
                0x480656a4                var2BufBypassMotorolaReal64
                0x48063d50                var2Buf64BitMotorolaSint16
                0x48063694                var2BufByteOffsetSint16
                0x480634dc                buf2VarSimpleSint32
                0x48065a30                buf2VarBypassMotorolaSint32
                0x48063880                buf2VarByteOffsetSint8
                0x480667e0                var2BufIndirectMotorolaUint16
                0x48065a00                buf2VarBypassMotorolaUint32
                0x48064fc4                buf2Var64BitMotorolaUint8
                0x48067fd0                var2BufBypassMaskedIntelBoolUint32
                0x480669f0                buf2VarIndirectMotorolaReal64
                0x480633d4                var2BufSimpleBool
                0x480663fc                buf2VarGenFrameMotorolaSint32
                0x48064ee0                buf2Var64BitMotorolaSint32
                0x48063fa0                var2Buf64BitMotorolaBool
                0x4806657c                buf2VarGenFrameIntelUint32
                0x4806633c                var2BufGenFrameIntelBool
                0x480662fc                var2BufGenFrameIntelSint8
                0x4806607c                var2BufGenFrameMotorolaSint16
                0x480666fc                var2BufIndirectMotorolaReal64
                0x480636ec                var2BufByteOffsetUint8
                0x48063930                var2Buf64BitMotorolaUint64
                0x4806603c                var2BufGenFrameMotorolaUint16
                0x4806822c                buf2VarBypassIntelUint32
                0x48068368                var2BufBypassIntelSint32
                0x48063498                buf2VarSimpleReal64
                0x48065ae0                buf2VarBypassIntelReal64
                0x48063844                buf2VarByteOffsetUint16
                0x48063210                var2BufSimpleSint32
                0x48065e38                var2BufBypassMaskedUint8
                0x48065bb8                var2BufBypassMaskedMotorolaUint32
                0x48063744                var2BufByteOffsetSint8
                0x48064168                var2Buf64BitIntelUint64
                0x48066a24                buf2VarIndirectMotorolaReal32
                0x480659b0                buf2VarBypassMotorolaReal64
                0x4806613c                var2BufGenFrameMotorolaBool
                0x480646b8                var2Buf64BitIntelUint16
                0x4806358c                var2BufByteOffsetUint32
                0x48067b6c                buf2VarIndirectIntelUint16
                0x48063898                buf2VarByteOffsetBool
                0x48067eb8                var2BufBypassMaskedIntelSint16
                0x4806343c                var2BufSimpleUint8Bool
                0x48065784                var2BufBypassMotorolaUint16
                0x48067f44                var2BufBypassMaskedIntelUint16
                0x480634c4                buf2VarSimpleUint32
                0x480660fc                var2BufGenFrameMotorolaSint8
                0x48064098                var2Buf64BitIntelReal32
                0x48066c1c                buf2VarIndirectSint8
                0x48064d3c                buf2Var64BitMotorolaUint64
                0x48065fbc                var2BufGenFrameMotorolaUint32
                0x4806700c                var2BufGenFrameMotorolaReal64
                0x480683cc                var2BufBypassIntelUint32
                0x480664bc                buf2VarGenFrameMotorolaUint8
                0x48064f28                buf2Var64BitMotorolaUint16
                0x48065610                buf2Var64BitIntelSint8
                0x4806617c                var2BufGenFrameIntelReal32
                0x480650c4                buf2Var64BitIntelReal32
                0x48064044                var2Buf64BitIntelReal64
                0x48065cf4                var2BufBypassMaskedMotorolaUint16
                0x480642d8                var2Buf64BitIntelSint64
                0x4806623c                var2BufGenFrameIntelUint16
                0x48067a6c                buf2VarGenFrameIntelReal64
                0x480657dc                var2BufBypassMotorolaSint16
                0x48068270                buf2VarBypassIntelReal32
                0x480681e8                buf2VarBypassIntelSint32
                0x480635e4                var2BufByteOffsetSint32
                0x48065234                buf2Var64BitIntelSint64
                0x4806637c                buf2VarGenFrameMotorolaReal32
                0x48068484                bufBypassInit
                0x4806544c                buf2Var64BitIntelUint16
                0x48065c98                var2BufBypassMaskedMotorolaBoolUint32
                0x48067db4                var2BufIndirectIntelUint32
                0x4806647c                buf2VarGenFrameMotorolaSint16
                0x48063e18                var2Buf64BitMotorolaUint8
                0x48065140                buf2Var64BitIntelUint64
                0x4806663c                buf2VarGenFrameIntelSint16
                0x480661fc                var2BufGenFrameIntelSint32
                0x4806775c                buf2VarGenFrameMotorolaReal64
                0x48065578                buf2Var64BitIntelUint8
                0x48065f20                var2BufBypassMaskedBoolUint8
                0x4806763c                buf2VarGenFrameMotorolaUint64
                0x48066b18                buf2VarIndirectMotorolaSint16
                0x4806653c                buf2VarGenFrameIntelReal32
                0x48063b08                var2Buf64BitMotorolaUint32
                0x48067e10                var2BufIndirectIntelReal32
                0x48063578                var2BufByteOffsetReal32
                0x48067e40                var2BufBypassMaskedIntelBoolUint16
                0x48065b80                buf2VarBypassSint8
                0x48064a74                var2Buf64BitIntelSint8
                0x48063bc8                var2Buf64BitMotorolaSint32
                0x480654e4                buf2Var64BitIntelSint16
                0x48064938                var2Buf64BitIntelUint8
                0x48066edc                var2BufGenFrameMotorolaUint64
                0x4806643c                buf2VarGenFrameMotorolaUint16
                0x48065b48                buf2VarBypassUint8
                0x480638d4                var2Buf64BitMotorolaReal32
                0x480665fc                buf2VarGenFrameIntelUint16
                0x48063538                buf2VarSimpleSint8
                0x48066738                var2BufIndirectMotorolaUint32
                0x480678e8                buf2VarGenFrameIntelSint64
                0x48065aa0                buf2VarBypassMotorolaSint16
                0x480631b4                var2BufSimpleUint32
                0x48067518                buf2VarGenFrameMotorolaSint64
                0x480638ac                buf64BitInit
                0x48066b64                buf2VarIndirectIntelReal64
                0x48067c64                buf2VarIndirectIntelReal32
                0x4806572c                var2BufBypassMotorolaSint32
                0x48068304                var2BufBypassIntelUint16
                0x480664fc                buf2VarGenFrameMotorolaSint8
                0x48066dac                var2BufGenFrameMotorolaSint64
                0x48065d68                var2BufBypassMaskedMotorolaSint16
                0x48065ddc                var2BufBypassMaskedMotorolaBoolUint16
                0x48067304                var2BufGenFrameIntelUint64
                0x480660bc                var2BufGenFrameMotorolaUint8
                0x48063324                var2BufSimpleUint8
                0x48063808                buf2VarByteOffsetReal32
                0x4806693c                var2BufIndirectSint8
                0x480634ac                buf2VarSimpleReal32
                0x48067bc4                buf2VarIndirectIntelSint32
                0x480682a0                var2BufBypassIntelSint16
                0x48064e98                buf2Var64BitMotorolaUint32
                0x480656d4                var2BufBypassMotorolaUint32
                0x480680cc                var2BufBypassMaskedIntelUint32
                0x48066888                var2BufIndirectIntelReal64
                0x48065eac                var2BufBypassMaskedSint8
                0x4806381c                buf2VarByteOffsetUint32
                0x4806627c                var2BufGenFrameIntelSint16
                0x48063550                buf2VarSimpleBool
                0x480634f4                buf2VarSimpleUint16
                0x48065014                buf2Var64BitMotorolaSint8
                0x48065a68                buf2VarBypassMotorolaUint16
                0x480637f8                buf2VarByteOffsetReal64
                0x48067d58                var2BufIndirectIntelSint32
                0x48066ad4                buf2VarIndirectMotorolaUint16
                0x480679ac                buf2VarGenFrameIntelUint64
                0x48065834                var2BufBypassIntelReal64
                0x4806532c                buf2Var64BitIntelUint32
                0x48064f78                buf2Var64BitMotorolaSint16
                0x48065ffc                var2BufGenFrameMotorolaSint32
                0x48064cd0                buf2Var64BitMotorolaReal64
                0x48064de8                buf2Var64BitMotorolaSint64
                0x48063858                buf2VarByteOffsetSint16
                0x480668e8                var2BufIndirectUint8
                0x4806667c                buf2VarGenFrameIntelUint8
                0x48067cfc                var2BufIndirectIntelUint16
                0x48066bd8                buf2VarIndirectUint8
                0x48066990                var2BufIndirectBool
                0x48068430                var2BufBypassIntelReal32
                0x480661bc                var2BufGenFrameIntelUint32
                0x4806326c                var2BufSimpleUint16
                0x4806678c                var2BufIndirectMotorolaSint32
                0x480663bc                buf2VarGenFrameMotorolaUint32
                0x4806363c                var2BufByteOffsetUint16
                0x48065060                buf2Var64BitIntelReal64
                0x480653bc                buf2Var64BitIntelSint32
                0x48065f7c                var2BufGenFrameMotorolaReal32
                0x48063edc                var2Buf64BitMotorolaSint8
                0x48066c60                formulaOutReal64
                0x4806337c                var2BufSimpleSint8
                0x480666bc                buf2VarGenFrameIntelSint8
                0x48066c7c                formulaInReal64
                0x480638c0                var2Buf64BitMotorolaReal64
                0x480632c8                var2BufSimpleSint16
                0x480662bc                var2BufGenFrameIntelUint8
                0x480659dc                buf2VarBypassMotorolaReal32
                0x48066a54                buf2VarIndirectMotorolaUint32
                0x480673bc                var2BufGenFrameIntelReal64
                0x48066834                var2BufIndirectMotorolaSint16
                0x480647f8                var2Buf64BitIntelSint16
                0x4806588c                var2BufBypassUint8
                0x4806350c                buf2VarSimpleSint16
                0x48067c14                buf2VarIndirectIntelUint32
                0x48065c28                var2BufBypassMaskedMotorolaSint32
                0x48067b14                buf2VarIndirectIntelSint16
                0x48063188                var2BufSimpleReal64
                0x480656c0                var2BufBypassMotorolaReal32
                0x4806386c                buf2VarByteOffsetUint8
                0x4806724c                var2BufGenFrameIntelSint64
                0x48068048                var2BufBypassMaskedIntelSint32
                0x48063a1c                var2Buf64BitMotorolaSint64
                0x48068150                buf2VarBypassIntelSint16
                0x4806319c                var2BufSimpleReal32
                0x4806593c                var2BufBypassBool
                0x48064bb0                var2Buf64BitIntelBool
 .text          0x480684ac      0xee4 C:\Program Files (x86)\ETAS\INTECRIO5.0\Target\Etarget\ES910\libtarget.a(i_osman.o)
                0x48069194                etasRemoveStopUserModeCallback
                0x48068a00                activateTaskWithId
                0x48068568                findCurAppModeName
                0x480686d4                getTaskIdForTask
                0x480687d8                clearMeasureGroupForTask
                0x48068870                clearLogGroupForTask
                0x48069070                etasInitTaskTerminationHook
                0x480688b4                isModelStarted
                0x480684d0                getEEId
                0x48068604                getTaskPtrForId
                0x48069358                etasAddInitTaskTerminationCallback
                0x480688dc                updateUserModeState
                0x48069320                etasAddStopUserModeCallback
                0x48068f6c                etasStopUserModeHook
                0x480684ac                etasInitOsProcess
                0x48068714                findCurTaskName
                0x480687fc                setMeasureGroupForTask
                0x48068894                setLogGroupForTask
                0x480691cc                etasRemoveInitTaskTerminationCallback
 .text          0x48069390     0x71d8 C:\Program Files (x86)\ETAS\INTECRIO5.0\Target\Etarget\ES910\libtarget.a(i_rtioma.o)
                0x480693cc                rtioCheckStartup
                0x48069428                registerRtioDriverLockedCallback
                0x4806941c                etasRtioInitProcess
                0x4806fcfc                rtioHook
                0x4806f5d8                rtioSignalDriverLock
                0x48069424                etasRtioExitProcess
                0x4806f4a4                etasRtioIntDisableProcess
                0x480693c0                rtioSetConfigState
                0x480694a8                deRegisterRtioDriverLockedCallback
                0x4806f4f8                rtioSignalDriverUnlock
                0x4806f4c4                etasRtioStartupProcess
                0x480693b4                rtioGetConfigState
                0x4806952c                rtioGetDriverLockedState
                0x48069410                rtioIsOsExpertModeActive
                0x48069404                rtioGetHwAbsenceBehavior
                0x48069390                rtioSetLogPort
                0x48069420                etasRtioIntEnableProcess
                0x4806939c                rtioSetConfigId
 .text          0x48070568      0x550 C:\Program Files (x86)\ETAS\INTECRIO5.0\Target\Etarget\ES910\libtarget.a(i_salone.o)
                0x48070a64                crossbarPrepareReconnection
                0x48070874                crossbarGetNextConfigResponse
                0x480706d0                playbackConfigL1Records
                0x48070a10                rtioPrepareReconnection
                0x48070978                crossbarFinishReconnection
                0x48070808                rtioGetNextConfigResponse
                0x480708e0                rtioFinishReconnection
 .text          0x48070ab8     0x13e0 C:\Program Files (x86)\ETAS\INTECRIO5.0\Target\Etarget\ES910\libtarget.a(t_croman.o)
                0x48070ac4                crossbarSetConfigId
                0x48070adc                crossbarGetConfigState
                0x48070ab8                crossbarSetLogPort
                0x48070ae8                crossbarSetConfigState
                0x48071ddc                crossbarHook
 .text          0x48071e98     0x1cf0 C:\Program Files (x86)\ETAS\INTECRIO5.0\Target\Etarget\ES910\libtarget.a(t_nvram.o)
                0x48071fcc                nvramClear
                0x48071f7c                nvramEnableAutoUpdate
                0x48072004                nvramResetStatistics
                0x48071e98                nvramSetUpdateInterval
                0x48071f70                nvramGetConsistencyLevel
                0x4807312c                nvramUpdateMemoryBackground
                0x4807358c                nvramInit
                0x48071fc0                nvramCheckRunningUpdate
                0x48073090                nvramManualUpdateExit
                0x48072f58                nvramManualUpdateBackground
                0x48071fb0                nvramCheckForAutoUpdate
                0x4807331c                nvramInitModelVars
                0x48071ff8                nvramCheckForInitializedVars
                0x48072528                nvramGetUpdateAgeMs
                0x48072e24                nvramManualUpdateBlocked
                0x48071f50                nvramSetConsistencyLevel
                0x48071f98                nvramDisableAutoUpdate
                0x48072068                nvramGetStatistics
                0x48071eec                nvramGetUpdateInterval
 .text          0x48073b88      0x6ec C:\Program Files (x86)\ETAS\INTECRIO5.0\Target\Etarget\ES910\libtarget.a(t_objlis.o)
                0x4807417c                createObjList
                0x48073b88                dumpObjList
 .text          0x48074274      0xcf8 C:\Program Files (x86)\ETAS\INTECRIO5.0\Target\Etarget\ES910\libtarget.a(t_rtcros.o)
                0x4807448c                getObjectFromDynamicInstanceTree
                0x48074280                deleteInstance_container
                0x48074930                removeObjectFromDynamicInstanceTree
                0x4807431c                initInstance_container
                0x48074b00                getValuePtr
                0x48074a18                addObjectToDynamicInstanceTree
                0x480748ac                getNextFreeRefIdOfDynamicInstanceTree
                0x48074274                rtcrosSetLogPort
                0x4807445c                createDynamicInstanceTree
                0x48074b78                processBlockCommands
 .text          0x48074f6c     0x1b38 C:\Program Files (x86)\ETAS\INTECRIO5.0\Target\Etarget\ES910\libtarget.a(t_sgman.o)
                0x48076968                sgHook
                0x480750cc                sgGetComVarPtr
                0x4807692c                deleteComVarCallback
                0x48074f6c                sgGetCurTime
                0x480768d0                sgGetObjPtr
 .text          0x48076aa4     0x14d0 C:\Program Files (x86)\ETAS\INTECRIO5.0\Target\Etarget\ES910\libtarget.a(y_primit.o)
                0x480773a8                initInstance_columnDirMatrixWrapper
                0x48077e64                initInstance_charTable1Wrapper
                0x48077900                initInstance_columnDirGroupCharTable2Wrapper
                0x4807750c                initInstance_matrixWrapper
                0x48077b00                initInstance_groupCharTable1Wrapper
                0x480777c0                initInstance_scalarWrapper
                0x48077a00                initInstance_groupCharTable2Wrapper
                0x48077670                initInstance_vectorWrapper
                0x48077d28                initInstance_charTable2Wrapper
                0x48077bec                initInstance_columnDirCharTable2Wrapper
 .text          0x48077f74     0x19c0 C:\Program Files (x86)\ETAS\INTECRIO5.0\Target\Etarget\ES910\libtarget.a(a1b_dacq.o)
                0x48078064                getA1bGroup
                0x480792ec                instanciateA1bChannel
                0x480787fc                getA1bChannelGroupUpdateOffline
                0x48079714                storeA1bDataForGroup
                0x48078db0                destructA1bChannelGroup
                0x480790e8                instanciateA1bGroup
                0x48078e88                freeA1bMeasureBuffers
                0x480796f4                allocateA1bMeasureBuffers
                0x48078020                addA1bChannelToA1bGroup
                0x48078b98                destructA1bChannel
                0x48078100                removeA1bChannelFromA1bGroup
 .text          0x48079934     0x1060 C:\Program Files (x86)\ETAS\INTECRIO5.0\Target\Etarget\ES910\libtarget.a(a_contai.o)
                0x4807a044                dVectorRewindHeadReentrant
                0x48079f88                dVectorRemoveObject
                0x4807a114                dVectorCreate
                0x4807998c                dListGetObjectForward
                0x48079c88                dTableRemoveLastObject
                0x4807a6c0                dTableDelete
                0x48079ddc                dVectorGetObject
                0x48079974                dListRewindTailReentrant
                0x4807a16c                dTableCreate
                0x48079b44                dTableGetObject
                0x48079be0                dTableIsEmpty
                0x48079dc4                dTableNofObjects
                0x480799e4                dListGetObjectBackward
                0x4807a4e8                dTableAddObject
                0x4807a68c                dTableDeleteStatic
                0x48079ef0                dVectorRemoveLastObject
                0x48079e68                dVectorRemoveFirstObject
                0x48079c00                dTableRemoveFirstObject
                0x48079960                dListRewindTail
                0x4807a268                dListAddObjectHead
                0x4807a934                dListDelete
                0x4807a704                dListRemoveObject
                0x48079a3c                dListGetObjectAtIndex
                0x4807a34c                dVectorAddObject
                0x48079a10                dListGetObjectBackwardReentrant
                0x48079b10                dTableCreateStatic
                0x480799b8                dListGetObjectForwardReentrant
                0x48079e08                dVectorRemoveObjectAtIndex
                0x4807a04c                dVectorGetObjectForwardReentrant
                0x4807a0a0                dVectorGetIndexOfLastEntry
                0x4807a804                dListRemoveObjectTail
                0x4807a1c4                dListAddObjectTail
                0x48079b7c                dTableRemoveObject
                0x4807a4a4                dVectorDelete
                0x4807a89c                dListRemoveObjectHead
                0x4807a024                dVectorIsEmpty
                0x48079acc                dListIsEmpty
                0x4807a310                dListCreate
                0x48079d20                dTableTestFunc
                0x4807a088                dVectorNofObjects
                0x48079934                dListRewindHead
                0x48079af8                dListNofObjects
                0x48079948                dListRewindHeadReentrant
 .text          0x4807a994     0x2378 C:\Program Files (x86)\ETAS\INTECRIO5.0\Target\Etarget\ES910\libtarget.a(t_sglow.o)
                0x4807b8f0                freeDataSignal
                0x4807bd20                makeDataSignal
                0x4807b504                computeTimeSliceTimes
                0x4807b1cc                setSinewaveSignal
                0x4807abc0                getIntervalNr
                0x4807b804                deleteTimeSlice
                0x4807ca70                freeChannel
                0x4807bd58                makeLinearSignal
                0x4807cb64                freeStimuliSet
                0x4807b324                setIntervalPulseSignal
                0x4807b954                freeInterval
                0x4807b2d8                setPulseSignal
                0x4807b4b0                setTimeSlice
                0x4807aaf8                insertTimeSlice
                0x4807bbb4                makeSinewaveSignal
                0x4807c0f0                makeIntervalDataSignal
                0x4807af7c                binsearch
                0x4807b890                freeRandomSignal
                0x4807aeb8                getLinearSignalY
                0x4807aaac                getTimeSliceNr
                0x4807b5e8                getTimeSliceT
                0x4807c2c4                getRandomSignalY
                0x4807b8b0                freePulseSignal
                0x4807b3e4                setRandomSignal
                0x4807c7c0                getChannelY
                0x4807bcd0                setIntervalDataSignal
                0x4807c4e4                getSinewaveSignalY
                0x4807cc78                makeStimuliSet
                0x4807ace0                computeIntervalTimes
                0x4807ae20                setIntervalLinearSignal
                0x4807ba68                makeTimeSlice
                0x4807bd7c                makeIntervalRandomSignal
                0x4807a9e0                insertChannel
                0x4807ac0c                insertInterval
                0x4807b418                setIntervalRandomSignal
                0x4807ad34                computeChannelTimes
                0x4807be98                makeIntervalPulseSignal
                0x4807adec                setLinearSignal
                0x4807b56c                computeStimuliSetTimes
                0x4807bb34                makeFunctionSignal
                0x4807a994                getChannelNr
                0x4807c9fc                resetStimuliSet
                0x4807b9e4                deleteInterval
                0x4807b69c                getT
                0x4807cbf0                makeChannel
                0x4807bb6c                makeRandomSignal
                0x4807acd4                resetInterval
                0x4807c610                getIntervalY
                0x4807c38c                getPulseSignalY
                0x4807b218                setIntervalSinewaveSignal
                0x4807bb90                makePulseSignal
                0x4807b7e4                freeTimeSlice
                0x4807b4f0                resetTimeSlice
                0x4807b020                getDataSignalY
                0x4807b8d0                freeSinewaveSignal
                0x4807b934                freeLinearSignal
                0x4807cae0                deleteChannel
                0x4807c1ac                makeIntervalLinearSignal
                0x4807bbd8                setDataSignal
                0x4807c92c                resetChannel0
                0x4807bfc4                makeIntervalSinewaveSignal
 .text          0x4807cd0c        0x0 C:\Program Files (x86)\ETAS\INTECRIO5.0\Target\Etarget\rtio\global\es910\librtio_gnu.a(comm_err.o)
 .text          0x4807cd0c       0xa0 C:\Program Files (x86)\ETAS\INTECRIO5.0\Target\Etarget\rtio\global\es910\librtio_gnu.a(p_rtio.o)
                0x4807cd0c                rtioSignalHwAccessEnd
                0x4807cd64                rtioSignalHwAccessBegin
 .text          0x4807cdac      0xd38 C:\Program Files (x86)\ETAS\INTECRIO5.0\Target\Etarget\rtio\global\es910\librtio_gnu.a(p_rtio_s.o)
                0x4807daa0                setupRTIO
                0x4807d490                es910IsEtherCATEnabled
                0x4807cdb8                getMasterId
                0x4807cfd0                rtioHwDetect
                0x4807d59c                rtioTestBoardPresence
                0x4807cea8                printDetectedHardware
                0x4807cdd4                rtioGetNextDetectedHwTableEntry
                0x4807cdac                es910RtioGetFpgaRegsGlobal
                0x4807da18                es910RtioMapFpgaRegsGlobal
                0x4807d974                es910RtioUnmapFpgaRegsGlobal
                0x4807cdc0                rtioRewindDetectedHwTable
                0x4807d528                es910RtioIntDisable
 .text          0x4807dae4      0xe18 C:\Program Files (x86)\ETAS\INTECRIO5.0\Target\Etarget\rtio\global\es910\librtio_gnu.a(rtio_err.o)
                0x4807dcc0                clearErrMsgList
                0x4807dc1c                deactivateRtioMsgLists
                0x4807db88                installEtasPseudoGeoAdrBoardNames
                0x4807db64                installCommErrMessages
                0x4807db94                installUserBoardNames
                0x4807dae4                initMessageTables
                0x4807dc54                getNextErrMsg
                0x4807de18                rtioGetBoardName
                0x4807db7c                installEtasAutoIdBoardNames
                0x4807e5a4                rtioErr
                0x4807db44                mapErrorCode
                0x4807dba0                installEtasVirtualBoardNames
                0x4807dbac                installMessages
                0x4807deac                rtio_err_v3
                0x4807dc30                rewindErrMsgList
                0x4807dd48                clearCurErrMsg
                0x4807dc0c                activateRtioMsgLists
                0x4807e320                rtioErrV2
                0x4807db70                installEtasBoardNames
 .text          0x4807e8fc      0x638 C:\Program Files (x86)\ETAS\INTECRIO5.0\Target\Etarget\rtio\global\es910\librtio_gnu.a(fhc_emu.o)
                0x4807e8fc                fhc_get_module_name_port_name
                0x4807ebb4                fhc_check_port_presence_rp
 .text          0x4807ef34      0x798 C:\Program Files (x86)\ETAS\INTECRIO5.0\Target\Etarget\ES910\rta_osek\librtk_s.a(ostarget.o)
                0x4807ef34                os_get_sw_int_info
                0x4807f250                os_pre_start
                0x4807f108                os_detach_interrupts
                0x4807efbc                os_generate_sw_int
 .text          0x4807f6cc       0x30 C:\Program Files (x86)\ETAS\INTECRIO5.0\Target\Etarget\ES910\rta_osek\librtk_s.a(osfptgt.o)
                0x4807f6cc                os_fp_save
                0x4807f6f8                os_fp_restore_from
                0x4807f6e0                os_fp_restore
                0x4807f6f4                os_fp_save_to
 .text          0x4807f6fc       0x94 C:\Program Files (x86)\ETAS\INTECRIO5.0\Target\Etarget\ES910\rta_osek\librtk_s.a(osiwrap1.o)
                0x4807f6fc                os_cat1_wrapper
 .text          0x4807f790      0x288 C:\Program Files (x86)\ETAS\INTECRIO5.0\Target\Etarget\ES910\rta_osek\librtk_s.a(osxdspnf.o)
                0x4807f790                osek_dispatchN2F
 .text          0x4807fa18      0x10c C:\Program Files (x86)\ETAS\INTECRIO5.0\Target\Etarget\ES910\rta_osek\librtk_s.a(osysd1hf.o)
                0x4807fa18                os_fdispH1
 .text          0x4807fb24      0x2d4 C:\Program Files (x86)\ETAS\INTECRIO5.0\Target\Etarget\ES910\rta_osek\librtk_s.a(osysdfhf.o)
                0x4807fb24                os_fdispH2F