Archive member included because of file (symbol)

Accel_Data_ETR071/Accel_Data_ETR071.a(Accel_Data_ETR07.o)
                              Accel_Data_ETR070/Accel_Data_ETR07_instances.o (Accel_Data_ETR07_U)
Accel_Data_ETR071/Accel_Data_ETR071.a(Accel_Data_ETR07_data.o)
                              Accel_Data_ETR070/Accel_Data_ETR07_instances.o (Accel_Data_ETR07_P)
Car_State_ETR071/Car_State_ETR071.a(Car_State_ETR07.o)
                              Car_State_ETR070/Car_State_ETR07_instances.o (Car_State_ETR07_DW)
Car_State_ETR071/Car_State_ETR071.a(Car_State_ETR07_data.o)
                              Car_State_ETR070/Car_State_ETR07_instances.o (Car_State_ETR07_P)
Disconnections_ETR071/Disconnections_ETR071.a(Disconnections_ETR07.o)
                              Disconnections_ETR070/Disconnections_ETR07_instances.o (Disconnections_ETR07_DW)
Disconnections_ETR071/Disconnections_ETR071.a(Disconnections_ETR07_data.o)
                              Disconnections_ETR070/Disconnections_ETR07_instances.o (Disconnections_ETR07_P)
inverters_action_ETR071/inverters_action_ETR071.a(inverters_action_ETR07.o)
                              inverters_action_ETR070/inverters_action_ETR07_instances.o (inverters_action_ETR07_U)
inverters_action_ETR071/inverters_action_ETR071.a(inverters_action_ETR07_data.o)
                              inverters_action_ETR070/inverters_action_ETR07_instances.o (inverters_action_ETR07_P)
Inverters_Data_ETR071/Inverters_Data_ETR071.a(Inverters_Data_ETR07.o)
                              Inverters_Data_ETR070/Inverters_Data_ETR07_instances.o (Inverters_Data_ETR07_U)
Inverters_Data_ETR071/Inverters_Data_ETR071.a(Inverters_Data_ETR07_data.o)
                              Inverters_Data_ETR070/Inverters_Data_ETR07_instances.o (Inverters_Data_ETR07_P)
LVD_Data_ETR071/LVD_Data_ETR071.a(LVD_Data_ETR07.o)
                              LVD_Data_ETR070/LVD_Data_ETR07_instances.o (LVD_Data_ETR07_DW)
LVD_Data_ETR071/LVD_Data_ETR071.a(LVD_Data_ETR07_data.o)
                              LVD_Data_ETR070/LVD_Data_ETR07_instances.o (LVD_Data_ETR07_P)
Pedals_Susp_Sensors_ETR071/Pedals_Susp_Sensors_ETR071.a(Pedals_Susp_Sensors_ETR07.o)
                              Pedals_Susp_Sensors_ETR070/Pedals_Susp_Sensors_ETR07_instances.o (Pedals_Susp_Sensors_ETR07_U)
Pedals_Susp_Sensors_ETR071/Pedals_Susp_Sensors_ETR071.a(Pedals_Susp_Sensors_ETR07_data.o)
                              Pedals_Susp_Sensors_ETR070/Pedals_Susp_Sensors_ETR07_instances.o (Pedals_Susp_Sensors_ETR07_P)
Racing_Mode_ETR071/Racing_Mode_ETR071.a(Racing_Mode_ETR07.o)
                              Racing_Mode_ETR070/Racing_Mode_ETR07_instances.o (Racing_Mode_ETR07_B)
Racing_Mode_ETR071/Racing_Mode_ETR071.a(Racing_Mode_ETR07_data.o)
                              Racing_Mode_ETR070/Racing_Mode_ETR07_instances.o (Racing_Mode_ETR07_P)
Synchronism_ETR071/Synchronism_ETR071.a(Synchronism_ETR07.o)
                              Synchronism_ETR070/Synchronism_ETR07_instances.o (Synchronism_ETR07_DW)
Synchronism_ETR071/Synchronism_ETR071.a(Synchronism_ETR07_data.o)
                              Synchronism_ETR070/Synchronism_ETR07_instances.o (Synchronism_ETR07_P)
Torque_Control_ETR071/Torque_Control_ETR071.a(Torque_Control_ETR07.o)
                              Torque_Control_ETR070/Torque_Control_ETR07_instances.o (Torque_Control_ETR07_DW)
Torque_Control_ETR071/Torque_Control_ETR071.a(Torque_Control_ETR07_data.o)
                              Torque_Control_ETR070/Torque_Control_ETR07_instances.o (Torque_Control_ETR07_P)
matlabsharedR2017b/matlabsharedR2017b.a(rt_nonfinite.o)
                              inverters_action_ETR071/inverters_action_ETR071.a(inverters_action_ETR07.o) (rtIsInf)
matlabsharedR2017b/matlabsharedR2017b.a(mldivide_u4svsr16.o)
                              Torque_Control_ETR071/Torque_Control_ETR071.a(Torque_Control_ETR07.o) (mldivide_u4svSR16)
matlabsharedR2017b/matlabsharedR2017b.a(polyfit_vylrx3xp.o)
                              Torque_Control_ETR071/Torque_Control_ETR071.a(Torque_Control_ETR07.o) (polyfit_vYlRX3XP)
matlabsharedR2017b/matlabsharedR2017b.a(rt_powd_snf.o)
                              Inverters_Data_ETR071/Inverters_Data_ETR071.a(Inverters_Data_ETR07.o) (rt_powd_snf)
matlabsharedR2017b/matlabsharedR2017b.a(xgeqp3_bpnhoopt.o)
                              matlabsharedR2017b/matlabsharedR2017b.a(mldivide_u4svsr16.o) (xgeqp3_BPnHOoPT)
matlabsharedR2017b/matlabsharedR2017b.a(xgeqp3_wlxeyd7k.o)
                              matlabsharedR2017b/matlabsharedR2017b.a(polyfit_vylrx3xp.o) (xgeqp3_wlXEYd7k)
matlabsharedR2017b/matlabsharedR2017b.a(xnrm2_5mghfn4r.o)
                              matlabsharedR2017b/matlabsharedR2017b.a(xgeqp3_wlxeyd7k.o) (xnrm2_5MGhfn4R)
matlabsharedR2017b/matlabsharedR2017b.a(xnrm2_ecih3nop.o)
                              matlabsharedR2017b/matlabsharedR2017b.a(xgeqp3_bpnhoopt.o) (xnrm2_eCIH3nOp)
matlabsharedR2017b/matlabsharedR2017b.a(xnrm2_kgimahi2.o)
[...]
Memory Configuration

Name             Origin             Length             Attributes
*default*        0x00000000         0xffffffff

Linker script and memory map

LOAD C:/ETAS/Compiler/INTECRIO4.7/QNXCompiler-V6.5\target\qnx6/ppcbe-spe/lib/crt1.o
LOAD C:/ETAS/Compiler/INTECRIO4.7/QNXCompiler-V6.5\target\qnx6/ppcbe-spe/lib/crti.o
LOAD C:/ETAS/Compiler/INTECRIO4.7/QNXCompiler-V6.5\host\win32\x86/usr/lib/gcc/powerpc-unknown-nto-qnx6.5.0/4.4.2/spe/crtbegin.o
LOAD C:\ETAS\Compiler\INTECRIO4.7\QNXCompiler-V6.5\target\qnx6\ppcbe-spe\lib\gcc\4.4.2/libcpp.so
                0x00000000                PROVIDE (__stack, 0x0)
                0x00000000                PROVIDE (___stack, 0x0)
                0x48040000                PROVIDE (__executable_start, 0x48040000)
                0x480400f4                . = (0x48040000 + SIZEOF_HEADERS)

.interp         0x480400f4       0x14
 *(.interp)
 .interp        0x480400f4       0x14 C:/ETAS/Compiler/INTECRIO4.7/QNXCompiler-V6.5\target\qnx6/ppcbe-spe/lib/crt1.o

.note           0x48040110       0x18
 .note          0x48040110       0x18 C:/ETAS/Compiler/INTECRIO4.7/QNXCompiler-V6.5\target\qnx6/ppcbe-spe/lib/crtn.o

.note.gnu.build-id
 *(.note.gnu.build-id)

.hash           0x48040128      0x68c
 *(.hash)
 .hash          0x48040128      0x68c C:/ETAS/Compiler/INTECRIO4.7/QNXCompiler-V6.5\target\qnx6/ppcbe-spe/lib/crt1.o

.gnu.hash
 *(.gnu.hash)

.dynsym         0x480407b4      0xdc0
 *(.dynsym)
 .dynsym        0x480407b4      0xdc0 C:/ETAS/Compiler/INTECRIO4.7/QNXCompiler-V6.5\target\qnx6/ppcbe-spe/lib/crt1.o

.dynstr         0x48041574      0xb92
 *(.dynstr)
 .dynstr        0x48041574      0xb92 C:/ETAS/Compiler/INTECRIO4.7/QNXCompiler-V6.5\target\qnx6/ppcbe-spe/lib/crt1.o

.gnu.version    0x48042106      0x1b8
 *(.gnu.version)
 .gnu.version   0x48042106      0x1b8 C:/ETAS/Compiler/INTECRIO4.7/QNXCompiler-V6.5\target\qnx6/ppcbe-spe/lib/crt1.o

.gnu.version_d  0x480422c0        0x0 load address 0x480422be
 *(.gnu.version_d)
 .gnu.version_d
                0x00000000        0x0 C:/ETAS/Compiler/INTECRIO4.7/QNXCompiler-V6.5\target\qnx6/ppcbe-spe/lib/crt1.o

.gnu.version_r  0x480422c0       0x20
 *(.gnu.version_r)
 .gnu.version_r
                0x480422c0       0x20 C:/ETAS/Compiler/INTECRIO4.7/QNXCompiler-V6.5\target\qnx6/ppcbe-spe/lib/crt1.o

.rel.dyn
 *(.rel.init)
 *(.rel.text .rel.text.* .rel.gnu.linkonce.t.*)
 *(.rel.fini)
 *(.rel.rodata .rel.rodata.* .rel.gnu.linkonce.r.*)
 *(.rel.data.rel.ro* .rel.gnu.linkonce.d.rel.ro.*)
 *(.rel.data .rel.data.* .rel.gnu.linkonce.d.*)
 *(.rel.tdata .rel.tdata.* .rel.gnu.linkonce.td.*)
 *(.rel.tbss .rel.tbss.* .rel.gnu.linkonce.tb.*)
 *(.rel.ctors)
 *(.rel.dtors)
 *(.rel.got)
 *(.rel.sdata .rel.sdata.* .rel.gnu.linkonce.s.*)
 *(.rel.sbss .rel.sbss.* .rel.gnu.linkonce.sb.*)
 *(.rel.sdata2 .rel.sdata2.* .rel.gnu.linkonce.s2.*)
 *(.rel.sbss2 .rel.sbss2.* .rel.gnu.linkonce.sb2.*)
 *(.rel.bss .rel.bss.* .rel.gnu.linkonce.b.*)

.rela.dyn       0x480422e0       0x90
 *(.rela.init)
 *(.rela.text .rela.text.* .rela.gnu.linkonce.t.*)
 .rela.text     0x00000000        0x0 C:/ETAS/Compiler/INTECRIO4.7/QNXCompiler-V6.5\target\qnx6/ppcbe-spe/lib/crt1.o
 *(.rela.fini)
 *(.rela.rodata .rela.rodata.* .rela.gnu.linkonce.r.*)
 .rela.rodata   0x00000000        0x0 C:/ETAS/Compiler/INTECRIO4.7/QNXCompiler-V6.5\target\qnx6/ppcbe-spe/lib/crt1.o
 *(.rela.data .rela.data.* .rela.gnu.linkonce.d.*)
 .rela.data     0x00000000        0x0 C:/ETAS/Compiler/INTECRIO4.7/QNXCompiler-V6.5\target\qnx6/ppcbe-spe/lib/crt1.o
 *(.rela.tdata .rela.tdata.* .rela.gnu.linkonce.td.*)
 *(.rela.tbss .rela.tbss.* .rela.gnu.linkonce.tb.*)
 *(.rela.ctors)
 *(.rela.dtors)
 *(.rela.got)
 .rela.got      0x480422e0       0x30 C:/ETAS/Compiler/INTECRIO4.7/QNXCompiler-V6.5\target\qnx6/ppcbe-spe/lib/crt1.o
 *(.rela.got1)
 *(.rela.got2)
 *(.rela.sdata .rela.sdata.* .rela.gnu.linkonce.s.*)
 *(.rela.sbss .rela.sbss.* .rela.gnu.linkonce.sb.*)
 .rela.sbss     0x00000000        0x0 C:/ETAS/Compiler/INTECRIO4.7/QNXCompiler-V6.5\target\qnx6/ppcbe-spe/lib/crt1.o
 *(.rela.sdata2 .rela.sdata2.* .rela.gnu.linkonce.s2.*)
 *(.rela.sbss2 .rela.sbss2.* .rela.gnu.linkonce.sb2.*)
 *(.rela.bss .rela.bss.* .rela.gnu.linkonce.b.*)
 .rela.bss      0x48042310       0x60 C:/ETAS/Compiler/INTECRIO4.7/QNXCompiler-V6.5\target\qnx6/ppcbe-spe/lib/crt1.o
 .rela.os_pid   0x00000000        0x0 C:/ETAS/Compiler/INTECRIO4.7/QNXCompiler-V6.5\target\qnx6/ppcbe-spe/lib/crt1.o
 .rela.os_intvec
                0x00000000        0x0 C:/ETAS/Compiler/INTECRIO4.7/QNXCompiler-V6.5\target\qnx6/ppcbe-spe/lib/crt1.o

.rel.plt
 *(.rel.plt)

.rela.plt       0x48042370      0x900
 *(.rela.plt)
 .rela.plt      0x48042370      0x900 C:/ETAS/Compiler/INTECRIO4.7/QNXCompiler-V6.5\target\qnx6/ppcbe-spe/lib/crt1.o

.init           0x48042c70       0x24
 *(.init)
 .init          0x48042c70        0xc C:/ETAS/Compiler/INTECRIO4.7/QNXCompiler-V6.5\target\qnx6/ppcbe-spe/lib/crti.o
                0x48042c70                _init
 .init          0x48042c7c        0x4 C:/ETAS/Compiler/INTECRIO4.7/QNXCompiler-V6.5\host\win32\x86/usr/lib/gcc/powerpc-unknown-nto-qnx6.5.0/4.4.2/spe/crtbegin.o
 .init          0x48042c80        0x4 C:/ETAS/Compiler/INTECRIO4.7/QNXCompiler-V6.5\host\win32\x86/usr/lib/gcc/powerpc-unknown-nto-qnx6.5.0/4.4.2/spe/crtend.o
 .init          0x48042c84       0x10 C:/ETAS/Compiler/INTECRIO4.7/QNXCompiler-V6.5\target\qnx6/ppcbe-spe/lib/crtn.o

.text           0x48042c94    0x575a0
                0x48042c94                _btext = .
 *(.text .stub .text.* .gnu.linkonce.t.*)
 .text          0x48042c94      0x118 C:/ETAS/Compiler/INTECRIO4.7/QNXCompiler-V6.5\target\qnx6/ppcbe-spe/lib/crt1.o
                0x48042c94                _start
 .text          0x48042dac        0x0 C:/ETAS/Compiler/INTECRIO4.7/QNXCompiler-V6.5\target\qnx6/ppcbe-spe/lib/crti.o
 .text          0x48042dac      0x1b8 C:/ETAS/Compiler/INTECRIO4.7/QNXCompiler-V6.5\host\win32\x86/usr/lib/gcc/powerpc-unknown-nto-qnx6.5.0/4.4.2/spe/crtbegin.o
 .text          0x48042f64      0x24c ROOT_instances.o
                0x4804310c                initializeYukonModel
                0x48042fb4                getSystemTimeS
                0x48042f7c                getModelIdentificationString
                0x48042f90                getDeltaT
                0x48042f64                getIntecrioVersionNumber
                0x48043094                os_setDeltaT
                0x48042f88                getBuildEnvironment
                0x48042f70                getBuildEnvironmentVersion
 .text          0x480431b0        0x0 _INT_pid.pi.o
 .text          0x480431b0        0x8 userFuncProcessCanPayload.o
                0x480431b4                userCanTxHookV2
                0x480431b0                userCanRxHookV2
 .text          0x480431b8        0x8 userFuncProcessFlexRayPayload.o
                0x480431bc                userFlexRayPDURxHook
                0x480431b8                userFlexRayPDUTxHook
 .text          0x480431c0       0x60 OSC/i_rtawrapper.o
                0x48043200                rtaActivateTask
                0x480431e0                rtaSchedule
                0x480431c0                rtaShutdownOS
 .text          0x48043220      0x43c Accel_Data_ETR070/Accel_Data_ETR07_instances.o
                0x48043220                setDeltaT_Accel_Data_ETR07
                0x48043630                initModel_RTWTop_Accel_Data_ETR07
                0x480432c8                initClass_RTWTop_Accel_Data_ETR07
                0x48043280                initInstance_RTWTop_Accel_Data_ETR07
 .text          0x4804365c      0x4fc Accel_Data_ETR071/Accel_Data_ETR071.a(Accel_Data_ETR07.o)
                0x480439b8                Accel_Data_ETR07
                0x48043944                MdlStart_Accel_Data_ETR07
                0x480438c0                MdlUpdate_Accel_Data_ETR07
                0x480436a4                Accel_Data_ETR07_LowPass
                0x48043938                MdlInitializeSizes_Accel_Data_ETR07
                0x4804365c                Accel_Data__AccDataConversionFX
                0x480436f0                MdlOutputs_Accel_Data_ETR07
                0x48043690                Accel_Data_ETR07_LowPass_Start
                0x480439b4                MdlTerminate_Accel_Data_ETR07
                0x48043940                MdlInitialize_Accel_Data_ETR07
                0x4804393c                MdlInitializeSampleTimes_Accel_Data_ETR07
 .text          0x48043b58        0x0 Accel_Data_ETR071/Accel_Data_ETR071.a(Accel_Data_ETR07_data.o)
 .text          0x48043b58      0x564 Car_State_ETR070/Car_State_ETR07_instances.o
                0x48043c00                initClass_RTWTop_Car_State_ETR07
                0x48043b58                setDeltaT_Car_State_ETR07
                0x48044090                initModel_RTWTop_Car_State_ETR07
                0x48043bb8                initInstance_RTWTop_Car_State_ETR07
 .text          0x480440bc      0xcc8 Car_State_ETR071/Car_State_ETR071.a(Car_State_ETR07.o)
                0x48044158                MdlInitializeSizes_Car_State_ETR07
                0x48044160                MdlInitialize_Car_State_ETR07
                0x480440d4                Car_State_ETR07_Failure
                0x480440c8                Car_State_ETR07_FALSE
                0x480441bc                MdlTerminate_Car_State_ETR07
                0x480440e0                MdlUpdate_Car_State_ETR07
                0x48044164                MdlStart_Car_State_ETR07
                0x480441c0                Car_State_ETR07
                0x4804415c                MdlInitializeSampleTimes_Car_State_ETR07
                0x480440bc                Car_State_ETR07_TRUE
                0x4804432c                MdlOutputs_Car_State_ETR07
 .text          0x48044d84        0x0 Car_State_ETR071/Car_State_ETR071.a(Car_State_ETR07_data.o)
 .text          0x48044d84      0x908 Disconnections_ETR070/Disconnections_ETR07_instances.o
                0x48044d84                setDeltaT_Disconnections_ETR07
                0x48044de4                initInstance_RTWTop_Disconnections_ETR07
                0x48045660                initModel_RTWTop_Disconnections_ETR07
                0x48044e2c                initClass_RTWTop_Disconnections_ETR07
 .text          0x4804568c      0xdc0 Disconnections_ETR071/Disconnections_ETR071.a(Disconnections_ETR07.o)
                0x480462c4                Disconnections_ETR07
                0x480461dc                MdlStart_Disconnections_ETR07
                0x480462c0                MdlTerminate_Disconnections_ETR07
                0x4804568c                Disconnections_ET_Reset_counter
                0x480461d8                MdlInitialize_Disconnections_ETR07
                0x48045698                Disconnections_ET_Error_Counter
                0x480456d0                Disconnections_ETR07_Others
                0x480461d0                MdlInitializeSizes_Disconnections_ETR07
                0x480461d4                MdlInitializeSampleTimes_Disconnections_ETR07
                0x480456ec                MdlOutputs_Disconnections_ETR07
                0x480456ac                Disconnections_ETR07_CAN_OK
                0x48046158                MdlUpdate_Disconnections_ETR07
 .text          0x4804644c        0x0 Disconnections_ETR071/Disconnections_ETR071.a(Disconnections_ETR07_data.o)
 .text          0x4804644c      0x404 inverters_action_ETR070/inverters_action_ETR07_instances.o
                0x48046824                initModel_RTWTop_inverters_action_ETR07
                0x4804644c                setDeltaT_inverters_action_ETR07
                0x480464ac                initInstance_RTWTop_inverters_action_ETR07
                0x480464f4                initClass_RTWTop_inverters_action_ETR07
 .text          0x48046850      0xfa8 inverters_action_ETR071/inverters_action_ETR071.a(inverters_action_ETR07.o)
                0x4804687c                inverte_DisableDriveEnableDrive
                0x480469ac                MdlInitializeSampleTimes_inverters_action_ETR07
                0x480469a8                MdlInitializeSizes_inverters_action_ETR07
                0x480468f8                inverters_action_ETR07_bypass
                0x4804706c                MdlOutputs_inverters_action_ETR07
                0x48046914                MdlUpdate_inverters_action_ETR07
                0x48046850                inverters_actio_EnumerationDone
                0x48046d90                inverters_action_TorqueCommand0
                0x480469b0                MdlInitialize_inverters_action_ETR07
                0x48046908                inverters_acti_ResetEnumeration
                0x48046bb8                inverters_ac_RegisterEnumerator
                0x480468d4                inverters_acti_ActionnotDefined
                0x48046ef0                inverters_action__TorqueCommand
                0x480469b4                MdlStart_inverters_action_ETR07
                0x48046868                inverters_action_ET_Unsubscribe
                0x48046a18                MdlTerminate_inverters_action_ETR07
                0x48046a1c                inverters_action_ETR07
 .text          0x480477f8        0x0 inverters_action_ETR071/inverters_action_ETR071.a(inverters_action_ETR07_data.o)
 .text          0x480477f8      0x718 Inverters_Data_ETR070/Inverters_Data_ETR07_instances.o
                0x48047858                initInstance_RTWTop_Inverters_Data_ETR07
                0x48047ee4                initModel_RTWTop_Inverters_Data_ETR07
                0x480477f8                setDeltaT_Inverters_Data_ETR07
                0x480478a0                initClass_RTWTop_Inverters_Data_ETR07
 .text          0x48047f10      0x70c Inverters_Data_ETR071/Inverters_Data_ETR071.a(Inverters_Data_ETR07.o)
                0x48047f10                MdlUpdate_Inverters_Data_ETR07
                0x48047f98                MdlTerminate_Inverters_Data_ETR07
                0x48047f88                MdlInitializeSizes_Inverters_Data_ETR07
                0x48047f90                MdlInitialize_Inverters_Data_ETR07
                0x48047f8c                MdlInitializeSampleTimes_Inverters_Data_ETR07
                0x48047f9c                Inverters_Data_ETR07
                0x480480d8                MdlOutputs_Inverters_Data_ETR07
                0x48047f94                MdlStart_Inverters_Data_ETR07
 .text          0x4804861c        0x0 Inverters_Data_ETR071/Inverters_Data_ETR071.a(Inverters_Data_ETR07_data.o)
 .text          0x4804861c      0x210 LVD_Data_ETR070/LVD_Data_ETR07_instances.o
                0x4804867c                initInstance_RTWTop_LVD_Data_ETR07
                0x48048800                initModel_RTWTop_LVD_Data_ETR07
                0x480486c4                initClass_RTWTop_LVD_Data_ETR07
                0x4804861c                setDeltaT_LVD_Data_ETR07
 .text          0x4804882c      0x258 LVD_Data_ETR071/LVD_Data_ETR071.a(LVD_Data_ETR07.o)
                0x48048928                MdlStart_LVD_Data_ETR07
                0x48048950                LVD_Data_ETR07
                0x480488a4                MdlUpdate_LVD_Data_ETR07
                0x48048920                MdlInitializeSampleTimes_LVD_Data_ETR07
                0x48048924                MdlInitialize_LVD_Data_ETR07
                0x4804882c                MdlOutputs_LVD_Data_ETR07
                0x4804891c                MdlInitializeSizes_LVD_Data_ETR07
                0x4804894c                MdlTerminate_LVD_Data_ETR07
 .text          0x48048a84        0x0 LVD_Data_ETR071/LVD_Data_ETR071.a(LVD_Data_ETR07_data.o)
 .text          0x48048a84      0x444 Pedals_Susp_Sensors_ETR070/Pedals_Susp_Sensors_ETR07_instances.o
                0x48048e9c                initModel_RTWTop_Pedals_Susp_Sensors_ETR07
                0x48048a84                setDeltaT_Pedals_Susp_Sensors_ETR07
                0x48048b2c                initClass_RTWTop_Pedals_Susp_Sensors_ETR07
                0x48048ae4                initInstance_RTWTop_Pedals_Susp_Sensors_ETR07
 .text          0x48048ec8      0x358 Pedals_Susp_Sensors_ETR071/Pedals_Susp_Sensors_ETR071.a(Pedals_Susp_Sensors_ETR07.o)
                0x480490c4                Pedals_Susp_Sensors_ETR07
                0x480490b0                MdlInitializeSizes_Pedals_Susp_Sensors_ETR07
                0x480490b4                MdlInitializeSampleTimes_Pedals_Susp_Sensors_ETR07
                0x48049038                MdlUpdate_Pedals_Susp_Sensors_ETR07
                0x480490b8                MdlInitialize_Pedals_Susp_Sensors_ETR07
                0x48048ec8                MdlOutputs_Pedals_Susp_Sensors_ETR07
                0x480490c0                MdlTerminate_Pedals_Susp_Sensors_ETR07
                0x480490bc                MdlStart_Pedals_Susp_Sensors_ETR07
 .text          0x48049220        0x0 Pedals_Susp_Sensors_ETR071/Pedals_Susp_Sensors_ETR071.a(Pedals_Susp_Sensors_ETR07_data.o)
 .text          0x48049220      0x5a8 Racing_Mode_ETR070/Racing_Mode_ETR07_instances.o
                0x48049220                setDeltaT_Racing_Mode_ETR07
                0x4804979c                initModel_RTWTop_Racing_Mode_ETR07
                0x480492c8                initClass_RTWTop_Racing_Mode_ETR07
                0x48049280                initInstance_RTWTop_Racing_Mode_ETR07
 .text          0x480497c8      0xc00 Racing_Mode_ETR071/Racing_Mode_ETR071.a(Racing_Mode_ETR07.o)
                0x480499d8                MdlTerminate_Racing_Mode_ETR07
                0x480497c8                Racing_Mode_ETR0_WorkshopTest01
                0x48049874                MdlUpdate_Racing_Mode_ETR07
                0x4804981c                Racing_Mode_ET_SKF_Initial_Init
                0x48049828                Racing_Mode_ETR07_SKF_Initial
                0x48049858                Racing__Max_Regenerative_Torque
                0x480499dc                Racing_Mode_ETR07
                0x4804984c                Ra_Max_Regenerative_Torque_Init
                0x480498f4                MdlInitialize_Racing_Mode_ETR07
                0x480498f8                MdlStart_Racing_Mode_ETR07
                0x480498f0                MdlInitializeSampleTimes_Racing_Mode_ETR07
                0x480498ec                MdlInitializeSizes_Racing_Mode_ETR07
                0x48049b38                MdlOutputs_Racing_Mode_ETR07
 .text          0x4804a3c8        0x0 Racing_Mode_ETR071/Racing_Mode_ETR071.a(Racing_Mode_ETR07_data.o)
 .text          0x4804a3c8      0x1a8 Synchronism_ETR070/Synchronism_ETR07_instances.o
                0x4804a3c8                setDeltaT_Synchronism_ETR07
                0x4804a428                initInstance_RTWTop_Synchronism_ETR07
                0x4804a544                initModel_RTWTop_Synchronism_ETR07
                0x4804a470                initClass_RTWTop_Synchronism_ETR07
 .text          0x4804a570      0x218 Synchronism_ETR071/Synchronism_ETR071.a(Synchronism_ETR07.o)
                0x4804a668                Synchronism_ETR07
                0x4804a644                MdlInitialize_Synchronism_ETR07
                0x4804a648                MdlStart_Synchronism_ETR07
                0x4804a570                MdlOutputs_Synchronism_ETR07
                0x4804a5c4                MdlUpdate_Synchronism_ETR07
                0x4804a640                MdlInitializeSampleTimes_Synchronism_ETR07
                0x4804a63c                MdlInitializeSizes_Synchronism_ETR07
                0x4804a664                MdlTerminate_Synchronism_ETR07
 .text          0x4804a788        0x0 Synchronism_ETR071/Synchronism_ETR071.a(Synchronism_ETR07_data.o)
 .text          0x4804a788     0x22d8 Torque_Control_ETR070/Torque_Control_ETR07_instances.o
                0x4804a7e8                initInstance_RTWTop_Torque_Control_ETR07
                0x4804a788                setDeltaT_Torque_Control_ETR07
                0x4804a830                initClass_RTWTop_Torque_Control_ETR07
                0x4804ca34                initModel_RTWTop_Torque_Control_ETR07
 .text          0x4804ca60     0xd730 Torque_Control_ETR071/Torque_Control_ETR071.a(Torque_Control_ETR07.o)
                0x4804cd88                Torque_Contro_MATLABFunction_d1
                0x4804d440                rt_ODEUpdateContinuousStates_Torque_Control_ETR07
                0x4804cc58                Torque_Con_Acceleratorbehaviour
                0x4804d474                Torque_Control_ETR07
                0x4804d470                MdlTerminate_Torque_Control_ETR07
                0x4804cea4                Torque_Control_ETR07_derivatives
                0x4804cbb8                Torque_Control_ETR_minimumvalue
                0x4804d438                rt_ODECreateIntegrationData_Torque_Control_ETR07
                0x4804d6b0                Torque_Control_MATLABFunction_b
                0x4804d7ec                Torque_Control_ETR07_Spin
                0x4804ca6c                Torque_Control_ETR07_Is_Zero
                0x4804ca60                Torque_Control_ETR_LimitReached
                0x4804cafc                Torque_Contr_IfActionSubsystem2
                0x4804ce98                Torque_Control_ETR07_Temp_LIMIT
                0x4804ccf8                Torque__RegenerativeMechBraking
                0x48059be8                Torque_Control_ETR07_update
                0x4804d448                MdlInitializeSampleTimes_Torque_Control_ETR07
                0x4804d8f4                Torque_Control_MATLABFunction_m
                0x4804d6ec                Torque_Control_ETR07_Nospin
                0x4804cc08                Torque_Control_ET_minimumvalue1
                0x4804cb9c                Torque_Control_ETR07_IfAction2
                0x4805a170                MdlUpdate_Torque_Control_ETR07
                0x4804cab4                Torque_Control_ETR07_Negative
                0x4804d450                MdlStart_Torque_Control_ETR07
                0x4804cd38                Torque_Control__MATLABFunction1
                0x4804cd24                Torque_Control_ETR_Mech_Braking
                0x4804d984                Torque_Control_ETR07_output
                0x4804caf0                Torque_Control_ETR07_Imp
                0x4804cb08                Torque_Con_ControldeTemperatura
                0x4804d444                MdlInitializeSizes_Torque_Control_ETR07
                0x4804cf38                Torque_Control_ETR07_initialize
                0x4804d44c                MdlInitialize_Torque_Control_ETR07
                0x4804d8b8                Torque_Control_MATLABFunction_d
                0x4804cde0                Torque_Contro_MATLABFunction1_m
                0x4804d43c                rt_ODEDestroyIntegrationData_Torque_Control_ETR07
                0x4804d948                Torque_Control_E_MATLABFunction
                0x4804ce24                Torque_Co_ControldeTemperatura1
                0x4804cb80                Torque_Control_ETR07_IfAction1
                0x48059bc8                MdlOutputs_Torque_Control_ETR07
                0x4804d434                Torque_Control_ETR07_terminate
                0x4804ca88                Torque_Control_ETR07_Bypass
                0x4804d798                Torque_Contro_MATLABFunction_mt
                0x4804ce6c                Torque_Control_ETR07_else1
 .text          0x4805a190        0x0 Torque_Control_ETR071/Torque_Control_ETR071.a(Torque_Control_ETR07_data.o)
 .text          0x4805a190      0x168 matlabsharedR2017b/matlabsharedR2017b.a(rt_nonfinite.o)
                0x4805a264                rt_InitInfAndNaN
                0x4805a21c                rtIsNaN
                0x4805a248                rtIsNaNF
                0x4805a1dc                rtIsInfF
                0x4805a190                rtIsInf
 .text          0x4805a2f8      0x3a0 matlabsharedR2017b/matlabsharedR2017b.a(mldivide_u4svsr16.o)
                0x4805a2f8                mldivide_u4svSR16
 .text          0x4805a698      0x14c matlabsharedR2017b/matlabsharedR2017b.a(polyfit_vylrx3xp.o)
                0x4805a698                polyfit_vYlRX3XP
 .text          0x4805a7e4      0x2f4 matlabsharedR2017b/matlabsharedR2017b.a(rt_powd_snf.o)
                0x4805a7e4                rt_powd_snf
 .text          0x4805aad8      0x900 matlabsharedR2017b/matlabsharedR2017b.a(xgeqp3_bpnhoopt.o)
                0x4805aad8                xgeqp3_BPnHOoPT
 .text          0x4805b3d8      0x4c8 matlabsharedR2017b/matlabsharedR2017b.a(xgeqp3_wlxeyd7k.o)
                0x4805b3d8                xgeqp3_wlXEYd7k
 .text          0x4805b8a0      0x14c matlabsharedR2017b/matlabsharedR2017b.a(xnrm2_5mghfn4r.o)
                0x4805b8a0                xnrm2_5MGhfn4R
 .text          0x4805b9ec      0x14c matlabsharedR2017b/matlabsharedR2017b.a(xnrm2_ecih3nop.o)
                0x4805b9ec                xnrm2_eCIH3nOp
 .text          0x4805bb38      0x114 matlabsharedR2017b/matlabsharedR2017b.a(xnrm2_kgimahi2.o)
                0x4805bb38                xnrm2_KgImAhi2
 .text          0x4805bc4c      0x114 matlabsharedR2017b/matlabsharedR2017b.a(xnrm2_uobmrgas.o)
                0x4805bc4c                xnrm2_uObmRgAs
 .text          0x4805bd60       0xd0 matlabsharedR2017b/matlabsharedR2017b.a(rtgetinf.o)
                0x4805bd60                rtGetInf
                0x4805bdc8                rtGetMinusInf
                0x4805be24                rtGetMinusInfF
                0x4805bdbc                rtGetInfF
 .text          0x4805be30       0x84 matlabsharedR2017b/matlabsharedR2017b.a(rtgetnan.o)
                0x4805be90                rtGetNaNF
                0x4805be30                rtGetNaN
 .text          0x4805beb4      0x158 matlabsharedR2017b/matlabsharedR2017b.a(rt_hypotd_snf.o)
                0x4805beb4                rt_hypotd_snf
 .text          0x4805c00c      0x434 OSC/osekdefs.o
                0x4805c0cc                os_StartOS
                0x4805c1b8                os_pre_errorhook
                0x4805c1d8                Tick_etasCounter
                0x4805c30c                osek_dispatch
                0x4805c32c                osE_NewISR1
                0x4805c00c                osResetOS
                0x4805c388                osE_NewISR
                0x4805c3e4                osE_etasL1Isr
 .text          0x4805c440        0x0 OSC/osgen.o
 .text          0x4805c440       0x4c OSC/TaskISRArchive.a(etasConfigTask.o)
                0x4805c440                osek_task_e_etasConfigTask
 .text          0x4805c48c       0x68 OSC/TaskISRArchive.a(Sync_25ms.o)
                0x4805c48c                osek_task_e_Sync_25ms
 .text          0x4805c4f4       0x54 OSC/TaskISRArchive.a(Timer_1000ms.o)
                0x4805c4f4                osek_task_e_Timer_1000ms
 .text          0x4805c548       0x54 OSC/TaskISRArchive.a(Timer_100ms.o)
                0x4805c548                osek_task_e_Timer_100ms
 .text          0x4805c59c       0xa4 OSC/TaskISRArchive.a(Timer_25ms.o)
                0x4805c59c                osek_task_e_Timer_25ms
 .text          0x4805c640       0x6c OSC/TaskISRArchive.a(Timer_Inv.o)
                0x4805c640                osek_task_e_Timer_Inv
 .text          0x4805c6ac       0x50 OSC/TaskISRArchive.a(SWT_CAN1_AP_BMS_ChargerParameters.o)
                0x4805c6ac                osek_task_e_SWT_CAN1_AP_BMS_ChargerParameters
 .text          0x4805c6fc       0x50 OSC/TaskISRArchive.a(SWT_CAN1_AP_BMS_BatteryTemperatures.o)
                0x4805c6fc                osek_task_e_SWT_CAN1_AP_BMS_BatteryTemperatures
 .text          0x4805c74c       0x50 OSC/TaskISRArchive.a(SWT_CAN1_AP_BMS_AIRs_State.o)
                0x4805c74c                osek_task_e_SWT_CAN1_AP_BMS_AIRs_State
 .text          0x4805c79c       0x4c OSC/TaskISRArchive.a(SWT_CAN1_AP_BMS_Current_SOC_SOH.o)
                0x4805c79c                osek_task_e_SWT_CAN1_AP_BMS_Current_SOC_SOH
 .text          0x4805c7e8       0x50 OSC/TaskISRArchive.a(SWT_CAN1_AP_BMS_StateAndFailReport.o)
                0x4805c7e8                osek_task_e_SWT_CAN1_AP_BMS_StateAndFailReport
 .text          0x4805c838       0x50 OSC/TaskISRArchive.a(SWT_CAN1_AP_BMS_Voltages.o)
                0x4805c838                osek_task_e_SWT_CAN1_AP_BMS_Voltages
 .text          0x4805c888       0x4c OSC/TaskISRArchive.a(SWT_CAN1_AP_BMS_OnBoardTemperatures.o)
                0x4805c888                osek_task_e_SWT_CAN1_AP_BMS_OnBoardTemperatures
 .text          0x4805c8d4       0x50 OSC/TaskISRArchive.a(SWT_CAN1_AP_Inverter_R_Tx.o)
                0x4805c8d4                osek_task_e_SWT_CAN1_AP_Inverter_R_Tx
 .text          0x4805c924       0x50 OSC/TaskISRArchive.a(SWT_CAN1_AP_Inverter_L_Tx.o)
                0x4805c924                osek_task_e_SWT_CAN1_AP_Inverter_L_Tx
 .text          0x4805c974       0x50 OSC/TaskISRArchive.a(SWT_CAN1_AP_DASH_CustomMode.o)
                0x4805c974                osek_task_e_SWT_CAN1_AP_DASH_CustomMode
 .text          0x4805c9c4       0x50 OSC/TaskISRArchive.a(SWT_CAN1_AP_DASH_Mode.o)
                0x4805c9c4                osek_task_e_SWT_CAN1_AP_DASH_Mode
 .text          0x4805ca14       0x50 OSC/TaskISRArchive.a(SWT_CAN1_NM_BMS_Keep_Alive.o)
                0x4805ca14                osek_task_e_SWT_CAN1_NM_BMS_Keep_Alive
 .text          0x4805ca64       0x50 OSC/TaskISRArchive.a(SWT_CAN1_NM_DASH_Keep_Alive.o)
                0x4805ca64                osek_task_e_SWT_CAN1_NM_DASH_Keep_Alive
 .text          0x4805cab4       0x50 OSC/TaskISRArchive.a(SWT_CAN1_AP_DASH_TorqueLockOn.o)
                0x4805cab4                osek_task_e_SWT_CAN1_AP_DASH_TorqueLockOn
 .text          0x4805cb04       0x50 OSC/TaskISRArchive.a(SWT_CAN1_AP_DASH_PrechargeRequest.o)
                0x4805cb04                osek_task_e_SWT_CAN1_AP_DASH_PrechargeRequest
 .text          0x4805cb54       0x50 OSC/TaskISRArchive.a(SWT_CAN1_AP_DASH_EnableDrive.o)
                0x4805cb54                osek_task_e_SWT_CAN1_AP_DASH_EnableDrive
 .text          0x4805cba4       0x50 OSC/TaskISRArchive.a(SWT_CAN1_AP_SHUTDOWN_State.o)
                0x4805cba4                osek_task_e_SWT_CAN1_AP_SHUTDOWN_State
 .text          0x4805cbf4       0x50 OSC/TaskISRArchive.a(SWT_CAN1_NM_SHUTDOWN_Keep_Alive.o)
                0x4805cbf4                osek_task_e_SWT_CAN1_NM_SHUTDOWN_Keep_Alive
 .text          0x4805cc44       0x4c OSC/TaskISRArchive.a(SWT_CAN2_AP_LV_Derivation_LVData.o)
                0x4805cc44                osek_task_e_SWT_CAN2_AP_LV_Derivation_LVData
 .text          0x4805cc90       0x50 OSC/TaskISRArchive.a(SWT_CAN2_AP_ACCEL_R_Data2.o)
                0x4805cc90                osek_task_e_SWT_CAN2_AP_ACCEL_R_Data2
 .text          0x4805cce0       0x4c OSC/TaskISRArchive.a(SWT_CAN2_NM_LV_Derivation_Keep_Alive.o)
                0x4805cce0                osek_task_e_SWT_CAN2_NM_LV_Derivation_Keep_Alive
 .text          0x4805cd2c       0x50 OSC/TaskISRArchive.a(SWT_CAN2_AP_ACCEL_F_Data.o)
                0x4805cd2c                osek_task_e_SWT_CAN2_AP_ACCEL_F_Data
 .text          0x4805cd7c       0x50 OSC/TaskISRArchive.a(SWT_CAN2_NM_ACCEL_F_Keep_Alive.o)
                0x4805cd7c                osek_task_e_SWT_CAN2_NM_ACCEL_F_Keep_Alive
 .text          0x4805cdcc       0x50 OSC/TaskISRArchive.a(SWT_CAN2_NM_ACCEL_R_Keep_Alive.o)
                0x4805cdcc                osek_task_e_SWT_CAN2_NM_ACCEL_R_Keep_Alive
 .text          0x4805ce1c       0x50 OSC/TaskISRArchive.a(SWT_CAN2_AP_ACCEL_R_Data.o)
                0x4805ce1c                osek_task_e_SWT_CAN2_AP_ACCEL_R_Data
 .text          0x4805ce6c       0x50 OSC/TaskISRArchive.a(SWT_CAN2_AP_ADCAN_Data2.o)
                0x4805ce6c                osek_task_e_SWT_CAN2_AP_ADCAN_Data2
 .text          0x4805cebc       0x50 OSC/TaskISRArchive.a(SWT_CAN2_AP_ADCAN_Data1.o)
                0x4805cebc                osek_task_e_SWT_CAN2_AP_ADCAN_Data1
 .text          0x4805cf0c       0x50 OSC/TaskISRArchive.a(SWT_CAN2_NM_ADCAN_Keep_Alive.o)
                0x4805cf0c                osek_task_e_SWT_CAN2_NM_ADCAN_Keep_Alive
 .text          0x4805cf5c       0x4c OSC/TaskISRArchive.a(SWT_CAN2_AP_ELIPSE_VelAngular.o)
                0x4805cf5c                osek_task_e_SWT_CAN2_AP_ELIPSE_VelAngular
 .text          0x4805cfa8       0x4c OSC/TaskISRArchive.a(SWT_CAN2_AP_ELIPSE_VelBody.o)
                0x4805cfa8                osek_task_e_SWT_CAN2_AP_ELIPSE_VelBody
 .text          0x4805cff4       0x4c OSC/TaskISRArchive.a(SWT_CAN1_AP_BMS_Current_SOC.o)
                0x4805cff4                osek_task_e_SWT_CAN1_AP_BMS_Current_SOC
 .text          0x4805d040       0x50 OSC/TaskISRArchive.a(SWT_CAN1_AP_BMS_Current_SOC_SOH1.o)
                0x4805d040                osek_task_e_SWT_CAN1_AP_BMS_Current_SOC_SOH1
 .text          0x4805d090       0x50 OSC/TaskISRArchive.a(SWT_CAN1_AP_BMS_OnBoardTemperatures1.o)
                0x4805d090                osek_task_e_SWT_CAN1_AP_BMS_OnBoardTemperatures1
 .text          0x4805d0e0       0x4c OSC/TaskISRArchive.a(NewISR.o)
                0x4805d0e0                osek_isr_e_NewISR
 .text          0x4805d12c       0x4c OSC/TaskISRArchive.a(NewISR1.o)
                0x4805d12c                osek_isr_e_NewISR1
 .text          0x4805d178       0x40 OSC/etasActivateTaskIsr.o
                0x4805d178                osek_isr_e_etasActivateTaskIsr
 .text          0x4805d1b8       0x48 OSC/etasL1Isr.o
                0x4805d1b8                osek_isr_e_etasL1Isr
 .text          0x4805d200       0x44 OSC/etasL1Task.o
                0x4805d200                osek_task_e_etasL1Task
 .text          0x4805d244       0x40 OSC/etasTimerIsr.o
                0x4805d244                osek_isr_e_etasTimerIsr
 .text          0x4805d284       0x40 OSC/etasStopOsIsr.o
                0x4805d284                osek_isr_e_etasStopOsIsr
 .text          0x4805d2c4      0x294 OSC/DriverThreads.o
                0x4805d2c4                etasCreateDriverThreads
 .text          0x4805d558        0x0 OSC/ISRFunctions.o
 .text          0x4805d558      0x1dc OSC/osc_dyn.o
                0x4805d6f0                etasInitTasks
                0x4805d5f8                etasExitTasks
                0x4805d560                etasInactiveExitTask
                0x4805d55c                etasStartupExitTask
                0x4805d6c8                etasStartupInitTask
                0x4805d564                TimersExitTask
                0x4805d558                etasInactiveInitTask
                0x4805d628                TimersInitTask
 .text          0x4805d734        0xc OSC/rtaInterface.o
                0x4805d734                etasGetCounterPeriodUs
                0x4805d73c                StackFaultHook
 .text          0x4805d740      0x5f8 OSC/ETCHooks.o
                0x4805dad8                rtioHook_15_0
                0x4805d768                rtioHook_39_0
                0x4805dbc8                rtioHook_9_0
                0x4805d858                rtioHook_34_1
                0x4805db50                rtioHook_12_0
                0x4805da38                rtioHook_19_0
                0x4805d7b8                rtioHook_37_1
                0x4805da88                rtioHook_17_0
                0x4805dc90                rtioHook_1_0
                0x4805dd0c                rtioHook_41_0
                0x4805d8a8                rtioHook_32_0
                0x4805d998                rtioHook_23_0
                0x4805d8f8                rtioHook_30_0
                0x4805d9e8                rtioHook_21_0
                0x4805d830                rtioHook_35_0
                0x4805d920                rtioHook_26_0
                0x4805d7e0                rtioHook_37_0
                0x4805dce0                rtioHook_42_0
                0x4805d970                rtioHook_24_0
                0x4805d790                rtioHook_38_0
                0x4805d740                rtioHook_40_0
                0x4805d8d0                rtioHook_31_0
                0x4805d9c0                rtioHook_22_0
                0x4805dcb8                rtioHook_0_0
                0x4805da60                rtioHook_18_0
                0x4805db28                rtioHook_13_0
                0x4805db78                rtioHook_11_0
                0x4805dab0                rtioHook_16_0
                0x4805dc18                rtioHook_6_0
                0x4805db00                rtioHook_14_0
                0x4805dbf0                rtioHook_8_0
                0x4805da10                rtioHook_20_0
                0x4805dc68                rtioHook_2_0
                0x4805d880                rtioHook_34_0
                0x4805d948                rtioHook_25_0
                0x4805dc40                rtioHook_3_0
                0x4805dba0                rtioHook_10_0
                0x4805d808                rtioHook_36_0
 .text          0x4805dd38     0x1058 OSC/XbarHooks.o
                0x4805e170                crossbarHook_34_4
                0x4805e210                crossbarHook_34_0
                0x4805ec5c                crossbarHook_41_6
                0x4805e418                crossbarHook_21_0
                0x4805e710                crossbarHook_2_0
                0x4805e580                crossbarHook_12_0
                0x4805e7b8                crossbarHook_42_15
                0x4805ed0c                crossbarHook_41_2
                0x4805dd60                crossbarHook_39_0
                0x4805e350                crossbarHook_26_0
                0x4805df18                crossbarHook_37_9
                0x4805e4b8                crossbarHook_17_0
                0x4805e080                crossbarHook_37_13
                0x4805e648                crossbarHook_7_0
                0x4805dfb8                crossbarHook_37_5
                0x4805e058                crossbarHook_37_1
                0x4805e698                crossbarHook_5_0
                0x4805e918                crossbarHook_42_7
                0x4805e120                crossbarHook_35_1
                0x4805e9c8                crossbarHook_42_3
                0x4805ebac                crossbarHook_41_10
                0x4805eafc                crossbarHook_41_14
                0x4805e0f8                crossbarHook_36_0
                0x4805e3c8                crossbarHook_23_0
                0x4805e530                crossbarHook_14_0
                0x4805ddd8                crossbarHook_38_3
                0x4805ec30                crossbarHook_41_7
                0x4805e868                crossbarHook_42_11
                0x4805ece0                crossbarHook_41_3
                0x4805e1c0                crossbarHook_34_1
                0x4805e78c                crossbarHook_42_16
                0x4805de78                crossbarHook_37_14
                0x4805def0                crossbarHook_37_10
                0x4805df40                crossbarHook_37_8
                0x4805dfe0                crossbarHook_37_4
                0x4805e0a8                crossbarHook_37_0
                0x4805e3a0                crossbarHook_24_0
                0x4805e508                crossbarHook_15_0
                0x4805e944                crossbarHook_42_6
                0x4805e148                crossbarHook_35_0
                0x4805e3f0                crossbarHook_22_0
                0x4805e558                crossbarHook_13_0
                0x4805e0d0                crossbarHook_36_1
                0x4805e738                crossbarHook_1_0
                0x4805e9f4                crossbarHook_42_2
                0x4805e328                crossbarHook_27_0
                0x4805e490                crossbarHook_18_0
                0x4805ddb0                crossbarHook_38_4
                0x4805ea78                crossbarHook_41_17
                0x4805ec04                crossbarHook_41_8
                0x4805e83c                crossbarHook_42_12
                0x4805e670                crossbarHook_6_0
                0x4805e378                crossbarHook_25_0
                0x4805de50                crossbarHook_38_0
                0x4805e4e0                crossbarHook_16_0
                0x4805e198                crossbarHook_34_2
                0x4805e760                crossbarHook_42_17
                0x4805e810                crossbarHook_42_13
                0x4805ecb4                crossbarHook_41_4
                0x4805ed64                crossbarHook_41_0
                0x4805e260                crossbarHook_32_0
                0x4805e5d0                crossbarHook_10_0
                0x4805e620                crossbarHook_8_0
                0x4805dec8                crossbarHook_37_11
                0x4805e2b0                crossbarHook_30_0
                0x4805df68                crossbarHook_37_7
                0x4805e008                crossbarHook_37_3
                0x4805e8c0                crossbarHook_42_9
                0x4805eb28                crossbarHook_41_13
                0x4805e6e8                crossbarHook_3_0
                0x4805e970                crossbarHook_42_5
                0x4805e288                crossbarHook_31_0
                0x4805ea20                crossbarHook_42_1
                0x4805dd88                crossbarHook_38_5
                0x4805dd38                crossbarHook_40_0
                0x4805eaa4                crossbarHook_41_16
                0x4805de28                crossbarHook_38_1
                0x4805ebd8                crossbarHook_41_9
                0x4805e894                crossbarHook_42_10
                0x4805e1e8                crossbarHook_34_3
                0x4805e7e4                crossbarHook_42_14
                0x4805ec88                crossbarHook_41_5
                0x4805ed38                crossbarHook_41_1
                0x4805e300                crossbarHook_28_0
                0x4805e468                crossbarHook_19_0
                0x4805e2d8                crossbarHook_29_0
                0x4805dea0                crossbarHook_37_12
                0x4805df90                crossbarHook_37_6
                0x4805e030                crossbarHook_37_2
                0x4805e8ec                crossbarHook_42_8
                0x4805eb54                crossbarHook_41_12
                0x4805e238                crossbarHook_33_0
                0x4805e440                crossbarHook_20_0
                0x4805e5a8                crossbarHook_11_0
                0x4805e99c                crossbarHook_42_4
                0x4805ea4c                crossbarHook_42_0
                0x4805eb80                crossbarHook_41_11
                0x4805ead0                crossbarHook_41_15
                0x4805de00                crossbarHook_38_2
                0x4805e5f8                crossbarHook_9_0
                0x4805e6c0                crossbarHook_4_0
 .text          0x4805ed90        0x0 ETC/FormulaTable.o
 .text          0x4805ed90        0x0 ETC/DriverTable.o
 .text          0x4805ed90        0x0 ETC/MappingFunctionTable.o
 .text          0x4805ed90        0x0 ETC/RtioL1RecordTable.o
 .text          0x4805ed90        0x0 ETC/XCPTransportLayerFunctionsTable.o
 .text          0x4805ed90        0x0 ETC/ChecksumAlgoTables.o
 .text          0x4805ed90        0x0 CBC/CopyFunctionTable.o
 .text          0x4805ed90        0x0 CBC/CrossbarL1RecordTable.o
 .text          0x4805ed90       0x48 C:/ETAS/Compiler/INTECRIO4.7/QNXCompiler-V6.5\host\win32\x86/usr/lib/gcc/powerpc-unknown-nto-qnx6.5.0/4.4.2/spe/libgcc.a(_fixunsdfdi.o)
                0x4805ed90                __fixunsdfdi
 .text          0x4805edd8       0x40 C:/ETAS/Compiler/INTECRIO4.7/QNXCompiler-V6.5\host\win32\x86/usr/lib/gcc/powerpc-unknown-nto-qnx6.5.0/4.4.2/spe/libgcc.a(_floatundidf.o)
                0x4805edd8                __floatundidf
 .text          0x4805ee18       0x98 C:/ETAS/Compiler/INTECRIO4.7/QNXCompiler-V6.5\host\win32\x86/usr/lib/gcc/powerpc-unknown-nto-qnx6.5.0/4.4.2/spe/crtend.o
 .text          0x4805eeb0        0x0 C:/ETAS/Compiler/INTECRIO4.7/QNXCompiler-V6.5\target\qnx6/ppcbe-spe/lib/crtn.o
 .text          0x4805eeb0     0x2298 C:\Program Files (x86)\ETAS\INTECRIO4.7\Target\Etarget\ES910\libes910.a(i_rtautil.o)
                0x4805f148                etasActivateTaskViaIsr
                0x48060310                startTaskHookMon
                0x4805f3b8                ErrorHook
                0x4805ef80                osTraceStopwatch
                0x480606c0                switchToInactiveAppMode
                0x4805eebc                isAppModeSwitchPending
                0x48060018                etasStartIsrHookMon
                0x48060228                etasStartIsrHook
                0x4805f020                getModelRuntime
                0x4806053c                restartModelProcess
                0x4805eeb0                GetNextAppMode
                0x4805f098                etasActivateTaskWithIdViaIsrHandler
                0x48060114                etasEndIsrHook
                0x4805eeec                checkInterruptOccurence
                0x480608f8                osekThreadSuspendRtSignals
                0x4806014c                etasEndIsrHookMon
                0x4805f1a8                getCurTaskMonitor
                0x4805f2f4                GetStopwatchUncertainty
                0x48060768                endTaskHook
                0x4805f1e0                delayInitExitTask
                0x4805ef08                rtaInitTarget
                0x4805f34c                OverrunHook
                0x4805f104                etasActivateTaskWithIdViaIsr
                0x480603e8                startTaskHook
                0x4805eff4                etasDeInstallOsErrorHook
                0x48060c00                applicationModeManager
                0x480605fc                terminateModelProcess
                0x4805fd38                StartupHook
                0x480608bc                osekThreadResumeRtSignals
                0x4805f174                isRtaOsekThreadContext
                0x4805ef88                isInsideInitExitTask
                0x4805efb4                isInsideExitTask
                0x4805f6e4                ShutdownHook
                0x4805efcc                etasInstallOsErrorHook
                0x480607e0                endTaskHookMon
                0x4805eed8                resetInterruptFlag
                0x4805ef78                GetStopwatch
                0x4805ef04                etasRTATraceInitProcess
                0x4805ef6c                GetDeltaT
                0x480604ac                SetNextAppMode
                0x4805f2a8                tempMgrRegisterSigtermEvent
                0x4805ef9c                isInsideInitTask
                0x4805eef8                getLastInterruptTimeTicks
 .text          0x48061148     0x2058 C:\Program Files (x86)\ETAS\INTECRIO4.7\Target\Etarget\ES910\libes910.a(t_driverThreads.o)
                0x48061f34                osek_sendto
                0x480617cc                osek_msync
                0x4806152c                osek_vfprintf
                0x480625ac                osek_MsgReceive
                0x48062314                osek_MsgRead
                0x48061dc0                osek_cmsSendMessage
                0x480612d0                osek_malloc
                0x48061284                osek_free
                0x48061210                osek_fsync
                0x480619b4                osek_unlink
                0x4806166c                osek_munmap
                0x4806200c                osek_devctl
                0x480621f0                osek_close
                0x48061cd4                osek_cmsReceiveMessage
                0x48061a28                osek_system
                0x48062474                osek_MsgError
                0x480627d0                osek_send
                0x480624fc                osek_MsgReply
                0x480615e4                osek_ftruncate
                0x480623c4                osek_MsgWrite
                0x48061918                osek_lseek
                0x4806265c                osek_MsgSend
                0x48061e5c                osek_recvfrom
                0x48061868                osek_fwrite
                0x48061460                osek_vslogf
                0x48061a9c                osek_cmsReceiveMessageEx
                0x48061148                etasSetNumberOfDriverThreads
                0x48062880                etasCreateDriverThread
                0x480616f4                osek_mmap
                0x48062154                osek_write
                0x48062720                osek_recv
                0x48061344                osek_etasLogCoreFeedRecordToBackends
                0x480620b8                osek_read
                0x48061c24                osek_cmsErrorState
                0x48061b88                osek_cmsSendMessageEx
                0x48062264                osek_open
 .text          0x480631a0      0x7c8 C:\Program Files (x86)\ETAS\INTECRIO4.7\Target\Etarget\ES910\libes910.a(t_idle.o)
                0x48063890                initRtaTraceSupport
                0x480633d4                etasIdleProcess
                0x48063260                signalStartupHookTermination
                0x480631ec                apsGetPartitionId
                0x48063290                apsJoinPartition
                0x48063230                signalShutdownHookTermination
                0x480631f8                getSysLoad
                0x480631a0                etasInstallIdleHook
                0x480631c8                etasDeInstallIdleHook
 .text          0x48063968     0x1fec C:\Program Files (x86)\ETAS\INTECRIO4.7\Target\Etarget\ES910\libes910.a(t_l1com.o)
                0x48063968                setL1ComBufferSize
                0x480639a8                l1SetBusyState
                0x48063b28                l1SignalIdleState
                0x48063ed0                waitForL1Request
                0x480644c0                createL1ModelThread
                0x4806440c                serveL1Request
                0x48063e18                etasL1Process
 .text          0x48065954      0xa0c C:\Program Files (x86)\ETAS\INTECRIO4.7\Target\Etarget\ES910\libes910.a(t_main.o)
                0x48065954                main
 .text          0x48066360      0x9d8 C:\Program Files (x86)\ETAS\INTECRIO4.7\Target\Etarget\ES910\libes910.a(t_mlog.o)
                0x48066384                getDriverLogging
                0x48066390                getUserSeverity
                0x48066378                getUserLogging
                0x4806641c                mlog_setSeverityFilterUser
                0x480663f0                mlog_setSeverityFilterDrv
                0x4806639c                getDriverSeverity
                0x48066ac0                mlog_init
                0x480667c4                mlog_updateLoggingConfiguration
                0x48066360                getUserLogChan
                0x480668b0                mlog_startLogConfigThread
                0x4806636c                getDrvLogChan
                0x480663a8                mlog_debugLog
 .text          0x48066d38      0xad4 C:\Program Files (x86)\ETAS\INTECRIO4.7\Target\Etarget\ES910\libes910.a(t_qnxtargetutil.o)
                0x48066d8c                qnxThreadJoinPartition
                0x480671dc                qnxPrintProcesses
                0x48066d48                qnxCheckBootFromFlash
                0x4806710c                qnxPrintCpuLoad
                0x48066d64                qnxCheckHaltedModel
                0x48066d38                qnxSetBootFromFlash
                0x48067724                qnxPrintSavedErrorMessages
                0x48066d70                qnxSetStandalone
                0x480670a8                qnxAdjustThreadPriority
                0x48066d54                qnxSetHaltedModel
                0x48066e0c                qnxGetSetRunInheritMask
                0x48066d80                qnxCheckStandalone
 .text          0x4806780c      0x638 C:\Program Files (x86)\ETAS\INTECRIO4.7\Target\Etarget\ES910\libes910.a(t_targetutil.o)
                0x4806785c                initL2CachePerfMeas
                0x48067d84                es910GetSerialNumber
                0x4806780c                GetSystemTimeLow
                0x48067d2c                es910GetPcbRevision
                0x48067d60                es910PiggyGetSerialNumber
                0x480679b8                getL2CachePerf
                0x48067ac0                es910PrintFwVersions
                0x48067964                getL2CachePerfRaw
                0x4806781c                GetSystemTime
                0x48067e10                es910MapCCSRMemoryRange
                0x48067814                GetSystemTimeHigh
                0x48067cf8                es910PiggyGetPcbRevision
                0x48067da8                waitMicroseconds
 .text          0x48067e44      0x2f4 C:\Program Files (x86)\ETAS\INTECRIO4.7\Target\Etarget\ES910\libes910.a(t_watchdog.o)
                0x48067e54                wdDisableAutoService
                0x48067f1c                etasServiceWatchdog
                0x48067eac                wdService
                0x48067f94                wdSetEventPeriod
                0x48067e44                wdEnableAutoService
                0x48067e64                wdSetApplicationName
                0x48067eec                triggerWD
                0x48067e70                wdDisconnect
 .text          0x48068138      0x848 C:\Program Files (x86)\ETAS\INTECRIO4.7\Target\Etarget\ES910\libes910.a(p_chario.o)
                0x480686ec                IOWrite
                0x48068138                IOIsLogOn
                0x48068144                IOLogOff
                0x480681a0                IOLogOn
                0x4806846c                IOPrintf
 .text          0x48068980      0x31c C:\Program Files (x86)\ETAS\INTECRIO4.7\Target\Etarget\ES910\libes910.a(t_hwTimeSync.o)
                0x48068980                es9xxTimeSyncGetTimerValue
                0x48068a74                es9xxTimeSyncGetTimerStatus
                0x48068bc8                es9xxTimeSyncInit
                0x48068a04                getLocalSystemTime
 .text          0x48068c9c      0x224 C:\Program Files (x86)\ETAS\INTECRIO4.7\Target\Etarget\ES910\libes910.a(t_led.o)
                0x48068c9c                userLed2Off
                0x48068d34                userLed2Toggle
                0x48068e40                ledsOff
                0x48068e08                userLed1Toggle
                0x48068dbc                userLed1On
                0x48068d6c                userLed1Off
                0x48068ce8                userLed2On
 .text          0x48068ec0     0x2184 C:\Program Files (x86)\ETAS\INTECRIO4.7\Target\Etarget\ES910\libtarget.a(a_dacqui.o)
                0x4806a520                asdSimPreCall
                0x4806afd4                asdSimPostCall
                0x4806a5a4                getDacqTimeFor
                0x4806aecc                storeMeasureDataForGroup
                0x4806a71c                applicationStartUserMode
                0x4806a6f4                resetLogSimulationTime
                0x48069178                etasAscetLoggingBufferFillLevel
                0x4806a668                getLogSimulationTime
                0x480691ac                etasAscetLoggingOverflowCounter
                0x480691f0                asdDisableUserDefinedTime
                0x4806a690                getSimulationTime
                0x48069114                setSimulationTime
                0x480691e0                asdEnableUserDefinedTime
                0x4806a258                checkForBufferOverflow
                0x4806a6bc                resetDacqTimeFor
                0x480690e8                setLogSimulationTime
                0x480690e0                setDacqTimeFor
                0x48068ec0                applicationStopUserMode
                0x4806a7fc                timeMeasurementStop
                0x48069144                etasAscetLoggingBufferSize
                0x4806a8a4                logDataForChannel
                0x4806acf0                storeLogDataForGroup
                0x4806a850                timeMeasurementStart
                0x4806a79c                timeInSeconds
 .text          0x4806b044       0xd8 C:\Program Files (x86)\ETAS\INTECRIO4.7\Target\Etarget\ES910\libtarget.a(a_l1pro.o)
                0x4806b044                forwardToProcess
                0x4806b0a0                startUpSimulation
 .text          0x4806b11c     0x4c88 C:\Program Files (x86)\ETAS\INTECRIO4.7\Target\Etarget\ES910\libtarget.a(a_primit.o)
                0x4806f868                v3_initInstance_uint16
                0x4806cfc0                Vec_uint32_getAtProtected
                0x4806e4e4                v3_initInstance_Mat_real64
                0x4806db8c                v3_initInstance_Mat_bool
                0x4806f4e4                initInstance_GroupCharTable2
                0x4806f120                initInstance_Vec_real32
                0x4806c750                Mat_sint16_setAtProtected
                0x4806c5c8                Mat_uint16_setAtProtected
                0x4806e290                v3_initInstance_Mat_sint8
                0x4806e3b8                v3_initInstance_Mat_real32
                0x4806df10                v3_initInstance_Mat_uint16
                0x4806ce34                Vec_qreal64_getAtProtected
                0x4806fd34                delete_Mat
                0x4806b9a4                addVector
                0x4806e7c8                v3_initInstance_Vec_bool
                0x4806e018                initInstance_Mat_uint16
                0x4806f4c0                initInstance_uint32
                0x4806f96c                initInstance_sint16
                0x4806d7ec                qreal64_set
                0x4806fb28                initInstance_real32
                0x4806eec0                initInstance_Vec_uint8
                0x4806fc74                delete_CharTable2
                0x4806d34c                Vec_uint8_getAtProtected
                0x4806f8d8                initInstance_uint16
                0x4806b1a8                removeMatrix
                0x4806d2d0                Vec_uint8_setAtProtected
                0x4806dde4                v3_initInstance_Mat_sint32
                0x4806e8d4                initInstance_Vec_bool
                0x4806c030                Mat_real64_getAtProtected
                0x4806bf40                Mat_real64_setAtProtected
                0x4806dc94                initInstance_Mat_bool
                0x4806eb34                initInstance_Vec_sint32
                0x4806f990                v3_initInstance_uint8
                0x4806d6e0                Vec_qreal64_setAtProtected
                0x4806b870                addMatrix
                0x4806d9c8                v3_initInstance_Mat_qreal64
                0x4806cb20                Mat_sint8_getAtProtected
                0x4806f66c                initInstance_GroupCharTable1
                0x4806c81c                Mat_sint16_getAtProtected
                0x4806e8f8                v3_initInstance_Vec_uint32
                0x4806d428                Vec_sint8_getAtProtected
                0x4806c50c                Mat_sint32_getAtProtected
                0x4806d48c                qreal64_adjust
                0x4806fd6c                delete_Vec
                0x4806ec88                v3_initInstance_Vec_sint16
                0x4806ed94                initInstance_Vec_sint16
                0x4806cd14                Vec_real64_setAtProtected
                0x4806d108                Vec_uint16_setAtProtected
                0x4806ce5c                Vec_real32_setAtProtected
                0x4806e26c                initInstance_Mat_uint8
                0x4806c384                Mat_uint32_getAtProtected
                0x4806b128                getBasicType
                0x4806f010                v3_initInstance_Vec_real32
                0x4806d5b0                Mat_qreal64_setAtProtected
                0x4806ccb0                Vec_bool_getAtProtected
                0x4806fbc4                initInstance_real64
                0x4806e790                initInstance_Vec_qreal64
                0x4806fcb4                delete_GroupCharTable1
                0x4806f7d4                v3_initInstance_sint32
                0x4806e4c0                initInstance_Mat_real32
                0x4806d3ac                Vec_sint8_setAtProtected
                0x4806c1fc                Mat_real32_getAtProtected
                0x4806cc30                Vec_bool_setAtProtected
                0x4806b298                removeVector
                0x4806be84                Mat_bool_getAtProtected
                0x4806fcf4                delete_CharTable1
                0x4806f844                initInstance_sint32
                0x4806dcb8                v3_initInstance_Mat_uint32
                0x4806fa94                initInstance_sint8
                0x4806f5a8                initInstance_CharTable2
                0x4806f384                initInstance_qreal64
                0x4806c2b8                Mat_uint32_setAtProtected
                0x4806c694                Mat_uint16_getAtProtected
                0x4806e5ec                initInstance_Mat_real64
                0x4806fb4c                v3_initInstance_real64
                0x4806f450                v3_initInstance_uint32
                0x4806b134                getPrimitiveType
                0x4806bd20                Mat_setCurSizeYProtected
                0x4806eee4                v3_initInstance_Vec_sint8
                0x4806fa00                initInstance_uint8
                0x4806eb58                v3_initInstance_Vec_uint16
                0x4806b11c                getTypeSize
                0x4806deec                initInstance_Mat_sint32
                0x4806fab8                v3_initInstance_real32
                0x4806fc34                delete_GroupCharTable2
                0x4806bdb8                Mat_bool_setAtProtected
                0x4806ddc0                initInstance_Mat_uint32
                0x4806f42c                initInstance_bool
                0x4806cf40                Vec_uint32_setAtProtected
                0x4806e610                v3_initInstance_Vec_qreal64
                0x4806db4c                initInstance_Mat_qreal64
                0x4806c108                Mat_qreal64_getAtProtected
                0x4806edb8                v3_initInstance_Vec_uint8
                0x4806d0a4                Vec_sint32_getAtProtected
                0x4806e144                initInstance_Mat_sint16
                0x4806d188                Vec_uint16_getAtProtected
                0x4806cbdc                Vec_setCurSizeProtected
                0x4806fa24                v3_initInstance_sint8
                0x4806cdb4                Vec_real64_getAtProtected
                0x4806c8d8                Mat_uint8_setAtProtected
                0x4806ea04                initInstance_Vec_uint32
                0x4806e03c                v3_initInstance_Mat_sint16
                0x4806d024                Vec_sint32_setAtProtected
                0x4806fbe8                initInstance_reference
                0x4806d26c                Vec_sint16_getAtProtected
                0x4806ca58                Mat_sint8_setAtProtected
                0x4806bd6c                Mat_setCurSizeXProtected
                0x4806f3bc                v3_initInstance_bool
                0x4806f720                initInstance_CharTable1
                0x4806f274                v3_initInstance_qreal64
                0x4806d934                initInstance_quantInfo
                0x4806c130                Mat_real32_setAtProtected
                0x4806e394                initInstance_Mat_sint8
                0x4806ea28                v3_initInstance_Vec_sint32
                0x4806cedc                Vec_real32_getAtProtected
                0x4806c440                Mat_sint32_setAtProtected
                0x4806efec                initInstance_Vec_sint8
                0x4806d1ec                Vec_sint16_setAtProtected
                0x4806c9a0                Mat_uint8_getAtProtected
                0x4806f8fc                v3_initInstance_sint16
                0x4806e168                v3_initInstance_Mat_uint8
                0x4806ec64                initInstance_Vec_uint16
                0x4806f250                initInstance_Vec_real64
                0x4806f144                v3_initInstance_Vec_real64
 .text          0x4806fda4       0x20 C:\Program Files (x86)\ETAS\INTECRIO4.7\Target\Etarget\ES910\libtarget.a(a_sysver.o)
                0x4806fdb8                getBuildRevision
                0x4806fda4                getSystemLibVersion
                0x4806fdb0                getSystemLibCid
 .text          0x4806fdc4     0x305c C:\Program Files (x86)\ETAS\INTECRIO4.7\Target\Etarget\ES910\libtarget.a(a_targma.o)
                0x48070cc4                perfMeasStop
                0x48071694                asdMalloc
                0x48071a88                addToActiveSimObjList
                0x4806ff44                getTargetL1BufferSizeCode
                0x48071c18                asdWriteUserError
                0x4806fedc                setTargetL1BufferSize
                0x48072550                perfMeasDisplay
                0x4806fea8                getSimObjPtr
                0x48070f94                asdFree
                0x48071bec                asdClearUserError
                0x4806ff9c                resetPerfMeasObj
                0x48071468                asdMallocNoInit
                0x48072408                asdWriteUserDebug
                0x4806fdf4                searchInActiveList
                0x48071640                asdCalloc
                0x4806ff38                getTargetL1BufferSize
                0x4806fe50                removeFromActiveSimObjList
                0x48070d6c                perfMeasStart
                0x4806fdd0                instanceTreeMallocOn
                0x480715c0                createPerfMeasObj
                0x48072798                etasInitModelProcess
                0x48070768                getObjectsRecursive
                0x48070dd8                availableMemory
                0x4806fde0                instanceTreeMallocOff
                0x48070e8c                asdFreeAll
                0x48071928                updateCTBlocks
                0x480712f0                asdRealloc
                0x480712b0                deletePerfMeasObj
                0x4806fdc4                getInstanceTreeMemoryConsumption
 .text          0x48072e20     0x14ac C:\Program Files (x86)\ETAS\INTECRIO4.7\Target\Etarget\ES910\libtarget.a(i_cpyfnc.o)
                0x48073150                copyPlainFromFloat
                0x48073c7c                copyScalSatTypeSatFromFloat
                0x480742b4                copyInt
                0x480742c0                copyDouble
                0x480742a8                copyShort
                0x480737e4                copyScalFromValidFloat
                0x48073a28                copyScalSatFromFloat
                0x48073370                copySatFromFloat
                0x48072e20                copyPlainToFloat
                0x48073070                copyScalSatToFloat
                0x48072fb8                copyScalToFloat
                0x4807429c                copyByte
                0x48074040                copyBoolSatFromFloat
                0x48072eec                copySatToFloat
                0x480735b4                copyScalFromFloat
 .text          0x480742cc     0x5394 C:\Program Files (x86)\ETAS\INTECRIO4.7\Target\Etarget\ES910\libtarget.a(i_mapfnc.o)
                0x4807471c                var2BufByteOffsetReal64
                0x48076a98                var2BufBypassSint8
                0x48075734                var2Buf64BitIntelSint32
                0x48074950                var2BufByteOffsetBool
                0x480778d0                var2BufIndirectMotorolaReal32
                0x480746d8                buf2VarSimpleUint8
                0x480749e4                buf2VarByteOffsetSint32
                0x48077c44                buf2VarIndirectMotorolaSint32
                0x48078e54                var2BufIndirectIntelSint16
                0x4807960c                bufGenFrameInit
                0x48077770                buf2VarGenFrameIntelSint32
                0x48079350                buf2VarBypassIntelUint16
                0x48074e3c                var2Buf64BitMotorolaUint16
                0x480755fc                var2Buf64BitIntelUint32
                0x48075ea8                buf2Var64BitMotorolaReal32
                0x48076858                var2BufBypassMotorolaReal64
                0x48074f04                var2Buf64BitMotorolaSint16
                0x48074848                var2BufByteOffsetSint16
                0x48074690                buf2VarSimpleSint32
                0x48076be4                buf2VarBypassMotorolaSint32
                0x48074a34                buf2VarByteOffsetSint8
                0x48077994                var2BufIndirectMotorolaUint16
                0x48076bb4                buf2VarBypassMotorolaUint32
                0x48076178                buf2Var64BitMotorolaUint8
                0x48079184                var2BufBypassMaskedIntelBoolUint32
                0x48077ba4                buf2VarIndirectMotorolaReal64
                0x48074588                var2BufSimpleBool
                0x480775b0                buf2VarGenFrameMotorolaSint32
                0x48076094                buf2Var64BitMotorolaSint32
                0x48075154                var2Buf64BitMotorolaBool
                0x48077730                buf2VarGenFrameIntelUint32
                0x480774f0                var2BufGenFrameIntelBool
                0x480774b0                var2BufGenFrameIntelSint8
                0x48077230                var2BufGenFrameMotorolaSint16
                0x480778b0                var2BufIndirectMotorolaReal64
                0x480748a0                var2BufByteOffsetUint8
                0x48074ae4                var2Buf64BitMotorolaUint64
                0x480771f0                var2BufGenFrameMotorolaUint16
                0x480793e0                buf2VarBypassIntelUint32
                0x4807951c                var2BufBypassIntelSint32
                0x4807464c                buf2VarSimpleReal64
                0x48076c94                buf2VarBypassIntelReal64
                0x480749f8                buf2VarByteOffsetUint16
                0x480743c4                var2BufSimpleSint32
                0x48076fec                var2BufBypassMaskedUint8
                0x48076d6c                var2BufBypassMaskedMotorolaUint32
                0x480748f8                var2BufByteOffsetSint8
                0x4807531c                var2Buf64BitIntelUint64
                0x48077bd8                buf2VarIndirectMotorolaReal32
                0x48076b64                buf2VarBypassMotorolaReal64
                0x480772f0                var2BufGenFrameMotorolaBool
                0x4807586c                var2Buf64BitIntelUint16
                0x48074740                var2BufByteOffsetUint32
                0x48078d20                buf2VarIndirectIntelUint16
                0x48074a4c                buf2VarByteOffsetBool
                0x4807906c                var2BufBypassMaskedIntelSint16
                0x480745f0                var2BufSimpleUint8Bool
                0x48076938                var2BufBypassMotorolaUint16
                0x480790f8                var2BufBypassMaskedIntelUint16
                0x48074678                buf2VarSimpleUint32
                0x480772b0                var2BufGenFrameMotorolaSint8
                0x4807524c                var2Buf64BitIntelReal32
                0x48077dd0                buf2VarIndirectSint8
                0x48075ef0                buf2Var64BitMotorolaUint64
                0x48077170                var2BufGenFrameMotorolaUint32
                0x480781c0                var2BufGenFrameMotorolaReal64
                0x48079580                var2BufBypassIntelUint32
                0x48077670                buf2VarGenFrameMotorolaUint8
                0x480760dc                buf2Var64BitMotorolaUint16
                0x480767c4                buf2Var64BitIntelSint8
                0x48077330                var2BufGenFrameIntelReal32
                0x48076278                buf2Var64BitIntelReal32
                0x480751f8                var2Buf64BitIntelReal64
                0x48076ea8                var2BufBypassMaskedMotorolaUint16
                0x4807548c                var2Buf64BitIntelSint64
                0x480773f0                var2BufGenFrameIntelUint16
                0x48078c20                buf2VarGenFrameIntelReal64
                0x48076990                var2BufBypassMotorolaSint16
                0x48079424                buf2VarBypassIntelReal32
                0x4807939c                buf2VarBypassIntelSint32
                0x48074798                var2BufByteOffsetSint32
                0x480763e8                buf2Var64BitIntelSint64
                0x48077530                buf2VarGenFrameMotorolaReal32
                0x48079638                bufBypassInit
                0x48076600                buf2Var64BitIntelUint16
                0x48076e4c                var2BufBypassMaskedMotorolaBoolUint32
                0x48078f68                var2BufIndirectIntelUint32
                0x48077630                buf2VarGenFrameMotorolaSint16
                0x48074fcc                var2Buf64BitMotorolaUint8
                0x480762f4                buf2Var64BitIntelUint64
                0x480777f0                buf2VarGenFrameIntelSint16
                0x480773b0                var2BufGenFrameIntelSint32
                0x48078910                buf2VarGenFrameMotorolaReal64
                0x4807672c                buf2Var64BitIntelUint8
                0x480770d4                var2BufBypassMaskedBoolUint8
                0x480787f0                buf2VarGenFrameMotorolaUint64
                0x48077ccc                buf2VarIndirectMotorolaSint16
                0x480776f0                buf2VarGenFrameIntelReal32
                0x48074cbc                var2Buf64BitMotorolaUint32
                0x48078fc4                var2BufIndirectIntelReal32
                0x4807472c                var2BufByteOffsetReal32
                0x48078ff4                var2BufBypassMaskedIntelBoolUint16
                0x48076d34                buf2VarBypassSint8
                0x48075c28                var2Buf64BitIntelSint8
                0x48074d7c                var2Buf64BitMotorolaSint32
                0x48076698                buf2Var64BitIntelSint16
                0x48075aec                var2Buf64BitIntelUint8
                0x48078090                var2BufGenFrameMotorolaUint64
                0x480775f0                buf2VarGenFrameMotorolaUint16
                0x48076cfc                buf2VarBypassUint8
                0x48074a88                var2Buf64BitMotorolaReal32
                0x480777b0                buf2VarGenFrameIntelUint16
                0x480746ec                buf2VarSimpleSint8
                0x480778ec                var2BufIndirectMotorolaUint32
                0x48078a9c                buf2VarGenFrameIntelSint64
                0x48076c54                buf2VarBypassMotorolaSint16
                0x48074368                var2BufSimpleUint32
                0x480786cc                buf2VarGenFrameMotorolaSint64
                0x48074a60                buf64BitInit
                0x48077d18                buf2VarIndirectIntelReal64
                0x48078e18                buf2VarIndirectIntelReal32
                0x480768e0                var2BufBypassMotorolaSint32
                0x480794b8                var2BufBypassIntelUint16
                0x480776b0                buf2VarGenFrameMotorolaSint8
                0x48077f60                var2BufGenFrameMotorolaSint64
                0x48076f1c                var2BufBypassMaskedMotorolaSint16
                0x48076f90                var2BufBypassMaskedMotorolaBoolUint16
                0x480784b8                var2BufGenFrameIntelUint64
                0x48077270                var2BufGenFrameMotorolaUint8
                0x480744d8                var2BufSimpleUint8
                0x480749bc                buf2VarByteOffsetReal32
                0x48077af0                var2BufIndirectSint8
                0x48074660                buf2VarSimpleReal32
                0x48078d78                buf2VarIndirectIntelSint32
                0x48079454                var2BufBypassIntelSint16
                0x4807604c                buf2Var64BitMotorolaUint32
                0x48076888                var2BufBypassMotorolaUint32
                0x48079280                var2BufBypassMaskedIntelUint32
                0x48077a3c                var2BufIndirectIntelReal64
                0x48077060                var2BufBypassMaskedSint8
                0x480749d0                buf2VarByteOffsetUint32
                0x48077430                var2BufGenFrameIntelSint16
                0x48074704                buf2VarSimpleBool
                0x480746a8                buf2VarSimpleUint16
                0x480761c8                buf2Var64BitMotorolaSint8
                0x48076c1c                buf2VarBypassMotorolaUint16
                0x480749ac                buf2VarByteOffsetReal64
                0x48078f0c                var2BufIndirectIntelSint32
                0x48077c88                buf2VarIndirectMotorolaUint16
                0x48078b60                buf2VarGenFrameIntelUint64
                0x480769e8                var2BufBypassIntelReal64
                0x480764e0                buf2Var64BitIntelUint32
                0x4807612c                buf2Var64BitMotorolaSint16
                0x480771b0                var2BufGenFrameMotorolaSint32
                0x48075e84                buf2Var64BitMotorolaReal64
                0x48075f9c                buf2Var64BitMotorolaSint64
                0x48074a0c                buf2VarByteOffsetSint16
                0x48077a9c                var2BufIndirectUint8
                0x48077830                buf2VarGenFrameIntelUint8
                0x48078eb0                var2BufIndirectIntelUint16
                0x48077d8c                buf2VarIndirectUint8
                0x48077b44                var2BufIndirectBool
                0x480795e4                var2BufBypassIntelReal32
                0x48077370                var2BufGenFrameIntelUint32
                0x48074420                var2BufSimpleUint16
                0x48077940                var2BufIndirectMotorolaSint32
                0x48077570                buf2VarGenFrameMotorolaUint32
                0x480747f0                var2BufByteOffsetUint16
                0x48076214                buf2Var64BitIntelReal64
                0x48076570                buf2Var64BitIntelSint32
                0x48077130                var2BufGenFrameMotorolaReal32
                0x48075090                var2Buf64BitMotorolaSint8
                0x48077e14                formulaOutReal64
                0x48074530                var2BufSimpleSint8
                0x48077870                buf2VarGenFrameIntelSint8
                0x48077e30                formulaInReal64
                0x48074a74                var2Buf64BitMotorolaReal64
                0x4807447c                var2BufSimpleSint16
                0x48077470                var2BufGenFrameIntelUint8
                0x48076b90                buf2VarBypassMotorolaReal32
                0x48077c08                buf2VarIndirectMotorolaUint32
                0x48078570                var2BufGenFrameIntelReal64
                0x480779e8                var2BufIndirectMotorolaSint16
                0x480759ac                var2Buf64BitIntelSint16
                0x48076a40                var2BufBypassUint8
                0x480746c0                buf2VarSimpleSint16
                0x48078dc8                buf2VarIndirectIntelUint32
                0x48076ddc                var2BufBypassMaskedMotorolaSint32
                0x48078cc8                buf2VarIndirectIntelSint16
                0x4807433c                var2BufSimpleReal64
                0x48076874                var2BufBypassMotorolaReal32
                0x48074a20                buf2VarByteOffsetUint8
                0x48078400                var2BufGenFrameIntelSint64
                0x480791fc                var2BufBypassMaskedIntelSint32
                0x48074bd0                var2Buf64BitMotorolaSint64
                0x48079304                buf2VarBypassIntelSint16
                0x48074350                var2BufSimpleReal32
                0x48076af0                var2BufBypassBool
                0x48075d64                var2Buf64BitIntelBool
 .text          0x48079660      0xdb4 C:\Program Files (x86)\ETAS\INTECRIO4.7\Target\Etarget\ES910\libtarget.a(i_osman.o)
                0x48079bac                etasRemoveStopUserModeCallback
                0x48079e24                activateTaskWithId
                0x4807971c                findCurAppModeName
                0x48079888                getTaskIdForTask
                0x4807998c                clearMeasureGroupForTask
                0x48079a24                clearLogGroupForTask
                0x48079ce4                etasInitTaskTerminationHook
                0x4807a1a8                isModelStarted
                0x48079684                getEEId
                0x480797b8                getTaskPtrForId
                0x48079b20                etasAddInitTaskTerminationCallback
                0x48079ae8                etasAddStopUserModeCallback
                0x48079cb4                etasStopUserModeHook
                0x48079660                etasInitOsProcess
                0x480798c8                findCurTaskName
                0x480799b0                setMeasureGroupForTask
                0x48079a48                setLogGroupForTask
                0x48079be4                etasRemoveInitTaskTerminationCallback
 .text          0x4807a414     0x71f4 C:\Program Files (x86)\ETAS\INTECRIO4.7\Target\Etarget\ES910\libtarget.a(i_rtioma.o)
                0x4807a450                rtioCheckStartup
                0x4807a4ac                registerRtioDriverLockedCallback
                0x4807a4a0                etasRtioInitProcess
                0x48080d9c                rtioHook
                0x48080678                rtioSignalDriverLock
                0x4807a4a8                etasRtioExitProcess
                0x48080544                etasRtioIntDisableProcess
                0x4807a444                rtioSetConfigState
                0x4807a52c                deRegisterRtioDriverLockedCallback
                0x48080598                rtioSignalDriverUnlock
                0x48080564                etasRtioStartupProcess
                0x4807a438                rtioGetConfigState
                0x4807a5b0                rtioGetDriverLockedState
                0x4807a494                rtioIsOsExpertModeActive
                0x4807a488                rtioGetHwAbsenceBehavior
                0x4807a414                rtioSetLogPort
                0x4807a4a4                etasRtioIntEnableProcess
                0x4807a420                rtioSetConfigId
 .text          0x48081608      0x550 C:\Program Files (x86)\ETAS\INTECRIO4.7\Target\Etarget\ES910\libtarget.a(i_salone.o)
                0x48081b04                crossbarPrepareReconnection
                0x48081914                crossbarGetNextConfigResponse
                0x48081770                playbackConfigL1Records
                0x48081ab0                rtioPrepareReconnection
                0x48081a18                crossbarFinishReconnection
                0x480818a8                rtioGetNextConfigResponse
                0x48081980                rtioFinishReconnection
 .text          0x48081b58     0x13b4 C:\Program Files (x86)\ETAS\INTECRIO4.7\Target\Etarget\ES910\libtarget.a(t_croman.o)
                0x48081b64                crossbarSetConfigId
                0x48081b7c                crossbarGetConfigState
                0x48081b58                crossbarSetLogPort
                0x48081b88                crossbarSetConfigState
                0x48082e50                crossbarHook
 .text          0x48082f0c     0x1cf0 C:\Program Files (x86)\ETAS\INTECRIO4.7\Target\Etarget\ES910\libtarget.a(t_nvram.o)
                0x48083040                nvramClear
                0x48082ff0                nvramEnableAutoUpdate
                0x48083078                nvramResetStatistics
                0x48082f0c                nvramSetUpdateInterval
                0x48082fe4                nvramGetConsistencyLevel
                0x480841a0                nvramUpdateMemoryBackground
                0x48084600                nvramInit
                0x48083034                nvramCheckRunningUpdate
                0x48084104                nvramManualUpdateExit
                0x48083fcc                nvramManualUpdateBackground
                0x48083024                nvramCheckForAutoUpdate
                0x48084390                nvramInitModelVars
                0x4808306c                nvramCheckForInitializedVars
                0x4808359c                nvramGetUpdateAgeMs
                0x48083e98                nvramManualUpdateBlocked
                0x48082fc4                nvramSetConsistencyLevel
                0x4808300c                nvramDisableAutoUpdate
                0x480830dc                nvramGetStatistics
                0x48082f60                nvramGetUpdateInterval
 .text          0x48084bfc      0x6ec C:\Program Files (x86)\ETAS\INTECRIO4.7\Target\Etarget\ES910\libtarget.a(t_objlis.o)
                0x480851f0                createObjList
                0x48084bfc                dumpObjList
 .text          0x480852e8      0xcf8 C:\Program Files (x86)\ETAS\INTECRIO4.7\Target\Etarget\ES910\libtarget.a(t_rtcros.o)
                0x48085500                getObjectFromDynamicInstanceTree
                0x480852f4                deleteInstance_container
                0x480859a4                removeObjectFromDynamicInstanceTree
                0x48085390                initInstance_container
                0x48085b74                getValuePtr
                0x48085a8c                addObjectToDynamicInstanceTree
                0x48085920                getNextFreeRefIdOfDynamicInstanceTree
                0x480852e8                rtcrosSetLogPort
                0x480854d0                createDynamicInstanceTree
                0x48085bec                processBlockCommands
 .text          0x48085fe0     0x1b38 C:\Program Files (x86)\ETAS\INTECRIO4.7\Target\Etarget\ES910\libtarget.a(t_sgman.o)
                0x480879dc                sgHook
                0x48086140                sgGetComVarPtr
                0x480879a0                deleteComVarCallback
                0x48085fe0                sgGetCurTime
                0x48087944                sgGetObjPtr
 .text          0x48087b18     0x14d0 C:\Program Files (x86)\ETAS\INTECRIO4.7\Target\Etarget\ES910\libtarget.a(y_primit.o)
                0x4808841c                initInstance_columnDirMatrixWrapper
                0x48088ed8                initInstance_charTable1Wrapper
                0x48088974                initInstance_columnDirGroupCharTable2Wrapper
                0x48088580                initInstance_matrixWrapper
                0x48088b74                initInstance_groupCharTable1Wrapper
                0x48088834                initInstance_scalarWrapper
                0x48088a74                initInstance_groupCharTable2Wrapper
                0x480886e4                initInstance_vectorWrapper
                0x48088d9c                initInstance_charTable2Wrapper
                0x48088c60                initInstance_columnDirCharTable2Wrapper
 .text          0x48088fe8     0x19c8 C:\Program Files (x86)\ETAS\INTECRIO4.7\Target\Etarget\ES910\libtarget.a(a1b_dacq.o)
                0x480890d8                getA1bGroup
                0x4808a368                instanciateA1bChannel
                0x48089870                getA1bChannelGroupUpdateOffline
                0x4808a790                storeA1bDataForGroup
                0x48089e24                destructA1bChannelGroup
                0x4808a160                instanciateA1bGroup
                0x48089efc                freeA1bMeasureBuffers
                0x4808a770                allocateA1bMeasureBuffers
                0x48089094                addA1bChannelToA1bGroup
                0x48089c0c                destructA1bChannel
                0x48089174                removeA1bChannelFromA1bGroup
 .text          0x4808a9b0     0x1060 C:\Program Files (x86)\ETAS\INTECRIO4.7\Target\Etarget\ES910\libtarget.a(a_contai.o)
                0x4808b0c0                dVectorRewindHeadReentrant
                0x4808b004                dVectorRemoveObject
                0x4808b190                dVectorCreate
                0x4808aa08                dListGetObjectForward
                0x4808ad04                dTableRemoveLastObject
                0x4808b73c                dTableDelete
                0x4808ae58                dVectorGetObject
                0x4808a9f0                dListRewindTailReentrant
                0x4808b1e8                dTableCreate
                0x4808abc0                dTableGetObject
                0x4808ac5c                dTableIsEmpty
                0x4808ae40                dTableNofObjects
                0x4808aa60                dListGetObjectBackward
                0x4808b564                dTableAddObject
                0x4808b708                dTableDeleteStatic
                0x4808af6c                dVectorRemoveLastObject
                0x4808aee4                dVectorRemoveFirstObject
                0x4808ac7c                dTableRemoveFirstObject
                0x4808a9dc                dListRewindTail
                0x4808b2e4                dListAddObjectHead
                0x4808b9b0                dListDelete
                0x4808b780                dListRemoveObject
                0x4808aab8                dListGetObjectAtIndex
                0x4808b3c8                dVectorAddObject
                0x4808aa8c                dListGetObjectBackwardReentrant
                0x4808ab8c                dTableCreateStatic
                0x4808aa34                dListGetObjectForwardReentrant
                0x4808ae84                dVectorRemoveObjectAtIndex
                0x4808b0c8                dVectorGetObjectForwardReentrant
                0x4808b11c                dVectorGetIndexOfLastEntry
                0x4808b880                dListRemoveObjectTail
                0x4808b240                dListAddObjectTail
                0x4808abf8                dTableRemoveObject
                0x4808b520                dVectorDelete
                0x4808b918                dListRemoveObjectHead
                0x4808b0a0                dVectorIsEmpty
                0x4808ab48                dListIsEmpty
                0x4808b38c                dListCreate
                0x4808ad9c                dTableTestFunc
                0x4808b104                dVectorNofObjects
                0x4808a9b0                dListRewindHead
                0x4808ab74                dListNofObjects
                0x4808a9c4                dListRewindHeadReentrant
 .text          0x4808ba10     0x2378 C:\Program Files (x86)\ETAS\INTECRIO4.7\Target\Etarget\ES910\libtarget.a(t_sglow.o)
                0x4808c96c                freeDataSignal
                0x4808cd9c                makeDataSignal
                0x4808c580                computeTimeSliceTimes
                0x4808c248                setSinewaveSignal
                0x4808bc3c                getIntervalNr
                0x4808c880                deleteTimeSlice
                0x4808daec                freeChannel
                0x4808cdd4                makeLinearSignal
                0x4808dbe0                freeStimuliSet
                0x4808c3a0                setIntervalPulseSignal
                0x4808c9d0                freeInterval
                0x4808c354                setPulseSignal
                0x4808c52c                setTimeSlice
                0x4808bb74                insertTimeSlice
                0x4808cc30                makeSinewaveSignal
                0x4808d16c                makeIntervalDataSignal
                0x4808bff8                binsearch
                0x4808c90c                freeRandomSignal
                0x4808bf34                getLinearSignalY
                0x4808bb28                getTimeSliceNr
                0x4808c664                getTimeSliceT
                0x4808d340                getRandomSignalY
                0x4808c92c                freePulseSignal
                0x4808c460                setRandomSignal
                0x4808d83c                getChannelY
                0x4808cd4c                setIntervalDataSignal
                0x4808d560                getSinewaveSignalY
                0x4808dcf4                makeStimuliSet
                0x4808bd5c                computeIntervalTimes
                0x4808be9c                setIntervalLinearSignal
                0x4808cae4                makeTimeSlice