Archive member included because of file (symbol)

Car_State1/Car_State1.a(Car_State.o)
                              Car_State0/Car_State_instances.o (Car_State_U)
Disconnections1/Disconnections1.a(Disconnections.o)
                              Disconnections0/Disconnections_instances.o (Disconnections_DW)
Ellipse1/Ellipse1.a(Ellipse.o)
                              Ellipse0/Ellipse_instances.o (Ellipse_B)
Inverters_Action1/Inverters_Action1.a(Inverters_Action.o)
                              Inverters_Action0/Inverters_Action_instances.o (Inverters_Action_U)
Inverters_Action1/Inverters_Action1.a(Inverters_Action_data.o)
                              Inverters_Action0/Inverters_Action_instances.o (Inverters_Action_ConstB)
Inverters_Data1/Inverters_Data1.a(Inverters_Data.o)
                              Inverters_Data0/Inverters_Data_instances.o (Inverters_Data_DW)
Power_Control1/Power_Control1.a(Power_Control.o)
                              Power_Control0/Power_Control_instances.o (Power_Control_DW)
Sensors1/Sensors1.a(Sensors.o)
                              Sensors0/Sensors_instances.o (Sensors_U)
Sensors1/Sensors1.a(Sensors_data.o)
                              Sensors0/Sensors_instances.o (Sensors_ConstB)
Synchronism1/Synchronism1.a(Synchronism.o)
                              Synchronism0/Synchronism_instances.o (Synchronism_DW)
VDC1/VDC1.a(VDC.o)            VDC0/VDC_instances.o (VDC_DW)
matlabsharedR2023b/matlabsharedR2023b.a(const_params.o)
                              Inverters_Data1/Inverters_Data1.a(Inverters_Data.o) (rtCP_pooled_JOqMvXAXZOeU)
matlabsharedR2023b/matlabsharedR2023b.a(look1_binlxpw.o)
                              Inverters_Data1/Inverters_Data1.a(Inverters_Data.o) (look1_binlxpw)
matlabsharedR2023b/matlabsharedR2023b.a(rt_nonfinite.o)
                              Inverters_Action1/Inverters_Action1.a(Inverters_Action.o) (rtIsInf)
matlabsharedR2023b/matlabsharedR2023b.a(rtgetinf.o)
                              matlabsharedR2023b/matlabsharedR2023b.a(rt_nonfinite.o) (rtGetInf)
matlabsharedR2023b/matlabsharedR2023b.a(rtgetnan.o)
                              matlabsharedR2023b/matlabsharedR2023b.a(rt_nonfinite.o) (rtGetNaN)
OSC/TaskISRArchive.a(etasConfigTask.o)
                              OSC/osekdefs.o (osek_task_e_etasConfigTask)
OSC/TaskISRArchive.a(Sync_25ms.o)
                              OSC/osekdefs.o (osek_task_e_Sync_25ms)
OSC/TaskISRArchive.a(Timer_1000ms.o)
                              OSC/osekdefs.o (osek_task_e_Timer_1000ms)
OSC/TaskISRArchive.a(Timer_100ms.o)
                              OSC/osekdefs.o (osek_task_e_Timer_100ms)
OSC/TaskISRArchive.a(Timer_25ms.o)
                              OSC/osekdefs.o (osek_task_e_Timer_25ms)
OSC/TaskISRArchive.a(Timer_Inv.o)
                              OSC/osekdefs.o (osek_task_e_Timer_Inv)
OSC/TaskISRArchive.a(SWT_CAN1_AP_BMS_SDC.o)
                              OSC/osekdefs.o (osek_task_e_SWT_CAN1_AP_BMS_SDC)
OSC/TaskISRArchive.a(SWT_CAN1_AP_CurrentSensor.o)
                              OSC/osekdefs.o (osek_task_e_SWT_CAN1_AP_CurrentSensor)
OSC/TaskISRArchive.a(SWT_CAN1_AP_BMS_Voltages.o)
                              OSC/osekdefs.o (osek_task_e_SWT_CAN1_AP_BMS_Voltages)
OSC/TaskISRArchive.a(SWT_CAN1_AP_BMS_ChargerParameters.o)
                              OSC/osekdefs.o (osek_task_e_SWT_CAN1_AP_BMS_ChargerParameters)
OSC/TaskISRArchive.a(SWT_CAN1_AP_BMS_Temperatures.o)
                              OSC/osekdefs.o (osek_task_e_SWT_CAN1_AP_BMS_Temperatures)
OSC/TaskISRArchive.a(SWT_CAN1_AP_Inverter_R_Tx.o)
                              OSC/osekdefs.o (osek_task_e_SWT_CAN1_AP_Inverter_R_Tx)
OSC/TaskISRArchive.a(SWT_CAN1_AP_Inverter_L_Tx.o)
                              OSC/osekdefs.o (osek_task_e_SWT_CAN1_AP_Inverter_L_Tx)
OSC/TaskISRArchive.a(SWT_CAN1_AP_DASH_Mode.o)
                              OSC/osekdefs.o (osek_task_e_SWT_CAN1_AP_DASH_Mode)
OSC/TaskISRArchive.a(SWT_CAN1_NM_BMS_Keep_Alive.o)
                              OSC/osekdefs.o (osek_task_e_SWT_CAN1_NM_BMS_Keep_Alive)
OSC/TaskISRArchive.a(SWT_CAN1_AP_BMS_AIRs_State.o)
                              OSC/osekdefs.o (osek_task_e_SWT_CAN1_AP_BMS_AIRs_State)
OSC/TaskISRArchive.a(SWT_CAN1_NM_DASH_Keep_Alive.o)
                              OSC/osekdefs.o (osek_task_e_SWT_CAN1_NM_DASH_Keep_Alive)
OSC/TaskISRArchive.a(SWT_CAN1_AP_DASH_PrechargeRequest.o)
                              OSC/osekdefs.o (osek_task_e_SWT_CAN1_AP_DASH_PrechargeRequest)
OSC/TaskISRArchive.a(SWT_CAN1_AP_DASH_EnableDrive.o)
                              OSC/osekdefs.o (osek_task_e_SWT_CAN1_AP_DASH_EnableDrive)
OSC/TaskISRArchive.a(SWT_CAN2_AP_ELLIPSE_GPS_VEL.o)
                              OSC/osekdefs.o (osek_task_e_SWT_CAN2_AP_ELLIPSE_GPS_VEL)
OSC/TaskISRArchive.a(SWT_CAN2_MEAS_RECU_SDC.o)
                              OSC/osekdefs.o (osek_task_e_SWT_CAN2_MEAS_RECU_SDC)
OSC/TaskISRArchive.a(SWT_CAN2_MEAS_FECU_SDC.o)
[...]
Memory Configuration

Name             Origin             Length             Attributes
*default*        0x00000000         0xffffffff

Linker script and memory map

LOAD C:/ETAS/Compiler/INTECRIO5.0/QNXCompiler-V6.5\target\qnx6/ppcbe-spe/lib/crt1.o
LOAD C:/ETAS/Compiler/INTECRIO5.0/QNXCompiler-V6.5\target\qnx6/ppcbe-spe/lib/crti.o
LOAD C:/ETAS/Compiler/INTECRIO5.0/QNXCompiler-V6.5\host\win32\x86/usr/lib/gcc/powerpc-unknown-nto-qnx6.5.0/4.4.2/spe/crtbegin.o
LOAD C:\ETAS\Compiler\INTECRIO5.0\QNXCompiler-V6.5\target\qnx6\ppcbe-spe\lib\gcc\4.4.2/libcpp.so
                0x00000000                PROVIDE (__stack, 0x0)
                0x00000000                PROVIDE (___stack, 0x0)
                0x48040000                PROVIDE (__executable_start, 0x48040000)
                0x480400f4                . = (0x48040000 + SIZEOF_HEADERS)

.interp         0x480400f4       0x14
 *(.interp)
 .interp        0x480400f4       0x14 C:/ETAS/Compiler/INTECRIO5.0/QNXCompiler-V6.5\target\qnx6/ppcbe-spe/lib/crt1.o

.note           0x48040110       0x18
 .note          0x48040110       0x18 C:/ETAS/Compiler/INTECRIO5.0/QNXCompiler-V6.5\target\qnx6/ppcbe-spe/lib/crtn.o

.note.gnu.build-id
 *(.note.gnu.build-id)

.hash           0x48040128      0x6a0
 *(.hash)
 .hash          0x48040128      0x6a0 C:/ETAS/Compiler/INTECRIO5.0/QNXCompiler-V6.5\target\qnx6/ppcbe-spe/lib/crt1.o

.gnu.hash
 *(.gnu.hash)

.dynsym         0x480407c8      0xe10
 *(.dynsym)
 .dynsym        0x480407c8      0xe10 C:/ETAS/Compiler/INTECRIO5.0/QNXCompiler-V6.5\target\qnx6/ppcbe-spe/lib/crt1.o

.dynstr         0x480415d8      0xbca
 *(.dynstr)
 .dynstr        0x480415d8      0xbca C:/ETAS/Compiler/INTECRIO5.0/QNXCompiler-V6.5\target\qnx6/ppcbe-spe/lib/crt1.o

.gnu.version    0x480421a2      0x1c2
 *(.gnu.version)
 .gnu.version   0x480421a2      0x1c2 C:/ETAS/Compiler/INTECRIO5.0/QNXCompiler-V6.5\target\qnx6/ppcbe-spe/lib/crt1.o

.gnu.version_d  0x48042364        0x0
 *(.gnu.version_d)
 .gnu.version_d
                0x00000000        0x0 C:/ETAS/Compiler/INTECRIO5.0/QNXCompiler-V6.5\target\qnx6/ppcbe-spe/lib/crt1.o

.gnu.version_r  0x48042364       0x20
 *(.gnu.version_r)
 .gnu.version_r
                0x48042364       0x20 C:/ETAS/Compiler/INTECRIO5.0/QNXCompiler-V6.5\target\qnx6/ppcbe-spe/lib/crt1.o

.rel.dyn
 *(.rel.init)
 *(.rel.text .rel.text.* .rel.gnu.linkonce.t.*)
 *(.rel.fini)
 *(.rel.rodata .rel.rodata.* .rel.gnu.linkonce.r.*)
 *(.rel.data.rel.ro* .rel.gnu.linkonce.d.rel.ro.*)
 *(.rel.data .rel.data.* .rel.gnu.linkonce.d.*)
 *(.rel.tdata .rel.tdata.* .rel.gnu.linkonce.td.*)
 *(.rel.tbss .rel.tbss.* .rel.gnu.linkonce.tb.*)
 *(.rel.ctors)
 *(.rel.dtors)
 *(.rel.got)
 *(.rel.sdata .rel.sdata.* .rel.gnu.linkonce.s.*)
 *(.rel.sbss .rel.sbss.* .rel.gnu.linkonce.sb.*)
 *(.rel.sdata2 .rel.sdata2.* .rel.gnu.linkonce.s2.*)
 *(.rel.sbss2 .rel.sbss2.* .rel.gnu.linkonce.sb2.*)
 *(.rel.bss .rel.bss.* .rel.gnu.linkonce.b.*)

.rela.dyn       0x48042384       0x90
 *(.rela.init)
 *(.rela.text .rela.text.* .rela.gnu.linkonce.t.*)
 .rela.text     0x00000000        0x0 C:/ETAS/Compiler/INTECRIO5.0/QNXCompiler-V6.5\target\qnx6/ppcbe-spe/lib/crt1.o
 *(.rela.fini)
 *(.rela.rodata .rela.rodata.* .rela.gnu.linkonce.r.*)
 .rela.rodata   0x00000000        0x0 C:/ETAS/Compiler/INTECRIO5.0/QNXCompiler-V6.5\target\qnx6/ppcbe-spe/lib/crt1.o
 *(.rela.data .rela.data.* .rela.gnu.linkonce.d.*)
 .rela.data     0x00000000        0x0 C:/ETAS/Compiler/INTECRIO5.0/QNXCompiler-V6.5\target\qnx6/ppcbe-spe/lib/crt1.o
 *(.rela.tdata .rela.tdata.* .rela.gnu.linkonce.td.*)
 *(.rela.tbss .rela.tbss.* .rela.gnu.linkonce.tb.*)
 *(.rela.ctors)
 *(.rela.dtors)
 *(.rela.got)
 .rela.got      0x48042384       0x30 C:/ETAS/Compiler/INTECRIO5.0/QNXCompiler-V6.5\target\qnx6/ppcbe-spe/lib/crt1.o
 *(.rela.got1)
 *(.rela.got2)
 *(.rela.sdata .rela.sdata.* .rela.gnu.linkonce.s.*)
 *(.rela.sbss .rela.sbss.* .rela.gnu.linkonce.sb.*)
 .rela.sbss     0x00000000        0x0 C:/ETAS/Compiler/INTECRIO5.0/QNXCompiler-V6.5\target\qnx6/ppcbe-spe/lib/crt1.o
 *(.rela.sdata2 .rela.sdata2.* .rela.gnu.linkonce.s2.*)
 *(.rela.sbss2 .rela.sbss2.* .rela.gnu.linkonce.sb2.*)
 *(.rela.bss .rela.bss.* .rela.gnu.linkonce.b.*)
 .rela.bss      0x480423b4       0x60 C:/ETAS/Compiler/INTECRIO5.0/QNXCompiler-V6.5\target\qnx6/ppcbe-spe/lib/crt1.o
 .rela.os_pid   0x00000000        0x0 C:/ETAS/Compiler/INTECRIO5.0/QNXCompiler-V6.5\target\qnx6/ppcbe-spe/lib/crt1.o
 .rela.os_intvec
                0x00000000        0x0 C:/ETAS/Compiler/INTECRIO5.0/QNXCompiler-V6.5\target\qnx6/ppcbe-spe/lib/crt1.o

.rel.plt
 *(.rel.plt)

.rela.plt       0x48042414      0x930
 *(.rela.plt)
 .rela.plt      0x48042414      0x930 C:/ETAS/Compiler/INTECRIO5.0/QNXCompiler-V6.5\target\qnx6/ppcbe-spe/lib/crt1.o

.init           0x48042d44       0x24
 *(.init)
 .init          0x48042d44        0xc C:/ETAS/Compiler/INTECRIO5.0/QNXCompiler-V6.5\target\qnx6/ppcbe-spe/lib/crti.o
                0x48042d44                _init
 .init          0x48042d50        0x4 C:/ETAS/Compiler/INTECRIO5.0/QNXCompiler-V6.5\host\win32\x86/usr/lib/gcc/powerpc-unknown-nto-qnx6.5.0/4.4.2/spe/crtbegin.o
 .init          0x48042d54        0x4 C:/ETAS/Compiler/INTECRIO5.0/QNXCompiler-V6.5\host\win32\x86/usr/lib/gcc/powerpc-unknown-nto-qnx6.5.0/4.4.2/spe/crtend.o
 .init          0x48042d58       0x10 C:/ETAS/Compiler/INTECRIO5.0/QNXCompiler-V6.5\target\qnx6/ppcbe-spe/lib/crtn.o

.text           0x48042d68    0x49d24
                0x48042d68                _btext = .
 *(.text .stub .text.* .gnu.linkonce.t.*)
 .text          0x48042d68      0x118 C:/ETAS/Compiler/INTECRIO5.0/QNXCompiler-V6.5\target\qnx6/ppcbe-spe/lib/crt1.o
                0x48042d68                _start
 .text          0x48042e80        0x0 C:/ETAS/Compiler/INTECRIO5.0/QNXCompiler-V6.5\target\qnx6/ppcbe-spe/lib/crti.o
 .text          0x48042e80      0x1b8 C:/ETAS/Compiler/INTECRIO5.0/QNXCompiler-V6.5\host\win32\x86/usr/lib/gcc/powerpc-unknown-nto-qnx6.5.0/4.4.2/spe/crtbegin.o
 .text          0x48043038      0x240 ROOT_instances.o
                0x480431dc                initializeYukonModel
                0x48043088                getSystemTimeS
                0x48043050                getModelIdentificationString
                0x48043064                getDeltaT
                0x48043038                getIntecrioVersionNumber
                0x48043168                os_setDeltaT
                0x4804305c                getBuildEnvironment
                0x48043044                getBuildEnvironmentVersion
 .text          0x48043278        0x0 _INT_pid.pi.o
 .text          0x48043278       0x24 userFuncProcessCanPayload.o
                0x4804328c                userCanInitHook
                0x48043298                userCanTxHookV3
                0x48043290                userCanExitHook
                0x48043278                userCanHookGetVersionAndCid
                0x48043294                userCanRxHookV3
 .text          0x4804329c       0x24 userFuncProcessFlexRayPayload.o
                0x480432bc                userFlexRayPDURxHook
                0x480432b8                userFlexRayPDUTxHook
                0x4804329c                userFlexRayHookGetVersionAndCid
                0x480432b0                userFlexRayInitHook
                0x480432b4                userFlexRayExitHook
 .text          0x480432c0       0x60 OSC/i_rtawrapper.o
                0x48043300                rtaActivateTask
                0x480432e0                rtaSchedule
                0x480432c0                rtaShutdownOS
 .text          0x48043320      0x2c4 Car_State0/Car_State_instances.o
                0x480433c8                initClass_RTWTop_Car_State
                0x48043380                initInstance_RTWTop_Car_State
                0x48043320                setDeltaT_Car_State
                0x480435b8                initModel_RTWTop_Car_State
 .text          0x480435e4      0xba8 Car_State1/Car_State1.a(Car_State.o)
                0x48043f88                MdlInitialize_Car_State
                0x480435f8                Car_State_FALSE
                0x4804360c                MdlOutputs_Car_State
                0x48043f08                MdlUpdate_Car_State
                0x480435e4                Car_State_TRUE
                0x48043f8c                MdlStart_Car_State
                0x48043f80                MdlInitializeSizes_Car_State
                0x48043f84                MdlInitializeSampleTimes_Car_State
                0x48043fd8                Car_State
                0x48043fd4                MdlTerminate_Car_State
 .text          0x4804418c      0x550 Disconnections0/Disconnections_instances.o
                0x480441ec                initInstance_RTWTop_Disconnections
                0x480446b0                initModel_RTWTop_Disconnections
                0x4804418c                setDeltaT_Disconnections
                0x48044234                initClass_RTWTop_Disconnections
 .text          0x480446dc      0xd90 Disconnections1/Disconnections1.a(Disconnections.o)
                0x48045298                MdlTerminate_Disconnections
                0x4804529c                Disconnections
                0x4804474c                Disconnectio_IfActionSubsystem3
                0x48044760                Disconnections_RigidAxle2024
                0x48045220                MdlInitializeSampleTimes_Disconnections
                0x480446f0                Disconnections_Counting
                0x48045228                MdlStart_Disconnections
                0x480446dc                Disconnections_Reset_counter
                0x4804521c                MdlInitializeSizes_Disconnections
                0x48044774                MdlOutputs_Disconnections
                0x48045224                MdlInitialize_Disconnections
                0x4804470c                Disconnections_CAN_OK
                0x480451a4                MdlUpdate_Disconnections
                0x48044738                Disconnection_IfActionSubsystem
 .text          0x4804546c      0x230 Ellipse0/Ellipse_instances.o
                0x48045514                initClass_RTWTop_Ellipse
                0x4804546c                setDeltaT_Ellipse
                0x480454cc                initInstance_RTWTop_Ellipse
                0x48045670                initModel_RTWTop_Ellipse
 .text          0x4804569c      0x370 Ellipse1/Ellipse1.a(Ellipse.o)
                0x480458e0                MdlOutputs_Ellipse
                0x4804571c                MdlInitialize_Ellipse
                0x48045714                MdlInitializeSizes_Ellipse
                0x4804569c                MdlUpdate_Ellipse
                0x4804573c                MdlTerminate_Ellipse
                0x48045720                MdlStart_Ellipse
                0x48045718                MdlInitializeSampleTimes_Ellipse
                0x48045740                Ellipse
 .text          0x48045a0c      0x3a0 Inverters_Action0/Inverters_Action_instances.o
                0x48045d80                initModel_RTWTop_Inverters_Action
                0x48045a0c                setDeltaT_Inverters_Action
                0x48045ab4                initClass_RTWTop_Inverters_Action
                0x48045a6c                initInstance_RTWTop_Inverters_Action
 .text          0x48045dac      0xcac Inverters_Action1/Inverters_Action1.a(Inverters_Action.o)
                0x48045f18                MdlInitializeSizes_Inverters_Action
                0x48045f20                MdlInitialize_Inverters_Action
                0x48045f70                Inverters_Action
                0x48045f24                MdlStart_Inverters_Action
                0x48045dac                Inverters_Actio_EnumerationDone
                0x48045e2c                Inverters_Acti_ActionnotDefined
                0x48045e54                Inverters_Action_TorqueCommand0
                0x48045e84                MdlUpdate_Inverters_Action
                0x48045dd4                Inverte_DisableDriveEnableDrive
                0x48045e70                Inverters_Acti_ResetEnumeration
                0x48045f6c                MdlTerminate_Inverters_Action
                0x48045f1c                MdlInitializeSampleTimes_Inverters_Action
                0x48045e44                Inverters_Action_bypass
                0x48046468                MdlOutputs_Inverters_Action
                0x48046310                Inverters_Action_TorqueCommand
                0x4804614c                Inverters_Ac_RegisterEnumerator
                0x48045dc0                Inverters_Action_Unsubscribe
 .text          0x48046a58        0x0 Inverters_Action1/Inverters_Action1.a(Inverters_Action_data.o)
 .text          0x48046a58      0x354 Inverters_Data0/Inverters_Data_instances.o
                0x48046b00                initClass_RTWTop_Inverters_Data
                0x48046ab8                initInstance_RTWTop_Inverters_Data
                0x48046a58                setDeltaT_Inverters_Data
                0x48046d80                initModel_RTWTop_Inverters_Data
 .text          0x48046dac      0x624 Inverters_Data1/Inverters_Data1.a(Inverters_Data.o)
                0x48046e1c                MdlUpdate_Inverters_Data
                0x48046e9c                MdlInitialize_Inverters_Data
                0x48046e08                Inverters_Data_Signal_OK
                0x48046ec8                MdlTerminate_Inverters_Data
                0x48046dc8                Inverters_Data_CAN_OK
                0x48047070                MdlOutputs_Inverters_Data
                0x48046df4                Inverters_Data_Signal_Failure
                0x48046ecc                Inverters_Data
                0x48046ea0                MdlStart_Inverters_Data
                0x48046e98                MdlInitializeSampleTimes_Inverters_Data
                0x48046dac                Inverters_Data_Error_Counter
                0x48046e94                MdlInitializeSizes_Inverters_Data
 .text          0x480473d0      0x290 Power_Control0/Power_Control_instances.o
                0x480473d0                setDeltaT_Power_Control
                0x48047430                initInstance_RTWTop_Power_Control
                0x48047478                initClass_RTWTop_Power_Control
                0x48047634                initModel_RTWTop_Power_Control
 .text          0x48047660      0xc68 Power_Control1/Power_Control1.a(Power_Control.o)
                0x480477b4                MdlTerminate_Power_Control
                0x480477b8                Power_Control
                0x48047750                MdlInitializeSampleTimes_Power_Control
                0x480476d4                MdlUpdate_Power_Control
                0x48047fd4                MdlOutputs_Power_Control
                0x4804774c                MdlInitializeSizes_Power_Control
                0x480479a4                Power_Co_MotorL_Temp_Limitation
                0x480476a4                Pow_MotorL_Temp_Limitation_Init
                0x48047758                MdlStart_Power_Control
                0x48047754                MdlInitialize_Power_Control
                0x48047660                Power_Control_LimitReached
                0x48047cbc                Power_InverterL_Temp_Limitation
                0x48047674                InverterL_Temp_Limitation_Init
 .text          0x480482c8      0x358 Sensors0/Sensors_instances.o
                0x48048328                initInstance_RTWTop_Sensors
                0x480485f4                initModel_RTWTop_Sensors
                0x480482c8                setDeltaT_Sensors
                0x48048370                initClass_RTWTop_Sensors
 .text          0x48048620      0x6ac Sensors1/Sensors1.a(Sensors.o)
                0x48048634                Sensors_IfActionSubsystem1
                0x48048ae8                MdlInitializeSampleTimes_Sensors
                0x48048b10                MdlTerminate_Sensors
                0x48048620                Sensors_IfActionSubsystem
                0x48048650                MdlOutputs_Sensors
                0x48048a6c                MdlUpdate_Sensors
                0x48048ae4                MdlInitializeSizes_Sensors
                0x48048aec                MdlInitialize_Sensors
                0x48048af0                MdlStart_Sensors
                0x48048b14                Sensors
 .text          0x48048ccc        0x0 Sensors1/Sensors1.a(Sensors_data.o)
 .text          0x48048ccc      0x14c Synchronism0/Synchronism_instances.o
                0x48048d74                initClass_RTWTop_Synchronism
                0x48048d2c                initInstance_RTWTop_Synchronism
                0x48048dec                initModel_RTWTop_Synchronism
                0x48048ccc                setDeltaT_Synchronism
 .text          0x48048e18      0x268 Synchronism1/Synchronism1.a(Synchronism.o)
                0x48048eec                MdlInitializeSizes_Synchronism
                0x48048ef4                MdlInitialize_Synchronism
                0x48048ef8                MdlStart_Synchronism
                0x48048f14                MdlTerminate_Synchronism
                0x48048f18                Synchronism
                0x48048e18                MdlOutputs_Synchronism
                0x48048e74                MdlUpdate_Synchronism
                0x48048ef0                MdlInitializeSampleTimes_Synchronism
 .text          0x48049080      0x528 VDC0/VDC_instances.o
                0x480490e0                initInstance_RTWTop_VDC
                0x48049080                setDeltaT_VDC
                0x4804957c                initModel_RTWTop_VDC
                0x48049128                initClass_RTWTop_VDC
 .text          0x480495a8     0x211c VDC1/VDC1.a(VDC.o)
                0x48049c04                MdlOutputs_VDC
                0x48049764                VDC_IfActionSubsystem1
                0x4804964c                VDC_RIGIDAXLE
                0x48049810                MdlInitialize_VDC
                0x480495a8                VDC_MATLABFunction
                0x48049790                MdlUpdate_VDC
                0x480498bc                VDC
                0x48049710                VDC_RIGIDAXLEWITHTC_Init
                0x48049814                MdlStart_VDC
                0x48049a8c                VDC_RIGIDAXLEWITHTC
                0x48049808                MdlInitializeSizes_VDC
                0x480498b8                MdlTerminate_VDC
                0x4804980c                MdlInitializeSampleTimes_VDC
                0x4804967c                VDC_Torquedemandedbythedriver
                0x48049724                VDC_IfActionSubsystem
 .text          0x4804b6c4        0x0 matlabsharedR2023b/matlabsharedR2023b.a(const_params.o)
 .text          0x4804b6c4      0x114 matlabsharedR2023b/matlabsharedR2023b.a(look1_binlxpw.o)
                0x4804b6c4                look1_binlxpw
 .text          0x4804b7d8      0x19c matlabsharedR2023b/matlabsharedR2023b.a(rt_nonfinite.o)
                0x4804b8e0                rt_InitInfAndNaN
                0x4804b864                rtIsNaN
                0x4804b8b8                rtIsNaNF
                0x4804b824                rtIsInfF
                0x4804b7d8                rtIsInf
 .text          0x4804b974       0xd0 matlabsharedR2023b/matlabsharedR2023b.a(rtgetinf.o)
                0x4804b974                rtGetInf
                0x4804b9dc                rtGetMinusInf
                0x4804ba38                rtGetMinusInfF
                0x4804b9d0                rtGetInfF
 .text          0x4804ba44       0x84 matlabsharedR2023b/matlabsharedR2023b.a(rtgetnan.o)
                0x4804baa4                rtGetNaNF
                0x4804ba44                rtGetNaN
 .text          0x4804bac8      0x434 OSC/osekdefs.o
                0x4804bde8                osE_ISR_CAN2
                0x4804bb88                os_StartOS
                0x4804bc74                os_pre_errorhook
                0x4804be44                osE_ISR_CAN1
                0x4804bc94                Tick_etasCounter
                0x4804bdc8                osek_dispatch
                0x4804bac8                osResetOS
                0x4804bea0                osE_etasL1Isr
 .text          0x4804befc        0x0 OSC/osgen.o
 .text          0x4804befc       0x4c OSC/TaskISRArchive.a(etasConfigTask.o)
                0x4804befc                osek_task_e_etasConfigTask
 .text          0x4804bf48       0x60 OSC/TaskISRArchive.a(Sync_25ms.o)
                0x4804bf48                osek_task_e_Sync_25ms
 .text          0x4804bfa8       0x54 OSC/TaskISRArchive.a(Timer_1000ms.o)
                0x4804bfa8                osek_task_e_Timer_1000ms
 .text          0x4804bffc       0x54 OSC/TaskISRArchive.a(Timer_100ms.o)
                0x4804bffc                osek_task_e_Timer_100ms
 .text          0x4804c050       0x9c OSC/TaskISRArchive.a(Timer_25ms.o)
                0x4804c050                osek_task_e_Timer_25ms
 .text          0x4804c0ec       0x6c OSC/TaskISRArchive.a(Timer_Inv.o)
                0x4804c0ec                osek_task_e_Timer_Inv
 .text          0x4804c158       0x50 OSC/TaskISRArchive.a(SWT_CAN1_AP_BMS_SDC.o)
                0x4804c158                osek_task_e_SWT_CAN1_AP_BMS_SDC
 .text          0x4804c1a8       0x50 OSC/TaskISRArchive.a(SWT_CAN1_AP_CurrentSensor.o)
                0x4804c1a8                osek_task_e_SWT_CAN1_AP_CurrentSensor
 .text          0x4804c1f8       0x50 OSC/TaskISRArchive.a(SWT_CAN1_AP_BMS_Voltages.o)
                0x4804c1f8                osek_task_e_SWT_CAN1_AP_BMS_Voltages
 .text          0x4804c248       0x50 OSC/TaskISRArchive.a(SWT_CAN1_AP_BMS_ChargerParameters.o)
                0x4804c248                osek_task_e_SWT_CAN1_AP_BMS_ChargerParameters
 .text          0x4804c298       0x50 OSC/TaskISRArchive.a(SWT_CAN1_AP_BMS_Temperatures.o)
                0x4804c298                osek_task_e_SWT_CAN1_AP_BMS_Temperatures
 .text          0x4804c2e8       0x50 OSC/TaskISRArchive.a(SWT_CAN1_AP_Inverter_R_Tx.o)
                0x4804c2e8                osek_task_e_SWT_CAN1_AP_Inverter_R_Tx
 .text          0x4804c338       0x50 OSC/TaskISRArchive.a(SWT_CAN1_AP_Inverter_L_Tx.o)
                0x4804c338                osek_task_e_SWT_CAN1_AP_Inverter_L_Tx
 .text          0x4804c388       0x50 OSC/TaskISRArchive.a(SWT_CAN1_AP_DASH_Mode.o)
                0x4804c388                osek_task_e_SWT_CAN1_AP_DASH_Mode
 .text          0x4804c3d8       0x50 OSC/TaskISRArchive.a(SWT_CAN1_NM_BMS_Keep_Alive.o)
                0x4804c3d8                osek_task_e_SWT_CAN1_NM_BMS_Keep_Alive
 .text          0x4804c428       0x50 OSC/TaskISRArchive.a(SWT_CAN1_AP_BMS_AIRs_State.o)
                0x4804c428                osek_task_e_SWT_CAN1_AP_BMS_AIRs_State
 .text          0x4804c478       0x50 OSC/TaskISRArchive.a(SWT_CAN1_NM_DASH_Keep_Alive.o)
                0x4804c478                osek_task_e_SWT_CAN1_NM_DASH_Keep_Alive
 .text          0x4804c4c8       0x50 OSC/TaskISRArchive.a(SWT_CAN1_AP_DASH_PrechargeRequest.o)
                0x4804c4c8                osek_task_e_SWT_CAN1_AP_DASH_PrechargeRequest
 .text          0x4804c518       0x50 OSC/TaskISRArchive.a(SWT_CAN1_AP_DASH_EnableDrive.o)
                0x4804c518                osek_task_e_SWT_CAN1_AP_DASH_EnableDrive
 .text          0x4804c568       0x50 OSC/TaskISRArchive.a(SWT_CAN2_AP_ELLIPSE_GPS_VEL.o)
                0x4804c568                osek_task_e_SWT_CAN2_AP_ELLIPSE_GPS_VEL
 .text          0x4804c5b8       0x50 OSC/TaskISRArchive.a(SWT_CAN2_MEAS_RECU_SDC.o)
                0x4804c5b8                osek_task_e_SWT_CAN2_MEAS_RECU_SDC
 .text          0x4804c608       0x50 OSC/TaskISRArchive.a(SWT_CAN2_MEAS_FECU_SDC.o)
                0x4804c608                osek_task_e_SWT_CAN2_MEAS_FECU_SDC
 .text          0x4804c658       0x50 OSC/TaskISRArchive.a(SWT_CAN2_AP_ELLIPSE_EKF_POS.o)
                0x4804c658                osek_task_e_SWT_CAN2_AP_ELLIPSE_EKF_POS
 .text          0x4804c6a8       0x50 OSC/TaskISRArchive.a(SWT_CAN2_AP_ELLIPSE_IMU_ACCEL.o)
                0x4804c6a8                osek_task_e_SWT_CAN2_AP_ELLIPSE_IMU_ACCEL
 .text          0x4804c6f8       0x50 OSC/TaskISRArchive.a(SWT_CAN2_AP_ELLIPSE_EKF_EULER.o)
                0x4804c6f8                osek_task_e_SWT_CAN2_AP_ELLIPSE_EKF_EULER
 .text          0x4804c748       0x50 OSC/TaskISRArchive.a(SWT_CAN2_AP_ELLIPSE_EKF_VEL.o)
                0x4804c748                osek_task_e_SWT_CAN2_AP_ELLIPSE_EKF_VEL
 .text          0x4804c798       0x50 OSC/TaskISRArchive.a(SWT_CAN2_NM_ELLIPSE_Status.o)
                0x4804c798                osek_task_e_SWT_CAN2_NM_ELLIPSE_Status
 .text          0x4804c7e8       0x50 OSC/TaskISRArchive.a(SWT_CAN2_AP_ELLIPSE_IMU_GYRO.o)
                0x4804c7e8                osek_task_e_SWT_CAN2_AP_ELLIPSE_IMU_GYRO
 .text          0x4804c838       0x50 OSC/TaskISRArchive.a(SWT_CAN2_AP_ELLIPSE_VEL_Valid.o)
                0x4804c838                osek_task_e_SWT_CAN2_AP_ELLIPSE_VEL_Valid
 .text          0x4804c888       0x50 OSC/TaskISRArchive.a(SWT_CAN2_AP_RECU_Data.o)
                0x4804c888                osek_task_e_SWT_CAN2_AP_RECU_Data
 .text          0x4804c8d8       0x50 OSC/TaskISRArchive.a(SWT_CAN2_NM_FECU_Keep_Alive.o)
                0x4804c8d8                osek_task_e_SWT_CAN2_NM_FECU_Keep_Alive
 .text          0x4804c928       0x50 OSC/TaskISRArchive.a(SWT_CAN2_NM_RECU_Keep_Alive.o)
                0x4804c928                osek_task_e_SWT_CAN2_NM_RECU_Keep_Alive
 .text          0x4804c978       0x50 OSC/TaskISRArchive.a(SWT_CAN2_AP_FECU_Data2.o)
                0x4804c978                osek_task_e_SWT_CAN2_AP_FECU_Data2
 .text          0x4804c9c8       0x50 OSC/TaskISRArchive.a(SWT_CAN2_AP_FECU_Data1.o)
                0x4804c9c8                osek_task_e_SWT_CAN2_AP_FECU_Data1
 .text          0x4804ca18       0x4c OSC/TaskISRArchive.a(ISR_CAN1.o)
                0x4804ca18                osek_isr_e_ISR_CAN1
 .text          0x4804ca64       0x4c OSC/TaskISRArchive.a(ISR_CAN2.o)
                0x4804ca64                osek_isr_e_ISR_CAN2
 .text          0x4804cab0       0x40 OSC/etasActivateTaskIsr.o
                0x4804cab0                osek_isr_e_etasActivateTaskIsr
 .text          0x4804caf0       0x48 OSC/etasL1Isr.o
                0x4804caf0                osek_isr_e_etasL1Isr
 .text          0x4804cb38       0x44 OSC/etasL1Task.o
                0x4804cb38                osek_task_e_etasL1Task
 .text          0x4804cb7c       0x40 OSC/etasTimerIsr.o
                0x4804cb7c                osek_isr_e_etasTimerIsr
 .text          0x4804cbbc       0x40 OSC/etasStopOsIsr.o
                0x4804cbbc                osek_isr_e_etasStopOsIsr
 .text          0x4804cbfc      0x244 OSC/DriverThreads.o
                0x4804cbfc                etasCreateDriverThreads
 .text          0x4804ce40        0x0 OSC/ISRFunctions.o
 .text          0x4804ce40      0x1dc OSC/osc_dyn.o
                0x4804cfd8                etasInitTasks
                0x4804cf10                TimerInitTask
                0x4804cee0                etasExitTasks
                0x4804ce4c                TimerExitTask
                0x4804ce48                etasInactiveExitTask
                0x4804ce44                etasStartupExitTask
                0x4804cfb0                etasStartupInitTask
                0x4804ce40                etasInactiveInitTask
 .text          0x4804d01c        0xc OSC/rtaInterface.o
                0x4804d01c                etasGetCounterPeriodUs
                0x4804d024                StackFaultHook
 .text          0x4804d028      0x5f8 OSC/ETCHooks.o
                0x4804d348                rtioHook_15_0
                0x4804d438                rtioHook_9_0
                0x4804d3c0                rtioHook_12_0
                0x4804d2a8                rtioHook_19_0
                0x4804d2f8                rtioHook_17_0
                0x4804d578                rtioHook_1_0
                0x4804d500                rtioHook_4_0
                0x4804d0a0                rtioHook_32_0
                0x4804d208                rtioHook_23_0
                0x4804d0f0                rtioHook_30_0
                0x4804d258                rtioHook_21_0
                0x4804d028                rtioHook_35_0
                0x4804d190                rtioHook_26_0
                0x4804d5c8                rtioHook_37_0
                0x4804d140                rtioHook_28_0
                0x4804d078                rtioHook_33_0
                0x4804d1e0                rtioHook_24_0
                0x4804d118                rtioHook_29_0
                0x4804d0c8                rtioHook_31_0
                0x4804d488                rtioHook_7_0
                0x4804d230                rtioHook_22_0
                0x4804d5a0                rtioHook_0_0
                0x4804d2d0                rtioHook_18_0
                0x4804d398                rtioHook_13_0
                0x4804d3e8                rtioHook_11_0
                0x4804d320                rtioHook_16_0
                0x4804d4b0                rtioHook_6_0
                0x4804d370                rtioHook_14_0
                0x4804d460                rtioHook_8_0
                0x4804d280                rtioHook_20_0
                0x4804d550                rtioHook_2_0
                0x4804d050                rtioHook_34_0
                0x4804d1b8                rtioHook_25_0
                0x4804d528                rtioHook_3_0
                0x4804d410                rtioHook_10_0
                0x4804d4d8                rtioHook_5_0
                0x4804d5f4                rtioHook_36_0
                0x4804d168                rtioHook_27_0
 .text          0x4804d620      0xf40 OSC/XbarHooks.o
                0x4804d648                crossbarHook_34_0
                0x4804dbe8                crossbarHook_21_0
                0x4804dee0                crossbarHook_2_0
                0x4804d878                crossbarHook_32_6
                0x4804dd50                crossbarHook_12_0
                0x4804e400                crossbarHook_36_7
                0x4804d918                crossbarHook_32_2
                0x4804e2cc                crossbarHook_36_14
                0x4804da80                crossbarHook_29_1
                0x4804df30                crossbarHook_37_17
                0x4804db20                crossbarHook_26_0
                0x4804e090                crossbarHook_37_9
                0x4804dc88                crossbarHook_17_0
                0x4804dfe0                crossbarHook_37_13
                0x4804de18                crossbarHook_7_0
                0x4804e140                crossbarHook_37_5
                0x4804e1f0                crossbarHook_37_1
                0x4804de68                crossbarHook_5_0
                0x4804d6c0                crossbarHook_33_3
                0x4804d7b0                crossbarHook_32_11
                0x4804e534                crossbarHook_36_0
                0x4804db98                crossbarHook_23_0
                0x4804dd00                crossbarHook_14_0
                0x4804d850                crossbarHook_32_7
                0x4804e484                crossbarHook_36_4
                0x4804e3d4                crossbarHook_36_8
                0x4804d8f0                crossbarHook_32_3
                0x4804da58                crossbarHook_29_2
                0x4804e2f8                crossbarHook_36_13
                0x4804dfb4                crossbarHook_37_14
                0x4804e064                crossbarHook_37_10
                0x4804e248                crossbarHook_36_17
                0x4804e0bc                crossbarHook_37_8
                0x4804e16c                crossbarHook_37_4
                0x4804e21c                crossbarHook_37_0
                0x4804db70                crossbarHook_24_0
                0x4804dcd8                crossbarHook_15_0
                0x4804d620                crossbarHook_35_0
                0x4804dbc0                crossbarHook_22_0
                0x4804d6e8                crossbarHook_33_2
                0x4804dd28                crossbarHook_13_0
                0x4804e508                crossbarHook_36_1
                0x4804df08                crossbarHook_1_0
                0x4804d990                crossbarHook_31_1
                0x4804daf8                crossbarHook_27_0
                0x4804dc60                crossbarHook_18_0
                0x4804de40                crossbarHook_6_0
                0x4804d828                crossbarHook_32_8
                0x4804db48                crossbarHook_25_0
                0x4804dcb0                crossbarHook_16_0
                0x4804e458                crossbarHook_36_5
                0x4804e3a8                crossbarHook_36_9
                0x4804d8c8                crossbarHook_32_4
                0x4804d968                crossbarHook_32_0
                0x4804dda0                crossbarHook_10_0
                0x4804e324                crossbarHook_36_12
                0x4804df88                crossbarHook_37_15
                0x4804ddf0                crossbarHook_8_0
                0x4804e038                crossbarHook_37_11
                0x4804e274                crossbarHook_36_16
                0x4804da08                crossbarHook_30_0
                0x4804e0e8                crossbarHook_37_7
                0x4804e198                crossbarHook_37_3
                0x4804da30                crossbarHook_29_3
                0x4804d788                crossbarHook_32_12
                0x4804d670                crossbarHook_33_5
                0x4804deb8                crossbarHook_3_0
                0x4804d710                crossbarHook_33_1
                0x4804e4dc                crossbarHook_36_2
                0x4804d9b8                crossbarHook_31_0
                0x4804d800                crossbarHook_32_9
                0x4804e350                crossbarHook_36_11
                0x4804e42c                crossbarHook_36_6
                0x4804d8a0                crossbarHook_32_5
                0x4804d940                crossbarHook_32_1
                0x4804dad0                crossbarHook_28_0
                0x4804dc38                crossbarHook_19_0
                0x4804e2a0                crossbarHook_36_15
                0x4804d9e0                crossbarHook_30_1
                0x4804daa8                crossbarHook_29_0
                0x4804df5c                crossbarHook_37_16
                0x4804e00c                crossbarHook_37_12
                0x4804e114                crossbarHook_37_6
                0x4804e1c4                crossbarHook_37_2
                0x4804d760                crossbarHook_32_13
                0x4804d698                crossbarHook_33_4
                0x4804d738                crossbarHook_33_0
                0x4804dc10                crossbarHook_20_0
                0x4804dd78                crossbarHook_11_0
                0x4804d7d8                crossbarHook_32_10
                0x4804e4b0                crossbarHook_36_3
                0x4804ddc8                crossbarHook_9_0
                0x4804e37c                crossbarHook_36_10
                0x4804de90                crossbarHook_4_0
 .text          0x4804e560        0x0 ETC/FormulaTable.o
 .text          0x4804e560        0x0 ETC/DriverTable.o
 .text          0x4804e560        0x0 ETC/MappingFunctionTable.o
 .text          0x4804e560        0x0 ETC/RtioL1RecordTable.o
 .text          0x4804e560        0x0 ETC/XCPTransportLayerFunctionsTable.o
 .text          0x4804e560        0x0 ETC/ChecksumAlgoTables.o
 .text          0x4804e560        0x0 CBC/CopyFunctionTable.o
 .text          0x4804e560        0x0 CBC/CrossbarL1RecordTable.o
 .text          0x4804e560       0x48 C:/ETAS/Compiler/INTECRIO5.0/QNXCompiler-V6.5\host\win32\x86/usr/lib/gcc/powerpc-unknown-nto-qnx6.5.0/4.4.2/spe/libgcc.a(_fixunsdfdi.o)
                0x4804e560                __fixunsdfdi
 .text          0x4804e5a8       0x40 C:/ETAS/Compiler/INTECRIO5.0/QNXCompiler-V6.5\host\win32\x86/usr/lib/gcc/powerpc-unknown-nto-qnx6.5.0/4.4.2/spe/libgcc.a(_floatundidf.o)
                0x4804e5a8                __floatundidf
 .text          0x4804e5e8       0x98 C:/ETAS/Compiler/INTECRIO5.0/QNXCompiler-V6.5\host\win32\x86/usr/lib/gcc/powerpc-unknown-nto-qnx6.5.0/4.4.2/spe/crtend.o
 .text          0x4804e680        0x0 C:/ETAS/Compiler/INTECRIO5.0/QNXCompiler-V6.5\target\qnx6/ppcbe-spe/lib/crtn.o
 .text          0x4804e680     0x23b4 C:\Program Files (x86)\ETAS\INTECRIO5.0\Target\Etarget\ES910\libes910.a(i_rtautil.o)
                0x4804e9a8                etasActivateTaskViaIsr
                0x4804fea4                startTaskHookMon
                0x4804ef4c                ErrorHook
                0x4804e750                osTraceStopwatch
                0x4804ecc4                switchToInactiveAppMode
                0x4804e68c                isAppModeSwitchPending
                0x4804fbac                etasStartIsrHookMon
                0x4804fdbc                etasStartIsrHook
                0x4804e880                getModelRuntime
                0x4804e9d4                restartModelProcess
                0x4804e680                GetNextAppMode
                0x4804e8f8                etasActivateTaskWithIdViaIsrHandler
                0x4804fca8                etasEndIsrHook
                0x4804e6bc                checkInterruptOccurence
                0x480501d0                osekThreadSuspendRtSignals
                0x4804fce0                etasEndIsrHookMon
                0x4804ec8c                getCurTaskMonitor
                0x4804ee88                GetStopwatchUncertainty
                0x48050040                endTaskHook
                0x4804ed74                delayInitExitTask
                0x4804e6d8                rtaInitTarget
                0x4804eee0                OverrunHook
                0x4804e964                etasActivateTaskWithIdViaIsr
                0x4804ff7c                startTaskHook
                0x4804e7c4                etasDeInstallOsErrorHook
                0x480504d4                applicationModeManager
                0x4804ea94                terminateModelProcess
                0x4804f8cc                StartupHook
                0x48050194                osekThreadResumeRtSignals
                0x4804ec40                lockCriticalSection
                0x4804eb58                isRtaOsekThreadContext
                0x4804e758                isInsideInitExitTask
                0x4804e784                isInsideExitTask
                0x4804f278                ShutdownHook
                0x4804eb8c                unlockCriticalSection
                0x4804e79c                etasInstallOsErrorHook
                0x480500b8                endTaskHookMon
                0x4804e6a8                resetInterruptFlag
                0x4804e748                GetStopwatch
                0x4804e6d4                etasRTATraceInitProcess
                0x4804e73c                GetDeltaT
                0x4804e7f0                SetNextAppMode
                0x4804ee3c                tempMgrRegisterSigtermEvent
                0x4804e76c                isInsideInitTask
                0x4804e6c8                getLastInterruptTimeTicks
 .text          0x48050a34     0x2058 C:\Program Files (x86)\ETAS\INTECRIO5.0\Target\Etarget\ES910\libes910.a(t_driverThreads.o)
                0x48051820                osek_sendto
                0x480510b8                osek_msync
                0x48050e18                osek_vfprintf
                0x48051e98                osek_MsgReceive
                0x48051c00                osek_MsgRead
                0x480516ac                osek_cmsSendMessage
                0x48050bbc                osek_malloc
                0x48050b70                osek_free
                0x48050afc                osek_fsync
                0x480512a0                osek_unlink
                0x48050f58                osek_munmap
                0x480518f8                osek_devctl
                0x48051adc                osek_close
                0x480515c0                osek_cmsReceiveMessage
                0x48051314                osek_system
                0x48051d60                osek_MsgError
                0x480520bc                osek_send
                0x48051de8                osek_MsgReply
                0x48050ed0                osek_ftruncate
                0x48051cb0                osek_MsgWrite
                0x48051204                osek_lseek
                0x48051f48                osek_MsgSend
                0x48051748                osek_recvfrom
                0x48051154                osek_fwrite
                0x48050d4c                osek_vslogf
                0x48051388                osek_cmsReceiveMessageEx
                0x48050a34                etasSetNumberOfDriverThreads
                0x4805216c                etasCreateDriverThread
                0x48050fe0                osek_mmap
                0x48051a40                osek_write
                0x4805200c                osek_recv
                0x48050c30                osek_etasLogCoreFeedRecordToBackends
                0x480519a4                osek_read
                0x48051510                osek_cmsErrorState
                0x48051474                osek_cmsSendMessageEx
                0x48051b50                osek_open
 .text          0x48052a8c      0x8fc C:\Program Files (x86)\ETAS\INTECRIO5.0\Target\Etarget\ES910\libes910.a(t_idle.o)
                0x480532b0                initRtaTraceSupport
                0x48052cc0                etasIdleProcess
                0x48052b4c                signalStartupHookTermination
                0x48052ad8                apsGetPartitionId
                0x48052b7c                apsJoinPartition
                0x48052b1c                signalShutdownHookTermination
                0x48052ae4                getSysLoad
                0x48052a8c                etasInstallIdleHook
                0x48052ab4                etasDeInstallIdleHook
 .text          0x48053388     0x1fcc C:\Program Files (x86)\ETAS\INTECRIO5.0\Target\Etarget\ES910\libes910.a(t_l1com.o)
                0x48053388                setL1ComBufferSize
                0x480533c8                l1SetBusyState
                0x48053548                l1SignalIdleState
                0x480538f0                waitForL1Request
                0x48053ee0                createL1ModelThread
                0x48053e2c                serveL1Request
                0x48053838                etasL1Process
 .text          0x48055354      0xcc4 C:\Program Files (x86)\ETAS\INTECRIO5.0\Target\Etarget\ES910\libes910.a(t_main.o)
                0x480555b0                main
 .text          0x48056018      0x9f0 C:\Program Files (x86)\ETAS\INTECRIO5.0\Target\Etarget\ES910\libes910.a(t_mlog.o)
                0x4805603c                getDriverLogging
                0x48056048                getUserSeverity
                0x48056030                getUserLogging
                0x480560d4                mlog_setSeverityFilterUser
                0x480560a8                mlog_setSeverityFilterDrv
                0x48056054                getDriverSeverity
                0x48056790                mlog_init
                0x48056494                mlog_updateLoggingConfiguration
                0x48056018                getUserLogChan
                0x48056580                mlog_startLogConfigThread
                0x48056024                getDrvLogChan
                0x48056060                mlog_debugLog
 .text          0x48056a08      0xfac C:\Program Files (x86)\ETAS\INTECRIO5.0\Target\Etarget\ES910\libes910.a(t_qnxtargetutil.o)
                0x48056f34                qnxThreadJoinPartition
                0x48056c64                qnxLockSetSockEnvironmentVariable
                0x48057384                qnxPrintProcesses
                0x48056a18                qnxCheckBootFromFlash
                0x480572b4                qnxPrintCpuLoad
                0x48056a34                qnxCheckHaltedModel
                0x48056a5c                qnxRestoreUnlockSockEnvironmentVariable
                0x48056a08                qnxSetBootFromFlash
                0x480578cc                qnxPrintSavedErrorMessages
                0x48056a40                qnxSetStandalone
                0x48057250                qnxAdjustThreadPriority
                0x48056a24                qnxSetHaltedModel
                0x48056fb4                qnxGetSetRunInheritMask
                0x48056a50                qnxCheckStandalone
 .text          0x480579b4      0x638 C:\Program Files (x86)\ETAS\INTECRIO5.0\Target\Etarget\ES910\libes910.a(t_targetutil.o)
                0x48057a04                initL2CachePerfMeas
                0x48057f2c                es910GetSerialNumber
                0x480579b4                GetSystemTimeLow
                0x48057ed4                es910GetPcbRevision
                0x48057f08                es910PiggyGetSerialNumber
                0x48057b60                getL2CachePerf
                0x48057c68                es910PrintFwVersions
                0x48057b0c                getL2CachePerfRaw
                0x480579c4                GetSystemTime
                0x48057fb8                es910MapCCSRMemoryRange
                0x480579bc                GetSystemTimeHigh
                0x48057ea0                es910PiggyGetPcbRevision
                0x48057f50                waitMicroseconds
 .text          0x48057fec      0x2f4 C:\Program Files (x86)\ETAS\INTECRIO5.0\Target\Etarget\ES910\libes910.a(t_watchdog.o)
                0x48057ffc                wdDisableAutoService
                0x480580c4                etasServiceWatchdog
                0x48058054                wdService
                0x4805813c                wdSetEventPeriod
                0x48057fec                wdEnableAutoService
                0x4805800c                wdSetApplicationName
                0x48058094                triggerWD
                0x48058018                wdDisconnect
 .text          0x480582e0      0x848 C:\Program Files (x86)\ETAS\INTECRIO5.0\Target\Etarget\ES910\libes910.a(p_chario.o)
                0x48058894                IOWrite
                0x480582e0                IOIsLogOn
                0x480582ec                IOLogOff
                0x48058348                IOLogOn
                0x48058614                IOPrintf
 .text          0x48058b28      0x31c C:\Program Files (x86)\ETAS\INTECRIO5.0\Target\Etarget\ES910\libes910.a(t_hwTimeSync.o)
                0x48058b28                es9xxTimeSyncGetTimerValue
                0x48058c1c                es9xxTimeSyncGetTimerStatus
                0x48058d70                es9xxTimeSyncInit
                0x48058bac                getLocalSystemTime
 .text          0x48058e44      0x224 C:\Program Files (x86)\ETAS\INTECRIO5.0\Target\Etarget\ES910\libes910.a(t_led.o)
                0x48058e44                userLed2Off
                0x48058edc                userLed2Toggle
                0x48058fe8                ledsOff
                0x48058fb0                userLed1Toggle
                0x48058f64                userLed1On
                0x48058f14                userLed1Off
                0x48058e90                userLed2On
 .text          0x48059068     0x2178 C:\Program Files (x86)\ETAS\INTECRIO5.0\Target\Etarget\ES910\libtarget.a(a_dacqui.o)
                0x4805a6bc                asdSimPreCall
                0x4805b170                asdSimPostCall
                0x4805a740                getDacqTimeFor
                0x4805b068                storeMeasureDataForGroup
                0x4805a8b8                applicationStartUserMode
                0x4805a890                resetLogSimulationTime
                0x48059320                etasAscetLoggingBufferFillLevel
                0x4805a804                getLogSimulationTime
                0x48059354                etasAscetLoggingOverflowCounter
                0x48059398                asdDisableUserDefinedTime
                0x4805a82c                getSimulationTime
                0x480592bc                setSimulationTime
                0x48059388                asdEnableUserDefinedTime
                0x4805a3f8                checkForBufferOverflow
                0x4805a858                resetDacqTimeFor
                0x48059290                setLogSimulationTime
                0x48059288                setDacqTimeFor
                0x48059068                applicationStopUserMode
                0x4805a998                timeMeasurementStop
                0x480592ec                etasAscetLoggingBufferSize
                0x4805aa40                logDataForChannel
                0x4805ae8c                storeLogDataForGroup
                0x4805a9ec                timeMeasurementStart
                0x4805a938                timeInSeconds
 .text          0x4805b1e0       0xd8 C:\Program Files (x86)\ETAS\INTECRIO5.0\Target\Etarget\ES910\libtarget.a(a_l1pro.o)
                0x4805b1e0                forwardToProcess
                0x4805b23c                startUpSimulation
 .text          0x4805b2b8     0x4c88 C:\Program Files (x86)\ETAS\INTECRIO5.0\Target\Etarget\ES910\libtarget.a(a_primit.o)
                0x4805fa04                v3_initInstance_uint16
                0x4805d15c                Vec_uint32_getAtProtected
                0x4805e680                v3_initInstance_Mat_real64
                0x4805dd28                v3_initInstance_Mat_bool
                0x4805f680                initInstance_GroupCharTable2
                0x4805f2bc                initInstance_Vec_real32
                0x4805c8ec                Mat_sint16_setAtProtected
                0x4805c764                Mat_uint16_setAtProtected
                0x4805e42c                v3_initInstance_Mat_sint8
                0x4805e554                v3_initInstance_Mat_real32
                0x4805e0ac                v3_initInstance_Mat_uint16
                0x4805cfd0                Vec_qreal64_getAtProtected
                0x4805fed0                delete_Mat
                0x4805bb40                addVector
                0x4805e964                v3_initInstance_Vec_bool
                0x4805e1b4                initInstance_Mat_uint16
                0x4805f65c                initInstance_uint32
                0x4805fb08                initInstance_sint16
                0x4805d988                qreal64_set
                0x4805fcc4                initInstance_real32
                0x4805f05c                initInstance_Vec_uint8
                0x4805fe10                delete_CharTable2
                0x4805d4e8                Vec_uint8_getAtProtected
                0x4805fa74                initInstance_uint16
                0x4805b344                removeMatrix
                0x4805d46c                Vec_uint8_setAtProtected
                0x4805df80                v3_initInstance_Mat_sint32
                0x4805ea70                initInstance_Vec_bool
                0x4805c1cc                Mat_real64_getAtProtected
                0x4805c0dc                Mat_real64_setAtProtected
                0x4805de30                initInstance_Mat_bool
                0x4805ecd0                initInstance_Vec_sint32
                0x4805fb2c                v3_initInstance_uint8
                0x4805d87c                Vec_qreal64_setAtProtected
                0x4805ba0c                addMatrix
                0x4805db64                v3_initInstance_Mat_qreal64
                0x4805ccbc                Mat_sint8_getAtProtected
                0x4805f808                initInstance_GroupCharTable1
                0x4805c9b8                Mat_sint16_getAtProtected
                0x4805ea94                v3_initInstance_Vec_uint32
                0x4805d5c4                Vec_sint8_getAtProtected
                0x4805c6a8                Mat_sint32_getAtProtected
                0x4805d628                qreal64_adjust
                0x4805ff08                delete_Vec
                0x4805ee24                v3_initInstance_Vec_sint16
                0x4805ef30                initInstance_Vec_sint16
                0x4805ceb0                Vec_real64_setAtProtected
                0x4805d2a4                Vec_uint16_setAtProtected
                0x4805cff8                Vec_real32_setAtProtected
                0x4805e408                initInstance_Mat_uint8
                0x4805c520                Mat_uint32_getAtProtected
                0x4805b2c4                getBasicType
                0x4805f1ac                v3_initInstance_Vec_real32
                0x4805d74c                Mat_qreal64_setAtProtected
                0x4805ce4c                Vec_bool_getAtProtected
                0x4805fd60                initInstance_real64
                0x4805e92c                initInstance_Vec_qreal64
                0x4805fe50                delete_GroupCharTable1
                0x4805f970                v3_initInstance_sint32
                0x4805e65c                initInstance_Mat_real32
                0x4805d548                Vec_sint8_setAtProtected
                0x4805c398                Mat_real32_getAtProtected
                0x4805cdcc                Vec_bool_setAtProtected
                0x4805b434                removeVector
                0x4805c020                Mat_bool_getAtProtected
                0x4805fe90                delete_CharTable1
                0x4805f9e0                initInstance_sint32
                0x4805de54                v3_initInstance_Mat_uint32
                0x4805fc30                initInstance_sint8
                0x4805f744                initInstance_CharTable2
                0x4805f520                initInstance_qreal64
                0x4805c454                Mat_uint32_setAtProtected
                0x4805c830                Mat_uint16_getAtProtected
                0x4805e788                initInstance_Mat_real64
                0x4805fce8                v3_initInstance_real64
                0x4805f5ec                v3_initInstance_uint32
                0x4805b2d0                getPrimitiveType
                0x4805bebc                Mat_setCurSizeYProtected
                0x4805f080                v3_initInstance_Vec_sint8
                0x4805fb9c                initInstance_uint8
                0x4805ecf4                v3_initInstance_Vec_uint16
                0x4805b2b8                getTypeSize
                0x4805e088                initInstance_Mat_sint32
                0x4805fc54                v3_initInstance_real32
                0x4805fdd0                delete_GroupCharTable2
                0x4805bf54                Mat_bool_setAtProtected
                0x4805df5c                initInstance_Mat_uint32
                0x4805f5c8                initInstance_bool
                0x4805d0dc                Vec_uint32_setAtProtected
                0x4805e7ac                v3_initInstance_Vec_qreal64
                0x4805dce8                initInstance_Mat_qreal64
                0x4805c2a4                Mat_qreal64_getAtProtected
                0x4805ef54                v3_initInstance_Vec_uint8
                0x4805d240                Vec_sint32_getAtProtected
                0x4805e2e0                initInstance_Mat_sint16
                0x4805d324                Vec_uint16_getAtProtected
                0x4805cd78                Vec_setCurSizeProtected
                0x4805fbc0                v3_initInstance_sint8
                0x4805cf50                Vec_real64_getAtProtected
                0x4805ca74                Mat_uint8_setAtProtected
                0x4805eba0                initInstance_Vec_uint32
                0x4805e1d8                v3_initInstance_Mat_sint16
                0x4805d1c0                Vec_sint32_setAtProtected
                0x4805fd84                initInstance_reference
                0x4805d408                Vec_sint16_getAtProtected
                0x4805cbf4                Mat_sint8_setAtProtected
                0x4805bf08                Mat_setCurSizeXProtected
                0x4805f558                v3_initInstance_bool
                0x4805f8bc                initInstance_CharTable1
                0x4805f410                v3_initInstance_qreal64
                0x4805dad0                initInstance_quantInfo
                0x4805c2cc                Mat_real32_setAtProtected
                0x4805e530                initInstance_Mat_sint8
                0x4805ebc4                v3_initInstance_Vec_sint32
                0x4805d078                Vec_real32_getAtProtected
                0x4805c5dc                Mat_sint32_setAtProtected
                0x4805f188                initInstance_Vec_sint8
                0x4805d388                Vec_sint16_setAtProtected
                0x4805cb3c                Mat_uint8_getAtProtected
                0x4805fa98                v3_initInstance_sint16
                0x4805e304                v3_initInstance_Mat_uint8
                0x4805ee00                initInstance_Vec_uint16
                0x4805f3ec                initInstance_Vec_real64
                0x4805f2e0                v3_initInstance_Vec_real64
 .text          0x4805ff40       0x20 C:\Program Files (x86)\ETAS\INTECRIO5.0\Target\Etarget\ES910\libtarget.a(a_sysver.o)
                0x4805ff54                getBuildRevision
                0x4805ff40                getSystemLibVersion
                0x4805ff4c                getSystemLibCid
 .text          0x4805ff60     0x305c C:\Program Files (x86)\ETAS\INTECRIO5.0\Target\Etarget\ES910\libtarget.a(a_targma.o)
                0x48060e60                perfMeasStop
                0x48061830                asdMalloc
                0x48061c24                addToActiveSimObjList
                0x480600e0                getTargetL1BufferSizeCode
                0x48061db4                asdWriteUserError
                0x48060078                setTargetL1BufferSize
                0x480626ec                perfMeasDisplay
                0x48060044                getSimObjPtr
                0x48061130                asdFree
                0x48061d88                asdClearUserError
                0x48060138                resetPerfMeasObj
                0x48061604                asdMallocNoInit
                0x480625a4                asdWriteUserDebug
                0x4805ff90                searchInActiveList
                0x480617dc                asdCalloc
                0x480600d4                getTargetL1BufferSize
                0x4805ffec                removeFromActiveSimObjList
                0x48060f08                perfMeasStart
                0x4805ff6c                instanceTreeMallocOn
                0x4806175c                createPerfMeasObj
                0x48062934                etasInitModelProcess
                0x48060904                getObjectsRecursive
                0x48060f74                availableMemory
                0x4805ff7c                instanceTreeMallocOff
                0x48061028                asdFreeAll
                0x48061ac4                updateCTBlocks
                0x4806148c                asdRealloc
                0x4806144c                deletePerfMeasObj
                0x4805ff60                getInstanceTreeMemoryConsumption
 .text          0x48062fbc     0x14ac C:\Program Files (x86)\ETAS\INTECRIO5.0\Target\Etarget\ES910\libtarget.a(i_cpyfnc.o)
                0x480632ec                copyPlainFromFloat
                0x48063e18                copyScalSatTypeSatFromFloat
                0x48064450                copyInt
                0x4806445c                copyDouble
                0x48064444                copyShort
                0x48063980                copyScalFromValidFloat
                0x48063bc4                copyScalSatFromFloat
                0x4806350c                copySatFromFloat
                0x48062fbc                copyPlainToFloat
                0x4806320c                copyScalSatToFloat
                0x48063154                copyScalToFloat
                0x48064438                copyByte
                0x480641dc                copyBoolSatFromFloat
                0x48063088                copySatToFloat
                0x48063750                copyScalFromFloat
 .text          0x48064468     0x530c C:\Program Files (x86)\ETAS\INTECRIO5.0\Target\Etarget\ES910\libtarget.a(i_mapfnc.o)
                0x48064800                var2BufByteOffsetReal64
                0x48066ad8                var2BufBypassSint8
                0x4806583c                var2Buf64BitIntelSint32
                0x480649ec                var2BufByteOffsetBool
                0x480678bc                var2BufIndirectMotorolaReal32
                0x480647bc                buf2VarSimpleUint8
                0x48064a80                buf2VarByteOffsetSint32
                0x48067c30                buf2VarIndirectMotorolaSint32
                0x48068f58                var2BufIndirectIntelSint16
                0x48069720                bufGenFrameInit
                0x4806775c                buf2VarGenFrameIntelSint32
                0x48069474                buf2VarBypassIntelUint16
                0x48064f40                var2Buf64BitMotorolaUint16
                0x48065720                var2Buf64BitIntelUint32
                0x48065f24                buf2Var64BitMotorolaReal32
                0x480668d4                var2BufBypassMotorolaReal64
                0x48064fec                var2Buf64BitMotorolaSint16
                0x48064908                var2BufByteOffsetSint16
                0x48064774                buf2VarSimpleSint32
                0x48066c18                buf2VarBypassMotorolaSint32
                0x48064ad0                buf2VarByteOffsetSint8
                0x48067980                var2BufIndirectMotorolaUint16
                0x48066be8                buf2VarBypassMotorolaUint32
                0x480661f4                buf2Var64BitMotorolaUint8
                0x480692b0                var2BufBypassMaskedIntelBoolUint32
                0x48067b90                buf2VarIndirectMotorolaReal64
                0x4806466c                var2BufSimpleBool
                0x4806759c                buf2VarGenFrameMotorolaSint32
                0x48066110                buf2Var64BitMotorolaSint32
                0x480651e8                var2Buf64BitMotorolaBool
                0x4806771c                buf2VarGenFrameIntelUint32
                0x480674dc                var2BufGenFrameIntelBool
                0x4806749c                var2BufGenFrameIntelSint8
                0x4806721c                var2BufGenFrameMotorolaSint16
                0x4806789c                var2BufIndirectMotorolaReal64
                0x48064954                var2BufByteOffsetUint8
                0x48064b80                var2Buf64BitMotorolaUint64
                0x480671dc                var2BufGenFrameMotorolaUint16
                0x48069504                buf2VarBypassIntelUint32
                0x48069638                var2BufBypassIntelSint32
                0x48064730                buf2VarSimpleReal64
                0x48066cc8                buf2VarBypassIntelReal64
                0x48064a94                buf2VarByteOffsetUint16
                0x480644e4                var2BufSimpleSint32
                0x48066ff0                var2BufBypassMaskedUint8
                0x48066da0                var2BufBypassMaskedMotorolaUint32
                0x480649a0                var2BufByteOffsetSint8
                0x480653b0                var2Buf64BitIntelUint64
                0x48067bc4                buf2VarIndirectMotorolaReal32
                0x48066b98                buf2VarBypassMotorolaReal64
                0x480672dc                var2BufGenFrameMotorolaBool
                0x48065958                var2Buf64BitIntelUint16
                0x48064824                var2BufByteOffsetUint32
                0x48068e24                buf2VarIndirectIntelUint16
                0x48064ae8                buf2VarByteOffsetBool
                0x480691a0                var2BufBypassMaskedIntelSint16
                0x480646d4                var2BufSimpleUint8Bool
                0x4806699c                var2BufBypassMotorolaUint16
                0x48069228                var2BufBypassMaskedIntelUint16
                0x4806475c                buf2VarSimpleUint32
                0x4806729c                var2BufGenFrameMotorolaSint8
                0x480652e0                var2Buf64BitIntelReal32
                0x48067dbc                buf2VarIndirectSint8
                0x48065f6c                buf2Var64BitMotorolaUint64
                0x4806715c                var2BufGenFrameMotorolaUint32
                0x4806823c                var2BufGenFrameMotorolaReal64
                0x48069698                var2BufBypassIntelUint32
                0x4806765c                buf2VarGenFrameMotorolaUint8
                0x48066158                buf2Var64BitMotorolaUint16
                0x48066840                buf2Var64BitIntelSint8
                0x4806731c                var2BufGenFrameIntelReal32
                0x480662f4                buf2Var64BitIntelReal32
                0x4806528c                var2Buf64BitIntelReal64
                0x48066ec4                var2BufBypassMaskedMotorolaUint16
                0x48065568                var2Buf64BitIntelSint64
                0x480673dc                var2BufGenFrameIntelUint16
                0x48068d24                buf2VarGenFrameIntelReal64
                0x480669e8                var2BufBypassMotorolaSint16
                0x48069548                buf2VarBypassIntelReal32
                0x480694c0                buf2VarBypassIntelSint32
                0x48064870                var2BufByteOffsetSint32
                0x48066464                buf2Var64BitIntelSint64
                0x4806751c                buf2VarGenFrameMotorolaReal32
                0x4806974c                bufBypassInit
                0x4806667c                buf2Var64BitIntelUint16
                0x48066e68                var2BufBypassMaskedMotorolaBoolUint32
                0x48069090                var2BufIndirectIntelUint32
                0x4806761c                buf2VarGenFrameMotorolaSint16
                0x48065098                var2Buf64BitMotorolaUint8
                0x48066370                buf2Var64BitIntelUint64
                0x480677dc                buf2VarGenFrameIntelSint16
                0x4806739c                var2BufGenFrameIntelSint32
                0x48068a14                buf2VarGenFrameMotorolaReal64
                0x480667a8                buf2Var64BitIntelUint8
                0x480670c0                var2BufBypassMaskedBoolUint8
                0x480688f4                buf2VarGenFrameMotorolaUint64
                0x48067cb8                buf2VarIndirectMotorolaSint16
                0x480676dc                buf2VarGenFrameIntelReal32
                0x48064df8                var2Buf64BitMotorolaUint32
                0x480690f8                var2BufIndirectIntelReal32
                0x48064810                var2BufByteOffsetReal32
                0x48069128                var2BufBypassMaskedIntelBoolUint16
                0x48066d68                buf2VarBypassSint8
                0x48065cc0                var2Buf64BitIntelSint8
                0x48064e9c                var2Buf64BitMotorolaSint32
                0x48066714                buf2Var64BitIntelSint16
                0x48065ba0                var2Buf64BitIntelUint8
                0x480680c4                var2BufGenFrameMotorolaUint64
                0x480675dc                buf2VarGenFrameMotorolaUint16
                0x48066d30                buf2VarBypassUint8
                0x48064b24                var2Buf64BitMotorolaReal32
                0x4806779c                buf2VarGenFrameIntelUint16
                0x480647d0                buf2VarSimpleSint8
                0x480678d8                var2BufIndirectMotorolaUint32
                0x48068ba0                buf2VarGenFrameIntelSint64
                0x48066c88                buf2VarBypassMotorolaSint16
                0x48064494                var2BufSimpleUint32
                0x480687d0                buf2VarGenFrameMotorolaSint64
                0x48064afc                buf64BitInit
                0x48067d04                buf2VarIndirectIntelReal64
                0x48068f1c                buf2VarIndirectIntelReal32
                0x48066950                var2BufBypassMotorolaSint32
                0x480695d8                var2BufBypassIntelUint16
                0x4806769c                buf2VarGenFrameMotorolaSint8
                0x48067f4c                var2BufGenFrameMotorolaSint64
                0x48066f2c                var2BufBypassMaskedMotorolaSint16
                0x48066f94                var2BufBypassMaskedMotorolaBoolUint16
                0x48068578                var2BufGenFrameIntelUint64
                0x4806725c                var2BufGenFrameMotorolaUint8
                0x480645d4                var2BufSimpleUint8
                0x48064a58                buf2VarByteOffsetReal32
                0x48067adc                var2BufIndirectSint8
                0x48064744                buf2VarSimpleReal32
                0x48068e7c                buf2VarIndirectIntelSint32
                0x48069578                var2BufBypassIntelSint16
                0x480660c8                buf2Var64BitMotorolaUint32
                0x48066904                var2BufBypassMotorolaUint32
                0x480693a8                var2BufBypassMaskedIntelUint32
                0x48067a28                var2BufIndirectIntelReal64
                0x48067058                var2BufBypassMaskedSint8
                0x48064a6c                buf2VarByteOffsetUint32
                0x4806741c                var2BufGenFrameIntelSint16
                0x480647e8                buf2VarSimpleBool
                0x4806478c                buf2VarSimpleUint16
                0x48066244                buf2Var64BitMotorolaSint8
                0x48066c50                buf2VarBypassMotorolaUint16
                0x48064a48                buf2VarByteOffsetReal64
                0x48069028                var2BufIndirectIntelSint32
                0x48067c74                buf2VarIndirectMotorolaUint16
                0x48068c64                buf2VarGenFrameIntelUint64
                0x48066a34                var2BufBypassIntelReal64
                0x4806655c                buf2Var64BitIntelUint32
                0x480661a8                buf2Var64BitMotorolaSint16
                0x4806719c                var2BufGenFrameMotorolaSint32
                0x48065f00                buf2Var64BitMotorolaReal64
                0x48066018                buf2Var64BitMotorolaSint64
                0x48064aa8                buf2VarByteOffsetSint16
                0x48067a88                var2BufIndirectUint8
                0x4806781c                buf2VarGenFrameIntelUint8
                0x48068fc0                var2BufIndirectIntelUint16
                0x48067d78                buf2VarIndirectUint8
                0x48067b30                var2BufIndirectBool
                0x480696f8                var2BufBypassIntelReal32
                0x4806735c                var2BufGenFrameIntelUint32
                0x48064534                var2BufSimpleUint16
                0x4806792c                var2BufIndirectMotorolaSint32
                0x4806755c                buf2VarGenFrameMotorolaUint32
                0x480648bc                var2BufByteOffsetUint16
                0x48066290                buf2Var64BitIntelReal64
                0x480665ec                buf2Var64BitIntelSint32
                0x4806711c                var2BufGenFrameMotorolaReal32
                0x48065140                var2Buf64BitMotorolaSint8
                0x48067e00                formulaOutReal64
                0x48064620                var2BufSimpleSint8
                0x4806785c                buf2VarGenFrameIntelSint8
                0x48067e1c                formulaInReal64
                0x48064b10                var2Buf64BitMotorolaReal64
                0x48064584                var2BufSimpleSint16
                0x4806745c                var2BufGenFrameIntelUint8
                0x48066bc4                buf2VarBypassMotorolaReal32
                0x48067bf4                buf2VarIndirectMotorolaUint32
                0x48068674                var2BufGenFrameIntelReal64
                0x480679d4                var2BufIndirectMotorolaSint16
                0x48065a7c                var2Buf64BitIntelSint16
                0x48066a8c                var2BufBypassUint8
                0x480647a4                buf2VarSimpleSint16
                0x48068ecc                buf2VarIndirectIntelUint32
                0x48066e04                var2BufBypassMaskedMotorolaSint32
                0x48068dcc                buf2VarIndirectIntelSint16
                0x48064468                var2BufSimpleReal64
                0x480668f0                var2BufBypassMotorolaReal32
                0x48064abc                buf2VarByteOffsetUint8
                0x4806847c                var2BufGenFrameIntelSint64
                0x48069328                var2BufBypassMaskedIntelSint32
                0x48064cbc                var2Buf64BitMotorolaSint64
                0x48069428                buf2VarBypassIntelSint16
                0x4806447c                var2BufSimpleReal32
                0x48066b24                var2BufBypassBool
                0x48065de0                var2Buf64BitIntelBool
 .text          0x48069774      0xee4 C:\Program Files (x86)\ETAS\INTECRIO5.0\Target\Etarget\ES910\libtarget.a(i_osman.o)
                0x4806a45c                etasRemoveStopUserModeCallback
                0x48069cc8                activateTaskWithId
                0x48069830                findCurAppModeName
                0x4806999c                getTaskIdForTask
                0x48069aa0                clearMeasureGroupForTask
                0x48069b38                clearLogGroupForTask
                0x4806a338                etasInitTaskTerminationHook
                0x48069b7c                isModelStarted
                0x48069798                getEEId
                0x480698cc                getTaskPtrForId
                0x4806a620                etasAddInitTaskTerminationCallback
                0x48069ba4                updateUserModeState
                0x4806a5e8                etasAddStopUserModeCallback
                0x4806a234                etasStopUserModeHook
                0x48069774                etasInitOsProcess
                0x480699dc                findCurTaskName
                0x48069ac4                setMeasureGroupForTask
                0x48069b5c                setLogGroupForTask
                0x4806a494                etasRemoveInitTaskTerminationCallback
 .text          0x4806a658     0x73e0 C:\Program Files (x86)\ETAS\INTECRIO5.0\Target\Etarget\ES910\libtarget.a(i_rtioma.o)
                0x4806a694                rtioCheckStartup
                0x4806a6f0                registerRtioDriverLockedCallback
                0x4806a6e4                etasRtioInitProcess
                0x480713e0                rtioHook
                0x48070c28                rtioSignalDriverLock
                0x4806a6ec                etasRtioExitProcess
                0x48070af4                etasRtioIntDisableProcess
                0x4806a688                rtioSetConfigState
                0x4806a770                deRegisterRtioDriverLockedCallback
                0x48070b48                rtioSignalDriverUnlock
                0x48070b14                etasRtioStartupProcess
                0x4806a67c                rtioGetConfigState
                0x4806a7f4                rtioGetDriverLockedState
                0x4806a6d8                rtioIsOsExpertModeActive
                0x4806a6cc                rtioGetHwAbsenceBehavior
                0x4806a658                rtioSetLogPort
                0x4806a6e8                etasRtioIntEnableProcess
                0x4806a664                rtioSetConfigId
 .text          0x48071a38      0x550 C:\Program Files (x86)\ETAS\INTECRIO5.0\Target\Etarget\ES910\libtarget.a(i_salone.o)
                0x48071f34                crossbarPrepareReconnection
                0x48071d44                crossbarGetNextConfigResponse
                0x48071ba0                playbackConfigL1Records
                0x48071ee0                rtioPrepareReconnection
                0x48071e48                crossbarFinishReconnection
                0x48071cd8                rtioGetNextConfigResponse
                0x48071db0                rtioFinishReconnection
 .text          0x48071f88     0x1830 C:\Program Files (x86)\ETAS\INTECRIO5.0\Target\Etarget\ES910\libtarget.a(t_croman.o)
                0x48071f94                crossbarSetConfigId
                0x48071fac                crossbarGetConfigState
                0x48071f88                crossbarSetLogPort
                0x48071fb8                crossbarSetConfigState
                0x48073714                crossbarHook
 .text          0x480737b8      0xcb0 C:\Program Files (x86)\ETAS\INTECRIO5.0\Target\Etarget\ES910\libtarget.a(t_crosll.o)
                0x48073a8c                createCopyObjectContainer
                0x48073b08                insertObjectIntoCopyLists
                0x48073d8c                commonCreateCopyAction
                0x4807430c                cromanExecuteObj
                0x480737b8                internalDeleteCopyAction
                0x48073c5c                createInsertVector
 .text          0x48074468     0x1cf0 C:\Program Files (x86)\ETAS\INTECRIO5.0\Target\Etarget\ES910\libtarget.a(t_nvram.o)
                0x4807459c                nvramClear
                0x4807454c                nvramEnableAutoUpdate
                0x480745d4                nvramResetStatistics
                0x48074468                nvramSetUpdateInterval
                0x48074540                nvramGetConsistencyLevel
                0x480756fc                nvramUpdateMemoryBackground
                0x48075b5c                nvramInit
                0x48074590                nvramCheckRunningUpdate
                0x48075660                nvramManualUpdateExit
                0x48075528                nvramManualUpdateBackground
                0x48074580                nvramCheckForAutoUpdate
                0x480758ec                nvramInitModelVars
                0x480745c8                nvramCheckForInitializedVars
                0x48074af8                nvramGetUpdateAgeMs
                0x480753f4                nvramManualUpdateBlocked
                0x48074520                nvramSetConsistencyLevel
                0x48074568                nvramDisableAutoUpdate
                0x48074638                nvramGetStatistics
                0x480744bc                nvramGetUpdateInterval
 .text          0x48076158      0x6ec C:\Program Files (x86)\ETAS\INTECRIO5.0\Target\Etarget\ES910\libtarget.a(t_objlis.o)
                0x4807674c                createObjList
                0x48076158                dumpObjList
 .text          0x48076844      0xcd8 C:\Program Files (x86)\ETAS\INTECRIO5.0\Target\Etarget\ES910\libtarget.a(t_rtcros.o)
                0x48076a5c                getObjectFromDynamicInstanceTree
                0x48076850                deleteInstance_container
                0x48076f00                removeObjectFromDynamicInstanceTree
                0x480768ec                initInstance_container
                0x480770d0                getValuePtr
                0x48076fe8                addObjectToDynamicInstanceTree
                0x48076e7c                getNextFreeRefIdOfDynamicInstanceTree
                0x48076844                rtcrosSetLogPort
                0x48076a2c                createDynamicInstanceTree
                0x48077148                processBlockCommands
 .text          0x4807751c     0x1b38 C:\Program Files (x86)\ETAS\INTECRIO5.0\Target\Etarget\ES910\libtarget.a(t_sgman.o)
                0x48078f18                sgHook
                0x4807767c                sgGetComVarPtr
                0x48078edc                deleteComVarCallback
                0x4807751c                sgGetCurTime
                0x48078e80                sgGetObjPtr
 .text          0x48079054     0x14d0 C:\Program Files (x86)\ETAS\INTECRIO5.0\Target\Etarget\ES910\libtarget.a(y_primit.o)
                0x48079958                initInstance_columnDirMatrixWrapper
                0x4807a414                initInstance_charTable1Wrapper
                0x48079eb0                initInstance_columnDirGroupCharTable2Wrapper
                0x48079abc                initInstance_matrixWrapper
                0x4807a0b0                initInstance_groupCharTable1Wrapper
                0x48079d70                initInstance_scalarWrapper
                0x48079fb0                initInstance_groupCharTable2Wrapper
                0x48079c20                initInstance_vectorWrapper
                0x4807a2d8                initInstance_charTable2Wrapper
                0x4807a19c                initInstance_columnDirCharTable2Wrapper
 .text          0x4807a524     0x19c0 C:\Program Files (x86)\ETAS\INTECRIO5.0\Target\Etarget\ES910\libtarget.a(a1b_dacq.o)
                0x4807a614                getA1bGroup
                0x4807b89c                instanciateA1bChannel
                0x4807adac                getA1bChannelGroupUpdateOffline
                0x4807bcc4                storeA1bDataForGroup
                0x4807b360                destructA1bChannelGroup
                0x4807b698                instanciateA1bGroup
                0x4807b438                freeA1bMeasureBuffers
                0x4807bca4                allocateA1bMeasureBuffers
                0x4807a5d0                addA1bChannelToA1bGroup
                0x4807b148                destructA1bChannel
                0x4807a6b0                removeA1bChannelFromA1bGroup
 .text          0x4807bee4     0x1060 C:\Program Files (x86)\ETAS\INTECRIO5.0\Target\Etarget\ES910\libtarget.a(a_contai.o)
                0x4807c5f4                dVectorRewindHeadReentrant
                0x4807c538                dVectorRemoveObject
                0x4807c6c4                dVectorCreate
                0x4807bf3c                dListGetObjectForward
                0x4807c238                dTableRemoveLastObject
                0x4807cc70                dTableDelete
                0x4807c38c                dVectorGetObject
                0x4807bf24                dListRewindTailReentrant
                0x4807c71c                dTableCreate
                0x4807c0f4                dTableGetObject
                0x4807c190                dTableIsEmpty
                0x4807c374                dTableNofObjects
                0x4807bf94                dListGetObjectBackward
                0x4807ca98                dTableAddObject
                0x4807cc3c                dTableDeleteStatic
                0x4807c4a0                dVectorRemoveLastObject
                0x4807c418                dVectorRemoveFirstObject
                0x4807c1b0                dTableRemoveFirstObject
                0x4807bf10                dListRewindTail
                0x4807c818                dListAddObjectHead
                0x4807cee4                dListDelete
                0x4807ccb4                dListRemoveObject
                0x4807bfec                dListGetObjectAtIndex
                0x4807c8fc                dVectorAddObject
                0x4807bfc0                dListGetObjectBackwardReentrant
                0x4807c0c0                dTableCreateStatic
                0x4807bf68                dListGetObjectForwardReentrant
                0x4807c3b8                dVectorRemoveObjectAtIndex
                0x4807c5fc                dVectorGetObjectForwardReentrant
                0x4807c650                dVectorGetIndexOfLastEntry
                0x4807cdb4                dListRemoveObjectTail
                0x4807c774                dListAddObjectTail
                0x4807c12c                dTableRemoveObject
                0x4807ca54                dVectorDelete
                0x4807ce4c                dListRemoveObjectHead
                0x4807c5d4                dVectorIsEmpty
                0x4807c07c                dListIsEmpty
                0x4807c8c0                dListCreate
                0x4807c2d0                dTableTestFunc
                0x4807c638                dVectorNofObjects
                0x4807bee4                dListRewindHead
                0x4807c0a8                dListNofObjects
                0x4807bef8                dListRewindHeadReentrant
 .text          0x4807cf44      0x498 C:\Program Files (x86)\ETAS\INTECRIO5.0\Target\Etarget\ES910\libtarget.a(i_transf.o)
                0x4807d1e0                transferToMatrix
                0x4807cfe0                transferToVector
                0x4807cf44                transferFromVector
                0x4807d07c                transferFromMatrix
                0x4807d344                transferDirect
 .text          0x4807d3dc     0x2378 C:\Program Files (x86)\ETAS\INTECRIO5.0\Target\Etarget\ES910\libtarget.a(t_sglow.o)
                0x4807e338                freeDataSignal
                0x4807e768                makeDataSignal
                0x4807df4c                computeTimeSliceTimes
                0x4807dc14                setSinewaveSignal
                0x4807d608                getIntervalNr
                0x4807e24c                deleteTimeSlice
                0x4807f4b8                freeChannel
                0x4807e7a0                makeLinearSignal
                0x4807f5ac                freeStimuliSet
                0x4807dd6c                setIntervalPulseSignal
                0x4807e39c                freeInterval
                0x4807dd20                setPulseSignal
                0x4807def8                setTimeSlice
                0x4807d540                insertTimeSlice
                0x4807e5fc                makeSinewaveSignal
                0x4807eb38                makeIntervalDataSignal
                0x4807d9c4                binsearch
                0x4807e2d8                freeRandomSignal
                0x4807d900                getLinearSignalY
                0x4807d4f4                getTimeSliceNr
                0x4807e030                getTimeSliceT
                0x4807ed0c                getRandomSignalY
                0x4807e2f8                freePulseSignal
                0x4807de2c                setRandomSignal
                0x4807f208                getChannelY
                0x4807e718                setIntervalDataSignal
                0x4807ef2c                getSinewaveSignalY
                0x4807f6c0                makeStimuliSet
                0x4807d728                computeIntervalTimes
                0x4807d868                setIntervalLinearSignal
                0x4807e4b0                makeTimeSlice
                0x4807e7c4                makeIntervalRandomSignal
                0x4807d428                insertChannel
                0x4807d654                insertInterval
                0x4807de60                setIntervalRandomSignal
                0x4807d77c                computeChannelTimes
                0x4807e8e0                makeIntervalPulseSignal
                0x4807d834                setLinearSignal
                0x4807dfb4                computeStimuliSetTimes
                0x4807e57c                makeFunctionSignal
                0x4807d3dc                getChannelNr
                0x4807f444                resetStimuliSet
                0x4807e42c                deleteInterval
                0x4807e0e4                getT
                0x4807f638                makeChannel
                0x4807e5b4                makeRandomSignal
                0x4807d71c                resetInterval
                0x4807f058                getIntervalY
                0x4807edd4                getPulseSignalY
                0x4807dc60                setIntervalSinewaveSignal
                0x4807e5d8                makePulseSignal
                0x4807e22c                freeTimeSlice
                0x4807df38                resetTimeSlice
                0x4807da68                getDataSignalY
                0x4807e318                freeSinewaveSignal
                0x4807e37c                freeLinearSignal
                0x4807f528                deleteChannel
                0x4807ebf4                makeIntervalLinearSignal
                0x4807e620                setDataSignal
                0x4807f374                resetChannel0
                0x4807ea0c                makeIntervalSinewaveSignal
 .text          0x4807f754        0x0 C:\Program Files (x86)\ETAS\INTECRIO5.0\Target\Etarget\rtio\global\es910\librtio_gnu.a(comm_err.o)
 .text          0x4807f754       0xa0 C:\Program Files (x86)\ETAS\INTECRIO5.0\Target\Etarget\rtio\global\es910\librtio_gnu.a(p_rtio.o)
                0x4807f754                rtioSignalHwAccessEnd
                0x4807f7ac                rtioSignalHwAccessBegin
 .text          0x4807f7f4      0xd38 C:\Program Files (x86)\ETAS\INTECRIO5.0\Target\Etarget\rtio\global\es910\librtio_gnu.a(p_rtio_s.o)
                0x480804e8                setupRTIO
                0x4807fed8                es910IsEtherCATEnabled
                0x4807f800                getMasterId
                0x4807fa18                rtioHwDetect
                0x4807ffe4                rtioTestBoardPresence
                0x4807f8f0                printDetectedHardware
                0x4807f81c                rtioGetNextDetectedHwTableEntry
                0x4807f7f4                es910RtioGetFpgaRegsGlobal
                0x48080460                es910RtioMapFpgaRegsGlobal
                0x480803bc                es910RtioUnmapFpgaRegsGlobal
                0x4807f808                rtioRewindDetectedHwTable
                0x4807ff70                es910RtioIntDisable
 .text          0x4808052c      0xe18 C:\Program Files (x86)\ETAS\INTECRIO5.0\Target\Etarget\rtio\global\es910\librtio_gnu.a(rtio_err.o)
                0x48080708                clearErrMsgList
                0x48080664                deactivateRtioMsgLists
                0x480805d0                installEtasPseudoGeoAdrBoardNames
                0x480805ac                installCommErrMessages
                0x480805dc                installUserBoardNames
                0x4808052c                initMessageTables
                0x4808069c                getNextErrMsg
                0x48080860                rtioGetBoardName
                0x480805c4                installEtasAutoIdBoardNames
                0x48080fec                rtioErr
                0x4808058c                mapErrorCode
                0x480805e8                installEtasVirtualBoardNames
                0x480805f4                installMessages
                0x480808f4                rtio_err_v3
                0x48080678                rewindErrMsgList
                0x48080790                clearCurErrMsg
                0x48080654                activateRtioMsgLists
                0x48080d68                rtioErrV2
                0x480805b8                installEtasBoardNames
 .text          0x48081344      0x638 C:\Program Files (x86)\ETAS\INTECRIO5.0\Target\Etarget\rtio\global\es910\librtio_gnu.a(fhc_emu.o)
                0x48081344                fhc_get_module_name_port_name
                0x480815fc                fhc_check_port_presence_rp
 .text          0x4808197c      0x798 C:\Program Files (x86)\ETAS\INTECRIO5.0\Target\Etarget\ES910\rta_osek\librtk_s.a(ostarget.o)
                0x4808197c                os_get_sw_int_info
                0x48081c98                os_pre_start
                0x48081b50                os_detach_interrupts
                0x48081a04                os_generate_sw_int
 .text          0x48082114       0x30 C:\Program Files (x86)\ETAS\INTECRIO5.0\Target\Etarget\ES910\rta_osek\librtk_s.a(osfptgt.o)
                0x48082114                os_fp_save
                0x48082140                os_fp_restore_from
                0x48082128                os_fp_restore
                0x4808213c                os_fp_save_to
 .text          0x48082144       0x94 C:\Program Files (x86)\ETAS\INTECRIO5.0\Target\Etarget\ES910\rta_osek\librtk_s.a(osiwrap1.o)
                0x48082144                os_cat1_wrapper
 .text          0x480821d8      0x288 C:\Program Files (x86)\ETAS\INTECRIO5.0\Target\Etarget\ES910\rta_osek\librtk_s.a(osxdspnf.o)
                0x480821d8                osek_dispatchN2F
 .text          0x48082460      0x10c C:\Program Files (x86)\ETAS\INTECRIO5.0\Target\Etarget\ES910\rta_osek\librtk_s.a(osysd1hf.o)
                0x48082460                os_fdispH1
 .text          0x4808256c      0x2d4 C:\Program Files (x86)\ETAS\INTECRIO5.0\Target\Etarget\ES910\rta_osek\librtk_s.a(osysdfhf.o)
                0x4808256c                os_fdispH2F
 .text          0x48082840      0x2cc C:\Program Files (x86)\ETAS\INTECRIO5.0\Target\Etarget\ES910\rta_osek\librtk_s.a(osysdfhi.o)