Archive member included because of file (symbol)

Car_State1/Car_State1.a(Car_State.o)
                              Car_State0/Car_State_instances.o (Car_State_U)
matlabsharedR2023b/matlabsharedR2023b.a(rt_nonfinite.o)
                              Car_State1/Car_State1.a(Car_State.o) (rt_InitInfAndNaN)
matlabsharedR2023b/matlabsharedR2023b.a(rtgetinf.o)
                              matlabsharedR2023b/matlabsharedR2023b.a(rt_nonfinite.o) (rtGetInf)
matlabsharedR2023b/matlabsharedR2023b.a(rtgetnan.o)
                              matlabsharedR2023b/matlabsharedR2023b.a(rt_nonfinite.o) (rtGetNaN)
OSC/TaskISRArchive.a(etasConfigTask.o)
                              OSC/osekdefs.o (osek_task_e_etasConfigTask)
OSC/TaskISRArchive.a(Timer_25ms.o)
                              OSC/osekdefs.o (osek_task_e_Timer_25ms)
OSC/TaskISRArchive.a(SWT_CAN2_2024_MEAS_RECU_SDC.o)
                              OSC/osekdefs.o (osek_task_e_SWT_CAN2_2024_MEAS_RECU_SDC)
OSC/TaskISRArchive.a(SWT_CAN2_2024_MEAS_FECU_SDC.o)
                              OSC/osekdefs.o (osek_task_e_SWT_CAN2_2024_MEAS_FECU_SDC)
OSC/TaskISRArchive.a(SWT_CAN2_2024_AP_ELLIPSE_EKF_POS.o)
                              OSC/osekdefs.o (osek_task_e_SWT_CAN2_2024_AP_ELLIPSE_EKF_POS)
OSC/TaskISRArchive.a(SWT_CAN2_2024_AP_ELLIPSE_IMU_ACCEL.o)
                              OSC/osekdefs.o (osek_task_e_SWT_CAN2_2024_AP_ELLIPSE_IMU_ACCEL)
OSC/TaskISRArchive.a(SWT_CAN2_2024_AP_ELLIPSE_EKF_EULER.o)
                              OSC/osekdefs.o (osek_task_e_SWT_CAN2_2024_AP_ELLIPSE_EKF_EULER)
OSC/TaskISRArchive.a(SWT_CAN2_2024_AP_ELLIPSE_EKF_VEL.o)
                              OSC/osekdefs.o (osek_task_e_SWT_CAN2_2024_AP_ELLIPSE_EKF_VEL)
OSC/TaskISRArchive.a(SWT_CAN2_2024_NM_ELLIPSE_Status.o)
                              OSC/osekdefs.o (osek_task_e_SWT_CAN2_2024_NM_ELLIPSE_Status)
OSC/TaskISRArchive.a(SWT_CAN2_2024_AP_ELLIPSE_IMU_GYRO.o)
                              OSC/osekdefs.o (osek_task_e_SWT_CAN2_2024_AP_ELLIPSE_IMU_GYRO)
OSC/TaskISRArchive.a(SWT_CAN2_2024_AP_ELLIPSE_SLIP_CURV.o)
                              OSC/osekdefs.o (osek_task_e_SWT_CAN2_2024_AP_ELLIPSE_SLIP_CURV)
OSC/TaskISRArchive.a(SWT_CAN2_2024_AP_RECU_Data.o)
                              OSC/osekdefs.o (osek_task_e_SWT_CAN2_2024_AP_RECU_Data)
OSC/TaskISRArchive.a(SWT_CAN2_2024_NM_FECU_Keep_Alive.o)
                              OSC/osekdefs.o (osek_task_e_SWT_CAN2_2024_NM_FECU_Keep_Alive)
OSC/TaskISRArchive.a(SWT_CAN2_2024_NM_RECU_Keep_Alive.o)
                              OSC/osekdefs.o (osek_task_e_SWT_CAN2_2024_NM_RECU_Keep_Alive)
OSC/TaskISRArchive.a(SWT_CAN2_2024_AP_FECU_Data2.o)
                              OSC/osekdefs.o (osek_task_e_SWT_CAN2_2024_AP_FECU_Data2)
OSC/TaskISRArchive.a(SWT_CAN2_2024_AP_FECU_Data1.o)
                              OSC/osekdefs.o (osek_task_e_SWT_CAN2_2024_AP_FECU_Data1)
OSC/TaskISRArchive.a(SWT_CAN1_2024_AP_BMS_SDC.o)
                              OSC/osekdefs.o (osek_task_e_SWT_CAN1_2024_AP_BMS_SDC)
OSC/TaskISRArchive.a(SWT_CAN1_2024_AP_CurrentSensor.o)
                              OSC/osekdefs.o (osek_task_e_SWT_CAN1_2024_AP_CurrentSensor)
OSC/TaskISRArchive.a(SWT_CAN1_2024_AP_BMS_Voltages.o)
                              OSC/osekdefs.o (osek_task_e_SWT_CAN1_2024_AP_BMS_Voltages)
OSC/TaskISRArchive.a(SWT_CAN1_2024_AP_BMS_ChargerParameters.o)
                              OSC/osekdefs.o (osek_task_e_SWT_CAN1_2024_AP_BMS_ChargerParameters)
OSC/TaskISRArchive.a(SWT_CAN1_2024_AP_BMS_Temperatures.o)
                              OSC/osekdefs.o (osek_task_e_SWT_CAN1_2024_AP_BMS_Temperatures)
OSC/TaskISRArchive.a(SWT_CAN1_2024_AP_Inverter_R_Tx.o)
                              OSC/osekdefs.o (osek_task_e_SWT_CAN1_2024_AP_Inverter_R_Tx)
OSC/TaskISRArchive.a(SWT_CAN1_2024_AP_Inverter_L_Tx.o)
                              OSC/osekdefs.o (osek_task_e_SWT_CAN1_2024_AP_Inverter_L_Tx)
OSC/TaskISRArchive.a(SWT_CAN1_2024_AP_DASH_CustomMode.o)
                              OSC/osekdefs.o (osek_task_e_SWT_CAN1_2024_AP_DASH_CustomMode)
OSC/TaskISRArchive.a(SWT_CAN1_2024_AP_DASH_Mode.o)
                              OSC/osekdefs.o (osek_task_e_SWT_CAN1_2024_AP_DASH_Mode)
OSC/TaskISRArchive.a(SWT_CAN1_2024_NM_BMS_Keep_Alive.o)
                              OSC/osekdefs.o (osek_task_e_SWT_CAN1_2024_NM_BMS_Keep_Alive)
OSC/TaskISRArchive.a(SWT_CAN1_2024_AP_BMS_AIRs_State.o)
                              OSC/osekdefs.o (osek_task_e_SWT_CAN1_2024_AP_BMS_AIRs_State)
OSC/TaskISRArchive.a(SWT_CAN1_2024_NM_DASH_Keep_Alive.o)
                              OSC/osekdefs.o (osek_task_e_SWT_CAN1_2024_NM_DASH_Keep_Alive)
OSC/TaskISRArchive.a(SWT_CAN1_2024_AP_DASH_TorqueLockOn.o)
                              OSC/osekdefs.o (osek_task_e_SWT_CAN1_2024_AP_DASH_TorqueLockOn)
OSC/TaskISRArchive.a(SWT_CAN1_2024_AP_DASH_PrechargeRequest.o)
                              OSC/osekdefs.o (osek_task_e_SWT_CAN1_2024_AP_DASH_PrechargeRequest)
OSC/TaskISRArchive.a(SWT_CAN1_2024_AP_DASH_EnableDrive.o)
[...]
Memory Configuration

Name             Origin             Length             Attributes
*default*        0x00000000         0xffffffff

Linker script and memory map

LOAD C:/ETAS/Compiler/INTECRIO5.0/QNXCompiler-V6.5\target\qnx6/ppcbe-spe/lib/crt1.o
LOAD C:/ETAS/Compiler/INTECRIO5.0/QNXCompiler-V6.5\target\qnx6/ppcbe-spe/lib/crti.o
LOAD C:/ETAS/Compiler/INTECRIO5.0/QNXCompiler-V6.5\host\win32\x86/usr/lib/gcc/powerpc-unknown-nto-qnx6.5.0/4.4.2/spe/crtbegin.o
LOAD C:\ETAS\Compiler\INTECRIO5.0\QNXCompiler-V6.5\target\qnx6\ppcbe-spe\lib\gcc\4.4.2/libcpp.so
                0x00000000                PROVIDE (__stack, 0x0)
                0x00000000                PROVIDE (___stack, 0x0)
                0x48040000                PROVIDE (__executable_start, 0x48040000)
                0x480400f4                . = (0x48040000 + SIZEOF_HEADERS)

.interp         0x480400f4       0x14
 *(.interp)
 .interp        0x480400f4       0x14 C:/ETAS/Compiler/INTECRIO5.0/QNXCompiler-V6.5\target\qnx6/ppcbe-spe/lib/crt1.o

.note           0x48040110       0x18
 .note          0x48040110       0x18 C:/ETAS/Compiler/INTECRIO5.0/QNXCompiler-V6.5\target\qnx6/ppcbe-spe/lib/crtn.o

.note.gnu.build-id
 *(.note.gnu.build-id)

.hash           0x48040128      0x68c
 *(.hash)
 .hash          0x48040128      0x68c C:/ETAS/Compiler/INTECRIO5.0/QNXCompiler-V6.5\target\qnx6/ppcbe-spe/lib/crt1.o

.gnu.hash
 *(.gnu.hash)

.dynsym         0x480407b4      0xdc0
 *(.dynsym)
 .dynsym        0x480407b4      0xdc0 C:/ETAS/Compiler/INTECRIO5.0/QNXCompiler-V6.5\target\qnx6/ppcbe-spe/lib/crt1.o

.dynstr         0x48041574      0xbb0
 *(.dynstr)
 .dynstr        0x48041574      0xbb0 C:/ETAS/Compiler/INTECRIO5.0/QNXCompiler-V6.5\target\qnx6/ppcbe-spe/lib/crt1.o

.gnu.version    0x48042124      0x1b8
 *(.gnu.version)
 .gnu.version   0x48042124      0x1b8 C:/ETAS/Compiler/INTECRIO5.0/QNXCompiler-V6.5\target\qnx6/ppcbe-spe/lib/crt1.o

.gnu.version_d  0x480422dc        0x0
 *(.gnu.version_d)
 .gnu.version_d
                0x00000000        0x0 C:/ETAS/Compiler/INTECRIO5.0/QNXCompiler-V6.5\target\qnx6/ppcbe-spe/lib/crt1.o

.gnu.version_r  0x480422dc       0x20
 *(.gnu.version_r)
 .gnu.version_r
                0x480422dc       0x20 C:/ETAS/Compiler/INTECRIO5.0/QNXCompiler-V6.5\target\qnx6/ppcbe-spe/lib/crt1.o

.rel.dyn
 *(.rel.init)
 *(.rel.text .rel.text.* .rel.gnu.linkonce.t.*)
 *(.rel.fini)
 *(.rel.rodata .rel.rodata.* .rel.gnu.linkonce.r.*)
 *(.rel.data.rel.ro* .rel.gnu.linkonce.d.rel.ro.*)
 *(.rel.data .rel.data.* .rel.gnu.linkonce.d.*)
 *(.rel.tdata .rel.tdata.* .rel.gnu.linkonce.td.*)
 *(.rel.tbss .rel.tbss.* .rel.gnu.linkonce.tb.*)
 *(.rel.ctors)
 *(.rel.dtors)
 *(.rel.got)
 *(.rel.sdata .rel.sdata.* .rel.gnu.linkonce.s.*)
 *(.rel.sbss .rel.sbss.* .rel.gnu.linkonce.sb.*)
 *(.rel.sdata2 .rel.sdata2.* .rel.gnu.linkonce.s2.*)
 *(.rel.sbss2 .rel.sbss2.* .rel.gnu.linkonce.sb2.*)
 *(.rel.bss .rel.bss.* .rel.gnu.linkonce.b.*)

.rela.dyn       0x480422fc       0x90
 *(.rela.init)
 *(.rela.text .rela.text.* .rela.gnu.linkonce.t.*)
 .rela.text     0x00000000        0x0 C:/ETAS/Compiler/INTECRIO5.0/QNXCompiler-V6.5\target\qnx6/ppcbe-spe/lib/crt1.o
 *(.rela.fini)
 *(.rela.rodata .rela.rodata.* .rela.gnu.linkonce.r.*)
 .rela.rodata   0x00000000        0x0 C:/ETAS/Compiler/INTECRIO5.0/QNXCompiler-V6.5\target\qnx6/ppcbe-spe/lib/crt1.o
 *(.rela.data .rela.data.* .rela.gnu.linkonce.d.*)
 .rela.data     0x00000000        0x0 C:/ETAS/Compiler/INTECRIO5.0/QNXCompiler-V6.5\target\qnx6/ppcbe-spe/lib/crt1.o
 *(.rela.tdata .rela.tdata.* .rela.gnu.linkonce.td.*)
 *(.rela.tbss .rela.tbss.* .rela.gnu.linkonce.tb.*)
 *(.rela.ctors)
 *(.rela.dtors)
 *(.rela.got)
 .rela.got      0x480422fc       0x30 C:/ETAS/Compiler/INTECRIO5.0/QNXCompiler-V6.5\target\qnx6/ppcbe-spe/lib/crt1.o
 *(.rela.got1)
 *(.rela.got2)
 *(.rela.sdata .rela.sdata.* .rela.gnu.linkonce.s.*)
 *(.rela.sbss .rela.sbss.* .rela.gnu.linkonce.sb.*)
 .rela.sbss     0x00000000        0x0 C:/ETAS/Compiler/INTECRIO5.0/QNXCompiler-V6.5\target\qnx6/ppcbe-spe/lib/crt1.o
 *(.rela.sdata2 .rela.sdata2.* .rela.gnu.linkonce.s2.*)
 *(.rela.sbss2 .rela.sbss2.* .rela.gnu.linkonce.sb2.*)
 *(.rela.bss .rela.bss.* .rela.gnu.linkonce.b.*)
 .rela.bss      0x4804232c       0x60 C:/ETAS/Compiler/INTECRIO5.0/QNXCompiler-V6.5\target\qnx6/ppcbe-spe/lib/crt1.o
 .rela.os_pid   0x00000000        0x0 C:/ETAS/Compiler/INTECRIO5.0/QNXCompiler-V6.5\target\qnx6/ppcbe-spe/lib/crt1.o
 .rela.os_intvec
                0x00000000        0x0 C:/ETAS/Compiler/INTECRIO5.0/QNXCompiler-V6.5\target\qnx6/ppcbe-spe/lib/crt1.o

.rel.plt
 *(.rel.plt)

.rela.plt       0x4804238c      0x8f4
 *(.rela.plt)
 .rela.plt      0x4804238c      0x8f4 C:/ETAS/Compiler/INTECRIO5.0/QNXCompiler-V6.5\target\qnx6/ppcbe-spe/lib/crt1.o

.init           0x48042c80       0x24
 *(.init)
 .init          0x48042c80        0xc C:/ETAS/Compiler/INTECRIO5.0/QNXCompiler-V6.5\target\qnx6/ppcbe-spe/lib/crti.o
                0x48042c80                _init
 .init          0x48042c8c        0x4 C:/ETAS/Compiler/INTECRIO5.0/QNXCompiler-V6.5\host\win32\x86/usr/lib/gcc/powerpc-unknown-nto-qnx6.5.0/4.4.2/spe/crtbegin.o
 .init          0x48042c90        0x4 C:/ETAS/Compiler/INTECRIO5.0/QNXCompiler-V6.5\host\win32\x86/usr/lib/gcc/powerpc-unknown-nto-qnx6.5.0/4.4.2/spe/crtend.o
 .init          0x48042c94       0x10 C:/ETAS/Compiler/INTECRIO5.0/QNXCompiler-V6.5\target\qnx6/ppcbe-spe/lib/crtn.o

.text           0x48042ca4    0x3f814
                0x48042ca4                _btext = .
 *(.text .stub .text.* .gnu.linkonce.t.*)
 .text          0x48042ca4      0x118 C:/ETAS/Compiler/INTECRIO5.0/QNXCompiler-V6.5\target\qnx6/ppcbe-spe/lib/crt1.o
                0x48042ca4                _start
 .text          0x48042dbc        0x0 C:/ETAS/Compiler/INTECRIO5.0/QNXCompiler-V6.5\target\qnx6/ppcbe-spe/lib/crti.o
 .text          0x48042dbc      0x1b8 C:/ETAS/Compiler/INTECRIO5.0/QNXCompiler-V6.5\host\win32\x86/usr/lib/gcc/powerpc-unknown-nto-qnx6.5.0/4.4.2/spe/crtbegin.o
 .text          0x48042f74      0x1e0 ROOT_instances.o
                0x480430f8                initializeYukonModel
                0x48042fc4                getSystemTimeS
                0x48042f8c                getModelIdentificationString
                0x48042fa0                getDeltaT
                0x48042f74                getIntecrioVersionNumber
                0x480430a4                os_setDeltaT
                0x48042f98                getBuildEnvironment
                0x48042f80                getBuildEnvironmentVersion
 .text          0x48043154        0x0 _INT_pid.pi.o
 .text          0x48043154       0x24 userFuncProcessCanPayload.o
                0x48043168                userCanInitHook
                0x48043174                userCanTxHookV3
                0x4804316c                userCanExitHook
                0x48043154                userCanHookGetVersionAndCid
                0x48043170                userCanRxHookV3
 .text          0x48043178       0x24 userFuncProcessFlexRayPayload.o
                0x48043198                userFlexRayPDURxHook
                0x48043194                userFlexRayPDUTxHook
                0x48043178                userFlexRayHookGetVersionAndCid
                0x4804318c                userFlexRayInitHook
                0x48043190                userFlexRayExitHook
 .text          0x4804319c       0x60 OSC/i_rtawrapper.o
                0x480431dc                rtaActivateTask
                0x480431bc                rtaSchedule
                0x4804319c                rtaShutdownOS
 .text          0x480431fc      0x2d8 Car_State0/Car_State_instances.o
                0x480432a4                initClass_RTWTop_Car_State
                0x4804325c                initInstance_RTWTop_Car_State
                0x480431fc                setDeltaT_Car_State
                0x480434a8                initModel_RTWTop_Car_State
 .text          0x480434d4      0xd00 Car_State1/Car_State1.a(Car_State.o)
                0x48043fd4                MdlInitialize_Car_State
                0x480434e8                Car_State_FALSE
                0x48043510                MdlOutputs_Car_State
                0x48043f54                MdlUpdate_Car_State
                0x480434d4                Car_State_TRUE
                0x480434fc                Car_State_Failure
                0x48043fd8                MdlStart_Car_State
                0x48043fcc                MdlInitializeSizes_Car_State
                0x48043fd0                MdlInitializeSampleTimes_Car_State
                0x48044024                Car_State
                0x48044020                MdlTerminate_Car_State
 .text          0x480441d4      0x19c matlabsharedR2023b/matlabsharedR2023b.a(rt_nonfinite.o)
                0x480442dc                rt_InitInfAndNaN
                0x48044260                rtIsNaN
                0x480442b4                rtIsNaNF
                0x48044220                rtIsInfF
                0x480441d4                rtIsInf
 .text          0x48044370       0xd0 matlabsharedR2023b/matlabsharedR2023b.a(rtgetinf.o)
                0x48044370                rtGetInf
                0x480443d8                rtGetMinusInf
                0x48044434                rtGetMinusInfF
                0x480443cc                rtGetInfF
 .text          0x48044440       0x84 matlabsharedR2023b/matlabsharedR2023b.a(rtgetnan.o)
                0x480444a0                rtGetNaNF
                0x48044440                rtGetNaN
 .text          0x480444c4      0x2e8 OSC/osekdefs.o
                0x48044548                os_StartOS
                0x480446f4                osE_ISR_CAN1_2024
                0x480445f4                os_pre_errorhook
                0x48044614                Tick_etasCounter
                0x480444c4                osResetOS
                0x48044750                osE_etasL1Isr
                0x48044698                osE_ISR_CAN2_2024
 .text          0x480447ac        0x0 OSC/osgen.o
 .text          0x480447ac       0x4c OSC/TaskISRArchive.a(etasConfigTask.o)
                0x480447ac                osek_task_e_etasConfigTask
 .text          0x480447f8       0x60 OSC/TaskISRArchive.a(Timer_25ms.o)
                0x480447f8                osek_task_e_Timer_25ms
 .text          0x48044858       0x50 OSC/TaskISRArchive.a(SWT_CAN2_2024_MEAS_RECU_SDC.o)
                0x48044858                osek_task_e_SWT_CAN2_2024_MEAS_RECU_SDC
 .text          0x480448a8       0x50 OSC/TaskISRArchive.a(SWT_CAN2_2024_MEAS_FECU_SDC.o)
                0x480448a8                osek_task_e_SWT_CAN2_2024_MEAS_FECU_SDC
 .text          0x480448f8       0x50 OSC/TaskISRArchive.a(SWT_CAN2_2024_AP_ELLIPSE_EKF_POS.o)
                0x480448f8                osek_task_e_SWT_CAN2_2024_AP_ELLIPSE_EKF_POS
 .text          0x48044948       0x50 OSC/TaskISRArchive.a(SWT_CAN2_2024_AP_ELLIPSE_IMU_ACCEL.o)
                0x48044948                osek_task_e_SWT_CAN2_2024_AP_ELLIPSE_IMU_ACCEL
 .text          0x48044998       0x50 OSC/TaskISRArchive.a(SWT_CAN2_2024_AP_ELLIPSE_EKF_EULER.o)
                0x48044998                osek_task_e_SWT_CAN2_2024_AP_ELLIPSE_EKF_EULER
 .text          0x480449e8       0x50 OSC/TaskISRArchive.a(SWT_CAN2_2024_AP_ELLIPSE_EKF_VEL.o)
                0x480449e8                osek_task_e_SWT_CAN2_2024_AP_ELLIPSE_EKF_VEL
 .text          0x48044a38       0x50 OSC/TaskISRArchive.a(SWT_CAN2_2024_NM_ELLIPSE_Status.o)
                0x48044a38                osek_task_e_SWT_CAN2_2024_NM_ELLIPSE_Status
 .text          0x48044a88       0x50 OSC/TaskISRArchive.a(SWT_CAN2_2024_AP_ELLIPSE_IMU_GYRO.o)
                0x48044a88                osek_task_e_SWT_CAN2_2024_AP_ELLIPSE_IMU_GYRO
 .text          0x48044ad8       0x50 OSC/TaskISRArchive.a(SWT_CAN2_2024_AP_ELLIPSE_SLIP_CURV.o)
                0x48044ad8                osek_task_e_SWT_CAN2_2024_AP_ELLIPSE_SLIP_CURV
 .text          0x48044b28       0x50 OSC/TaskISRArchive.a(SWT_CAN2_2024_AP_RECU_Data.o)
                0x48044b28                osek_task_e_SWT_CAN2_2024_AP_RECU_Data
 .text          0x48044b78       0x50 OSC/TaskISRArchive.a(SWT_CAN2_2024_NM_FECU_Keep_Alive.o)
                0x48044b78                osek_task_e_SWT_CAN2_2024_NM_FECU_Keep_Alive
 .text          0x48044bc8       0x50 OSC/TaskISRArchive.a(SWT_CAN2_2024_NM_RECU_Keep_Alive.o)
                0x48044bc8                osek_task_e_SWT_CAN2_2024_NM_RECU_Keep_Alive
 .text          0x48044c18       0x50 OSC/TaskISRArchive.a(SWT_CAN2_2024_AP_FECU_Data2.o)
                0x48044c18                osek_task_e_SWT_CAN2_2024_AP_FECU_Data2
 .text          0x48044c68       0x50 OSC/TaskISRArchive.a(SWT_CAN2_2024_AP_FECU_Data1.o)
                0x48044c68                osek_task_e_SWT_CAN2_2024_AP_FECU_Data1
 .text          0x48044cb8       0x50 OSC/TaskISRArchive.a(SWT_CAN1_2024_AP_BMS_SDC.o)
                0x48044cb8                osek_task_e_SWT_CAN1_2024_AP_BMS_SDC
 .text          0x48044d08       0x50 OSC/TaskISRArchive.a(SWT_CAN1_2024_AP_CurrentSensor.o)
                0x48044d08                osek_task_e_SWT_CAN1_2024_AP_CurrentSensor
 .text          0x48044d58       0x50 OSC/TaskISRArchive.a(SWT_CAN1_2024_AP_BMS_Voltages.o)
                0x48044d58                osek_task_e_SWT_CAN1_2024_AP_BMS_Voltages
 .text          0x48044da8       0x50 OSC/TaskISRArchive.a(SWT_CAN1_2024_AP_BMS_ChargerParameters.o)
                0x48044da8                osek_task_e_SWT_CAN1_2024_AP_BMS_ChargerParameters
 .text          0x48044df8       0x50 OSC/TaskISRArchive.a(SWT_CAN1_2024_AP_BMS_Temperatures.o)
                0x48044df8                osek_task_e_SWT_CAN1_2024_AP_BMS_Temperatures
 .text          0x48044e48       0x50 OSC/TaskISRArchive.a(SWT_CAN1_2024_AP_Inverter_R_Tx.o)
                0x48044e48                osek_task_e_SWT_CAN1_2024_AP_Inverter_R_Tx
 .text          0x48044e98       0x50 OSC/TaskISRArchive.a(SWT_CAN1_2024_AP_Inverter_L_Tx.o)
                0x48044e98                osek_task_e_SWT_CAN1_2024_AP_Inverter_L_Tx
 .text          0x48044ee8       0x50 OSC/TaskISRArchive.a(SWT_CAN1_2024_AP_DASH_CustomMode.o)
                0x48044ee8                osek_task_e_SWT_CAN1_2024_AP_DASH_CustomMode
 .text          0x48044f38       0x50 OSC/TaskISRArchive.a(SWT_CAN1_2024_AP_DASH_Mode.o)
                0x48044f38                osek_task_e_SWT_CAN1_2024_AP_DASH_Mode
 .text          0x48044f88       0x50 OSC/TaskISRArchive.a(SWT_CAN1_2024_NM_BMS_Keep_Alive.o)
                0x48044f88                osek_task_e_SWT_CAN1_2024_NM_BMS_Keep_Alive
 .text          0x48044fd8       0x50 OSC/TaskISRArchive.a(SWT_CAN1_2024_AP_BMS_AIRs_State.o)
                0x48044fd8                osek_task_e_SWT_CAN1_2024_AP_BMS_AIRs_State
 .text          0x48045028       0x50 OSC/TaskISRArchive.a(SWT_CAN1_2024_NM_DASH_Keep_Alive.o)
                0x48045028                osek_task_e_SWT_CAN1_2024_NM_DASH_Keep_Alive
 .text          0x48045078       0x50 OSC/TaskISRArchive.a(SWT_CAN1_2024_AP_DASH_TorqueLockOn.o)
                0x48045078                osek_task_e_SWT_CAN1_2024_AP_DASH_TorqueLockOn
 .text          0x480450c8       0x50 OSC/TaskISRArchive.a(SWT_CAN1_2024_AP_DASH_PrechargeRequest.o)
                0x480450c8                osek_task_e_SWT_CAN1_2024_AP_DASH_PrechargeRequest
 .text          0x48045118       0x50 OSC/TaskISRArchive.a(SWT_CAN1_2024_AP_DASH_EnableDrive.o)
                0x48045118                osek_task_e_SWT_CAN1_2024_AP_DASH_EnableDrive
 .text          0x48045168       0x4c OSC/TaskISRArchive.a(ISR_CAN1_2024.o)
                0x48045168                osek_isr_e_ISR_CAN1_2024
 .text          0x480451b4       0x4c OSC/TaskISRArchive.a(ISR_CAN2_2024.o)
                0x480451b4                osek_isr_e_ISR_CAN2_2024
 .text          0x48045200       0x40 OSC/etasActivateTaskIsr.o
                0x48045200                osek_isr_e_etasActivateTaskIsr
 .text          0x48045240       0x48 OSC/etasL1Isr.o
                0x48045240                osek_isr_e_etasL1Isr
 .text          0x48045288       0x44 OSC/etasL1Task.o
                0x48045288                osek_task_e_etasL1Task
 .text          0x480452cc       0x40 OSC/etasTimerIsr.o
                0x480452cc                osek_isr_e_etasTimerIsr
 .text          0x4804530c       0x40 OSC/etasStopOsIsr.o
                0x4804530c                osek_isr_e_etasStopOsIsr
 .text          0x4804534c      0x254 OSC/DriverThreads.o
                0x4804534c                etasCreateDriverThreads
 .text          0x480455a0        0x0 OSC/ISRFunctions.o
 .text          0x480455a0      0x11c OSC/osc_dyn.o
                0x48045678                etasInitTasks
                0x480455e0                etasExitTasks
                0x480455a8                etasInactiveExitTask
                0x480455a4                etasStartupExitTask
                0x48045650                etasStartupInitTask
                0x480455ac                TimersExitTask
                0x480455a0                etasInactiveInitTask
                0x48045610                TimersInitTask
 .text          0x480456bc        0xc OSC/rtaInterface.o
                0x480456bc                etasGetCounterPeriodUs
                0x480456c4                StackFaultHook
 .text          0x480456c8      0x580 OSC/ETCHooks.o
                0x48045970                rtioHook_15_0
                0x48045a60                rtioHook_9_0
                0x480459e8                rtioHook_12_0
                0x480458d0                rtioHook_19_0
                0x48045920                rtioHook_17_0
                0x48045ba0                rtioHook_1_0
                0x48045b28                rtioHook_4_0
                0x480456c8                rtioHook_32_0
                0x48045830                rtioHook_23_0
                0x48045718                rtioHook_30_0
                0x48045880                rtioHook_21_0
                0x480457b8                rtioHook_26_0
                0x48045768                rtioHook_28_0
                0x48045c1c                rtioHook_33_0
                0x48045808                rtioHook_24_0
                0x48045740                rtioHook_29_0
                0x480456f0                rtioHook_31_0
                0x48045ab0                rtioHook_7_0
                0x48045858                rtioHook_22_0
                0x48045bc8                rtioHook_0_0
                0x480458f8                rtioHook_18_0
                0x480459c0                rtioHook_13_0
                0x48045a10                rtioHook_11_0
                0x48045948                rtioHook_16_0
                0x48045ad8                rtioHook_6_0
                0x48045998                rtioHook_14_0
                0x48045a88                rtioHook_8_0
                0x480458a8                rtioHook_20_0
                0x48045b78                rtioHook_2_0
                0x48045bf0                rtioHook_34_0
                0x480457e0                rtioHook_25_0
                0x48045b50                rtioHook_3_0
                0x48045a38                rtioHook_10_0
                0x48045b00                rtioHook_5_0
                0x48045790                rtioHook_27_0
 .text          0x48045c48      0x628 OSC/XbarHooks.o
                0x480461ec                crossbarHook_34_0
                0x48045e78                crossbarHook_21_0
                0x48046170                crossbarHook_2_0
                0x48045fe0                crossbarHook_12_0
                0x48045cc0                crossbarHook_30_2
                0x48045db0                crossbarHook_26_0
                0x48045f18                crossbarHook_17_0
                0x480460a8                crossbarHook_7_0
                0x480460f8                crossbarHook_5_0
                0x48045e28                crossbarHook_23_0
                0x48045f90                crossbarHook_14_0
                0x480461c0                crossbarHook_34_1
                0x48045c98                crossbarHook_30_3
                0x48045e00                crossbarHook_24_0
                0x48045f68                crossbarHook_15_0
                0x48045e50                crossbarHook_22_0
                0x48045fb8                crossbarHook_13_0
                0x48046198                crossbarHook_1_0
                0x48045d88                crossbarHook_27_0
                0x48045ef0                crossbarHook_18_0
                0x480460d0                crossbarHook_6_0
                0x48045dd8                crossbarHook_25_0
                0x48045f40                crossbarHook_16_0
                0x48045c48                crossbarHook_32_0
                0x48046030                crossbarHook_10_0
                0x48046080                crossbarHook_8_0
                0x48045d10                crossbarHook_30_0
                0x48046148                crossbarHook_3_0
                0x48046218                crossbarHook_33_1
                0x48045c70                crossbarHook_31_0
                0x48045d60                crossbarHook_28_0
                0x48045ec8                crossbarHook_19_0
                0x48045ce8                crossbarHook_30_1
                0x48045d38                crossbarHook_29_0
                0x48046244                crossbarHook_33_0
                0x48045ea0                crossbarHook_20_0
                0x48046008                crossbarHook_11_0
                0x48046058                crossbarHook_9_0
                0x48046120                crossbarHook_4_0
 .text          0x48046270        0x0 ETC/FormulaTable.o
 .text          0x48046270        0x0 ETC/DriverTable.o
 .text          0x48046270        0x0 ETC/MappingFunctionTable.o
 .text          0x48046270        0x0 ETC/RtioL1RecordTable.o
 .text          0x48046270        0x0 ETC/XCPTransportLayerFunctionsTable.o
 .text          0x48046270        0x0 ETC/ChecksumAlgoTables.o
 .text          0x48046270        0x0 CBC/CopyFunctionTable.o
 .text          0x48046270        0x0 CBC/CrossbarL1RecordTable.o
 .text          0x48046270       0x48 C:/ETAS/Compiler/INTECRIO5.0/QNXCompiler-V6.5\host\win32\x86/usr/lib/gcc/powerpc-unknown-nto-qnx6.5.0/4.4.2/spe/libgcc.a(_fixunsdfdi.o)
                0x48046270                __fixunsdfdi
 .text          0x480462b8       0x40 C:/ETAS/Compiler/INTECRIO5.0/QNXCompiler-V6.5\host\win32\x86/usr/lib/gcc/powerpc-unknown-nto-qnx6.5.0/4.4.2/spe/libgcc.a(_floatundidf.o)
                0x480462b8                __floatundidf
 .text          0x480462f8       0x98 C:/ETAS/Compiler/INTECRIO5.0/QNXCompiler-V6.5\host\win32\x86/usr/lib/gcc/powerpc-unknown-nto-qnx6.5.0/4.4.2/spe/crtend.o
 .text          0x48046390        0x0 C:/ETAS/Compiler/INTECRIO5.0/QNXCompiler-V6.5\target\qnx6/ppcbe-spe/lib/crtn.o
 .text          0x48046390     0x23b4 C:\Program Files (x86)\ETAS\INTECRIO5.0\Target\Etarget\ES910\libes910.a(i_rtautil.o)
                0x480466b8                etasActivateTaskViaIsr
                0x48047bb4                startTaskHookMon
                0x48046c5c                ErrorHook
                0x48046460                osTraceStopwatch
                0x480469d4                switchToInactiveAppMode
                0x4804639c                isAppModeSwitchPending
                0x480478bc                etasStartIsrHookMon
                0x48047acc                etasStartIsrHook
                0x48046590                getModelRuntime
                0x480466e4                restartModelProcess
                0x48046390                GetNextAppMode
                0x48046608                etasActivateTaskWithIdViaIsrHandler
                0x480479b8                etasEndIsrHook
                0x480463cc                checkInterruptOccurence
                0x48047ee0                osekThreadSuspendRtSignals
                0x480479f0                etasEndIsrHookMon
                0x4804699c                getCurTaskMonitor
                0x48046b98                GetStopwatchUncertainty
                0x48047d50                endTaskHook
                0x48046a84                delayInitExitTask
                0x480463e8                rtaInitTarget
                0x48046bf0                OverrunHook
                0x48046674                etasActivateTaskWithIdViaIsr
                0x48047c8c                startTaskHook
                0x480464d4                etasDeInstallOsErrorHook
                0x480481e4                applicationModeManager
                0x480467a4                terminateModelProcess
                0x480475dc                StartupHook
                0x48047ea4                osekThreadResumeRtSignals
                0x48046950                lockCriticalSection
                0x48046868                isRtaOsekThreadContext
                0x48046468                isInsideInitExitTask
                0x48046494                isInsideExitTask
                0x48046f88                ShutdownHook
                0x4804689c                unlockCriticalSection
                0x480464ac                etasInstallOsErrorHook
                0x48047dc8                endTaskHookMon
                0x480463b8                resetInterruptFlag
                0x48046458                GetStopwatch
                0x480463e4                etasRTATraceInitProcess
                0x4804644c                GetDeltaT
                0x48046500                SetNextAppMode
                0x48046b4c                tempMgrRegisterSigtermEvent
                0x4804647c                isInsideInitTask
                0x480463d8                getLastInterruptTimeTicks
 .text          0x48048744     0x2058 C:\Program Files (x86)\ETAS\INTECRIO5.0\Target\Etarget\ES910\libes910.a(t_driverThreads.o)
                0x48049530                osek_sendto
                0x48048dc8                osek_msync
                0x48048b28                osek_vfprintf
                0x48049ba8                osek_MsgReceive
                0x48049910                osek_MsgRead
                0x480493bc                osek_cmsSendMessage
                0x480488cc                osek_malloc
                0x48048880                osek_free
                0x4804880c                osek_fsync
                0x48048fb0                osek_unlink
                0x48048c68                osek_munmap
                0x48049608                osek_devctl
                0x480497ec                osek_close
                0x480492d0                osek_cmsReceiveMessage
                0x48049024                osek_system
                0x48049a70                osek_MsgError
                0x48049dcc                osek_send
                0x48049af8                osek_MsgReply
                0x48048be0                osek_ftruncate
                0x480499c0                osek_MsgWrite
                0x48048f14                osek_lseek
                0x48049c58                osek_MsgSend
                0x48049458                osek_recvfrom
                0x48048e64                osek_fwrite
                0x48048a5c                osek_vslogf
                0x48049098                osek_cmsReceiveMessageEx
                0x48048744                etasSetNumberOfDriverThreads
                0x48049e7c                etasCreateDriverThread
                0x48048cf0                osek_mmap
                0x48049750                osek_write
                0x48049d1c                osek_recv
                0x48048940                osek_etasLogCoreFeedRecordToBackends
                0x480496b4                osek_read
                0x48049220                osek_cmsErrorState
                0x48049184                osek_cmsSendMessageEx
                0x48049860                osek_open
 .text          0x4804a79c      0x8fc C:\Program Files (x86)\ETAS\INTECRIO5.0\Target\Etarget\ES910\libes910.a(t_idle.o)
                0x4804afc0                initRtaTraceSupport
                0x4804a9d0                etasIdleProcess
                0x4804a85c                signalStartupHookTermination
                0x4804a7e8                apsGetPartitionId
                0x4804a88c                apsJoinPartition
                0x4804a82c                signalShutdownHookTermination
                0x4804a7f4                getSysLoad
                0x4804a79c                etasInstallIdleHook
                0x4804a7c4                etasDeInstallIdleHook
 .text          0x4804b098     0x1fcc C:\Program Files (x86)\ETAS\INTECRIO5.0\Target\Etarget\ES910\libes910.a(t_l1com.o)
                0x4804b098                setL1ComBufferSize
                0x4804b0d8                l1SetBusyState
                0x4804b258                l1SignalIdleState
                0x4804b600                waitForL1Request
                0x4804bbf0                createL1ModelThread
                0x4804bb3c                serveL1Request
                0x4804b548                etasL1Process
 .text          0x4804d064      0xcc4 C:\Program Files (x86)\ETAS\INTECRIO5.0\Target\Etarget\ES910\libes910.a(t_main.o)
                0x4804d2c0                main
 .text          0x4804dd28      0x9f0 C:\Program Files (x86)\ETAS\INTECRIO5.0\Target\Etarget\ES910\libes910.a(t_mlog.o)
                0x4804dd4c                getDriverLogging
                0x4804dd58                getUserSeverity
                0x4804dd40                getUserLogging
                0x4804dde4                mlog_setSeverityFilterUser
                0x4804ddb8                mlog_setSeverityFilterDrv
                0x4804dd64                getDriverSeverity
                0x4804e4a0                mlog_init
                0x4804e1a4                mlog_updateLoggingConfiguration
                0x4804dd28                getUserLogChan
                0x4804e290                mlog_startLogConfigThread
                0x4804dd34                getDrvLogChan
                0x4804dd70                mlog_debugLog
 .text          0x4804e718      0xfac C:\Program Files (x86)\ETAS\INTECRIO5.0\Target\Etarget\ES910\libes910.a(t_qnxtargetutil.o)
                0x4804ec44                qnxThreadJoinPartition
                0x4804e974                qnxLockSetSockEnvironmentVariable
                0x4804f094                qnxPrintProcesses
                0x4804e728                qnxCheckBootFromFlash
                0x4804efc4                qnxPrintCpuLoad
                0x4804e744                qnxCheckHaltedModel
                0x4804e76c                qnxRestoreUnlockSockEnvironmentVariable
                0x4804e718                qnxSetBootFromFlash
                0x4804f5dc                qnxPrintSavedErrorMessages
                0x4804e750                qnxSetStandalone
                0x4804ef60                qnxAdjustThreadPriority
                0x4804e734                qnxSetHaltedModel
                0x4804ecc4                qnxGetSetRunInheritMask
                0x4804e760                qnxCheckStandalone
 .text          0x4804f6c4      0x638 C:\Program Files (x86)\ETAS\INTECRIO5.0\Target\Etarget\ES910\libes910.a(t_targetutil.o)
                0x4804f714                initL2CachePerfMeas
                0x4804fc3c                es910GetSerialNumber
                0x4804f6c4                GetSystemTimeLow
                0x4804fbe4                es910GetPcbRevision
                0x4804fc18                es910PiggyGetSerialNumber
                0x4804f870                getL2CachePerf
                0x4804f978                es910PrintFwVersions
                0x4804f81c                getL2CachePerfRaw
                0x4804f6d4                GetSystemTime
                0x4804fcc8                es910MapCCSRMemoryRange
                0x4804f6cc                GetSystemTimeHigh
                0x4804fbb0                es910PiggyGetPcbRevision
                0x4804fc60                waitMicroseconds
 .text          0x4804fcfc      0x2f4 C:\Program Files (x86)\ETAS\INTECRIO5.0\Target\Etarget\ES910\libes910.a(t_watchdog.o)
                0x4804fd0c                wdDisableAutoService
                0x4804fdd4                etasServiceWatchdog
                0x4804fd64                wdService
                0x4804fe4c                wdSetEventPeriod
                0x4804fcfc                wdEnableAutoService
                0x4804fd1c                wdSetApplicationName
                0x4804fda4                triggerWD
                0x4804fd28                wdDisconnect
 .text          0x4804fff0      0x848 C:\Program Files (x86)\ETAS\INTECRIO5.0\Target\Etarget\ES910\libes910.a(p_chario.o)
                0x480505a4                IOWrite
                0x4804fff0                IOIsLogOn
                0x4804fffc                IOLogOff
                0x48050058                IOLogOn
                0x48050324                IOPrintf
 .text          0x48050838      0x31c C:\Program Files (x86)\ETAS\INTECRIO5.0\Target\Etarget\ES910\libes910.a(t_hwTimeSync.o)
                0x48050838                es9xxTimeSyncGetTimerValue
                0x4805092c                es9xxTimeSyncGetTimerStatus
                0x48050a80                es9xxTimeSyncInit
                0x480508bc                getLocalSystemTime
 .text          0x48050b54      0x224 C:\Program Files (x86)\ETAS\INTECRIO5.0\Target\Etarget\ES910\libes910.a(t_led.o)
                0x48050b54                userLed2Off
                0x48050bec                userLed2Toggle
                0x48050cf8                ledsOff
                0x48050cc0                userLed1Toggle
                0x48050c74                userLed1On
                0x48050c24                userLed1Off
                0x48050ba0                userLed2On
 .text          0x48050d78     0x2178 C:\Program Files (x86)\ETAS\INTECRIO5.0\Target\Etarget\ES910\libtarget.a(a_dacqui.o)
                0x480523cc                asdSimPreCall
                0x48052e80                asdSimPostCall
                0x48052450                getDacqTimeFor
                0x48052d78                storeMeasureDataForGroup
                0x480525c8                applicationStartUserMode
                0x480525a0                resetLogSimulationTime
                0x48051030                etasAscetLoggingBufferFillLevel
                0x48052514                getLogSimulationTime
                0x48051064                etasAscetLoggingOverflowCounter
                0x480510a8                asdDisableUserDefinedTime
                0x4805253c                getSimulationTime
                0x48050fcc                setSimulationTime
                0x48051098                asdEnableUserDefinedTime
                0x48052108                checkForBufferOverflow
                0x48052568                resetDacqTimeFor
                0x48050fa0                setLogSimulationTime
                0x48050f98                setDacqTimeFor
                0x48050d78                applicationStopUserMode
                0x480526a8                timeMeasurementStop
                0x48050ffc                etasAscetLoggingBufferSize
                0x48052750                logDataForChannel
                0x48052b9c                storeLogDataForGroup
                0x480526fc                timeMeasurementStart
                0x48052648                timeInSeconds
 .text          0x48052ef0       0xd8 C:\Program Files (x86)\ETAS\INTECRIO5.0\Target\Etarget\ES910\libtarget.a(a_l1pro.o)
                0x48052ef0                forwardToProcess
                0x48052f4c                startUpSimulation
 .text          0x48052fc8     0x4c88 C:\Program Files (x86)\ETAS\INTECRIO5.0\Target\Etarget\ES910\libtarget.a(a_primit.o)
                0x48057714                v3_initInstance_uint16
                0x48054e6c                Vec_uint32_getAtProtected
                0x48056390                v3_initInstance_Mat_real64
                0x48055a38                v3_initInstance_Mat_bool
                0x48057390                initInstance_GroupCharTable2
                0x48056fcc                initInstance_Vec_real32
                0x480545fc                Mat_sint16_setAtProtected
                0x48054474                Mat_uint16_setAtProtected
                0x4805613c                v3_initInstance_Mat_sint8
                0x48056264                v3_initInstance_Mat_real32
                0x48055dbc                v3_initInstance_Mat_uint16
                0x48054ce0                Vec_qreal64_getAtProtected
                0x48057be0                delete_Mat
                0x48053850                addVector
                0x48056674                v3_initInstance_Vec_bool
                0x48055ec4                initInstance_Mat_uint16
                0x4805736c                initInstance_uint32
                0x48057818                initInstance_sint16
                0x48055698                qreal64_set
                0x480579d4                initInstance_real32
                0x48056d6c                initInstance_Vec_uint8
                0x48057b20                delete_CharTable2
                0x480551f8                Vec_uint8_getAtProtected
                0x48057784                initInstance_uint16
                0x48053054                removeMatrix
                0x4805517c                Vec_uint8_setAtProtected
                0x48055c90                v3_initInstance_Mat_sint32
                0x48056780                initInstance_Vec_bool
                0x48053edc                Mat_real64_getAtProtected
                0x48053dec                Mat_real64_setAtProtected
                0x48055b40                initInstance_Mat_bool
                0x480569e0                initInstance_Vec_sint32
                0x4805783c                v3_initInstance_uint8
                0x4805558c                Vec_qreal64_setAtProtected
                0x4805371c                addMatrix
                0x48055874                v3_initInstance_Mat_qreal64
                0x480549cc                Mat_sint8_getAtProtected
                0x48057518                initInstance_GroupCharTable1
                0x480546c8                Mat_sint16_getAtProtected
                0x480567a4                v3_initInstance_Vec_uint32
                0x480552d4                Vec_sint8_getAtProtected
                0x480543b8                Mat_sint32_getAtProtected
                0x48055338                qreal64_adjust
                0x48057c18                delete_Vec
                0x48056b34                v3_initInstance_Vec_sint16
                0x48056c40                initInstance_Vec_sint16
                0x48054bc0                Vec_real64_setAtProtected
                0x48054fb4                Vec_uint16_setAtProtected
                0x48054d08                Vec_real32_setAtProtected
                0x48056118                initInstance_Mat_uint8
                0x48054230                Mat_uint32_getAtProtected
                0x48052fd4                getBasicType
                0x48056ebc                v3_initInstance_Vec_real32
                0x4805545c                Mat_qreal64_setAtProtected
                0x48054b5c                Vec_bool_getAtProtected
                0x48057a70                initInstance_real64
                0x4805663c                initInstance_Vec_qreal64
                0x48057b60                delete_GroupCharTable1
                0x48057680                v3_initInstance_sint32
                0x4805636c                initInstance_Mat_real32
                0x48055258                Vec_sint8_setAtProtected
                0x480540a8                Mat_real32_getAtProtected
                0x48054adc                Vec_bool_setAtProtected
                0x48053144                removeVector
                0x48053d30                Mat_bool_getAtProtected
                0x48057ba0                delete_CharTable1
                0x480576f0                initInstance_sint32
                0x48055b64                v3_initInstance_Mat_uint32
                0x48057940                initInstance_sint8
                0x48057454                initInstance_CharTable2
                0x48057230                initInstance_qreal64
                0x48054164                Mat_uint32_setAtProtected
                0x48054540                Mat_uint16_getAtProtected
                0x48056498                initInstance_Mat_real64
                0x480579f8                v3_initInstance_real64
                0x480572fc                v3_initInstance_uint32
                0x48052fe0                getPrimitiveType
                0x48053bcc                Mat_setCurSizeYProtected
                0x48056d90                v3_initInstance_Vec_sint8
                0x480578ac                initInstance_uint8
                0x48056a04                v3_initInstance_Vec_uint16
                0x48052fc8                getTypeSize
                0x48055d98                initInstance_Mat_sint32
                0x48057964                v3_initInstance_real32
                0x48057ae0                delete_GroupCharTable2
                0x48053c64                Mat_bool_setAtProtected
                0x48055c6c                initInstance_Mat_uint32
                0x480572d8                initInstance_bool
                0x48054dec                Vec_uint32_setAtProtected
                0x480564bc                v3_initInstance_Vec_qreal64
                0x480559f8                initInstance_Mat_qreal64
                0x48053fb4                Mat_qreal64_getAtProtected
                0x48056c64                v3_initInstance_Vec_uint8
                0x48054f50                Vec_sint32_getAtProtected
                0x48055ff0                initInstance_Mat_sint16
                0x48055034                Vec_uint16_getAtProtected
                0x48054a88                Vec_setCurSizeProtected
                0x480578d0                v3_initInstance_sint8
                0x48054c60                Vec_real64_getAtProtected
                0x48054784                Mat_uint8_setAtProtected
                0x480568b0                initInstance_Vec_uint32
                0x48055ee8                v3_initInstance_Mat_sint16
                0x48054ed0                Vec_sint32_setAtProtected
                0x48057a94                initInstance_reference
                0x48055118                Vec_sint16_getAtProtected
                0x48054904                Mat_sint8_setAtProtected
                0x48053c18                Mat_setCurSizeXProtected
                0x48057268                v3_initInstance_bool
                0x480575cc                initInstance_CharTable1
                0x48057120                v3_initInstance_qreal64
                0x480557e0                initInstance_quantInfo
                0x48053fdc                Mat_real32_setAtProtected
                0x48056240                initInstance_Mat_sint8
                0x480568d4                v3_initInstance_Vec_sint32
                0x48054d88                Vec_real32_getAtProtected
                0x480542ec                Mat_sint32_setAtProtected
                0x48056e98                initInstance_Vec_sint8
                0x48055098                Vec_sint16_setAtProtected
                0x4805484c                Mat_uint8_getAtProtected
                0x480577a8                v3_initInstance_sint16
                0x48056014                v3_initInstance_Mat_uint8
                0x48056b10                initInstance_Vec_uint16
                0x480570fc                initInstance_Vec_real64
                0x48056ff0                v3_initInstance_Vec_real64
 .text          0x48057c50       0x20 C:\Program Files (x86)\ETAS\INTECRIO5.0\Target\Etarget\ES910\libtarget.a(a_sysver.o)
                0x48057c64                getBuildRevision
                0x48057c50                getSystemLibVersion
                0x48057c5c                getSystemLibCid
 .text          0x48057c70     0x305c C:\Program Files (x86)\ETAS\INTECRIO5.0\Target\Etarget\ES910\libtarget.a(a_targma.o)
                0x48058b70                perfMeasStop
                0x48059540                asdMalloc
                0x48059934                addToActiveSimObjList
                0x48057df0                getTargetL1BufferSizeCode
                0x48059ac4                asdWriteUserError
                0x48057d88                setTargetL1BufferSize
                0x4805a3fc                perfMeasDisplay
                0x48057d54                getSimObjPtr
                0x48058e40                asdFree
                0x48059a98                asdClearUserError
                0x48057e48                resetPerfMeasObj
                0x48059314                asdMallocNoInit
                0x4805a2b4                asdWriteUserDebug
                0x48057ca0                searchInActiveList
                0x480594ec                asdCalloc
                0x48057de4                getTargetL1BufferSize
                0x48057cfc                removeFromActiveSimObjList
                0x48058c18                perfMeasStart
                0x48057c7c                instanceTreeMallocOn
                0x4805946c                createPerfMeasObj
                0x4805a644                etasInitModelProcess
                0x48058614                getObjectsRecursive
                0x48058c84                availableMemory
                0x48057c8c                instanceTreeMallocOff
                0x48058d38                asdFreeAll
                0x480597d4                updateCTBlocks
                0x4805919c                asdRealloc
                0x4805915c                deletePerfMeasObj
                0x48057c70                getInstanceTreeMemoryConsumption
 .text          0x4805accc     0x14ac C:\Program Files (x86)\ETAS\INTECRIO5.0\Target\Etarget\ES910\libtarget.a(i_cpyfnc.o)
                0x4805affc                copyPlainFromFloat
                0x4805bb28                copyScalSatTypeSatFromFloat
                0x4805c160                copyInt
                0x4805c16c                copyDouble
                0x4805c154                copyShort
                0x4805b690                copyScalFromValidFloat
                0x4805b8d4                copyScalSatFromFloat
                0x4805b21c                copySatFromFloat
                0x4805accc                copyPlainToFloat
                0x4805af1c                copyScalSatToFloat
                0x4805ae64                copyScalToFloat
                0x4805c148                copyByte
                0x4805beec                copyBoolSatFromFloat
                0x4805ad98                copySatToFloat
                0x4805b460                copyScalFromFloat
 .text          0x4805c178     0x530c C:\Program Files (x86)\ETAS\INTECRIO5.0\Target\Etarget\ES910\libtarget.a(i_mapfnc.o)
                0x4805c510                var2BufByteOffsetReal64
                0x4805e7e8                var2BufBypassSint8
                0x4805d54c                var2Buf64BitIntelSint32
                0x4805c6fc                var2BufByteOffsetBool
                0x4805f5cc                var2BufIndirectMotorolaReal32
                0x4805c4cc                buf2VarSimpleUint8
                0x4805c790                buf2VarByteOffsetSint32
                0x4805f940                buf2VarIndirectMotorolaSint32
                0x48060c68                var2BufIndirectIntelSint16
                0x48061430                bufGenFrameInit
                0x4805f46c                buf2VarGenFrameIntelSint32
                0x48061184                buf2VarBypassIntelUint16
                0x4805cc50                var2Buf64BitMotorolaUint16
                0x4805d430                var2Buf64BitIntelUint32
                0x4805dc34                buf2Var64BitMotorolaReal32
                0x4805e5e4                var2BufBypassMotorolaReal64
                0x4805ccfc                var2Buf64BitMotorolaSint16
                0x4805c618                var2BufByteOffsetSint16
                0x4805c484                buf2VarSimpleSint32
                0x4805e928                buf2VarBypassMotorolaSint32
                0x4805c7e0                buf2VarByteOffsetSint8
                0x4805f690                var2BufIndirectMotorolaUint16
                0x4805e8f8                buf2VarBypassMotorolaUint32
                0x4805df04                buf2Var64BitMotorolaUint8
                0x48060fc0                var2BufBypassMaskedIntelBoolUint32
                0x4805f8a0                buf2VarIndirectMotorolaReal64
                0x4805c37c                var2BufSimpleBool
                0x4805f2ac                buf2VarGenFrameMotorolaSint32
                0x4805de20                buf2Var64BitMotorolaSint32
                0x4805cef8                var2Buf64BitMotorolaBool
                0x4805f42c                buf2VarGenFrameIntelUint32
                0x4805f1ec                var2BufGenFrameIntelBool
                0x4805f1ac                var2BufGenFrameIntelSint8
                0x4805ef2c                var2BufGenFrameMotorolaSint16
                0x4805f5ac                var2BufIndirectMotorolaReal64
                0x4805c664                var2BufByteOffsetUint8
                0x4805c890                var2Buf64BitMotorolaUint64
                0x4805eeec                var2BufGenFrameMotorolaUint16
                0x48061214                buf2VarBypassIntelUint32
                0x48061348                var2BufBypassIntelSint32
                0x4805c440                buf2VarSimpleReal64
                0x4805e9d8                buf2VarBypassIntelReal64
                0x4805c7a4                buf2VarByteOffsetUint16
                0x4805c1f4                var2BufSimpleSint32
                0x4805ed00                var2BufBypassMaskedUint8
                0x4805eab0                var2BufBypassMaskedMotorolaUint32
                0x4805c6b0                var2BufByteOffsetSint8
                0x4805d0c0                var2Buf64BitIntelUint64
                0x4805f8d4                buf2VarIndirectMotorolaReal32
                0x4805e8a8                buf2VarBypassMotorolaReal64
                0x4805efec                var2BufGenFrameMotorolaBool
                0x4805d668                var2Buf64BitIntelUint16
                0x4805c534                var2BufByteOffsetUint32
                0x48060b34                buf2VarIndirectIntelUint16
                0x4805c7f8                buf2VarByteOffsetBool
                0x48060eb0                var2BufBypassMaskedIntelSint16
                0x4805c3e4                var2BufSimpleUint8Bool
                0x4805e6ac                var2BufBypassMotorolaUint16
                0x48060f38                var2BufBypassMaskedIntelUint16
                0x4805c46c                buf2VarSimpleUint32
                0x4805efac                var2BufGenFrameMotorolaSint8
                0x4805cff0                var2Buf64BitIntelReal32
                0x4805facc                buf2VarIndirectSint8
                0x4805dc7c                buf2Var64BitMotorolaUint64
                0x4805ee6c                var2BufGenFrameMotorolaUint32
                0x4805ff4c                var2BufGenFrameMotorolaReal64
                0x480613a8                var2BufBypassIntelUint32
                0x4805f36c                buf2VarGenFrameMotorolaUint8
                0x4805de68                buf2Var64BitMotorolaUint16
                0x4805e550                buf2Var64BitIntelSint8
                0x4805f02c                var2BufGenFrameIntelReal32
                0x4805e004                buf2Var64BitIntelReal32
                0x4805cf9c                var2Buf64BitIntelReal64
                0x4805ebd4                var2BufBypassMaskedMotorolaUint16
                0x4805d278                var2Buf64BitIntelSint64
                0x4805f0ec                var2BufGenFrameIntelUint16
                0x48060a34                buf2VarGenFrameIntelReal64
                0x4805e6f8                var2BufBypassMotorolaSint16
                0x48061258                buf2VarBypassIntelReal32
                0x480611d0                buf2VarBypassIntelSint32
                0x4805c580                var2BufByteOffsetSint32
                0x4805e174                buf2Var64BitIntelSint64
                0x4805f22c                buf2VarGenFrameMotorolaReal32
                0x4806145c                bufBypassInit
                0x4805e38c                buf2Var64BitIntelUint16
                0x4805eb78                var2BufBypassMaskedMotorolaBoolUint32
                0x48060da0                var2BufIndirectIntelUint32
                0x4805f32c                buf2VarGenFrameMotorolaSint16
                0x4805cda8                var2Buf64BitMotorolaUint8
                0x4805e080                buf2Var64BitIntelUint64
                0x4805f4ec                buf2VarGenFrameIntelSint16
                0x4805f0ac                var2BufGenFrameIntelSint32
                0x48060724                buf2VarGenFrameMotorolaReal64
                0x4805e4b8                buf2Var64BitIntelUint8
                0x4805edd0                var2BufBypassMaskedBoolUint8
                0x48060604                buf2VarGenFrameMotorolaUint64
                0x4805f9c8                buf2VarIndirectMotorolaSint16
                0x4805f3ec                buf2VarGenFrameIntelReal32
                0x4805cb08                var2Buf64BitMotorolaUint32
                0x48060e08                var2BufIndirectIntelReal32
                0x4805c520                var2BufByteOffsetReal32
                0x48060e38                var2BufBypassMaskedIntelBoolUint16
                0x4805ea78                buf2VarBypassSint8
                0x4805d9d0                var2Buf64BitIntelSint8
                0x4805cbac                var2Buf64BitMotorolaSint32
                0x4805e424                buf2Var64BitIntelSint16
                0x4805d8b0                var2Buf64BitIntelUint8
                0x4805fdd4                var2BufGenFrameMotorolaUint64
                0x4805f2ec                buf2VarGenFrameMotorolaUint16
                0x4805ea40                buf2VarBypassUint8
                0x4805c834                var2Buf64BitMotorolaReal32
                0x4805f4ac                buf2VarGenFrameIntelUint16
                0x4805c4e0                buf2VarSimpleSint8
                0x4805f5e8                var2BufIndirectMotorolaUint32
                0x480608b0                buf2VarGenFrameIntelSint64
                0x4805e998                buf2VarBypassMotorolaSint16
                0x4805c1a4                var2BufSimpleUint32
                0x480604e0                buf2VarGenFrameMotorolaSint64
                0x4805c80c                buf64BitInit
                0x4805fa14                buf2VarIndirectIntelReal64
                0x48060c2c                buf2VarIndirectIntelReal32
                0x4805e660                var2BufBypassMotorolaSint32
                0x480612e8                var2BufBypassIntelUint16
                0x4805f3ac                buf2VarGenFrameMotorolaSint8
                0x4805fc5c                var2BufGenFrameMotorolaSint64
                0x4805ec3c                var2BufBypassMaskedMotorolaSint16
                0x4805eca4                var2BufBypassMaskedMotorolaBoolUint16
                0x48060288                var2BufGenFrameIntelUint64
                0x4805ef6c                var2BufGenFrameMotorolaUint8
                0x4805c2e4                var2BufSimpleUint8
                0x4805c768                buf2VarByteOffsetReal32
                0x4805f7ec                var2BufIndirectSint8
                0x4805c454                buf2VarSimpleReal32
                0x48060b8c                buf2VarIndirectIntelSint32
                0x48061288                var2BufBypassIntelSint16
                0x4805ddd8                buf2Var64BitMotorolaUint32
                0x4805e614                var2BufBypassMotorolaUint32
                0x480610b8                var2BufBypassMaskedIntelUint32
                0x4805f738                var2BufIndirectIntelReal64
                0x4805ed68                var2BufBypassMaskedSint8
                0x4805c77c                buf2VarByteOffsetUint32
                0x4805f12c                var2BufGenFrameIntelSint16
                0x4805c4f8                buf2VarSimpleBool
                0x4805c49c                buf2VarSimpleUint16
                0x4805df54                buf2Var64BitMotorolaSint8
                0x4805e960                buf2VarBypassMotorolaUint16
                0x4805c758                buf2VarByteOffsetReal64
                0x48060d38                var2BufIndirectIntelSint32
                0x4805f984                buf2VarIndirectMotorolaUint16
                0x48060974                buf2VarGenFrameIntelUint64
                0x4805e744                var2BufBypassIntelReal64
                0x4805e26c                buf2Var64BitIntelUint32
                0x4805deb8                buf2Var64BitMotorolaSint16
                0x4805eeac                var2BufGenFrameMotorolaSint32
                0x4805dc10                buf2Var64BitMotorolaReal64
                0x4805dd28                buf2Var64BitMotorolaSint64
                0x4805c7b8                buf2VarByteOffsetSint16
                0x4805f798                var2BufIndirectUint8
                0x4805f52c                buf2VarGenFrameIntelUint8
                0x48060cd0                var2BufIndirectIntelUint16
                0x4805fa88                buf2VarIndirectUint8
                0x4805f840                var2BufIndirectBool
                0x48061408                var2BufBypassIntelReal32
                0x4805f06c                var2BufGenFrameIntelUint32
                0x4805c244                var2BufSimpleUint16
                0x4805f63c                var2BufIndirectMotorolaSint32
                0x4805f26c                buf2VarGenFrameMotorolaUint32
                0x4805c5cc                var2BufByteOffsetUint16
                0x4805dfa0                buf2Var64BitIntelReal64
                0x4805e2fc                buf2Var64BitIntelSint32
                0x4805ee2c                var2BufGenFrameMotorolaReal32
                0x4805ce50                var2Buf64BitMotorolaSint8
                0x4805fb10                formulaOutReal64
                0x4805c330                var2BufSimpleSint8
                0x4805f56c                buf2VarGenFrameIntelSint8
                0x4805fb2c                formulaInReal64
                0x4805c820                var2Buf64BitMotorolaReal64
                0x4805c294                var2BufSimpleSint16
                0x4805f16c                var2BufGenFrameIntelUint8
                0x4805e8d4                buf2VarBypassMotorolaReal32
                0x4805f904                buf2VarIndirectMotorolaUint32
                0x48060384                var2BufGenFrameIntelReal64
                0x4805f6e4                var2BufIndirectMotorolaSint16
                0x4805d78c                var2Buf64BitIntelSint16
                0x4805e79c                var2BufBypassUint8
                0x4805c4b4                buf2VarSimpleSint16
                0x48060bdc                buf2VarIndirectIntelUint32
                0x4805eb14                var2BufBypassMaskedMotorolaSint32
                0x48060adc                buf2VarIndirectIntelSint16
                0x4805c178                var2BufSimpleReal64
                0x4805e600                var2BufBypassMotorolaReal32
                0x4805c7cc                buf2VarByteOffsetUint8
                0x4806018c                var2BufGenFrameIntelSint64
                0x48061038                var2BufBypassMaskedIntelSint32
                0x4805c9cc                var2Buf64BitMotorolaSint64
                0x48061138                buf2VarBypassIntelSint16
                0x4805c18c                var2BufSimpleReal32
                0x4805e834                var2BufBypassBool
                0x4805daf0                var2Buf64BitIntelBool
 .text          0x48061484      0xee4 C:\Program Files (x86)\ETAS\INTECRIO5.0\Target\Etarget\ES910\libtarget.a(i_osman.o)
                0x4806216c                etasRemoveStopUserModeCallback
                0x480619d8                activateTaskWithId
                0x48061540                findCurAppModeName
                0x480616ac                getTaskIdForTask
                0x480617b0                clearMeasureGroupForTask
                0x48061848                clearLogGroupForTask
                0x48062048                etasInitTaskTerminationHook
                0x4806188c                isModelStarted
                0x480614a8                getEEId
                0x480615dc                getTaskPtrForId
                0x48062330                etasAddInitTaskTerminationCallback
                0x480618b4                updateUserModeState
                0x480622f8                etasAddStopUserModeCallback
                0x48061f44                etasStopUserModeHook
                0x48061484                etasInitOsProcess
                0x480616ec                findCurTaskName
                0x480617d4                setMeasureGroupForTask
                0x4806186c                setLogGroupForTask
                0x480621a4                etasRemoveInitTaskTerminationCallback
 .text          0x48062368     0x73e0 C:\Program Files (x86)\ETAS\INTECRIO5.0\Target\Etarget\ES910\libtarget.a(i_rtioma.o)
                0x480623a4                rtioCheckStartup
                0x48062400                registerRtioDriverLockedCallback
                0x480623f4                etasRtioInitProcess
                0x480690f0                rtioHook
                0x48068938                rtioSignalDriverLock
                0x480623fc                etasRtioExitProcess
                0x48068804                etasRtioIntDisableProcess
                0x48062398                rtioSetConfigState
                0x48062480                deRegisterRtioDriverLockedCallback
                0x48068858                rtioSignalDriverUnlock
                0x48068824                etasRtioStartupProcess
                0x4806238c                rtioGetConfigState
                0x48062504                rtioGetDriverLockedState
                0x480623e8                rtioIsOsExpertModeActive
                0x480623dc                rtioGetHwAbsenceBehavior
                0x48062368                rtioSetLogPort
                0x480623f8                etasRtioIntEnableProcess
                0x48062374                rtioSetConfigId
 .text          0x48069748      0x550 C:\Program Files (x86)\ETAS\INTECRIO5.0\Target\Etarget\ES910\libtarget.a(i_salone.o)
                0x48069c44                crossbarPrepareReconnection
                0x48069a54                crossbarGetNextConfigResponse
                0x480698b0                playbackConfigL1Records
                0x48069bf0                rtioPrepareReconnection
                0x48069b58                crossbarFinishReconnection
                0x480699e8                rtioGetNextConfigResponse
                0x48069ac0                rtioFinishReconnection
 .text          0x48069c98     0x1830 C:\Program Files (x86)\ETAS\INTECRIO5.0\Target\Etarget\ES910\libtarget.a(t_croman.o)
                0x48069ca4                crossbarSetConfigId
                0x48069cbc                crossbarGetConfigState
                0x48069c98                crossbarSetLogPort
                0x48069cc8                crossbarSetConfigState
                0x4806b424                crossbarHook
 .text          0x4806b4c8      0xcb0 C:\Program Files (x86)\ETAS\INTECRIO5.0\Target\Etarget\ES910\libtarget.a(t_crosll.o)
                0x4806b79c                createCopyObjectContainer
                0x4806b818                insertObjectIntoCopyLists
                0x4806ba9c                commonCreateCopyAction
                0x4806c01c                cromanExecuteObj
                0x4806b4c8                internalDeleteCopyAction
                0x4806b96c                createInsertVector
 .text          0x4806c178     0x1cf0 C:\Program Files (x86)\ETAS\INTECRIO5.0\Target\Etarget\ES910\libtarget.a(t_nvram.o)
                0x4806c2ac                nvramClear
                0x4806c25c                nvramEnableAutoUpdate
                0x4806c2e4                nvramResetStatistics
                0x4806c178                nvramSetUpdateInterval
                0x4806c250                nvramGetConsistencyLevel
                0x4806d40c                nvramUpdateMemoryBackground
                0x4806d86c                nvramInit
                0x4806c2a0                nvramCheckRunningUpdate
                0x4806d370                nvramManualUpdateExit
                0x4806d238                nvramManualUpdateBackground
                0x4806c290                nvramCheckForAutoUpdate
                0x4806d5fc                nvramInitModelVars
                0x4806c2d8                nvramCheckForInitializedVars
                0x4806c808                nvramGetUpdateAgeMs
                0x4806d104                nvramManualUpdateBlocked
                0x4806c230                nvramSetConsistencyLevel
                0x4806c278                nvramDisableAutoUpdate
                0x4806c348                nvramGetStatistics
                0x4806c1cc                nvramGetUpdateInterval
 .text          0x4806de68      0x6ec C:\Program Files (x86)\ETAS\INTECRIO5.0\Target\Etarget\ES910\libtarget.a(t_objlis.o)
                0x4806e45c                createObjList
                0x4806de68                dumpObjList
 .text          0x4806e554      0xcd8 C:\Program Files (x86)\ETAS\INTECRIO5.0\Target\Etarget\ES910\libtarget.a(t_rtcros.o)
                0x4806e76c                getObjectFromDynamicInstanceTree
                0x4806e560                deleteInstance_container
                0x4806ec10                removeObjectFromDynamicInstanceTree
                0x4806e5fc                initInstance_container
                0x4806ede0                getValuePtr
                0x4806ecf8                addObjectToDynamicInstanceTree
                0x4806eb8c                getNextFreeRefIdOfDynamicInstanceTree
                0x4806e554                rtcrosSetLogPort
                0x4806e73c                createDynamicInstanceTree
                0x4806ee58                processBlockCommands
 .text          0x4806f22c     0x1b38 C:\Program Files (x86)\ETAS\INTECRIO5.0\Target\Etarget\ES910\libtarget.a(t_sgman.o)
                0x48070c28                sgHook
                0x4806f38c                sgGetComVarPtr
                0x48070bec                deleteComVarCallback
                0x4806f22c                sgGetCurTime
                0x48070b90                sgGetObjPtr
 .text          0x48070d64     0x14d0 C:\Program Files (x86)\ETAS\INTECRIO5.0\Target\Etarget\ES910\libtarget.a(y_primit.o)
                0x48071668                initInstance_columnDirMatrixWrapper
                0x48072124                initInstance_charTable1Wrapper
                0x48071bc0                initInstance_columnDirGroupCharTable2Wrapper
                0x480717cc                initInstance_matrixWrapper
                0x48071dc0                initInstance_groupCharTable1Wrapper
                0x48071a80                initInstance_scalarWrapper
                0x48071cc0                initInstance_groupCharTable2Wrapper
                0x48071930                initInstance_vectorWrapper
                0x48071fe8                initInstance_charTable2Wrapper
                0x48071eac                initInstance_columnDirCharTable2Wrapper
 .text          0x48072234     0x19c0 C:\Program Files (x86)\ETAS\INTECRIO5.0\Target\Etarget\ES910\libtarget.a(a1b_dacq.o)
                0x48072324                getA1bGroup
                0x480735ac                instanciateA1bChannel
                0x48072abc                getA1bChannelGroupUpdateOffline
                0x480739d4                storeA1bDataForGroup
                0x48073070                destructA1bChannelGroup
                0x480733a8                instanciateA1bGroup
                0x48073148                freeA1bMeasureBuffers
                0x480739b4                allocateA1bMeasureBuffers
                0x480722e0                addA1bChannelToA1bGroup
                0x48072e58                destructA1bChannel
                0x480723c0                removeA1bChannelFromA1bGroup
 .text          0x48073bf4     0x1060 C:\Program Files (x86)\ETAS\INTECRIO5.0\Target\Etarget\ES910\libtarget.a(a_contai.o)
                0x48074304                dVectorRewindHeadReentrant
                0x48074248                dVectorRemoveObject
                0x480743d4                dVectorCreate
                0x48073c4c                dListGetObjectForward
                0x48073f48                dTableRemoveLastObject
                0x48074980                dTableDelete
                0x4807409c                dVectorGetObject
                0x48073c34                dListRewindTailReentrant
                0x4807442c                dTableCreate
                0x48073e04                dTableGetObject
                0x48073ea0                dTableIsEmpty
                0x48074084                dTableNofObjects
                0x48073ca4                dListGetObjectBackward
                0x480747a8                dTableAddObject
                0x4807494c                dTableDeleteStatic
                0x480741b0                dVectorRemoveLastObject
                0x48074128                dVectorRemoveFirstObject
                0x48073ec0                dTableRemoveFirstObject
                0x48073c20                dListRewindTail
                0x48074528                dListAddObjectHead
                0x48074bf4                dListDelete
                0x480749c4                dListRemoveObject
                0x48073cfc                dListGetObjectAtIndex
                0x4807460c                dVectorAddObject
                0x48073cd0                dListGetObjectBackwardReentrant
                0x48073dd0                dTableCreateStatic
                0x48073c78                dListGetObjectForwardReentrant
                0x480740c8                dVectorRemoveObjectAtIndex
                0x4807430c                dVectorGetObjectForwardReentrant
                0x48074360                dVectorGetIndexOfLastEntry
                0x48074ac4                dListRemoveObjectTail
                0x48074484                dListAddObjectTail
                0x48073e3c                dTableRemoveObject
                0x48074764                dVectorDelete
                0x48074b5c                dListRemoveObjectHead
                0x480742e4                dVectorIsEmpty
                0x48073d8c                dListIsEmpty
                0x480745d0                dListCreate
                0x48073fe0                dTableTestFunc
                0x48074348                dVectorNofObjects
                0x48073bf4                dListRewindHead
                0x48073db8                dListNofObjects
                0x48073c08                dListRewindHeadReentrant
 .text          0x48074c54      0x498 C:\Program Files (x86)\ETAS\INTECRIO5.0\Target\Etarget\ES910\libtarget.a(i_transf.o)
                0x48074ef0                transferToMatrix
                0x48074cf0                transferToVector
                0x48074c54                transferFromVector
                0x48074d8c                transferFromMatrix
                0x48075054                transferDirect
 .text          0x480750ec     0x2378 C:\Program Files (x86)\ETAS\INTECRIO5.0\Target\Etarget\ES910\libtarget.a(t_sglow.o)
                0x48076048                freeDataSignal
                0x48076478                makeDataSignal
                0x48075c5c                computeTimeSliceTimes
                0x48075924                setSinewaveSignal
                0x48075318                getIntervalNr
                0x48075f5c                deleteTimeSlice
                0x480771c8                freeChannel
                0x480764b0                makeLinearSignal
                0x480772bc                freeStimuliSet
                0x48075a7c                setIntervalPulseSignal
                0x480760ac                freeInterval
                0x48075a30                setPulseSignal
                0x48075c08                setTimeSlice
                0x48075250                insertTimeSlice
                0x4807630c                makeSinewaveSignal
                0x48076848                makeIntervalDataSignal
                0x480756d4                binsearch
                0x48075fe8                freeRandomSignal
                0x48075610                getLinearSignalY
                0x48075204                getTimeSliceNr
                0x48075d40                getTimeSliceT
                0x48076a1c                getRandomSignalY
                0x48076008                freePulseSignal
                0x48075b3c                setRandomSignal
                0x48076f18                getChannelY
                0x48076428                setIntervalDataSignal
                0x48076c3c                getSinewaveSignalY
                0x480773d0                makeStimuliSet
                0x48075438                computeIntervalTimes
                0x48075578                setIntervalLinearSignal
                0x480761c0                makeTimeSlice
                0x480764d4                makeIntervalRandomSignal
                0x48075138                insertChannel
                0x48075364                insertInterval
                0x48075b70                setIntervalRandomSignal
                0x4807548c                computeChannelTimes
                0x480765f0                makeIntervalPulseSignal
                0x48075544                setLinearSignal
                0x48075cc4                computeStimuliSetTimes
                0x4807628c                makeFunctionSignal
                0x480750ec                getChannelNr
                0x48077154                resetStimuliSet
                0x4807613c                deleteInterval
                0x48075df4                getT
                0x48077348                makeChannel
                0x480762c4                makeRandomSignal
                0x4807542c                resetInterval
                0x48076d68                getIntervalY
                0x48076ae4                getPulseSignalY
                0x48075970                setIntervalSinewaveSignal
                0x480762e8                makePulseSignal
                0x48075f3c                freeTimeSlice
                0x48075c48                resetTimeSlice
                0x48075778                getDataSignalY
                0x48076028                freeSinewaveSignal
                0x4807608c                freeLinearSignal
                0x48077238                deleteChannel
                0x48076904                makeIntervalLinearSignal
                0x48076330                setDataSignal
                0x48077084                resetChannel0
                0x4807671c                makeIntervalSinewaveSignal
 .text          0x48077464        0x0 C:\Program Files (x86)\ETAS\INTECRIO5.0\Target\Etarget\rtio\global\es910\librtio_gnu.a(comm_err.o)
 .text          0x48077464       0xa0 C:\Program Files (x86)\ETAS\INTECRIO5.0\Target\Etarget\rtio\global\es910\librtio_gnu.a(p_rtio.o)
                0x48077464                rtioSignalHwAccessEnd
                0x480774bc                rtioSignalHwAccessBegin
 .text          0x48077504      0xd38 C:\Program Files (x86)\ETAS\INTECRIO5.0\Target\Etarget\rtio\global\es910\librtio_gnu.a(p_rtio_s.o)
                0x480781f8                setupRTIO
                0x48077be8                es910IsEtherCATEnabled
                0x48077510                getMasterId
                0x48077728                rtioHwDetect
                0x48077cf4                rtioTestBoardPresence
                0x48077600                printDetectedHardware
                0x4807752c                rtioGetNextDetectedHwTableEntry
                0x48077504                es910RtioGetFpgaRegsGlobal
                0x48078170                es910RtioMapFpgaRegsGlobal
                0x480780cc                es910RtioUnmapFpgaRegsGlobal
                0x48077518                rtioRewindDetectedHwTable
                0x48077c80                es910RtioIntDisable
 .text          0x4807823c      0xe18 C:\Program Files (x86)\ETAS\INTECRIO5.0\Target\Etarget\rtio\global\es910\librtio_gnu.a(rtio_err.o)
                0x48078418                clearErrMsgList
                0x48078374                deactivateRtioMsgLists
                0x480782e0                installEtasPseudoGeoAdrBoardNames
                0x480782bc                installCommErrMessages
                0x480782ec                installUserBoardNames
                0x4807823c                initMessageTables
                0x480783ac                getNextErrMsg
                0x48078570                rtioGetBoardName
                0x480782d4                installEtasAutoIdBoardNames
                0x48078cfc                rtioErr
                0x4807829c                mapErrorCode
                0x480782f8                installEtasVirtualBoardNames
                0x48078304                installMessages
                0x48078604                rtio_err_v3
                0x48078388                rewindErrMsgList
                0x480784a0                clearCurErrMsg
                0x48078364                activateRtioMsgLists
                0x48078a78                rtioErrV2
                0x480782c8                installEtasBoardNames
 .text          0x48079054      0x638 C:\Program Files (x86)\ETAS\INTECRIO5.0\Target\Etarget\rtio\global\es910\librtio_gnu.a(fhc_emu.o)
                0x48079054                fhc_get_module_name_port_name
                0x4807930c                fhc_check_port_presence_rp
 .text          0x4807968c      0x798 C:\Program Files (x86)\ETAS\INTECRIO5.0\Target\Etarget\ES910\rta_osek\librtk_s.a(ostarget.o)
                0x4807968c                os_get_sw_int_info
                0x480799a8                os_pre_start
                0x48079860                os_detach_interrupts
                0x48079714                os_generate_sw_int
 .text          0x48079e24       0x30 C:\Program Files (x86)\ETAS\INTECRIO5.0\Target\Etarget\ES910\rta_osek\librtk_s.a(osfptgt.o)
                0x48079e24                os_fp_save
                0x48079e50                os_fp_restore_from
                0x48079e38                os_fp_restore
                0x48079e4c                os_fp_save_to
 .text          0x48079e54       0x94 C:\Program Files (x86)\ETAS\INTECRIO5.0\Target\Etarget\ES910\rta_osek\librtk_s.a(osiwrap1.o)
                0x48079e54                os_cat1_wrapper
 .text          0x48079ee8      0x10c C:\Program Files (x86)\ETAS\INTECRIO5.0\Target\Etarget\ES910\rta_osek\librtk_s.a(osysd1hf.o)
                0x48079ee8                os_fdispH1
 .text          0x48079ff4      0x2c4 C:\Program Files (x86)\ETAS\INTECRIO5.0\Target\Etarget\ES910\rta_osek\librtk_s.a(osysdchf.o)
                0x48079ff4                os_fdispH2C
 .text          0x4807a2b8      0x2bc C:\Program Files (x86)\ETAS\INTECRIO5.0\Target\Etarget\ES910\rta_osek\librtk_s.a(osysdchi.o)
                0x4807a2b8                os_idispH2C
 .text          0x4807a574       0x34 C:\Program Files (x86)\ETAS\INTECRIO5.0\Target\Etarget\ES910\rta_osek\librtk_s.a(ostgid.o)
                0x4807a574                GetTaskID
 .text          0x4807a5a8      0x124 C:\Program Files (x86)\ETAS\INTECRIO5.0\Target\Etarget\ES910\rta_osek\librtk_s.a(ostschc.o)
                0x4807a5a8                ScheduleSW2C
 .text          0x4807a6cc       0x50 C:\Program Files (x86)\ETAS\INTECRIO5.0\Target\Etarget\ES910\rta_osek\librtk_s.a(osieai.o)
                0x4807a6cc                EnableAllInterrupts
 .text          0x4807a71c       0x60 C:\Program Files (x86)\ETAS\INTECRIO5.0\Target\Etarget\ES910\rta_osek\librtk_s.a(osidai.o)
                0x4807a71c                DisableAllInterrupts
 .text          0x4807a77c       0x98 C:\Program Files (x86)\ETAS\INTECRIO5.0\Target\Etarget\ES910\rta_osek\librtk_s.a(osisoi.o)
                0x4807a77c                SuspendOSInterrupts
 .text          0x4807a814       0x68 C:\Program Files (x86)\ETAS\INTECRIO5.0\Target\Etarget\ES910\rta_osek\librtk_s.a(osirai.o)
                0x4807a814                ResumeAllInterrupts
 .text          0x4807a87c       0x84 C:\Program Files (x86)\ETAS\INTECRIO5.0\Target\Etarget\ES910\rta_osek\librtk_s.a(osisai.o)
                0x4807a87c                SuspendAllInterrupts
 .text          0x4807a900       0x70 C:\Program Files (x86)\ETAS\INTECRIO5.0\Target\Etarget\ES910\rta_osek\librtk_s.a(osxperr2.o)
                0x4807a900                os_pre_errorhook2
 .text          0x4807a970        0x0 C:\Program Files (x86)\ETAS\INTECRIO5.0\Target\Etarget\ES910\rta_osek\librtk_s.a(osxglobs.o)
 .text          0x4807a970      0x104 C:\Program Files (x86)\ETAS\INTECRIO5.0\Target\Etarget\ES910\rta_osek\librtk_s.a(osostart.o)
                0x4807a970                StartOS
 .text          0x4807aa74       0x6c C:\Program Files (x86)\ETAS\INTECRIO5.0\Target\Etarget\ES910\rta_osek\librtk_s.a(ososhuth.o)
                0x4807aa74                ShutdownOSH
 .text          0x4807aae0       0x34 C:\Program Files (x86)\ETAS\INTECRIO5.0\Target\Etarget\ES910\rta_osek\librtk_s.a(osttermh.o)
                0x4807aae0                TerminateTaskH
 .text          0x4807ab14      0x2e0 C:\Program Files (x86)\ETAS\INTECRIO5.0\Target\Etarget\ES910\rta_osek\librtk_s.a(ostactsc.o)
                0x4807ab14                ActivateTaskSW2C
 .text          0x4807adf4      0x28c C:\Program Files (x86)\ETAS\INTECRIO5.0\Target\Etarget\ES910\rta_osek\librtk_s.a(ostactnc.o)
                0x4807adf4                ActivateTaskNS2C
 .text          0x4807b080      0x100 C:\Program Files (x86)\ETAS\INTECRIO5.0\Target\Etarget\ES910\rta_osek\librtk_s.a(osatickn.o)
                0x4807b080                osek_tick_alarm
 .text          0x4807b180       0xbc C:\Program Files (x86)\ETAS\INTECRIO5.0\Target\Etarget\ES910\rta_osek\librtk_s.a(osacallb.o)
                0x4807b180                osek_alarm_callback
 .text          0x4807b23c       0x20 C:\Program Files (x86)\ETAS\INTECRIO5.0\Target\Etarget\ES910\rta_osek\librtk_s.a(osxdpsho.o)
                0x4807b23c                os_pre_ShutdownOS
 .text          0x4807b25c      0x170 C:\Program Files (x86)\ETAS\INTECRIO5.0\Target\Etarget\ES910\rta_osek\librtk_s.a(osiwrap.o)
                0x4807b25c                os_wrapper
 .text          0x4807b3cc       0xd0 C:\Program Files (x86)\ETAS\INTECRIO5.0\Target\Etarget\ES910\rta_osek\librtk_s.a(osxjmp.o)
                0x4807b430                os_longjmp
                0x4807b3cc                os_setjmp
 .text          0x4807b49c      0x224 C:\Program Files (x86)\ETAS\INTECRIO5.0\Target\Etarget\ES910\rta_osek\librtk_s.a(osxdspnc.o)
                0x4807b49c                osek_dispatch
 .text          0x4807b6c0       0x5c C:\Program Files (x86)\ETAS\INTECRIO5.0\Target\Etarget\ES910\rta_osek\librtk_s.a(ososhutn.o)
                0x4807b6c0                ShutdownOSN
 .text          0x4807b71c      0x528 C:\Program Files (x86)\ETAS\INTECRIO5.0\Target\Etarget\ES910\libcommon.a(p_execl1.o)
                0x4807b870                execInternal
                0x4807b71c                getMethodTab
                0x4807b76c                getNumberOfVariables
                0x4807b970                executeMethod
                0x4807b794                getASDObjectForPseudoAddress
                0x4807baa8                classVarAt
                0x4807b9fc                respondsTo
                0x4807b744                getNumberOfMethods
                0x4807bb78                instVarAt
 .text          0x4807bc44      0x8d4 C:\Program Files (x86)\ETAS\INTECRIO5.0\Target\Etarget\ES910\libcommon.a(p_protl1.o)
                0x4807c000                addL1PseudoAddressNoOffset
                0x4807c4b0                addString
                0x4807c374                removeString
                0x4807c0e8                removeL1PseudoAddressNoOffset
                0x4807bc44                newL1Message
                0x4807bea0                removeScalar
                0x4807bce4                resetL1PriorityError
                0x4807c420                addBlock
                0x4807bcc0                setL1ErrorNumber
                0x4807bcd8                requestL1PriorityError
                0x4807bc6c                modifyL1Destination
                0x4807bc84                dummyL1Message
                0x4807bdfc                addScalar
                0x4807bcf4                getL1ErrorStatus
                0x4807c064                addL1PseudoAddress
                0x4807c1f4                logPseudoAddress
                0x4807bde4                isL1MessageEmpty
                0x4807c2e8                removeBlock
                0x4807bf44                addL1PseudoAddressNoLevelNoOffset
                0x4807bcac                resetL1Message
 .text          0x4807c518      0x254 C:\Program Files (x86)\ETAS\INTECRIO5.0\Target\Etarget\ES910\libcommon.a(p_stdeb.o)
                0x4807c648                asdIsStringContainedInObject
                0x4807c604                asdClearString
                0x4807c6a4                asdWriteString
 .text          0x4807c76c      0x3e0 Car_State1/Car_State1.a(Car_State_main.o)
                0x4807c8e4                irt_Terminate_Car_State
                0x4807c9f0                irt_Start_Car_State
                0x4807c968                irt_OneStep_Car_State
 .text          0x4807cb4c       0x64 Car_State1/Car_State1.a(rt_sim.o)
                0x4807cb4c                rt_SimInitTimingEngine_Car_State
                0x4807cbac                rt_SimUpdateDiscreteTaskSampleHits_Car_State
                0x4807cb78                rt_SimGetNextSampleHit_Car_State
 .text          0x4807cbb0      0xf78 C:/Program Files (x86)/ETAS/INTECRIO5.0/Target/ETarget/rtio/es9xxcan/ES910/es9xxCan_gnu.lib(es9xxCan.o)
                0x4807cd74                CanStop
                0x4807cbb0                CanIRQ0MultiAnalyze
                0x4807cc7c                CanExit
                0x4807d130                CanInit
                0x4807cf90                CanWrite
                0x4807cc2c                CanIRQ0Acknowledge
                0x4807d060                CanRead
                0x4807ce9c                CanStart
 .text          0x4807db28      0x964 C:/Program Files (x86)/ETAS/INTECRIO5.0/Target/ETarget/rtio/es9xxcan/ES910/es9xxCan_gnu.lib(es9xxCanCanio.o)
                0x4807e074                es9xxCanCanioInit
                0x4807dd08                es9xxCanCanioStart
                0x4807de54                es9xxCanCanioWrite
                0x4807ddb8                es9xxCanCanioRead
                0x4807db28                es9xxCanCanioExit
                0x4807dc58                es9xxCanCanioStop
 .text          0x4807e48c        0x0 C:/Program Files (x86)/ETAS/INTECRIO5.0/Target/ETarget/rtio/es9xxcan/ES910/es9xxCan_gnu.lib(es9xxCanErr.o)
 .text          0x4807e48c      0x664 C:/Program Files (x86)/ETAS/INTECRIO5.0/Target/ETarget/rtio/es9xxcan/ES910/es9xxCan_gnu.lib(es9xxCanHalBuf.o)
                0x4807e494                es9xxCanHalBufIrqAnalyze
                0x4807e7bc                es9xxCanHalBufReadObj
                0x4807e48c                es9xxCanHalBufIrqAck
                0x4807e98c                es9xxCanHalBufExit
                0x4807e9d0                es9xxCanHalBufDetectHW
                0x4807e5b8                es9xxCanHalBufDisableIrq
                0x4807e5b0                es9xxCanHalBufIrqReset
                0x4807e5c0                es9xxCanHalBufAlloc
 .text          0x4807eaf0      0x900 C:/Program Files (x86)/ETAS/INTECRIO5.0/Target/ETarget/rtio/es9xxcan/ES910/es9xxCan_gnu.lib(es9xxCanHalIfi.o)
                0x4807f238                es9xxCanHalIfiRemoteSend
                0x4807eaf0                es9xxCanHalIfiDetectHW
                0x4807eaf8                es9xxCanHalIfiExit
                0x4807f054                es9xxCanHalIfiNormalSend
                0x4807eb20                es9xxCanHalIfiCheckCanState
                0x4807eb00                es9xxCanHalIfiDefSndObj
                0x4807eb10                es9xxCanHalIfiDelObj
                0x4807eb18                es9xxCanHalIfiNormalRtrSupply
                0x4807efa8                es9xxCanHalIfiInitLowHighSpeed
                0x4807f3cc                es9xxCanHalIfiResetBoardSW
 .text          0x4807f3f0       0x40 C:/ETAS/Compiler/INTECRIO5.0/QNXCompiler-V6.5\host\win32\x86/usr/lib/gcc/powerpc-unknown-nto-qnx6.5.0/4.4.2/spe/libgcc.a(_floatdidf.o)
                0x4807f3f0                __floatdidf
 .text          0x4807f430     0x2f10 C:\Program Files (x86)\ETAS\INTECRIO5.0\Target\Etarget\ES910\libes910.a(t_dataset.o)
                0x48080464                dsetDeleteParametersInRom
                0x4807f430                dsetCheckParametersRestoredFromRom
                0x480806e0                dsetCopyDataset
                0x480805c8                dsetStoreParametersToRom
                0x4807fbd4                dsetSwitchToWorkingPage
                0x480809c4                dsetCalculateCrc32
                0x4807fcf0                dsetRestoreParametersFromRom
                0x48080d7c                dsetReadDataset
                0x48080238                dsetStoreVariablesToRam
                0x4807f43c                dsetGetErrorString
                0x48081318                dsetWriteDataset
                0x4807fb14                dsetRestoreVariablesFromRam
                0x4807f474                dsetGetCurrentPage
                0x48081a5c                dsetStoreReferencePage
                0x480802f4                dsetSwitchToReferencePage
                0x48081d88                dsetInit
 .text          0x48082340      0x178 C:\Program Files (x86)\ETAS\INTECRIO5.0\Target\Etarget\ES910\libtarget.a(crc32.o)
                0x480823b8                update_crc_32
                0x4808241c                crc_32
 *(.gnu.warning)
 *(.glink)
 .glink         0x00000000        0x0 C:/ETAS/Compiler/INTECRIO5.0/QNXCompiler-V6.5\target\qnx6/ppcbe-spe/lib/crt1.o

.fini           0x480824b8       0x20
 *(.fini)
 .fini          0x480824b8        0xc C:/ETAS/Compiler/INTECRIO5.0/QNXCompiler-V6.5\target\qnx6/ppcbe-spe/lib/crti.o
                0x480824b8                _fini
 .fini          0x480824c4        0x4 C:/ETAS/Compiler/INTECRIO5.0/QNXCompiler-V6.5\host\win32\x86/usr/lib/gcc/powerpc-unknown-nto-qnx6.5.0/4.4.2/spe/crtbegin.o
 .fini          0x480824c8       0x10 C:/ETAS/Compiler/INTECRIO5.0/QNXCompiler-V6.5\target\qnx6/ppcbe-spe/lib/crtn.o
                0x480824d8                PROVIDE (__etext, .)
                0x480824d8                PROVIDE (_etext, .)
                0x480824d8                PROVIDE (etext, .)

.rodata         0x480824d8     0xeebc
 *(.rodata .rodata.* .gnu.linkonce.r.*)
 .rodata.cst8   0x480824d8       0x18 ROOT_instances.o
 .rodata.str1.4
                0x480824f0        0x9 ROOT_instances.o
 *fill*         0x480824f9        0x3 00
 .rodata        0x480824fc       0x28 Car_State1/Car_State1.a(Car_State.o)
                0x48082520                Car_State_M
 *fill*         0x48082524        0x4 00
 .rodata.cst8   0x48082528       0x90 Car_State1/Car_State1.a(Car_State.o)
                                 0x98 (size before relaxing)
 .rodata.str1.4
                0x480825b8        0xc Car_State1/Car_State1.a(Car_State.o)
                                 0x10 (size before relaxing)
 .rodata.cst4   0x480825c4        0x8 matlabsharedR2023b/matlabsharedR2023b.a(rtgetinf.o)
 .rodata.cst8   0x00000000        0x8 matlabsharedR2023b/matlabsharedR2023b.a(rtgetinf.o)
 .rodata.cst8   0x00000000        0x8 matlabsharedR2023b/matlabsharedR2023b.a(rtgetnan.o)
 .rodata        0x480825cc      0x3e8 OSC/osekdefs.o
                0x480826b0                SWT_CAN1_2024_AP_BMS_ChargerParameters
                0x480826c0                SWT_CAN2_2024_AP_FECU_Data1
                0x48082688                SWT_CAN1_2024_AP_DASH_PrechargeRequest
                0x480826f0                SWT_CAN2_2024_MEAS_FECU_SDC
                0x480826e8                SWT_CAN2_2024_AP_ELLIPSE_IMU_ACCEL
                0x4808271c                ISR_CAN2_2024
                0x48082708                etasTimerIsr
                0x48082698                SWT_CAN1_2024_NM_BMS_Keep_Alive
                0x480826ac                SWT_CAN1_2024_AP_BMS_Temperatures
                0x48082690                SWT_CAN1_2024_NM_DASH_Keep_Alive
                0x480826e0                SWT_CAN2_2024_AP_ELLIPSE_EKF_VEL
                0x48082700                etasConfigTask
                0x480826c4                SWT_CAN2_2024_AP_FECU_Data2
                0x48082710                etasStopOsIsr
                0x480826cc                SWT_CAN2_2024_NM_FECU_Keep_Alive
                0x480826fc                etasL1Task
                0x48082724                etasWatchdogAlarm