Archive member included because of file (symbol)

Car_State1/Car_State1.a(Car_State.o)
                              Car_State0/Car_State_instances.o (Car_State_U)
Disconnections1/Disconnections1.a(Disconnections.o)
                              Disconnections0/Disconnections_instances.o (Disconnections_DW)
Ellipse1/Ellipse1.a(Ellipse.o)
                              Ellipse0/Ellipse_instances.o (Ellipse_Y)
Inverters_Action1/Inverters_Action1.a(Inverters_Action.o)
                              Inverters_Action0/Inverters_Action_instances.o (Inverters_Action_U)
Inverters_Action1/Inverters_Action1.a(Inverters_Action_data.o)
                              Inverters_Action0/Inverters_Action_instances.o (Inverters_Action_ConstB)
Inverters_Data1/Inverters_Data1.a(Inverters_Data.o)
                              Inverters_Data0/Inverters_Data_instances.o (Inverters_Data_U)
Sensors1/Sensors1.a(Sensors.o)
                              Sensors0/Sensors_instances.o (Sensors_Y)
Sensors1/Sensors1.a(Sensors_data.o)
                              Sensors0/Sensors_instances.o (Sensors_ConstB)
Synchronism1/Synchronism1.a(Synchronism.o)
                              Synchronism0/Synchronism_instances.o (Synchronism_DW)
VDCv21/VDCv21.a(VDCv2.o)      VDCv20/VDCv2_instances.o (VDCv2_DW)
matlabsharedR2023b/matlabsharedR2023b.a(rt_nonfinite.o)
                              Inverters_Action1/Inverters_Action1.a(Inverters_Action.o) (rtIsInf)
matlabsharedR2023b/matlabsharedR2023b.a(rt_powd_snf.o)
                              Inverters_Data1/Inverters_Data1.a(Inverters_Data.o) (rt_powd_snf)
matlabsharedR2023b/matlabsharedR2023b.a(const_params.o)
                              VDCv21/VDCv21.a(VDCv2.o) (rtCP_pooled_OiY3MRzyvx26)
matlabsharedR2023b/matlabsharedR2023b.a(look1_binlxpw.o)
                              VDCv21/VDCv21.a(VDCv2.o) (look1_binlxpw)
matlabsharedR2023b/matlabsharedR2023b.a(rtgetinf.o)
                              matlabsharedR2023b/matlabsharedR2023b.a(rt_nonfinite.o) (rtGetInf)
matlabsharedR2023b/matlabsharedR2023b.a(rtgetnan.o)
                              matlabsharedR2023b/matlabsharedR2023b.a(rt_nonfinite.o) (rtGetNaN)
OSC/TaskISRArchive.a(etasConfigTask.o)
                              OSC/osekdefs.o (osek_task_e_etasConfigTask)
OSC/TaskISRArchive.a(Sync_25ms.o)
                              OSC/osekdefs.o (osek_task_e_Sync_25ms)
OSC/TaskISRArchive.a(Timer_1000ms.o)
                              OSC/osekdefs.o (osek_task_e_Timer_1000ms)
OSC/TaskISRArchive.a(Timer_100ms.o)
                              OSC/osekdefs.o (osek_task_e_Timer_100ms)
OSC/TaskISRArchive.a(Timer_25ms.o)
                              OSC/osekdefs.o (osek_task_e_Timer_25ms)
OSC/TaskISRArchive.a(Timer_Inv.o)
                              OSC/osekdefs.o (osek_task_e_Timer_Inv)
OSC/TaskISRArchive.a(SWT_CAN1_AP_BMS_SDC.o)
                              OSC/osekdefs.o (osek_task_e_SWT_CAN1_AP_BMS_SDC)
OSC/TaskISRArchive.a(SWT_CAN1_AP_CurrentSensor.o)
                              OSC/osekdefs.o (osek_task_e_SWT_CAN1_AP_CurrentSensor)
OSC/TaskISRArchive.a(SWT_CAN1_AP_BMS_Voltages.o)
                              OSC/osekdefs.o (osek_task_e_SWT_CAN1_AP_BMS_Voltages)
OSC/TaskISRArchive.a(SWT_CAN1_AP_BMS_ChargerParameters.o)
                              OSC/osekdefs.o (osek_task_e_SWT_CAN1_AP_BMS_ChargerParameters)
OSC/TaskISRArchive.a(SWT_CAN1_AP_BMS_Temperatures.o)
                              OSC/osekdefs.o (osek_task_e_SWT_CAN1_AP_BMS_Temperatures)
OSC/TaskISRArchive.a(SWT_CAN1_AP_Inverter_R_Tx.o)
                              OSC/osekdefs.o (osek_task_e_SWT_CAN1_AP_Inverter_R_Tx)
OSC/TaskISRArchive.a(SWT_CAN1_AP_Inverter_L_Tx.o)
                              OSC/osekdefs.o (osek_task_e_SWT_CAN1_AP_Inverter_L_Tx)
OSC/TaskISRArchive.a(SWT_CAN1_AP_DASH_Mode.o)
                              OSC/osekdefs.o (osek_task_e_SWT_CAN1_AP_DASH_Mode)
OSC/TaskISRArchive.a(SWT_CAN1_NM_BMS_Keep_Alive.o)
                              OSC/osekdefs.o (osek_task_e_SWT_CAN1_NM_BMS_Keep_Alive)
OSC/TaskISRArchive.a(SWT_CAN1_AP_BMS_AIRs_State.o)
                              OSC/osekdefs.o (osek_task_e_SWT_CAN1_AP_BMS_AIRs_State)
OSC/TaskISRArchive.a(SWT_CAN1_NM_DASH_Keep_Alive.o)
                              OSC/osekdefs.o (osek_task_e_SWT_CAN1_NM_DASH_Keep_Alive)
OSC/TaskISRArchive.a(SWT_CAN1_AP_DASH_PrechargeRequest.o)
                              OSC/osekdefs.o (osek_task_e_SWT_CAN1_AP_DASH_PrechargeRequest)
OSC/TaskISRArchive.a(SWT_CAN1_AP_DASH_EnableDrive.o)
                              OSC/osekdefs.o (osek_task_e_SWT_CAN1_AP_DASH_EnableDrive)
OSC/TaskISRArchive.a(SWT_CAN2_MEAS_RECU_SDC.o)
                              OSC/osekdefs.o (osek_task_e_SWT_CAN2_MEAS_RECU_SDC)
OSC/TaskISRArchive.a(SWT_CAN2_MEAS_FECU_SDC.o)
                              OSC/osekdefs.o (osek_task_e_SWT_CAN2_MEAS_FECU_SDC)
OSC/TaskISRArchive.a(SWT_CAN2_AP_ELLIPSE_EKF_POS.o)
                              OSC/osekdefs.o (osek_task_e_SWT_CAN2_AP_ELLIPSE_EKF_POS)
[...]
Memory Configuration

Name             Origin             Length             Attributes
*default*        0x00000000         0xffffffff

Linker script and memory map

LOAD C:/ETAS/Compiler/INTECRIO5.0/QNXCompiler-V6.5\target\qnx6/ppcbe-spe/lib/crt1.o
LOAD C:/ETAS/Compiler/INTECRIO5.0/QNXCompiler-V6.5\target\qnx6/ppcbe-spe/lib/crti.o
LOAD C:/ETAS/Compiler/INTECRIO5.0/QNXCompiler-V6.5\host\win32\x86/usr/lib/gcc/powerpc-unknown-nto-qnx6.5.0/4.4.2/spe/crtbegin.o
LOAD C:\ETAS\Compiler\INTECRIO5.0\QNXCompiler-V6.5\target\qnx6\ppcbe-spe\lib\gcc\4.4.2/libcpp.so
                0x00000000                PROVIDE (__stack, 0x0)
                0x00000000                PROVIDE (___stack, 0x0)
                0x48040000                PROVIDE (__executable_start, 0x48040000)
                0x480400f4                . = (0x48040000 + SIZEOF_HEADERS)

.interp         0x480400f4       0x14
 *(.interp)
 .interp        0x480400f4       0x14 C:/ETAS/Compiler/INTECRIO5.0/QNXCompiler-V6.5\target\qnx6/ppcbe-spe/lib/crt1.o

.note           0x48040110       0x18
 .note          0x48040110       0x18 C:/ETAS/Compiler/INTECRIO5.0/QNXCompiler-V6.5\target\qnx6/ppcbe-spe/lib/crtn.o

.note.gnu.build-id
 *(.note.gnu.build-id)

.hash           0x48040128      0x6a4
 *(.hash)
 .hash          0x48040128      0x6a4 C:/ETAS/Compiler/INTECRIO5.0/QNXCompiler-V6.5\target\qnx6/ppcbe-spe/lib/crt1.o

.gnu.hash
 *(.gnu.hash)

.dynsym         0x480407cc      0xe20
 *(.dynsym)
 .dynsym        0x480407cc      0xe20 C:/ETAS/Compiler/INTECRIO5.0/QNXCompiler-V6.5\target\qnx6/ppcbe-spe/lib/crt1.o

.dynstr         0x480415ec      0xbce
 *(.dynstr)
 .dynstr        0x480415ec      0xbce C:/ETAS/Compiler/INTECRIO5.0/QNXCompiler-V6.5\target\qnx6/ppcbe-spe/lib/crt1.o

.gnu.version    0x480421ba      0x1c4
 *(.gnu.version)
 .gnu.version   0x480421ba      0x1c4 C:/ETAS/Compiler/INTECRIO5.0/QNXCompiler-V6.5\target\qnx6/ppcbe-spe/lib/crt1.o

.gnu.version_d  0x48042380        0x0 load address 0x4804237e
 *(.gnu.version_d)
 .gnu.version_d
                0x00000000        0x0 C:/ETAS/Compiler/INTECRIO5.0/QNXCompiler-V6.5\target\qnx6/ppcbe-spe/lib/crt1.o

.gnu.version_r  0x48042380       0x20
 *(.gnu.version_r)
 .gnu.version_r
                0x48042380       0x20 C:/ETAS/Compiler/INTECRIO5.0/QNXCompiler-V6.5\target\qnx6/ppcbe-spe/lib/crt1.o

.rel.dyn
 *(.rel.init)
 *(.rel.text .rel.text.* .rel.gnu.linkonce.t.*)
 *(.rel.fini)
 *(.rel.rodata .rel.rodata.* .rel.gnu.linkonce.r.*)
 *(.rel.data.rel.ro* .rel.gnu.linkonce.d.rel.ro.*)
 *(.rel.data .rel.data.* .rel.gnu.linkonce.d.*)
 *(.rel.tdata .rel.tdata.* .rel.gnu.linkonce.td.*)
 *(.rel.tbss .rel.tbss.* .rel.gnu.linkonce.tb.*)
 *(.rel.ctors)
 *(.rel.dtors)
 *(.rel.got)
 *(.rel.sdata .rel.sdata.* .rel.gnu.linkonce.s.*)
 *(.rel.sbss .rel.sbss.* .rel.gnu.linkonce.sb.*)
 *(.rel.sdata2 .rel.sdata2.* .rel.gnu.linkonce.s2.*)
 *(.rel.sbss2 .rel.sbss2.* .rel.gnu.linkonce.sb2.*)
 *(.rel.bss .rel.bss.* .rel.gnu.linkonce.b.*)

.rela.dyn       0x480423a0       0x90
 *(.rela.init)
 *(.rela.text .rela.text.* .rela.gnu.linkonce.t.*)
 .rela.text     0x00000000        0x0 C:/ETAS/Compiler/INTECRIO5.0/QNXCompiler-V6.5\target\qnx6/ppcbe-spe/lib/crt1.o
 *(.rela.fini)
 *(.rela.rodata .rela.rodata.* .rela.gnu.linkonce.r.*)
 .rela.rodata   0x00000000        0x0 C:/ETAS/Compiler/INTECRIO5.0/QNXCompiler-V6.5\target\qnx6/ppcbe-spe/lib/crt1.o
 *(.rela.data .rela.data.* .rela.gnu.linkonce.d.*)
 .rela.data     0x00000000        0x0 C:/ETAS/Compiler/INTECRIO5.0/QNXCompiler-V6.5\target\qnx6/ppcbe-spe/lib/crt1.o
 *(.rela.tdata .rela.tdata.* .rela.gnu.linkonce.td.*)
 *(.rela.tbss .rela.tbss.* .rela.gnu.linkonce.tb.*)
 *(.rela.ctors)
 *(.rela.dtors)
 *(.rela.got)
 .rela.got      0x480423a0       0x30 C:/ETAS/Compiler/INTECRIO5.0/QNXCompiler-V6.5\target\qnx6/ppcbe-spe/lib/crt1.o
 *(.rela.got1)
 *(.rela.got2)
 *(.rela.sdata .rela.sdata.* .rela.gnu.linkonce.s.*)
 *(.rela.sbss .rela.sbss.* .rela.gnu.linkonce.sb.*)
 .rela.sbss     0x00000000        0x0 C:/ETAS/Compiler/INTECRIO5.0/QNXCompiler-V6.5\target\qnx6/ppcbe-spe/lib/crt1.o
 *(.rela.sdata2 .rela.sdata2.* .rela.gnu.linkonce.s2.*)
 *(.rela.sbss2 .rela.sbss2.* .rela.gnu.linkonce.sb2.*)
 *(.rela.bss .rela.bss.* .rela.gnu.linkonce.b.*)
 .rela.bss      0x480423d0       0x60 C:/ETAS/Compiler/INTECRIO5.0/QNXCompiler-V6.5\target\qnx6/ppcbe-spe/lib/crt1.o
 .rela.os_pid   0x00000000        0x0 C:/ETAS/Compiler/INTECRIO5.0/QNXCompiler-V6.5\target\qnx6/ppcbe-spe/lib/crt1.o
 .rela.os_intvec
                0x00000000        0x0 C:/ETAS/Compiler/INTECRIO5.0/QNXCompiler-V6.5\target\qnx6/ppcbe-spe/lib/crt1.o

.rel.plt
 *(.rel.plt)

.rela.plt       0x48042430      0x93c
 *(.rela.plt)
 .rela.plt      0x48042430      0x93c C:/ETAS/Compiler/INTECRIO5.0/QNXCompiler-V6.5\target\qnx6/ppcbe-spe/lib/crt1.o

.init           0x48042d6c       0x24
 *(.init)
 .init          0x48042d6c        0xc C:/ETAS/Compiler/INTECRIO5.0/QNXCompiler-V6.5\target\qnx6/ppcbe-spe/lib/crti.o
                0x48042d6c                _init
 .init          0x48042d78        0x4 C:/ETAS/Compiler/INTECRIO5.0/QNXCompiler-V6.5\host\win32\x86/usr/lib/gcc/powerpc-unknown-nto-qnx6.5.0/4.4.2/spe/crtbegin.o
 .init          0x48042d7c        0x4 C:/ETAS/Compiler/INTECRIO5.0/QNXCompiler-V6.5\host\win32\x86/usr/lib/gcc/powerpc-unknown-nto-qnx6.5.0/4.4.2/spe/crtend.o
 .init          0x48042d80       0x10 C:/ETAS/Compiler/INTECRIO5.0/QNXCompiler-V6.5\target\qnx6/ppcbe-spe/lib/crtn.o

.text           0x48042d90    0x476e4
                0x48042d90                _btext = .
 *(.text .stub .text.* .gnu.linkonce.t.*)
 .text          0x48042d90      0x118 C:/ETAS/Compiler/INTECRIO5.0/QNXCompiler-V6.5\target\qnx6/ppcbe-spe/lib/crt1.o
                0x48042d90                _start
 .text          0x48042ea8        0x0 C:/ETAS/Compiler/INTECRIO5.0/QNXCompiler-V6.5\target\qnx6/ppcbe-spe/lib/crti.o
 .text          0x48042ea8      0x1b8 C:/ETAS/Compiler/INTECRIO5.0/QNXCompiler-V6.5\host\win32\x86/usr/lib/gcc/powerpc-unknown-nto-qnx6.5.0/4.4.2/spe/crtbegin.o
 .text          0x48043060      0x234 ROOT_instances.o
                0x48043200                initializeYukonModel
                0x480430b0                getSystemTimeS
                0x48043078                getModelIdentificationString
                0x4804308c                getDeltaT
                0x48043060                getIntecrioVersionNumber
                0x48043190                os_setDeltaT
                0x48043084                getBuildEnvironment
                0x4804306c                getBuildEnvironmentVersion
 .text          0x48043294        0x0 _INT_pid.pi.o
 .text          0x48043294       0x24 userFuncProcessCanPayload.o
                0x480432a8                userCanInitHook
                0x480432b4                userCanTxHookV3
                0x480432ac                userCanExitHook
                0x48043294                userCanHookGetVersionAndCid
                0x480432b0                userCanRxHookV3
 .text          0x480432b8       0x24 userFuncProcessFlexRayPayload.o
                0x480432d8                userFlexRayPDURxHook
                0x480432d4                userFlexRayPDUTxHook
                0x480432b8                userFlexRayHookGetVersionAndCid
                0x480432cc                userFlexRayInitHook
                0x480432d0                userFlexRayExitHook
 .text          0x480432dc       0x60 OSC/i_rtawrapper.o
                0x4804331c                rtaActivateTask
                0x480432fc                rtaSchedule
                0x480432dc                rtaShutdownOS
 .text          0x4804333c      0x2c4 Car_State0/Car_State_instances.o
                0x480433e4                initClass_RTWTop_Car_State
                0x4804339c                initInstance_RTWTop_Car_State
                0x4804333c                setDeltaT_Car_State
                0x480435d4                initModel_RTWTop_Car_State
 .text          0x48043600      0xc10 Car_State1/Car_State1.a(Car_State.o)
                0x4804400c                MdlInitialize_Car_State
                0x48043614                Car_State_FALSE
                0x48043628                MdlOutputs_Car_State
                0x48043f8c                MdlUpdate_Car_State
                0x48043600                Car_State_TRUE
                0x48044010                MdlStart_Car_State
                0x48044004                MdlInitializeSizes_Car_State
                0x48044008                MdlInitializeSampleTimes_Car_State
                0x4804405c                Car_State
                0x48044058                MdlTerminate_Car_State
 .text          0x48044210      0x4d8 Disconnections0/Disconnections_instances.o
                0x48044270                initInstance_RTWTop_Disconnections
                0x480446bc                initModel_RTWTop_Disconnections
                0x48044210                setDeltaT_Disconnections
                0x480442b8                initClass_RTWTop_Disconnections
 .text          0x480446e8      0x998 Disconnections1/Disconnections1.a(Disconnections.o)
                0x48044eb4                MdlTerminate_Disconnections
                0x48044728                Disconnections_Error_Counter
                0x48044eb8                Disconnections
                0x48044e48                MdlInitializeSampleTimes_Disconnections
                0x48044e50                MdlStart_Disconnections
                0x480446e8                Disconnections_Reset_counter
                0x48044e44                MdlInitializeSizes_Disconnections
                0x48044758                MdlOutputs_Disconnections
                0x48044e4c                MdlInitialize_Disconnections
                0x480446fc                Disconnections_CAN_OK
                0x48044dcc                MdlUpdate_Disconnections
                0x48044744                Disconnections_Signal_OK
 .text          0x48045080      0x1e4 Ellipse0/Ellipse_instances.o
                0x48045128                initClass_RTWTop_Ellipse
                0x48045080                setDeltaT_Ellipse
                0x480450e0                initInstance_RTWTop_Ellipse
                0x48045238                initModel_RTWTop_Ellipse
 .text          0x48045264      0x250 Ellipse1/Ellipse1.a(Ellipse.o)
                0x48045264                MdlOutputs_Ellipse
                0x48045320                MdlInitialize_Ellipse
                0x48045318                MdlInitializeSizes_Ellipse
                0x480452a0                MdlUpdate_Ellipse
                0x48045328                MdlTerminate_Ellipse
                0x48045324                MdlStart_Ellipse
                0x4804531c                MdlInitializeSampleTimes_Ellipse
                0x4804532c                Ellipse
 .text          0x480454b4      0x3a0 Inverters_Action0/Inverters_Action_instances.o
                0x48045828                initModel_RTWTop_Inverters_Action
                0x480454b4                setDeltaT_Inverters_Action
                0x4804555c                initClass_RTWTop_Inverters_Action
                0x48045514                initInstance_RTWTop_Inverters_Action
 .text          0x48045854      0xcac Inverters_Action1/Inverters_Action1.a(Inverters_Action.o)
                0x480459ac                MdlInitializeSizes_Inverters_Action
                0x480459b4                MdlInitialize_Inverters_Action
                0x48045a04                Inverters_Action
                0x480459b8                MdlStart_Inverters_Action
                0x48045854                Inverters_Actio_EnumerationDone
                0x480458c0                Inverters_Acti_ActionnotDefined
                0x480458e8                Inverters_Action_TorqueCommand0
                0x48045918                MdlUpdate_Inverters_Action
                0x48045868                Inverte_DisableDriveEnableDrive
                0x48045904                Inverters_Acti_ResetEnumeration
                0x48045a00                MdlTerminate_Inverters_Action
                0x480459b0                MdlInitializeSampleTimes_Inverters_Action
                0x480458d8                Inverters_Action_bypass
                0x48045f08                MdlOutputs_Inverters_Action
                0x48045db0                Inverters_Action_TorqueCommand
                0x48045be0                Inverters_Ac_RegisterEnumerator
 .text          0x48046500        0x0 Inverters_Action1/Inverters_Action1.a(Inverters_Action_data.o)
 .text          0x48046500      0x284 Inverters_Data0/Inverters_Data_instances.o
                0x480465a8                initClass_RTWTop_Inverters_Data
                0x48046560                initInstance_RTWTop_Inverters_Data
                0x48046500                setDeltaT_Inverters_Data
                0x48046758                initModel_RTWTop_Inverters_Data
 .text          0x48046784      0x4a0 Inverters_Data1/Inverters_Data1.a(Inverters_Data.o)
                0x48046784                MdlUpdate_Inverters_Data
                0x48046804                MdlInitialize_Inverters_Data
                0x4804680c                MdlTerminate_Inverters_Data
                0x480469ac                MdlOutputs_Inverters_Data
                0x48046810                Inverters_Data
                0x48046808                MdlStart_Inverters_Data
                0x48046800                MdlInitializeSampleTimes_Inverters_Data
                0x480467fc                MdlInitializeSizes_Inverters_Data
 .text          0x48046c24      0x330 Sensors0/Sensors_instances.o
                0x48046c84                initInstance_RTWTop_Sensors
                0x48046f28                initModel_RTWTop_Sensors
                0x48046c24                setDeltaT_Sensors
                0x48046ccc                initClass_RTWTop_Sensors
 .text          0x48046f54      0x3b4 Sensors1/Sensors1.a(Sensors.o)
                0x48047124                MdlInitializeSampleTimes_Sensors
                0x4804714c                MdlTerminate_Sensors
                0x48046f54                MdlOutputs_Sensors
                0x480470a8                MdlUpdate_Sensors
                0x48047120                MdlInitializeSizes_Sensors
                0x48047128                MdlInitialize_Sensors
                0x4804712c                MdlStart_Sensors
                0x48047150                Sensors
 .text          0x48047308        0x0 Sensors1/Sensors1.a(Sensors_data.o)
 .text          0x48047308      0x14c Synchronism0/Synchronism_instances.o
                0x480473b0                initClass_RTWTop_Synchronism
                0x48047368                initInstance_RTWTop_Synchronism
                0x48047428                initModel_RTWTop_Synchronism
                0x48047308                setDeltaT_Synchronism
 .text          0x48047454      0x268 Synchronism1/Synchronism1.a(Synchronism.o)
                0x48047528                MdlInitializeSizes_Synchronism
                0x48047530                MdlInitialize_Synchronism
                0x48047534                MdlStart_Synchronism
                0x48047550                MdlTerminate_Synchronism
                0x48047554                Synchronism
                0x48047454                MdlOutputs_Synchronism
                0x480474b0                MdlUpdate_Synchronism
                0x4804752c                MdlInitializeSampleTimes_Synchronism
 .text          0x480476bc      0x5f4 VDCv20/VDCv2_instances.o
                0x4804771c                initInstance_RTWTop_VDCv2
                0x48047c84                initModel_RTWTop_VDCv2
                0x480476bc                setDeltaT_VDCv2
                0x48047764                initClass_RTWTop_VDCv2
 .text          0x48047cb0     0x1720 VDCv21/VDCv21.a(VDCv2.o)
                0x48047e34                MdlStart_VDCv2
                0x48048434                MdlOutputs_VDCv2
                0x48047cd8                VDCv2_RIGIDAXLE
                0x48047cc4                VDCv2_RigidAxlewithTC2024_Init
                0x48047e30                MdlInitialize_VDCv2
                0x48047e2c                MdlInitializeSampleTimes_VDCv2
                0x48047ee8                VDCv2
                0x48047d08                VDCv2_Torquedemandedbythedriver
                0x48048228                VDCv2_RigidAxlewithTC2024
                0x48047db0                MdlUpdate_VDCv2
                0x48047ee4                MdlTerminate_VDCv2
                0x48047e28                MdlInitializeSizes_VDCv2
                0x48047cb0                VDCv2_LimitReached
                0x48047d9c                VDCv2_RIGIDAXLEWITHTC_Init
                0x480480bc                VDCv2_RIGIDAXLEWITHTC
 .text          0x480493d0      0x19c matlabsharedR2023b/matlabsharedR2023b.a(rt_nonfinite.o)
                0x480494d8                rt_InitInfAndNaN
                0x4804945c                rtIsNaN
                0x480494b0                rtIsNaNF
                0x4804941c                rtIsInfF
                0x480493d0                rtIsInf
 .text          0x4804956c      0x2f4 matlabsharedR2023b/matlabsharedR2023b.a(rt_powd_snf.o)
                0x4804956c                rt_powd_snf
 .text          0x48049860        0x0 matlabsharedR2023b/matlabsharedR2023b.a(const_params.o)
 .text          0x48049860      0x114 matlabsharedR2023b/matlabsharedR2023b.a(look1_binlxpw.o)
                0x48049860                look1_binlxpw
 .text          0x48049974       0xd0 matlabsharedR2023b/matlabsharedR2023b.a(rtgetinf.o)
                0x48049974                rtGetInf
                0x480499dc                rtGetMinusInf
                0x48049a38                rtGetMinusInfF
                0x480499d0                rtGetInfF
 .text          0x48049a44       0x84 matlabsharedR2023b/matlabsharedR2023b.a(rtgetnan.o)
                0x48049aa4                rtGetNaNF
                0x48049a44                rtGetNaN
 .text          0x48049ac8      0x434 OSC/osekdefs.o
                0x48049de8                osE_ISR_CAN2
                0x48049b88                os_StartOS
                0x48049c74                os_pre_errorhook
                0x48049e44                osE_ISR_CAN1
                0x48049c94                Tick_etasCounter
                0x48049dc8                osek_dispatch
                0x48049ac8                osResetOS
                0x48049ea0                osE_etasL1Isr
 .text          0x48049efc        0x0 OSC/osgen.o
 .text          0x48049efc       0x4c OSC/TaskISRArchive.a(etasConfigTask.o)
                0x48049efc                osek_task_e_etasConfigTask
 .text          0x48049f48       0x60 OSC/TaskISRArchive.a(Sync_25ms.o)
                0x48049f48                osek_task_e_Sync_25ms
 .text          0x48049fa8       0x54 OSC/TaskISRArchive.a(Timer_1000ms.o)
                0x48049fa8                osek_task_e_Timer_1000ms
 .text          0x48049ffc       0x54 OSC/TaskISRArchive.a(Timer_100ms.o)
                0x48049ffc                osek_task_e_Timer_100ms
 .text          0x4804a050       0x90 OSC/TaskISRArchive.a(Timer_25ms.o)
                0x4804a050                osek_task_e_Timer_25ms
 .text          0x4804a0e0       0x6c OSC/TaskISRArchive.a(Timer_Inv.o)
                0x4804a0e0                osek_task_e_Timer_Inv
 .text          0x4804a14c       0x50 OSC/TaskISRArchive.a(SWT_CAN1_AP_BMS_SDC.o)
                0x4804a14c                osek_task_e_SWT_CAN1_AP_BMS_SDC
 .text          0x4804a19c       0x50 OSC/TaskISRArchive.a(SWT_CAN1_AP_CurrentSensor.o)
                0x4804a19c                osek_task_e_SWT_CAN1_AP_CurrentSensor
 .text          0x4804a1ec       0x50 OSC/TaskISRArchive.a(SWT_CAN1_AP_BMS_Voltages.o)
                0x4804a1ec                osek_task_e_SWT_CAN1_AP_BMS_Voltages
 .text          0x4804a23c       0x50 OSC/TaskISRArchive.a(SWT_CAN1_AP_BMS_ChargerParameters.o)
                0x4804a23c                osek_task_e_SWT_CAN1_AP_BMS_ChargerParameters
 .text          0x4804a28c       0x50 OSC/TaskISRArchive.a(SWT_CAN1_AP_BMS_Temperatures.o)
                0x4804a28c                osek_task_e_SWT_CAN1_AP_BMS_Temperatures
 .text          0x4804a2dc       0x50 OSC/TaskISRArchive.a(SWT_CAN1_AP_Inverter_R_Tx.o)
                0x4804a2dc                osek_task_e_SWT_CAN1_AP_Inverter_R_Tx
 .text          0x4804a32c       0x50 OSC/TaskISRArchive.a(SWT_CAN1_AP_Inverter_L_Tx.o)
                0x4804a32c                osek_task_e_SWT_CAN1_AP_Inverter_L_Tx
 .text          0x4804a37c       0x50 OSC/TaskISRArchive.a(SWT_CAN1_AP_DASH_Mode.o)
                0x4804a37c                osek_task_e_SWT_CAN1_AP_DASH_Mode
 .text          0x4804a3cc       0x50 OSC/TaskISRArchive.a(SWT_CAN1_NM_BMS_Keep_Alive.o)
                0x4804a3cc                osek_task_e_SWT_CAN1_NM_BMS_Keep_Alive
 .text          0x4804a41c       0x50 OSC/TaskISRArchive.a(SWT_CAN1_AP_BMS_AIRs_State.o)
                0x4804a41c                osek_task_e_SWT_CAN1_AP_BMS_AIRs_State
 .text          0x4804a46c       0x50 OSC/TaskISRArchive.a(SWT_CAN1_NM_DASH_Keep_Alive.o)
                0x4804a46c                osek_task_e_SWT_CAN1_NM_DASH_Keep_Alive
 .text          0x4804a4bc       0x50 OSC/TaskISRArchive.a(SWT_CAN1_AP_DASH_PrechargeRequest.o)
                0x4804a4bc                osek_task_e_SWT_CAN1_AP_DASH_PrechargeRequest
 .text          0x4804a50c       0x50 OSC/TaskISRArchive.a(SWT_CAN1_AP_DASH_EnableDrive.o)
                0x4804a50c                osek_task_e_SWT_CAN1_AP_DASH_EnableDrive
 .text          0x4804a55c       0x50 OSC/TaskISRArchive.a(SWT_CAN2_MEAS_RECU_SDC.o)
                0x4804a55c                osek_task_e_SWT_CAN2_MEAS_RECU_SDC
 .text          0x4804a5ac       0x50 OSC/TaskISRArchive.a(SWT_CAN2_MEAS_FECU_SDC.o)
                0x4804a5ac                osek_task_e_SWT_CAN2_MEAS_FECU_SDC
 .text          0x4804a5fc       0x50 OSC/TaskISRArchive.a(SWT_CAN2_AP_ELLIPSE_EKF_POS.o)
                0x4804a5fc                osek_task_e_SWT_CAN2_AP_ELLIPSE_EKF_POS
 .text          0x4804a64c       0x50 OSC/TaskISRArchive.a(SWT_CAN2_AP_ELLIPSE_IMU_ACCEL.o)
                0x4804a64c                osek_task_e_SWT_CAN2_AP_ELLIPSE_IMU_ACCEL
 .text          0x4804a69c       0x50 OSC/TaskISRArchive.a(SWT_CAN2_AP_ELLIPSE_EKF_EULER.o)
                0x4804a69c                osek_task_e_SWT_CAN2_AP_ELLIPSE_EKF_EULER
 .text          0x4804a6ec       0x50 OSC/TaskISRArchive.a(SWT_CAN2_AP_ELLIPSE_EKF_VEL.o)
                0x4804a6ec                osek_task_e_SWT_CAN2_AP_ELLIPSE_EKF_VEL
 .text          0x4804a73c       0x50 OSC/TaskISRArchive.a(SWT_CAN2_NM_ELLIPSE_Status.o)
                0x4804a73c                osek_task_e_SWT_CAN2_NM_ELLIPSE_Status
 .text          0x4804a78c       0x50 OSC/TaskISRArchive.a(SWT_CAN2_AP_ELLIPSE_IMU_GYRO.o)
                0x4804a78c                osek_task_e_SWT_CAN2_AP_ELLIPSE_IMU_GYRO
 .text          0x4804a7dc       0x50 OSC/TaskISRArchive.a(SWT_CAN2_AP_ELLIPSE_SLIP_CURV.o)
                0x4804a7dc                osek_task_e_SWT_CAN2_AP_ELLIPSE_SLIP_CURV
 .text          0x4804a82c       0x50 OSC/TaskISRArchive.a(SWT_CAN2_AP_RECU_Data.o)
                0x4804a82c                osek_task_e_SWT_CAN2_AP_RECU_Data
 .text          0x4804a87c       0x50 OSC/TaskISRArchive.a(SWT_CAN2_NM_FECU_Keep_Alive.o)
                0x4804a87c                osek_task_e_SWT_CAN2_NM_FECU_Keep_Alive
 .text          0x4804a8cc       0x50 OSC/TaskISRArchive.a(SWT_CAN2_NM_RECU_Keep_Alive.o)
                0x4804a8cc                osek_task_e_SWT_CAN2_NM_RECU_Keep_Alive
 .text          0x4804a91c       0x50 OSC/TaskISRArchive.a(SWT_CAN2_AP_FECU_Data2.o)
                0x4804a91c                osek_task_e_SWT_CAN2_AP_FECU_Data2
 .text          0x4804a96c       0x50 OSC/TaskISRArchive.a(SWT_CAN2_AP_FECU_Data1.o)
                0x4804a96c                osek_task_e_SWT_CAN2_AP_FECU_Data1
 .text          0x4804a9bc       0x4c OSC/TaskISRArchive.a(ISR_CAN1.o)
                0x4804a9bc                osek_isr_e_ISR_CAN1
 .text          0x4804aa08       0x4c OSC/TaskISRArchive.a(ISR_CAN2.o)
                0x4804aa08                osek_isr_e_ISR_CAN2
 .text          0x4804aa54       0x40 OSC/etasActivateTaskIsr.o
                0x4804aa54                osek_isr_e_etasActivateTaskIsr
 .text          0x4804aa94       0x48 OSC/etasL1Isr.o
                0x4804aa94                osek_isr_e_etasL1Isr
 .text          0x4804aadc       0x44 OSC/etasL1Task.o
                0x4804aadc                osek_task_e_etasL1Task
 .text          0x4804ab20       0x40 OSC/etasTimerIsr.o
                0x4804ab20                osek_isr_e_etasTimerIsr
 .text          0x4804ab60       0x40 OSC/etasStopOsIsr.o
                0x4804ab60                osek_isr_e_etasStopOsIsr
 .text          0x4804aba0      0x234 OSC/DriverThreads.o
                0x4804aba0                etasCreateDriverThreads
 .text          0x4804add4        0x0 OSC/ISRFunctions.o
 .text          0x4804add4      0x1c4 OSC/osc_dyn.o
                0x4804af54                etasInitTasks
                0x4804ae68                etasExitTasks
                0x4804addc                etasInactiveExitTask
                0x4804add8                etasStartupExitTask
                0x4804af2c                etasStartupInitTask
                0x4804ade0                TimersExitTask
                0x4804add4                etasInactiveInitTask
                0x4804ae98                TimersInitTask
 .text          0x4804af98        0xc OSC/rtaInterface.o
                0x4804af98                etasGetCounterPeriodUs
                0x4804afa0                StackFaultHook
 .text          0x4804afa4      0x5d0 OSC/ETCHooks.o
                0x4804b29c                rtioHook_15_0
                0x4804b38c                rtioHook_9_0
                0x4804b314                rtioHook_12_0
                0x4804b1fc                rtioHook_19_0
                0x4804b24c                rtioHook_17_0
                0x4804b4cc                rtioHook_1_0
                0x4804b454                rtioHook_4_0
                0x4804aff4                rtioHook_32_0
                0x4804b15c                rtioHook_23_0
                0x4804b044                rtioHook_30_0
                0x4804b1ac                rtioHook_21_0
                0x4804b548                rtioHook_35_0
                0x4804b0e4                rtioHook_26_0
                0x4804b094                rtioHook_28_0
                0x4804afcc                rtioHook_33_0
                0x4804b134                rtioHook_24_0
                0x4804b06c                rtioHook_29_0
                0x4804b01c                rtioHook_31_0
                0x4804b3dc                rtioHook_7_0
                0x4804b184                rtioHook_22_0
                0x4804b4f4                rtioHook_0_0
                0x4804b224                rtioHook_18_0
                0x4804b2ec                rtioHook_13_0
                0x4804b33c                rtioHook_11_0
                0x4804b274                rtioHook_16_0
                0x4804b404                rtioHook_6_0
                0x4804b2c4                rtioHook_14_0
                0x4804b3b4                rtioHook_8_0
                0x4804b1d4                rtioHook_20_0
                0x4804b4a4                rtioHook_2_0
                0x4804afa4                rtioHook_34_0
                0x4804b10c                rtioHook_25_0
                0x4804b47c                rtioHook_3_0
                0x4804b364                rtioHook_10_0
                0x4804b42c                rtioHook_5_0
                0x4804b51c                rtioHook_36_0
                0x4804b0bc                rtioHook_27_0
 .text          0x4804b574      0xe18 OSC/XbarHooks.o
                0x4804b574                crossbarHook_34_0
                0x4804bac4                crossbarHook_21_0
                0x4804b934                crossbarHook_28_3
                0x4804bdbc                crossbarHook_2_0
                0x4804bc2c                crossbarHook_12_0
                0x4804bf6c                crossbarHook_36_7
                0x4804b63c                crossbarHook_32_2
                0x4804be38                crossbarHook_36_14
                0x4804b8e4                crossbarHook_29_1
                0x4804b9fc                crossbarHook_26_0
                0x4804bb64                crossbarHook_17_0
                0x4804bcf4                crossbarHook_7_0
                0x4804c124                crossbarHook_35_13
                0x4804c1d4                crossbarHook_35_9
                0x4804bd44                crossbarHook_5_0
                0x4804c284                crossbarHook_35_5
                0x4804c334                crossbarHook_35_1
                0x4804b77c                crossbarHook_31_6
                0x4804b81c                crossbarHook_31_2
                0x4804c0a0                crossbarHook_36_0
                0x4804ba74                crossbarHook_23_0
                0x4804bbdc                crossbarHook_14_0
                0x4804bff0                crossbarHook_36_4
                0x4804bf40                crossbarHook_36_8
                0x4804b95c                crossbarHook_28_2
                0x4804b614                crossbarHook_32_3
                0x4804be64                crossbarHook_36_13
                0x4804ba4c                crossbarHook_24_0
                0x4804bbb4                crossbarHook_15_0
                0x4804b704                crossbarHook_31_9
                0x4804c200                crossbarHook_35_8
                0x4804c0f8                crossbarHook_35_14
                0x4804c2b0                crossbarHook_35_4
                0x4804c1a8                crossbarHook_35_10
                0x4804b7a4                crossbarHook_31_5
                0x4804c360                crossbarHook_35_0
                0x4804ba9c                crossbarHook_22_0
                0x4804bc04                crossbarHook_13_0
                0x4804c074                crossbarHook_36_1
                0x4804bde4                crossbarHook_1_0
                0x4804b844                crossbarHook_31_1
                0x4804b9d4                crossbarHook_27_0
                0x4804bb3c                crossbarHook_18_0
                0x4804bd1c                crossbarHook_6_0
                0x4804ba24                crossbarHook_25_0
                0x4804bb8c                crossbarHook_16_0
                0x4804bfc4                crossbarHook_36_5
                0x4804bf14                crossbarHook_36_9
                0x4804b984                crossbarHook_28_1
                0x4804b5ec                crossbarHook_32_4
                0x4804b68c                crossbarHook_32_0
                0x4804bc7c                crossbarHook_10_0
                0x4804be90                crossbarHook_36_12
                0x4804bccc                crossbarHook_8_0
                0x4804b8bc                crossbarHook_30_0
                0x4804b6b4                crossbarHook_31_11
                0x4804c22c                crossbarHook_35_7
                0x4804c0cc                crossbarHook_35_15
                0x4804b7cc                crossbarHook_31_4
                0x4804c17c                crossbarHook_35_11
                0x4804b72c                crossbarHook_31_8
                0x4804c2dc                crossbarHook_35_3
                0x4804bd94                crossbarHook_3_0
                0x4804c048                crossbarHook_36_2
                0x4804b86c                crossbarHook_31_0
                0x4804bebc                crossbarHook_36_11
                0x4804bf98                crossbarHook_36_6
                0x4804b5c4                crossbarHook_32_5
                0x4804b664                crossbarHook_32_1
                0x4804b9ac                crossbarHook_28_0
                0x4804bb14                crossbarHook_19_0
                0x4804be0c                crossbarHook_36_15
                0x4804b894                crossbarHook_30_1
                0x4804b90c                crossbarHook_29_0
                0x4804b6dc                crossbarHook_31_10
                0x4804c150                crossbarHook_35_12
                0x4804c258                crossbarHook_35_6
                0x4804b7f4                crossbarHook_31_3
                0x4804c308                crossbarHook_35_2
                0x4804b754                crossbarHook_31_7
                0x4804b59c                crossbarHook_33_0
                0x4804baec                crossbarHook_20_0
                0x4804bc54                crossbarHook_11_0
                0x4804c01c                crossbarHook_36_3
                0x4804bca4                crossbarHook_9_0
                0x4804bee8                crossbarHook_36_10
                0x4804bd6c                crossbarHook_4_0
 .text          0x4804c38c        0x0 ETC/FormulaTable.o
 .text          0x4804c38c        0x0 ETC/DriverTable.o
 .text          0x4804c38c        0x0 ETC/MappingFunctionTable.o
 .text          0x4804c38c        0x0 ETC/RtioL1RecordTable.o
 .text          0x4804c38c        0x0 ETC/XCPTransportLayerFunctionsTable.o
 .text          0x4804c38c        0x0 ETC/ChecksumAlgoTables.o
 .text          0x4804c38c        0x0 CBC/CopyFunctionTable.o
 .text          0x4804c38c        0x0 CBC/CrossbarL1RecordTable.o
 .text          0x4804c38c       0x48 C:/ETAS/Compiler/INTECRIO5.0/QNXCompiler-V6.5\host\win32\x86/usr/lib/gcc/powerpc-unknown-nto-qnx6.5.0/4.4.2/spe/libgcc.a(_fixunsdfdi.o)
                0x4804c38c                __fixunsdfdi
 .text          0x4804c3d4       0x40 C:/ETAS/Compiler/INTECRIO5.0/QNXCompiler-V6.5\host\win32\x86/usr/lib/gcc/powerpc-unknown-nto-qnx6.5.0/4.4.2/spe/libgcc.a(_floatundidf.o)
                0x4804c3d4                __floatundidf
 .text          0x4804c414       0x98 C:/ETAS/Compiler/INTECRIO5.0/QNXCompiler-V6.5\host\win32\x86/usr/lib/gcc/powerpc-unknown-nto-qnx6.5.0/4.4.2/spe/crtend.o
 .text          0x4804c4ac        0x0 C:/ETAS/Compiler/INTECRIO5.0/QNXCompiler-V6.5\target\qnx6/ppcbe-spe/lib/crtn.o
 .text          0x4804c4ac     0x23b4 C:\Program Files (x86)\ETAS\INTECRIO5.0\Target\Etarget\ES910\libes910.a(i_rtautil.o)
                0x4804c7d4                etasActivateTaskViaIsr
                0x4804dcd0                startTaskHookMon
                0x4804cd78                ErrorHook
                0x4804c57c                osTraceStopwatch
                0x4804caf0                switchToInactiveAppMode
                0x4804c4b8                isAppModeSwitchPending
                0x4804d9d8                etasStartIsrHookMon
                0x4804dbe8                etasStartIsrHook
                0x4804c6ac                getModelRuntime
                0x4804c800                restartModelProcess
                0x4804c4ac                GetNextAppMode
                0x4804c724                etasActivateTaskWithIdViaIsrHandler
                0x4804dad4                etasEndIsrHook
                0x4804c4e8                checkInterruptOccurence
                0x4804dffc                osekThreadSuspendRtSignals
                0x4804db0c                etasEndIsrHookMon
                0x4804cab8                getCurTaskMonitor
                0x4804ccb4                GetStopwatchUncertainty
                0x4804de6c                endTaskHook
                0x4804cba0                delayInitExitTask
                0x4804c504                rtaInitTarget
                0x4804cd0c                OverrunHook
                0x4804c790                etasActivateTaskWithIdViaIsr
                0x4804dda8                startTaskHook
                0x4804c5f0                etasDeInstallOsErrorHook
                0x4804e300                applicationModeManager
                0x4804c8c0                terminateModelProcess
                0x4804d6f8                StartupHook
                0x4804dfc0                osekThreadResumeRtSignals
                0x4804ca6c                lockCriticalSection
                0x4804c984                isRtaOsekThreadContext
                0x4804c584                isInsideInitExitTask
                0x4804c5b0                isInsideExitTask
                0x4804d0a4                ShutdownHook
                0x4804c9b8                unlockCriticalSection
                0x4804c5c8                etasInstallOsErrorHook
                0x4804dee4                endTaskHookMon
                0x4804c4d4                resetInterruptFlag
                0x4804c574                GetStopwatch
                0x4804c500                etasRTATraceInitProcess
                0x4804c568                GetDeltaT
                0x4804c61c                SetNextAppMode
                0x4804cc68                tempMgrRegisterSigtermEvent
                0x4804c598                isInsideInitTask
                0x4804c4f4                getLastInterruptTimeTicks
 .text          0x4804e860     0x2058 C:\Program Files (x86)\ETAS\INTECRIO5.0\Target\Etarget\ES910\libes910.a(t_driverThreads.o)
                0x4804f64c                osek_sendto
                0x4804eee4                osek_msync
                0x4804ec44                osek_vfprintf
                0x4804fcc4                osek_MsgReceive
                0x4804fa2c                osek_MsgRead
                0x4804f4d8                osek_cmsSendMessage
                0x4804e9e8                osek_malloc
                0x4804e99c                osek_free
                0x4804e928                osek_fsync
                0x4804f0cc                osek_unlink
                0x4804ed84                osek_munmap
                0x4804f724                osek_devctl
                0x4804f908                osek_close
                0x4804f3ec                osek_cmsReceiveMessage
                0x4804f140                osek_system
                0x4804fb8c                osek_MsgError
                0x4804fee8                osek_send
                0x4804fc14                osek_MsgReply
                0x4804ecfc                osek_ftruncate
                0x4804fadc                osek_MsgWrite
                0x4804f030                osek_lseek
                0x4804fd74                osek_MsgSend
                0x4804f574                osek_recvfrom
                0x4804ef80                osek_fwrite
                0x4804eb78                osek_vslogf
                0x4804f1b4                osek_cmsReceiveMessageEx
                0x4804e860                etasSetNumberOfDriverThreads
                0x4804ff98                etasCreateDriverThread
                0x4804ee0c                osek_mmap
                0x4804f86c                osek_write
                0x4804fe38                osek_recv
                0x4804ea5c                osek_etasLogCoreFeedRecordToBackends
                0x4804f7d0                osek_read
                0x4804f33c                osek_cmsErrorState
                0x4804f2a0                osek_cmsSendMessageEx
                0x4804f97c                osek_open
 .text          0x480508b8      0x8fc C:\Program Files (x86)\ETAS\INTECRIO5.0\Target\Etarget\ES910\libes910.a(t_idle.o)
                0x480510dc                initRtaTraceSupport
                0x48050aec                etasIdleProcess
                0x48050978                signalStartupHookTermination
                0x48050904                apsGetPartitionId
                0x480509a8                apsJoinPartition
                0x48050948                signalShutdownHookTermination
                0x48050910                getSysLoad
                0x480508b8                etasInstallIdleHook
                0x480508e0                etasDeInstallIdleHook
 .text          0x480511b4     0x1fcc C:\Program Files (x86)\ETAS\INTECRIO5.0\Target\Etarget\ES910\libes910.a(t_l1com.o)
                0x480511b4                setL1ComBufferSize
                0x480511f4                l1SetBusyState
                0x48051374                l1SignalIdleState
                0x4805171c                waitForL1Request
                0x48051d0c                createL1ModelThread
                0x48051c58                serveL1Request
                0x48051664                etasL1Process
 .text          0x48053180      0xcc4 C:\Program Files (x86)\ETAS\INTECRIO5.0\Target\Etarget\ES910\libes910.a(t_main.o)
                0x480533dc                main
 .text          0x48053e44      0x9f0 C:\Program Files (x86)\ETAS\INTECRIO5.0\Target\Etarget\ES910\libes910.a(t_mlog.o)
                0x48053e68                getDriverLogging
                0x48053e74                getUserSeverity
                0x48053e5c                getUserLogging
                0x48053f00                mlog_setSeverityFilterUser
                0x48053ed4                mlog_setSeverityFilterDrv
                0x48053e80                getDriverSeverity
                0x480545bc                mlog_init
                0x480542c0                mlog_updateLoggingConfiguration
                0x48053e44                getUserLogChan
                0x480543ac                mlog_startLogConfigThread
                0x48053e50                getDrvLogChan
                0x48053e8c                mlog_debugLog
 .text          0x48054834      0xfac C:\Program Files (x86)\ETAS\INTECRIO5.0\Target\Etarget\ES910\libes910.a(t_qnxtargetutil.o)
                0x48054d60                qnxThreadJoinPartition
                0x48054a90                qnxLockSetSockEnvironmentVariable
                0x480551b0                qnxPrintProcesses
                0x48054844                qnxCheckBootFromFlash
                0x480550e0                qnxPrintCpuLoad
                0x48054860                qnxCheckHaltedModel
                0x48054888                qnxRestoreUnlockSockEnvironmentVariable
                0x48054834                qnxSetBootFromFlash
                0x480556f8                qnxPrintSavedErrorMessages
                0x4805486c                qnxSetStandalone
                0x4805507c                qnxAdjustThreadPriority
                0x48054850                qnxSetHaltedModel
                0x48054de0                qnxGetSetRunInheritMask
                0x4805487c                qnxCheckStandalone
 .text          0x480557e0      0x638 C:\Program Files (x86)\ETAS\INTECRIO5.0\Target\Etarget\ES910\libes910.a(t_targetutil.o)
                0x48055830                initL2CachePerfMeas
                0x48055d58                es910GetSerialNumber
                0x480557e0                GetSystemTimeLow
                0x48055d00                es910GetPcbRevision
                0x48055d34                es910PiggyGetSerialNumber
                0x4805598c                getL2CachePerf
                0x48055a94                es910PrintFwVersions
                0x48055938                getL2CachePerfRaw
                0x480557f0                GetSystemTime
                0x48055de4                es910MapCCSRMemoryRange
                0x480557e8                GetSystemTimeHigh
                0x48055ccc                es910PiggyGetPcbRevision
                0x48055d7c                waitMicroseconds
 .text          0x48055e18      0x2f4 C:\Program Files (x86)\ETAS\INTECRIO5.0\Target\Etarget\ES910\libes910.a(t_watchdog.o)
                0x48055e28                wdDisableAutoService
                0x48055ef0                etasServiceWatchdog
                0x48055e80                wdService
                0x48055f68                wdSetEventPeriod
                0x48055e18                wdEnableAutoService
                0x48055e38                wdSetApplicationName
                0x48055ec0                triggerWD
                0x48055e44                wdDisconnect
 .text          0x4805610c      0x848 C:\Program Files (x86)\ETAS\INTECRIO5.0\Target\Etarget\ES910\libes910.a(p_chario.o)
                0x480566c0                IOWrite
                0x4805610c                IOIsLogOn
                0x48056118                IOLogOff
                0x48056174                IOLogOn
                0x48056440                IOPrintf
 .text          0x48056954      0x31c C:\Program Files (x86)\ETAS\INTECRIO5.0\Target\Etarget\ES910\libes910.a(t_hwTimeSync.o)
                0x48056954                es9xxTimeSyncGetTimerValue
                0x48056a48                es9xxTimeSyncGetTimerStatus
                0x48056b9c                es9xxTimeSyncInit
                0x480569d8                getLocalSystemTime
 .text          0x48056c70      0x224 C:\Program Files (x86)\ETAS\INTECRIO5.0\Target\Etarget\ES910\libes910.a(t_led.o)
                0x48056c70                userLed2Off
                0x48056d08                userLed2Toggle
                0x48056e14                ledsOff
                0x48056ddc                userLed1Toggle
                0x48056d90                userLed1On
                0x48056d40                userLed1Off
                0x48056cbc                userLed2On
 .text          0x48056e94     0x2178 C:\Program Files (x86)\ETAS\INTECRIO5.0\Target\Etarget\ES910\libtarget.a(a_dacqui.o)
                0x480584e8                asdSimPreCall
                0x48058f9c                asdSimPostCall
                0x4805856c                getDacqTimeFor
                0x48058e94                storeMeasureDataForGroup
                0x480586e4                applicationStartUserMode
                0x480586bc                resetLogSimulationTime
                0x4805714c                etasAscetLoggingBufferFillLevel
                0x48058630                getLogSimulationTime
                0x48057180                etasAscetLoggingOverflowCounter
                0x480571c4                asdDisableUserDefinedTime
                0x48058658                getSimulationTime
                0x480570e8                setSimulationTime
                0x480571b4                asdEnableUserDefinedTime
                0x48058224                checkForBufferOverflow
                0x48058684                resetDacqTimeFor
                0x480570bc                setLogSimulationTime
                0x480570b4                setDacqTimeFor
                0x48056e94                applicationStopUserMode
                0x480587c4                timeMeasurementStop
                0x48057118                etasAscetLoggingBufferSize
                0x4805886c                logDataForChannel
                0x48058cb8                storeLogDataForGroup
                0x48058818                timeMeasurementStart
                0x48058764                timeInSeconds
 .text          0x4805900c       0xd8 C:\Program Files (x86)\ETAS\INTECRIO5.0\Target\Etarget\ES910\libtarget.a(a_l1pro.o)
                0x4805900c                forwardToProcess
                0x48059068                startUpSimulation
 .text          0x480590e4     0x4c88 C:\Program Files (x86)\ETAS\INTECRIO5.0\Target\Etarget\ES910\libtarget.a(a_primit.o)
                0x4805d830                v3_initInstance_uint16
                0x4805af88                Vec_uint32_getAtProtected
                0x4805c4ac                v3_initInstance_Mat_real64
                0x4805bb54                v3_initInstance_Mat_bool
                0x4805d4ac                initInstance_GroupCharTable2
                0x4805d0e8                initInstance_Vec_real32
                0x4805a718                Mat_sint16_setAtProtected
                0x4805a590                Mat_uint16_setAtProtected
                0x4805c258                v3_initInstance_Mat_sint8
                0x4805c380                v3_initInstance_Mat_real32
                0x4805bed8                v3_initInstance_Mat_uint16
                0x4805adfc                Vec_qreal64_getAtProtected
                0x4805dcfc                delete_Mat
                0x4805996c                addVector
                0x4805c790                v3_initInstance_Vec_bool
                0x4805bfe0                initInstance_Mat_uint16
                0x4805d488                initInstance_uint32
                0x4805d934                initInstance_sint16
                0x4805b7b4                qreal64_set
                0x4805daf0                initInstance_real32
                0x4805ce88                initInstance_Vec_uint8
                0x4805dc3c                delete_CharTable2
                0x4805b314                Vec_uint8_getAtProtected
                0x4805d8a0                initInstance_uint16
                0x48059170                removeMatrix
                0x4805b298                Vec_uint8_setAtProtected
                0x4805bdac                v3_initInstance_Mat_sint32
                0x4805c89c                initInstance_Vec_bool
                0x48059ff8                Mat_real64_getAtProtected
                0x48059f08                Mat_real64_setAtProtected
                0x4805bc5c                initInstance_Mat_bool
                0x4805cafc                initInstance_Vec_sint32
                0x4805d958                v3_initInstance_uint8
                0x4805b6a8                Vec_qreal64_setAtProtected
                0x48059838                addMatrix
                0x4805b990                v3_initInstance_Mat_qreal64
                0x4805aae8                Mat_sint8_getAtProtected
                0x4805d634                initInstance_GroupCharTable1
                0x4805a7e4                Mat_sint16_getAtProtected
                0x4805c8c0                v3_initInstance_Vec_uint32
                0x4805b3f0                Vec_sint8_getAtProtected
                0x4805a4d4                Mat_sint32_getAtProtected
                0x4805b454                qreal64_adjust
                0x4805dd34                delete_Vec
                0x4805cc50                v3_initInstance_Vec_sint16
                0x4805cd5c                initInstance_Vec_sint16
                0x4805acdc                Vec_real64_setAtProtected
                0x4805b0d0                Vec_uint16_setAtProtected
                0x4805ae24                Vec_real32_setAtProtected
                0x4805c234                initInstance_Mat_uint8
                0x4805a34c                Mat_uint32_getAtProtected
                0x480590f0                getBasicType
                0x4805cfd8                v3_initInstance_Vec_real32
                0x4805b578                Mat_qreal64_setAtProtected
                0x4805ac78                Vec_bool_getAtProtected
                0x4805db8c                initInstance_real64
                0x4805c758                initInstance_Vec_qreal64
                0x4805dc7c                delete_GroupCharTable1
                0x4805d79c                v3_initInstance_sint32
                0x4805c488                initInstance_Mat_real32
                0x4805b374                Vec_sint8_setAtProtected
                0x4805a1c4                Mat_real32_getAtProtected
                0x4805abf8                Vec_bool_setAtProtected
                0x48059260                removeVector
                0x48059e4c                Mat_bool_getAtProtected
                0x4805dcbc                delete_CharTable1
                0x4805d80c                initInstance_sint32
                0x4805bc80                v3_initInstance_Mat_uint32
                0x4805da5c                initInstance_sint8
                0x4805d570                initInstance_CharTable2
                0x4805d34c                initInstance_qreal64
                0x4805a280                Mat_uint32_setAtProtected
                0x4805a65c                Mat_uint16_getAtProtected
                0x4805c5b4                initInstance_Mat_real64
                0x4805db14                v3_initInstance_real64
                0x4805d418                v3_initInstance_uint32
                0x480590fc                getPrimitiveType
                0x48059ce8                Mat_setCurSizeYProtected
                0x4805ceac                v3_initInstance_Vec_sint8
                0x4805d9c8                initInstance_uint8
                0x4805cb20                v3_initInstance_Vec_uint16
                0x480590e4                getTypeSize
                0x4805beb4                initInstance_Mat_sint32
                0x4805da80                v3_initInstance_real32
                0x4805dbfc                delete_GroupCharTable2
                0x48059d80                Mat_bool_setAtProtected
                0x4805bd88                initInstance_Mat_uint32
                0x4805d3f4                initInstance_bool
                0x4805af08                Vec_uint32_setAtProtected
                0x4805c5d8                v3_initInstance_Vec_qreal64
                0x4805bb14                initInstance_Mat_qreal64
                0x4805a0d0                Mat_qreal64_getAtProtected
                0x4805cd80                v3_initInstance_Vec_uint8
                0x4805b06c                Vec_sint32_getAtProtected
                0x4805c10c                initInstance_Mat_sint16
                0x4805b150                Vec_uint16_getAtProtected
                0x4805aba4                Vec_setCurSizeProtected
                0x4805d9ec                v3_initInstance_sint8
                0x4805ad7c                Vec_real64_getAtProtected
                0x4805a8a0                Mat_uint8_setAtProtected
                0x4805c9cc                initInstance_Vec_uint32
                0x4805c004                v3_initInstance_Mat_sint16
                0x4805afec                Vec_sint32_setAtProtected
                0x4805dbb0                initInstance_reference
                0x4805b234                Vec_sint16_getAtProtected
                0x4805aa20                Mat_sint8_setAtProtected
                0x48059d34                Mat_setCurSizeXProtected
                0x4805d384                v3_initInstance_bool
                0x4805d6e8                initInstance_CharTable1
                0x4805d23c                v3_initInstance_qreal64
                0x4805b8fc                initInstance_quantInfo
                0x4805a0f8                Mat_real32_setAtProtected
                0x4805c35c                initInstance_Mat_sint8
                0x4805c9f0                v3_initInstance_Vec_sint32
                0x4805aea4                Vec_real32_getAtProtected
                0x4805a408                Mat_sint32_setAtProtected
                0x4805cfb4                initInstance_Vec_sint8
                0x4805b1b4                Vec_sint16_setAtProtected
                0x4805a968                Mat_uint8_getAtProtected
                0x4805d8c4                v3_initInstance_sint16
                0x4805c130                v3_initInstance_Mat_uint8
                0x4805cc2c                initInstance_Vec_uint16
                0x4805d218                initInstance_Vec_real64
                0x4805d10c                v3_initInstance_Vec_real64
 .text          0x4805dd6c       0x20 C:\Program Files (x86)\ETAS\INTECRIO5.0\Target\Etarget\ES910\libtarget.a(a_sysver.o)
                0x4805dd80                getBuildRevision
                0x4805dd6c                getSystemLibVersion
                0x4805dd78                getSystemLibCid
 .text          0x4805dd8c     0x305c C:\Program Files (x86)\ETAS\INTECRIO5.0\Target\Etarget\ES910\libtarget.a(a_targma.o)
                0x4805ec8c                perfMeasStop
                0x4805f65c                asdMalloc
                0x4805fa50                addToActiveSimObjList
                0x4805df0c                getTargetL1BufferSizeCode
                0x4805fbe0                asdWriteUserError
                0x4805dea4                setTargetL1BufferSize
                0x48060518                perfMeasDisplay
                0x4805de70                getSimObjPtr
                0x4805ef5c                asdFree
                0x4805fbb4                asdClearUserError
                0x4805df64                resetPerfMeasObj
                0x4805f430                asdMallocNoInit
                0x480603d0                asdWriteUserDebug
                0x4805ddbc                searchInActiveList
                0x4805f608                asdCalloc
                0x4805df00                getTargetL1BufferSize
                0x4805de18                removeFromActiveSimObjList
                0x4805ed34                perfMeasStart
                0x4805dd98                instanceTreeMallocOn
                0x4805f588                createPerfMeasObj
                0x48060760                etasInitModelProcess
                0x4805e730                getObjectsRecursive
                0x4805eda0                availableMemory
                0x4805dda8                instanceTreeMallocOff
                0x4805ee54                asdFreeAll
                0x4805f8f0                updateCTBlocks
                0x4805f2b8                asdRealloc
                0x4805f278                deletePerfMeasObj
                0x4805dd8c                getInstanceTreeMemoryConsumption
 .text          0x48060de8     0x14ac C:\Program Files (x86)\ETAS\INTECRIO5.0\Target\Etarget\ES910\libtarget.a(i_cpyfnc.o)
                0x48061118                copyPlainFromFloat
                0x48061c44                copyScalSatTypeSatFromFloat
                0x4806227c                copyInt
                0x48062288                copyDouble
                0x48062270                copyShort
                0x480617ac                copyScalFromValidFloat
                0x480619f0                copyScalSatFromFloat
                0x48061338                copySatFromFloat
                0x48060de8                copyPlainToFloat
                0x48061038                copyScalSatToFloat
                0x48060f80                copyScalToFloat
                0x48062264                copyByte
                0x48062008                copyBoolSatFromFloat
                0x48060eb4                copySatToFloat
                0x4806157c                copyScalFromFloat
 .text          0x48062294     0x530c C:\Program Files (x86)\ETAS\INTECRIO5.0\Target\Etarget\ES910\libtarget.a(i_mapfnc.o)
                0x4806262c                var2BufByteOffsetReal64
                0x48064904                var2BufBypassSint8
                0x48063668                var2Buf64BitIntelSint32
                0x48062818                var2BufByteOffsetBool
                0x480656e8                var2BufIndirectMotorolaReal32
                0x480625e8                buf2VarSimpleUint8
                0x480628ac                buf2VarByteOffsetSint32
                0x48065a5c                buf2VarIndirectMotorolaSint32
                0x48066d84                var2BufIndirectIntelSint16
                0x4806754c                bufGenFrameInit
                0x48065588                buf2VarGenFrameIntelSint32
                0x480672a0                buf2VarBypassIntelUint16
                0x48062d6c                var2Buf64BitMotorolaUint16
                0x4806354c                var2Buf64BitIntelUint32
                0x48063d50                buf2Var64BitMotorolaReal32
                0x48064700                var2BufBypassMotorolaReal64
                0x48062e18                var2Buf64BitMotorolaSint16
                0x48062734                var2BufByteOffsetSint16
                0x480625a0                buf2VarSimpleSint32
                0x48064a44                buf2VarBypassMotorolaSint32
                0x480628fc                buf2VarByteOffsetSint8
                0x480657ac                var2BufIndirectMotorolaUint16
                0x48064a14                buf2VarBypassMotorolaUint32
                0x48064020                buf2Var64BitMotorolaUint8
                0x480670dc                var2BufBypassMaskedIntelBoolUint32
                0x480659bc                buf2VarIndirectMotorolaReal64
                0x48062498                var2BufSimpleBool
                0x480653c8                buf2VarGenFrameMotorolaSint32
                0x48063f3c                buf2Var64BitMotorolaSint32
                0x48063014                var2Buf64BitMotorolaBool
                0x48065548                buf2VarGenFrameIntelUint32
                0x48065308                var2BufGenFrameIntelBool
                0x480652c8                var2BufGenFrameIntelSint8
                0x48065048                var2BufGenFrameMotorolaSint16
                0x480656c8                var2BufIndirectMotorolaReal64
                0x48062780                var2BufByteOffsetUint8
                0x480629ac                var2Buf64BitMotorolaUint64
                0x48065008                var2BufGenFrameMotorolaUint16
                0x48067330                buf2VarBypassIntelUint32
                0x48067464                var2BufBypassIntelSint32
                0x4806255c                buf2VarSimpleReal64
                0x48064af4                buf2VarBypassIntelReal64
                0x480628c0                buf2VarByteOffsetUint16
                0x48062310                var2BufSimpleSint32
                0x48064e1c                var2BufBypassMaskedUint8
                0x48064bcc                var2BufBypassMaskedMotorolaUint32
                0x480627cc                var2BufByteOffsetSint8
                0x480631dc                var2Buf64BitIntelUint64
                0x480659f0                buf2VarIndirectMotorolaReal32
                0x480649c4                buf2VarBypassMotorolaReal64
                0x48065108                var2BufGenFrameMotorolaBool
                0x48063784                var2Buf64BitIntelUint16
                0x48062650                var2BufByteOffsetUint32
                0x48066c50                buf2VarIndirectIntelUint16
                0x48062914                buf2VarByteOffsetBool
                0x48066fcc                var2BufBypassMaskedIntelSint16
                0x48062500                var2BufSimpleUint8Bool
                0x480647c8                var2BufBypassMotorolaUint16
                0x48067054                var2BufBypassMaskedIntelUint16
                0x48062588                buf2VarSimpleUint32
                0x480650c8                var2BufGenFrameMotorolaSint8
                0x4806310c                var2Buf64BitIntelReal32
                0x48065be8                buf2VarIndirectSint8
                0x48063d98                buf2Var64BitMotorolaUint64
                0x48064f88                var2BufGenFrameMotorolaUint32
                0x48066068                var2BufGenFrameMotorolaReal64
                0x480674c4                var2BufBypassIntelUint32
                0x48065488                buf2VarGenFrameMotorolaUint8
                0x48063f84                buf2Var64BitMotorolaUint16
                0x4806466c                buf2Var64BitIntelSint8
                0x48065148                var2BufGenFrameIntelReal32
                0x48064120                buf2Var64BitIntelReal32
                0x480630b8                var2Buf64BitIntelReal64
                0x48064cf0                var2BufBypassMaskedMotorolaUint16
                0x48063394                var2Buf64BitIntelSint64
                0x48065208                var2BufGenFrameIntelUint16
                0x48066b50                buf2VarGenFrameIntelReal64
                0x48064814                var2BufBypassMotorolaSint16
                0x48067374                buf2VarBypassIntelReal32
                0x480672ec                buf2VarBypassIntelSint32
                0x4806269c                var2BufByteOffsetSint32
                0x48064290                buf2Var64BitIntelSint64
                0x48065348                buf2VarGenFrameMotorolaReal32
                0x48067578                bufBypassInit
                0x480644a8                buf2Var64BitIntelUint16
                0x48064c94                var2BufBypassMaskedMotorolaBoolUint32
                0x48066ebc                var2BufIndirectIntelUint32
                0x48065448                buf2VarGenFrameMotorolaSint16
                0x48062ec4                var2Buf64BitMotorolaUint8
                0x4806419c                buf2Var64BitIntelUint64
                0x48065608                buf2VarGenFrameIntelSint16
                0x480651c8                var2BufGenFrameIntelSint32
                0x48066840                buf2VarGenFrameMotorolaReal64
                0x480645d4                buf2Var64BitIntelUint8
                0x48064eec                var2BufBypassMaskedBoolUint8
                0x48066720                buf2VarGenFrameMotorolaUint64
                0x48065ae4                buf2VarIndirectMotorolaSint16
                0x48065508                buf2VarGenFrameIntelReal32
                0x48062c24                var2Buf64BitMotorolaUint32
                0x48066f24                var2BufIndirectIntelReal32
                0x4806263c                var2BufByteOffsetReal32
                0x48066f54                var2BufBypassMaskedIntelBoolUint16
                0x48064b94                buf2VarBypassSint8
                0x48063aec                var2Buf64BitIntelSint8
                0x48062cc8                var2Buf64BitMotorolaSint32
                0x48064540                buf2Var64BitIntelSint16
                0x480639cc                var2Buf64BitIntelUint8
                0x48065ef0                var2BufGenFrameMotorolaUint64
                0x48065408                buf2VarGenFrameMotorolaUint16
                0x48064b5c                buf2VarBypassUint8
                0x48062950                var2Buf64BitMotorolaReal32
                0x480655c8                buf2VarGenFrameIntelUint16
                0x480625fc                buf2VarSimpleSint8
                0x48065704                var2BufIndirectMotorolaUint32
                0x480669cc                buf2VarGenFrameIntelSint64
                0x48064ab4                buf2VarBypassMotorolaSint16
                0x480622c0                var2BufSimpleUint32
                0x480665fc                buf2VarGenFrameMotorolaSint64
                0x48062928                buf64BitInit
                0x48065b30                buf2VarIndirectIntelReal64
                0x48066d48                buf2VarIndirectIntelReal32
                0x4806477c                var2BufBypassMotorolaSint32
                0x48067404                var2BufBypassIntelUint16
                0x480654c8                buf2VarGenFrameMotorolaSint8
                0x48065d78                var2BufGenFrameMotorolaSint64
                0x48064d58                var2BufBypassMaskedMotorolaSint16
                0x48064dc0                var2BufBypassMaskedMotorolaBoolUint16
                0x480663a4                var2BufGenFrameIntelUint64
                0x48065088                var2BufGenFrameMotorolaUint8
                0x48062400                var2BufSimpleUint8
                0x48062884                buf2VarByteOffsetReal32
                0x48065908                var2BufIndirectSint8
                0x48062570                buf2VarSimpleReal32
                0x48066ca8                buf2VarIndirectIntelSint32
                0x480673a4                var2BufBypassIntelSint16
                0x48063ef4                buf2Var64BitMotorolaUint32
                0x48064730                var2BufBypassMotorolaUint32
                0x480671d4                var2BufBypassMaskedIntelUint32
                0x48065854                var2BufIndirectIntelReal64
                0x48064e84                var2BufBypassMaskedSint8
                0x48062898                buf2VarByteOffsetUint32
                0x48065248                var2BufGenFrameIntelSint16
                0x48062614                buf2VarSimpleBool
                0x480625b8                buf2VarSimpleUint16
                0x48064070                buf2Var64BitMotorolaSint8
                0x48064a7c                buf2VarBypassMotorolaUint16
                0x48062874                buf2VarByteOffsetReal64
                0x48066e54                var2BufIndirectIntelSint32
                0x48065aa0                buf2VarIndirectMotorolaUint16
                0x48066a90                buf2VarGenFrameIntelUint64
                0x48064860                var2BufBypassIntelReal64
                0x48064388                buf2Var64BitIntelUint32
                0x48063fd4                buf2Var64BitMotorolaSint16
                0x48064fc8                var2BufGenFrameMotorolaSint32
                0x48063d2c                buf2Var64BitMotorolaReal64
                0x48063e44                buf2Var64BitMotorolaSint64
                0x480628d4                buf2VarByteOffsetSint16
                0x480658b4                var2BufIndirectUint8
                0x48065648                buf2VarGenFrameIntelUint8
                0x48066dec                var2BufIndirectIntelUint16
                0x48065ba4                buf2VarIndirectUint8
                0x4806595c                var2BufIndirectBool
                0x48067524                var2BufBypassIntelReal32
                0x48065188                var2BufGenFrameIntelUint32
                0x48062360                var2BufSimpleUint16
                0x48065758                var2BufIndirectMotorolaSint32
                0x48065388                buf2VarGenFrameMotorolaUint32
                0x480626e8                var2BufByteOffsetUint16
                0x480640bc                buf2Var64BitIntelReal64
                0x48064418                buf2Var64BitIntelSint32
                0x48064f48                var2BufGenFrameMotorolaReal32
                0x48062f6c                var2Buf64BitMotorolaSint8
                0x48065c2c                formulaOutReal64
                0x4806244c                var2BufSimpleSint8
                0x48065688                buf2VarGenFrameIntelSint8
                0x48065c48                formulaInReal64
                0x4806293c                var2Buf64BitMotorolaReal64
                0x480623b0                var2BufSimpleSint16
                0x48065288                var2BufGenFrameIntelUint8
                0x480649f0                buf2VarBypassMotorolaReal32
                0x48065a20                buf2VarIndirectMotorolaUint32
                0x480664a0                var2BufGenFrameIntelReal64
                0x48065800                var2BufIndirectMotorolaSint16
                0x480638a8                var2Buf64BitIntelSint16
                0x480648b8                var2BufBypassUint8
                0x480625d0                buf2VarSimpleSint16
                0x48066cf8                buf2VarIndirectIntelUint32
                0x48064c30                var2BufBypassMaskedMotorolaSint32
                0x48066bf8                buf2VarIndirectIntelSint16
                0x48062294                var2BufSimpleReal64
                0x4806471c                var2BufBypassMotorolaReal32
                0x480628e8                buf2VarByteOffsetUint8
                0x480662a8                var2BufGenFrameIntelSint64
                0x48067154                var2BufBypassMaskedIntelSint32
                0x48062ae8                var2Buf64BitMotorolaSint64
                0x48067254                buf2VarBypassIntelSint16
                0x480622a8                var2BufSimpleReal32
                0x48064950                var2BufBypassBool
                0x48063c0c                var2Buf64BitIntelBool
 .text          0x480675a0      0xee4 C:\Program Files (x86)\ETAS\INTECRIO5.0\Target\Etarget\ES910\libtarget.a(i_osman.o)
                0x48068288                etasRemoveStopUserModeCallback
                0x48067af4                activateTaskWithId
                0x4806765c                findCurAppModeName
                0x480677c8                getTaskIdForTask
                0x480678cc                clearMeasureGroupForTask
                0x48067964                clearLogGroupForTask
                0x48068164                etasInitTaskTerminationHook
                0x480679a8                isModelStarted
                0x480675c4                getEEId
                0x480676f8                getTaskPtrForId
                0x4806844c                etasAddInitTaskTerminationCallback
                0x480679d0                updateUserModeState
                0x48068414                etasAddStopUserModeCallback
                0x48068060                etasStopUserModeHook
                0x480675a0                etasInitOsProcess
                0x48067808                findCurTaskName
                0x480678f0                setMeasureGroupForTask
                0x48067988                setLogGroupForTask
                0x480682c0                etasRemoveInitTaskTerminationCallback
 .text          0x48068484     0x73e0 C:\Program Files (x86)\ETAS\INTECRIO5.0\Target\Etarget\ES910\libtarget.a(i_rtioma.o)
                0x480684c0                rtioCheckStartup
                0x4806851c                registerRtioDriverLockedCallback
                0x48068510                etasRtioInitProcess
                0x4806f20c                rtioHook
                0x4806ea54                rtioSignalDriverLock
                0x48068518                etasRtioExitProcess
                0x4806e920                etasRtioIntDisableProcess
                0x480684b4                rtioSetConfigState
                0x4806859c                deRegisterRtioDriverLockedCallback
                0x4806e974                rtioSignalDriverUnlock
                0x4806e940                etasRtioStartupProcess
                0x480684a8                rtioGetConfigState
                0x48068620                rtioGetDriverLockedState
                0x48068504                rtioIsOsExpertModeActive
                0x480684f8                rtioGetHwAbsenceBehavior
                0x48068484                rtioSetLogPort
                0x48068514                etasRtioIntEnableProcess
                0x48068490                rtioSetConfigId
 .text          0x4806f864      0x550 C:\Program Files (x86)\ETAS\INTECRIO5.0\Target\Etarget\ES910\libtarget.a(i_salone.o)
                0x4806fd60                crossbarPrepareReconnection
                0x4806fb70                crossbarGetNextConfigResponse
                0x4806f9cc                playbackConfigL1Records
                0x4806fd0c                rtioPrepareReconnection
                0x4806fc74                crossbarFinishReconnection
                0x4806fb04                rtioGetNextConfigResponse
                0x4806fbdc                rtioFinishReconnection
 .text          0x4806fdb4     0x1830 C:\Program Files (x86)\ETAS\INTECRIO5.0\Target\Etarget\ES910\libtarget.a(t_croman.o)
                0x4806fdc0                crossbarSetConfigId
                0x4806fdd8                crossbarGetConfigState
                0x4806fdb4                crossbarSetLogPort
                0x4806fde4                crossbarSetConfigState
                0x48071540                crossbarHook
 .text          0x480715e4      0xcb0 C:\Program Files (x86)\ETAS\INTECRIO5.0\Target\Etarget\ES910\libtarget.a(t_crosll.o)
                0x480718b8                createCopyObjectContainer
                0x48071934                insertObjectIntoCopyLists
                0x48071bb8                commonCreateCopyAction
                0x48072138                cromanExecuteObj
                0x480715e4                internalDeleteCopyAction
                0x48071a88                createInsertVector
 .text          0x48072294     0x1cf0 C:\Program Files (x86)\ETAS\INTECRIO5.0\Target\Etarget\ES910\libtarget.a(t_nvram.o)
                0x480723c8                nvramClear
                0x48072378                nvramEnableAutoUpdate
                0x48072400                nvramResetStatistics
                0x48072294                nvramSetUpdateInterval
                0x4807236c                nvramGetConsistencyLevel
                0x48073528                nvramUpdateMemoryBackground
                0x48073988                nvramInit
                0x480723bc                nvramCheckRunningUpdate
                0x4807348c                nvramManualUpdateExit
                0x48073354                nvramManualUpdateBackground
                0x480723ac                nvramCheckForAutoUpdate
                0x48073718                nvramInitModelVars
                0x480723f4                nvramCheckForInitializedVars
                0x48072924                nvramGetUpdateAgeMs
                0x48073220                nvramManualUpdateBlocked
                0x4807234c                nvramSetConsistencyLevel
                0x48072394                nvramDisableAutoUpdate
                0x48072464                nvramGetStatistics
                0x480722e8                nvramGetUpdateInterval
 .text          0x48073f84      0x6ec C:\Program Files (x86)\ETAS\INTECRIO5.0\Target\Etarget\ES910\libtarget.a(t_objlis.o)
                0x48074578                createObjList
                0x48073f84                dumpObjList
 .text          0x48074670      0xcd8 C:\Program Files (x86)\ETAS\INTECRIO5.0\Target\Etarget\ES910\libtarget.a(t_rtcros.o)
                0x48074888                getObjectFromDynamicInstanceTree
                0x4807467c                deleteInstance_container
                0x48074d2c                removeObjectFromDynamicInstanceTree
                0x48074718                initInstance_container
                0x48074efc                getValuePtr
                0x48074e14                addObjectToDynamicInstanceTree
                0x48074ca8                getNextFreeRefIdOfDynamicInstanceTree
                0x48074670                rtcrosSetLogPort
                0x48074858                createDynamicInstanceTree
                0x48074f74                processBlockCommands
 .text          0x48075348     0x1b38 C:\Program Files (x86)\ETAS\INTECRIO5.0\Target\Etarget\ES910\libtarget.a(t_sgman.o)
                0x48076d44                sgHook
                0x480754a8                sgGetComVarPtr
                0x48076d08                deleteComVarCallback
                0x48075348                sgGetCurTime
                0x48076cac                sgGetObjPtr
 .text          0x48076e80     0x14d0 C:\Program Files (x86)\ETAS\INTECRIO5.0\Target\Etarget\ES910\libtarget.a(y_primit.o)
                0x48077784                initInstance_columnDirMatrixWrapper
                0x48078240                initInstance_charTable1Wrapper
                0x48077cdc                initInstance_columnDirGroupCharTable2Wrapper
                0x480778e8                initInstance_matrixWrapper
                0x48077edc                initInstance_groupCharTable1Wrapper
                0x48077b9c                initInstance_scalarWrapper
                0x48077ddc                initInstance_groupCharTable2Wrapper
                0x48077a4c                initInstance_vectorWrapper
                0x48078104                initInstance_charTable2Wrapper
                0x48077fc8                initInstance_columnDirCharTable2Wrapper
 .text          0x48078350     0x19c0 C:\Program Files (x86)\ETAS\INTECRIO5.0\Target\Etarget\ES910\libtarget.a(a1b_dacq.o)
                0x48078440                getA1bGroup
                0x480796c8                instanciateA1bChannel
                0x48078bd8                getA1bChannelGroupUpdateOffline
                0x48079af0                storeA1bDataForGroup
                0x4807918c                destructA1bChannelGroup
                0x480794c4                instanciateA1bGroup
                0x48079264                freeA1bMeasureBuffers
                0x48079ad0                allocateA1bMeasureBuffers
                0x480783fc                addA1bChannelToA1bGroup
                0x48078f74                destructA1bChannel
                0x480784dc                removeA1bChannelFromA1bGroup
 .text          0x48079d10     0x1060 C:\Program Files (x86)\ETAS\INTECRIO5.0\Target\Etarget\ES910\libtarget.a(a_contai.o)
                0x4807a420                dVectorRewindHeadReentrant
                0x4807a364                dVectorRemoveObject
                0x4807a4f0                dVectorCreate
                0x48079d68                dListGetObjectForward
                0x4807a064                dTableRemoveLastObject
                0x4807aa9c                dTableDelete
                0x4807a1b8                dVectorGetObject
                0x48079d50                dListRewindTailReentrant
                0x4807a548                dTableCreate
                0x48079f20                dTableGetObject
                0x48079fbc                dTableIsEmpty
                0x4807a1a0                dTableNofObjects
                0x48079dc0                dListGetObjectBackward
                0x4807a8c4                dTableAddObject
                0x4807aa68                dTableDeleteStatic
                0x4807a2cc                dVectorRemoveLastObject
                0x4807a244                dVectorRemoveFirstObject
                0x48079fdc                dTableRemoveFirstObject
                0x48079d3c                dListRewindTail
                0x4807a644                dListAddObjectHead
                0x4807ad10                dListDelete
                0x4807aae0                dListRemoveObject
                0x48079e18                dListGetObjectAtIndex
                0x4807a728                dVectorAddObject
                0x48079dec                dListGetObjectBackwardReentrant
                0x48079eec                dTableCreateStatic
                0x48079d94                dListGetObjectForwardReentrant
                0x4807a1e4                dVectorRemoveObjectAtIndex
                0x4807a428                dVectorGetObjectForwardReentrant
                0x4807a47c                dVectorGetIndexOfLastEntry
                0x4807abe0                dListRemoveObjectTail
                0x4807a5a0                dListAddObjectTail
                0x48079f58                dTableRemoveObject
                0x4807a880                dVectorDelete
                0x4807ac78                dListRemoveObjectHead
                0x4807a400                dVectorIsEmpty
                0x48079ea8                dListIsEmpty
                0x4807a6ec                dListCreate
                0x4807a0fc                dTableTestFunc
                0x4807a464                dVectorNofObjects
                0x48079d10                dListRewindHead
                0x48079ed4                dListNofObjects
                0x48079d24                dListRewindHeadReentrant
 .text          0x4807ad70      0x498 C:\Program Files (x86)\ETAS\INTECRIO5.0\Target\Etarget\ES910\libtarget.a(i_transf.o)
                0x4807b00c                transferToMatrix
                0x4807ae0c                transferToVector
                0x4807ad70                transferFromVector
                0x4807aea8                transferFromMatrix
                0x4807b170                transferDirect
 .text          0x4807b208     0x2378 C:\Program Files (x86)\ETAS\INTECRIO5.0\Target\Etarget\ES910\libtarget.a(t_sglow.o)
                0x4807c164                freeDataSignal
                0x4807c594                makeDataSignal
                0x4807bd78                computeTimeSliceTimes
                0x4807ba40                setSinewaveSignal
                0x4807b434                getIntervalNr
                0x4807c078                deleteTimeSlice
                0x4807d2e4                freeChannel
                0x4807c5cc                makeLinearSignal
                0x4807d3d8                freeStimuliSet
                0x4807bb98                setIntervalPulseSignal
                0x4807c1c8                freeInterval
                0x4807bb4c                setPulseSignal
                0x4807bd24                setTimeSlice
                0x4807b36c                insertTimeSlice
                0x4807c428                makeSinewaveSignal
                0x4807c964                makeIntervalDataSignal
                0x4807b7f0                binsearch
                0x4807c104                freeRandomSignal
                0x4807b72c                getLinearSignalY
                0x4807b320                getTimeSliceNr
                0x4807be5c                getTimeSliceT
                0x4807cb38                getRandomSignalY
                0x4807c124                freePulseSignal
                0x4807bc58                setRandomSignal
                0x4807d034                getChannelY
                0x4807c544                setIntervalDataSignal
                0x4807cd58                getSinewaveSignalY
                0x4807d4ec                makeStimuliSet
                0x4807b554                computeIntervalTimes
                0x4807b694                setIntervalLinearSignal
                0x4807c2dc                makeTimeSlice
                0x4807c5f0                makeIntervalRandomSignal
                0x4807b254                insertChannel
                0x4807b480                insertInterval
                0x4807bc8c                setIntervalRandomSignal
                0x4807b5a8                computeChannelTimes
                0x4807c70c                makeIntervalPulseSignal
                0x4807b660                setLinearSignal
                0x4807bde0                computeStimuliSetTimes
                0x4807c3a8                makeFunctionSignal
                0x4807b208                getChannelNr
                0x4807d270                resetStimuliSet
                0x4807c258                deleteInterval
                0x4807bf10                getT
                0x4807d464                makeChannel
                0x4807c3e0                makeRandomSignal
                0x4807b548                resetInterval
                0x4807ce84                getIntervalY
                0x4807cc00                getPulseSignalY
                0x4807ba8c                setIntervalSinewaveSignal
                0x4807c404                makePulseSignal
                0x4807c058                freeTimeSlice
                0x4807bd64                resetTimeSlice
                0x4807b894                getDataSignalY
                0x4807c144                freeSinewaveSignal
                0x4807c1a8                freeLinearSignal
                0x4807d354                deleteChannel
                0x4807ca20                makeIntervalLinearSignal
                0x4807c44c                setDataSignal
                0x4807d1a0                resetChannel0
                0x4807c838                makeIntervalSinewaveSignal
 .text          0x4807d580        0x0 C:\Program Files (x86)\ETAS\INTECRIO5.0\Target\Etarget\rtio\global\es910\librtio_gnu.a(comm_err.o)
 .text          0x4807d580       0xa0 C:\Program Files (x86)\ETAS\INTECRIO5.0\Target\Etarget\rtio\global\es910\librtio_gnu.a(p_rtio.o)
                0x4807d580                rtioSignalHwAccessEnd
                0x4807d5d8                rtioSignalHwAccessBegin
 .text          0x4807d620      0xd38 C:\Program Files (x86)\ETAS\INTECRIO5.0\Target\Etarget\rtio\global\es910\librtio_gnu.a(p_rtio_s.o)
                0x4807e314                setupRTIO
                0x4807dd04                es910IsEtherCATEnabled
                0x4807d62c                getMasterId
                0x4807d844                rtioHwDetect
                0x4807de10                rtioTestBoardPresence
                0x4807d71c                printDetectedHardware
                0x4807d648                rtioGetNextDetectedHwTableEntry
                0x4807d620                es910RtioGetFpgaRegsGlobal
                0x4807e28c                es910RtioMapFpgaRegsGlobal
                0x4807e1e8                es910RtioUnmapFpgaRegsGlobal
                0x4807d634                rtioRewindDetectedHwTable
                0x4807dd9c                es910RtioIntDisable
 .text          0x4807e358      0xe18 C:\Program Files (x86)\ETAS\INTECRIO5.0\Target\Etarget\rtio\global\es910\librtio_gnu.a(rtio_err.o)
                0x4807e534                clearErrMsgList
                0x4807e490                deactivateRtioMsgLists
                0x4807e3fc                installEtasPseudoGeoAdrBoardNames
                0x4807e3d8                installCommErrMessages
                0x4807e408                installUserBoardNames
                0x4807e358                initMessageTables
                0x4807e4c8                getNextErrMsg
                0x4807e68c                rtioGetBoardName
                0x4807e3f0                installEtasAutoIdBoardNames
                0x4807ee18                rtioErr
                0x4807e3b8                mapErrorCode
                0x4807e414                installEtasVirtualBoardNames
                0x4807e420                installMessages
                0x4807e720                rtio_err_v3
                0x4807e4a4                rewindErrMsgList
                0x4807e5bc                clearCurErrMsg
                0x4807e480                activateRtioMsgLists
                0x4807eb94                rtioErrV2
                0x4807e3e4                installEtasBoardNames
 .text          0x4807f170      0x638 C:\Program Files (x86)\ETAS\INTECRIO5.0\Target\Etarget\rtio\global\es910\librtio_gnu.a(fhc_emu.o)
                0x4807f170                fhc_get_module_name_port_name
                0x4807f428                fhc_check_port_presence_rp
 .text          0x4807f7a8      0x798 C:\Program Files (x86)\ETAS\INTECRIO5.0\Target\Etarget\ES910\rta_osek\librtk_s.a(ostarget.o)
                0x4807f7a8                os_get_sw_int_info
                0x4807fac4                os_pre_start
                0x4807f97c                os_detach_interrupts
                0x4807f830                os_generate_sw_int
 .text          0x4807ff40       0x30 C:\Program Files (x86)\ETAS\INTECRIO5.0\Target\Etarget\ES910\rta_osek\librtk_s.a(osfptgt.o)
                0x4807ff40                os_fp_save
                0x4807ff6c                os_fp_restore_from
                0x4807ff54                os_fp_restore
                0x4807ff68                os_fp_save_to
 .text          0x4807ff70       0x94 C:\Program Files (x86)\ETAS\INTECRIO5.0\Target\Etarget\ES910\rta_osek\librtk_s.a(osiwrap1.o)
                0x4807ff70                os_cat1_wrapper
 .text          0x48080004      0x288 C:\Program Files (x86)\ETAS\INTECRIO5.0\Target\Etarget\ES910\rta_osek\librtk_s.a(osxdspnf.o)
                0x48080004                osek_dispatchN2F
 .text          0x4808028c      0x10c C:\Program Files (x86)\ETAS\INTECRIO5.0\Target\Etarget\ES910\rta_osek\librtk_s.a(osysd1hf.o)
                0x4808028c                os_fdispH1
 .text          0x48080398      0x2d4 C:\Program Files (x86)\ETAS\INTECRIO5.0\Target\Etarget\ES910\rta_osek\librtk_s.a(osysdfhf.o)
                0x48080398                os_fdispH2F
 .text          0x4808066c      0x2cc C:\Program Files (x86)\ETAS\INTECRIO5.0\Target\Etarget\ES910\rta_osek\librtk_s.a(osysdfhi.o)
                0x4808066c                os_idispH2F
 .text          0x48080938       0x34 C:\Program Files (x86)\ETAS\INTECRIO5.0\Target\Etarget\ES910\rta_osek\librtk_s.a(ostgid.o)
                0x48080938                GetTaskID
 .text          0x4808096c      0x174 C:\Program Files (x86)\ETAS\INTECRIO5.0\Target\Etarget\ES910\rta_osek\librtk_s.a(ostschf.o)
                0x4808096c                ScheduleSW2F
 .text          0x48080ae0       0x50 C:\Program Files (x86)\ETAS\INTECRIO5.0\Target\Etarget\ES910\rta_osek\librtk_s.a(osieai.o)
                0x48080ae0                EnableAllInterrupts
 .text          0x48080b30       0x60 C:\Program Files (x86)\ETAS\INTECRIO5.0\Target\Etarget\ES910\rta_osek\librtk_s.a(osidai.o)
                0x48080b30                DisableAllInterrupts
 .text          0x48080b90       0x98 C:\Program Files (x86)\ETAS\INTECRIO5.0\Target\Etarget\ES910\rta_osek\librtk_s.a(osisoi.o)
                0x48080b90                SuspendOSInterrupts
 .text          0x48080c28       0x68 C:\Program Files (x86)\ETAS\INTECRIO5.0\Target\Etarget\ES910\rta_osek\librtk_s.a(osirai.o)
                0x48080c28                ResumeAllInterrupts
 .text          0x48080c90       0x84 C:\Program Files (x86)\ETAS\INTECRIO5.0\Target\Etarget\ES910\rta_osek\librtk_s.a(osisai.o)
                0x48080c90                SuspendAllInterrupts
 .text          0x48080d14       0x70 C:\Program Files (x86)\ETAS\INTECRIO5.0\Target\Etarget\ES910\rta_osek\librtk_s.a(osxperr2.o)
                0x48080d14                os_pre_errorhook2
 .text          0x48080d84        0x0 C:\Program Files (x86)\ETAS\INTECRIO5.0\Target\Etarget\ES910\rta_osek\librtk_s.a(osxglobs.o)
 .text          0x48080d84      0x104 C:\Program Files (x86)\ETAS\INTECRIO5.0\Target\Etarget\ES910\rta_osek\librtk_s.a(osostart.o)
                0x48080d84                StartOS
 .text          0x48080e88       0x6c C:\Program Files (x86)\ETAS\INTECRIO5.0\Target\Etarget\ES910\rta_osek\librtk_s.a(ososhuth.o)
                0x48080e88                ShutdownOSH
 .text          0x48080ef4       0x34 C:\Program Files (x86)\ETAS\INTECRIO5.0\Target\Etarget\ES910\rta_osek\librtk_s.a(osttermh.o)
                0x48080ef4                TerminateTaskH
 .text          0x48080f28      0x2d8 C:\Program Files (x86)\ETAS\INTECRIO5.0\Target\Etarget\ES910\rta_osek\librtk_s.a(ostactsf.o)
                0x48080f28                ActivateTaskSW2F