Archive member included because of file (symbol)

Car_State1/Car_State1.a(Car_State.o)
                              Car_State0/Car_State_instances.o (Car_State_U)
Disconnections1/Disconnections1.a(Disconnections.o)
                              Disconnections0/Disconnections_instances.o (Disconnections_DW)
Ellipse1/Ellipse1.a(Ellipse.o)
                              Ellipse0/Ellipse_instances.o (Ellipse_B)
Inverters_Action1/Inverters_Action1.a(Inverters_Action.o)
                              Inverters_Action0/Inverters_Action_instances.o (Inverters_Action_U)
Inverters_Action1/Inverters_Action1.a(Inverters_Action_data.o)
                              Inverters_Action0/Inverters_Action_instances.o (Inverters_Action_ConstB)
Inverters_Data1/Inverters_Data1.a(Inverters_Data.o)
                              Inverters_Data0/Inverters_Data_instances.o (Inverters_Data_DW)
Power_Control1/Power_Control1.a(Power_Control.o)
                              Power_Control0/Power_Control_instances.o (Power_Control_DW)
Sensors1/Sensors1.a(Sensors.o)
                              Sensors0/Sensors_instances.o (Sensors_U)
Sensors1/Sensors1.a(Sensors_data.o)
                              Sensors0/Sensors_instances.o (Sensors_ConstB)
Synchronism1/Synchronism1.a(Synchronism.o)
                              Synchronism0/Synchronism_instances.o (Synchronism_DW)
VDC_Winter_Testing1/VDC_Winter_Testing1.a(VDC_Winter_Testing.o)
                              VDC_Winter_Testing0/VDC_Winter_Testing_instances.o (VDC_Winter_Testing_DW)
matlabsharedR2023b/matlabsharedR2023b.a(rt_nonfinite.o)
                              Inverters_Action1/Inverters_Action1.a(Inverters_Action.o) (rtIsInf)
matlabsharedR2023b/matlabsharedR2023b.a(const_params.o)
                              Inverters_Data1/Inverters_Data1.a(Inverters_Data.o) (rtCP_pooled_JOqMvXAXZOeU)
matlabsharedR2023b/matlabsharedR2023b.a(look1_binlxpw.o)
                              Inverters_Data1/Inverters_Data1.a(Inverters_Data.o) (look1_binlxpw)
matlabsharedR2023b/matlabsharedR2023b.a(rtgetinf.o)
                              matlabsharedR2023b/matlabsharedR2023b.a(rt_nonfinite.o) (rtGetInf)
matlabsharedR2023b/matlabsharedR2023b.a(rtgetnan.o)
                              matlabsharedR2023b/matlabsharedR2023b.a(rt_nonfinite.o) (rtGetNaN)
OSC/TaskISRArchive.a(etasConfigTask.o)
                              OSC/osekdefs.o (osek_task_e_etasConfigTask)
OSC/TaskISRArchive.a(Timer_1000ms.o)
                              OSC/osekdefs.o (osek_task_e_Timer_1000ms)
OSC/TaskISRArchive.a(Timer_100ms.o)
                              OSC/osekdefs.o (osek_task_e_Timer_100ms)
OSC/TaskISRArchive.a(Timer_25ms.o)
                              OSC/osekdefs.o (osek_task_e_Timer_25ms)
OSC/TaskISRArchive.a(Timer_Inv.o)
                              OSC/osekdefs.o (osek_task_e_Timer_Inv)
OSC/TaskISRArchive.a(Timer_Sync.o)
                              OSC/osekdefs.o (osek_task_e_Timer_Sync)
OSC/TaskISRArchive.a(SWT_CAN1_AP_BMS_SDC.o)
                              OSC/osekdefs.o (osek_task_e_SWT_CAN1_AP_BMS_SDC)
OSC/TaskISRArchive.a(SWT_CAN1_AP_CurrentSensor.o)
                              OSC/osekdefs.o (osek_task_e_SWT_CAN1_AP_CurrentSensor)
OSC/TaskISRArchive.a(SWT_CAN1_AP_BMS_Voltages.o)
                              OSC/osekdefs.o (osek_task_e_SWT_CAN1_AP_BMS_Voltages)
OSC/TaskISRArchive.a(SWT_CAN1_AP_BMS_ChargerParameters.o)
                              OSC/osekdefs.o (osek_task_e_SWT_CAN1_AP_BMS_ChargerParameters)
OSC/TaskISRArchive.a(SWT_CAN1_AP_BMS_Temperatures.o)
                              OSC/osekdefs.o (osek_task_e_SWT_CAN1_AP_BMS_Temperatures)
OSC/TaskISRArchive.a(SWT_CAN1_AP_Inverter_R_Tx.o)
                              OSC/osekdefs.o (osek_task_e_SWT_CAN1_AP_Inverter_R_Tx)
OSC/TaskISRArchive.a(SWT_CAN1_AP_Inverter_L_Tx.o)
                              OSC/osekdefs.o (osek_task_e_SWT_CAN1_AP_Inverter_L_Tx)
OSC/TaskISRArchive.a(SWT_CAN1_AP_DASH_Mode.o)
                              OSC/osekdefs.o (osek_task_e_SWT_CAN1_AP_DASH_Mode)
OSC/TaskISRArchive.a(SWT_CAN1_NM_BMS_Keep_Alive.o)
                              OSC/osekdefs.o (osek_task_e_SWT_CAN1_NM_BMS_Keep_Alive)
OSC/TaskISRArchive.a(SWT_CAN1_AP_BMS_AIRs_State.o)
                              OSC/osekdefs.o (osek_task_e_SWT_CAN1_AP_BMS_AIRs_State)
OSC/TaskISRArchive.a(SWT_CAN1_NM_DASH_Keep_Alive.o)
                              OSC/osekdefs.o (osek_task_e_SWT_CAN1_NM_DASH_Keep_Alive)
OSC/TaskISRArchive.a(SWT_CAN1_AP_DASH_PrechargeRequest.o)
                              OSC/osekdefs.o (osek_task_e_SWT_CAN1_AP_DASH_PrechargeRequest)
OSC/TaskISRArchive.a(SWT_CAN1_AP_DASH_EnableDrive.o)
                              OSC/osekdefs.o (osek_task_e_SWT_CAN1_AP_DASH_EnableDrive)
OSC/TaskISRArchive.a(SWT_CAN2_AP_ELLIPSE_AUTO.o)
                              OSC/osekdefs.o (osek_task_e_SWT_CAN2_AP_ELLIPSE_AUTO)
OSC/TaskISRArchive.a(SWT_CAN2_AP_ELLIPSE_GPS_VEL.o)
                              OSC/osekdefs.o (osek_task_e_SWT_CAN2_AP_ELLIPSE_GPS_VEL)
[...]
Memory Configuration

Name             Origin             Length             Attributes
*default*        0x00000000         0xffffffff

Linker script and memory map

LOAD C:/ETAS/Compiler/INTECRIO5.0/QNXCompiler-V6.5\target\qnx6/ppcbe-spe/lib/crt1.o
LOAD C:/ETAS/Compiler/INTECRIO5.0/QNXCompiler-V6.5\target\qnx6/ppcbe-spe/lib/crti.o
LOAD C:/ETAS/Compiler/INTECRIO5.0/QNXCompiler-V6.5\host\win32\x86/usr/lib/gcc/powerpc-unknown-nto-qnx6.5.0/4.4.2/spe/crtbegin.o
LOAD C:\ETAS\Compiler\INTECRIO5.0\QNXCompiler-V6.5\target\qnx6\ppcbe-spe\lib\gcc\4.4.2/libcpp.so
                0x00000000                PROVIDE (__stack, 0x0)
                0x00000000                PROVIDE (___stack, 0x0)
                0x48040000                PROVIDE (__executable_start, 0x48040000)
                0x480400f4                . = (0x48040000 + SIZEOF_HEADERS)

.interp         0x480400f4       0x14
 *(.interp)
 .interp        0x480400f4       0x14 C:/ETAS/Compiler/INTECRIO5.0/QNXCompiler-V6.5\target\qnx6/ppcbe-spe/lib/crt1.o

.note           0x48040110       0x18
 .note          0x48040110       0x18 C:/ETAS/Compiler/INTECRIO5.0/QNXCompiler-V6.5\target\qnx6/ppcbe-spe/lib/crtn.o

.note.gnu.build-id
 *(.note.gnu.build-id)

.hash           0x48040128      0x69c
 *(.hash)
 .hash          0x48040128      0x69c C:/ETAS/Compiler/INTECRIO5.0/QNXCompiler-V6.5\target\qnx6/ppcbe-spe/lib/crt1.o

.gnu.hash
 *(.gnu.hash)

.dynsym         0x480407c4      0xe00
 *(.dynsym)
 .dynsym        0x480407c4      0xe00 C:/ETAS/Compiler/INTECRIO5.0/QNXCompiler-V6.5\target\qnx6/ppcbe-spe/lib/crt1.o

.dynstr         0x480415c4      0xbc5
 *(.dynstr)
 .dynstr        0x480415c4      0xbc5 C:/ETAS/Compiler/INTECRIO5.0/QNXCompiler-V6.5\target\qnx6/ppcbe-spe/lib/crt1.o

.gnu.version    0x4804218a      0x1c0
 *(.gnu.version)
 .gnu.version   0x4804218a      0x1c0 C:/ETAS/Compiler/INTECRIO5.0/QNXCompiler-V6.5\target\qnx6/ppcbe-spe/lib/crt1.o

.gnu.version_d  0x4804234c        0x0 load address 0x4804234a
 *(.gnu.version_d)
 .gnu.version_d
                0x00000000        0x0 C:/ETAS/Compiler/INTECRIO5.0/QNXCompiler-V6.5\target\qnx6/ppcbe-spe/lib/crt1.o

.gnu.version_r  0x4804234c       0x20
 *(.gnu.version_r)
 .gnu.version_r
                0x4804234c       0x20 C:/ETAS/Compiler/INTECRIO5.0/QNXCompiler-V6.5\target\qnx6/ppcbe-spe/lib/crt1.o

.rel.dyn
 *(.rel.init)
 *(.rel.text .rel.text.* .rel.gnu.linkonce.t.*)
 *(.rel.fini)
 *(.rel.rodata .rel.rodata.* .rel.gnu.linkonce.r.*)
 *(.rel.data.rel.ro* .rel.gnu.linkonce.d.rel.ro.*)
 *(.rel.data .rel.data.* .rel.gnu.linkonce.d.*)
 *(.rel.tdata .rel.tdata.* .rel.gnu.linkonce.td.*)
 *(.rel.tbss .rel.tbss.* .rel.gnu.linkonce.tb.*)
 *(.rel.ctors)
 *(.rel.dtors)
 *(.rel.got)
 *(.rel.sdata .rel.sdata.* .rel.gnu.linkonce.s.*)
 *(.rel.sbss .rel.sbss.* .rel.gnu.linkonce.sb.*)
 *(.rel.sdata2 .rel.sdata2.* .rel.gnu.linkonce.s2.*)
 *(.rel.sbss2 .rel.sbss2.* .rel.gnu.linkonce.sb2.*)
 *(.rel.bss .rel.bss.* .rel.gnu.linkonce.b.*)

.rela.dyn       0x4804236c       0x90
 *(.rela.init)
 *(.rela.text .rela.text.* .rela.gnu.linkonce.t.*)
 .rela.text     0x00000000        0x0 C:/ETAS/Compiler/INTECRIO5.0/QNXCompiler-V6.5\target\qnx6/ppcbe-spe/lib/crt1.o
 *(.rela.fini)
 *(.rela.rodata .rela.rodata.* .rela.gnu.linkonce.r.*)
 .rela.rodata   0x00000000        0x0 C:/ETAS/Compiler/INTECRIO5.0/QNXCompiler-V6.5\target\qnx6/ppcbe-spe/lib/crt1.o
 *(.rela.data .rela.data.* .rela.gnu.linkonce.d.*)
 .rela.data     0x00000000        0x0 C:/ETAS/Compiler/INTECRIO5.0/QNXCompiler-V6.5\target\qnx6/ppcbe-spe/lib/crt1.o
 *(.rela.tdata .rela.tdata.* .rela.gnu.linkonce.td.*)
 *(.rela.tbss .rela.tbss.* .rela.gnu.linkonce.tb.*)
 *(.rela.ctors)
 *(.rela.dtors)
 *(.rela.got)
 .rela.got      0x4804236c       0x30 C:/ETAS/Compiler/INTECRIO5.0/QNXCompiler-V6.5\target\qnx6/ppcbe-spe/lib/crt1.o
 *(.rela.got1)
 *(.rela.got2)
 *(.rela.sdata .rela.sdata.* .rela.gnu.linkonce.s.*)
 *(.rela.sbss .rela.sbss.* .rela.gnu.linkonce.sb.*)
 .rela.sbss     0x00000000        0x0 C:/ETAS/Compiler/INTECRIO5.0/QNXCompiler-V6.5\target\qnx6/ppcbe-spe/lib/crt1.o
 *(.rela.sdata2 .rela.sdata2.* .rela.gnu.linkonce.s2.*)
 *(.rela.sbss2 .rela.sbss2.* .rela.gnu.linkonce.sb2.*)
 *(.rela.bss .rela.bss.* .rela.gnu.linkonce.b.*)
 .rela.bss      0x4804239c       0x60 C:/ETAS/Compiler/INTECRIO5.0/QNXCompiler-V6.5\target\qnx6/ppcbe-spe/lib/crt1.o
 .rela.os_pid   0x00000000        0x0 C:/ETAS/Compiler/INTECRIO5.0/QNXCompiler-V6.5\target\qnx6/ppcbe-spe/lib/crt1.o
 .rela.os_intvec
                0x00000000        0x0 C:/ETAS/Compiler/INTECRIO5.0/QNXCompiler-V6.5\target\qnx6/ppcbe-spe/lib/crt1.o

.rel.plt
 *(.rel.plt)

.rela.plt       0x480423fc      0x924
 *(.rela.plt)
 .rela.plt      0x480423fc      0x924 C:/ETAS/Compiler/INTECRIO5.0/QNXCompiler-V6.5\target\qnx6/ppcbe-spe/lib/crt1.o

.init           0x48042d20       0x24
 *(.init)
 .init          0x48042d20        0xc C:/ETAS/Compiler/INTECRIO5.0/QNXCompiler-V6.5\target\qnx6/ppcbe-spe/lib/crti.o
                0x48042d20                _init
 .init          0x48042d2c        0x4 C:/ETAS/Compiler/INTECRIO5.0/QNXCompiler-V6.5\host\win32\x86/usr/lib/gcc/powerpc-unknown-nto-qnx6.5.0/4.4.2/spe/crtbegin.o
 .init          0x48042d30        0x4 C:/ETAS/Compiler/INTECRIO5.0/QNXCompiler-V6.5\host\win32\x86/usr/lib/gcc/powerpc-unknown-nto-qnx6.5.0/4.4.2/spe/crtend.o
 .init          0x48042d34       0x10 C:/ETAS/Compiler/INTECRIO5.0/QNXCompiler-V6.5\target\qnx6/ppcbe-spe/lib/crtn.o

.text           0x48042d44    0x482e8
                0x48042d44                _btext = .
 *(.text .stub .text.* .gnu.linkonce.t.*)
 .text          0x48042d44      0x118 C:/ETAS/Compiler/INTECRIO5.0/QNXCompiler-V6.5\target\qnx6/ppcbe-spe/lib/crt1.o
                0x48042d44                _start
 .text          0x48042e5c        0x0 C:/ETAS/Compiler/INTECRIO5.0/QNXCompiler-V6.5\target\qnx6/ppcbe-spe/lib/crti.o
 .text          0x48042e5c      0x1b8 C:/ETAS/Compiler/INTECRIO5.0/QNXCompiler-V6.5\host\win32\x86/usr/lib/gcc/powerpc-unknown-nto-qnx6.5.0/4.4.2/spe/crtbegin.o
 .text          0x48043014      0x240 ROOT_instances.o
                0x480431b8                initializeYukonModel
                0x48043064                getSystemTimeS
                0x4804302c                getModelIdentificationString
                0x48043040                getDeltaT
                0x48043014                getIntecrioVersionNumber
                0x48043144                os_setDeltaT
                0x48043038                getBuildEnvironment
                0x48043020                getBuildEnvironmentVersion
 .text          0x48043254        0x0 _INT_pid.pi.o
 .text          0x48043254       0x24 userFuncProcessCanPayload.o
                0x48043268                userCanInitHook
                0x48043274                userCanTxHookV3
                0x4804326c                userCanExitHook
                0x48043254                userCanHookGetVersionAndCid
                0x48043270                userCanRxHookV3
 .text          0x48043278       0x24 userFuncProcessFlexRayPayload.o
                0x48043298                userFlexRayPDURxHook
                0x48043294                userFlexRayPDUTxHook
                0x48043278                userFlexRayHookGetVersionAndCid
                0x4804328c                userFlexRayInitHook
                0x48043290                userFlexRayExitHook
 .text          0x4804329c       0x60 OSC/i_rtawrapper.o
                0x480432dc                rtaActivateTask
                0x480432bc                rtaSchedule
                0x4804329c                rtaShutdownOS
 .text          0x480432fc      0x308 Car_State0/Car_State_instances.o
                0x480433a4                initClass_RTWTop_Car_State
                0x4804335c                initInstance_RTWTop_Car_State
                0x480432fc                setDeltaT_Car_State
                0x480435d8                initModel_RTWTop_Car_State
 .text          0x48043604      0xd0c Car_State1/Car_State1.a(Car_State.o)
                0x480440f0                MdlInitialize_Car_State
                0x48043618                Car_State_FALSE
                0x48043640                MdlOutputs_Car_State
                0x48044058                MdlUpdate_Car_State
                0x4804362c                Car_State_TqEnable
                0x48043604                Car_State_TRUE
                0x480440f4                MdlStart_Car_State
                0x480440e8                MdlInitializeSizes_Car_State
                0x480440ec                MdlInitializeSampleTimes_Car_State
                0x48044154                Car_State
                0x48044150                MdlTerminate_Car_State
 .text          0x48044310      0x550 Disconnections0/Disconnections_instances.o
                0x48044370                initInstance_RTWTop_Disconnections
                0x48044834                initModel_RTWTop_Disconnections
                0x48044310                setDeltaT_Disconnections
                0x480443b8                initClass_RTWTop_Disconnections
 .text          0x48044860      0xd90 Disconnections1/Disconnections1.a(Disconnections.o)
                0x4804541c                MdlTerminate_Disconnections
                0x48045420                Disconnections
                0x480448d0                Disconnectio_IfActionSubsystem3
                0x480448e4                Disconnections_RigidAxle2024
                0x480453a4                MdlInitializeSampleTimes_Disconnections
                0x48044874                Disconnections_Counting
                0x480453ac                MdlStart_Disconnections
                0x48044860                Disconnections_Reset_counter
                0x480453a0                MdlInitializeSizes_Disconnections
                0x480448f8                MdlOutputs_Disconnections
                0x480453a8                MdlInitialize_Disconnections
                0x48044890                Disconnections_CAN_OK
                0x48045328                MdlUpdate_Disconnections
                0x480448bc                Disconnection_IfActionSubsystem
 .text          0x480455f0      0x298 Ellipse0/Ellipse_instances.o
                0x48045698                initClass_RTWTop_Ellipse
                0x480455f0                setDeltaT_Ellipse
                0x48045650                initInstance_RTWTop_Ellipse
                0x4804585c                initModel_RTWTop_Ellipse
 .text          0x48045888      0x370 Ellipse1/Ellipse1.a(Ellipse.o)
                0x48045acc                MdlOutputs_Ellipse
                0x48045908                MdlInitialize_Ellipse
                0x48045900                MdlInitializeSizes_Ellipse
                0x48045888                MdlUpdate_Ellipse
                0x48045928                MdlTerminate_Ellipse
                0x4804590c                MdlStart_Ellipse
                0x48045904                MdlInitializeSampleTimes_Ellipse
                0x4804592c                Ellipse
 .text          0x48045bf8      0x3a0 Inverters_Action0/Inverters_Action_instances.o
                0x48045f6c                initModel_RTWTop_Inverters_Action
                0x48045bf8                setDeltaT_Inverters_Action
                0x48045ca0                initClass_RTWTop_Inverters_Action
                0x48045c58                initInstance_RTWTop_Inverters_Action
 .text          0x48045f98      0xcac Inverters_Action1/Inverters_Action1.a(Inverters_Action.o)
                0x48046104                MdlInitializeSizes_Inverters_Action
                0x4804610c                MdlInitialize_Inverters_Action
                0x4804615c                Inverters_Action
                0x48046110                MdlStart_Inverters_Action
                0x48045f98                Inverters_Actio_EnumerationDone
                0x48046018                Inverters_Acti_ActionnotDefined
                0x48046040                Inverters_Action_TorqueCommand0
                0x48046070                MdlUpdate_Inverters_Action
                0x48045fc0                Inverte_DisableDriveEnableDrive
                0x4804605c                Inverters_Acti_ResetEnumeration
                0x48046158                MdlTerminate_Inverters_Action
                0x48046108                MdlInitializeSampleTimes_Inverters_Action
                0x48046030                Inverters_Action_bypass
                0x48046654                MdlOutputs_Inverters_Action
                0x480464fc                Inverters_Action_TorqueCommand
                0x48046338                Inverters_Ac_RegisterEnumerator
                0x48045fac                Inverters_Action_Unsubscribe
 .text          0x48046c44        0x0 Inverters_Action1/Inverters_Action1.a(Inverters_Action_data.o)
 .text          0x48046c44      0x354 Inverters_Data0/Inverters_Data_instances.o
                0x48046cec                initClass_RTWTop_Inverters_Data
                0x48046ca4                initInstance_RTWTop_Inverters_Data
                0x48046c44                setDeltaT_Inverters_Data
                0x48046f6c                initModel_RTWTop_Inverters_Data
 .text          0x48046f98      0x6ec Inverters_Data1/Inverters_Data1.a(Inverters_Data.o)
                0x48047008                MdlUpdate_Inverters_Data
                0x48047088                MdlInitialize_Inverters_Data
                0x48046ff4                Inverters_Data_Signal_OK
                0x480470b4                MdlTerminate_Inverters_Data
                0x48046fb4                Inverters_Data_CAN_OK
                0x4804725c                MdlOutputs_Inverters_Data
                0x48046fe0                Inverters_Data_Signal_Failure
                0x480470b8                Inverters_Data
                0x4804708c                MdlStart_Inverters_Data
                0x48047084                MdlInitializeSampleTimes_Inverters_Data
                0x48046f98                Inverters_Data_Error_Counter
                0x48047080                MdlInitializeSizes_Inverters_Data
 .text          0x48047684      0x290 Power_Control0/Power_Control_instances.o
                0x48047684                setDeltaT_Power_Control
                0x480476e4                initInstance_RTWTop_Power_Control
                0x4804772c                initClass_RTWTop_Power_Control
                0x480478e8                initModel_RTWTop_Power_Control
 .text          0x48047914      0xc68 Power_Control1/Power_Control1.a(Power_Control.o)
                0x48047a68                MdlTerminate_Power_Control
                0x48047a6c                Power_Control
                0x48047a04                MdlInitializeSampleTimes_Power_Control
                0x48047988                MdlUpdate_Power_Control
                0x48048288                MdlOutputs_Power_Control
                0x48047a00                MdlInitializeSizes_Power_Control
                0x48047c58                Power_Co_MotorL_Temp_Limitation
                0x48047958                Pow_MotorL_Temp_Limitation_Init
                0x48047a0c                MdlStart_Power_Control
                0x48047a08                MdlInitialize_Power_Control
                0x48047914                Power_Control_LimitReached
                0x48047f70                Power_InverterL_Temp_Limitation
                0x48047928                InverterL_Temp_Limitation_Init
 .text          0x4804857c      0x358 Sensors0/Sensors_instances.o
                0x480485dc                initInstance_RTWTop_Sensors
                0x480488a8                initModel_RTWTop_Sensors
                0x4804857c                setDeltaT_Sensors
                0x48048624                initClass_RTWTop_Sensors
 .text          0x480488d4      0x6ac Sensors1/Sensors1.a(Sensors.o)
                0x480488e8                Sensors_IfActionSubsystem1
                0x48048d9c                MdlInitializeSampleTimes_Sensors
                0x48048dc4                MdlTerminate_Sensors
                0x480488d4                Sensors_IfActionSubsystem
                0x48048904                MdlOutputs_Sensors
                0x48048d20                MdlUpdate_Sensors
                0x48048d98                MdlInitializeSizes_Sensors
                0x48048da0                MdlInitialize_Sensors
                0x48048da4                MdlStart_Sensors
                0x48048dc8                Sensors
 .text          0x48048f80        0x0 Sensors1/Sensors1.a(Sensors_data.o)
 .text          0x48048f80      0x14c Synchronism0/Synchronism_instances.o
                0x48049028                initClass_RTWTop_Synchronism
                0x48048fe0                initInstance_RTWTop_Synchronism
                0x480490a0                initModel_RTWTop_Synchronism
                0x48048f80                setDeltaT_Synchronism
 .text          0x480490cc      0x268 Synchronism1/Synchronism1.a(Synchronism.o)
                0x480491a0                MdlInitializeSizes_Synchronism
                0x480491a8                MdlInitialize_Synchronism
                0x480491ac                MdlStart_Synchronism
                0x480491c8                MdlTerminate_Synchronism
                0x480491cc                Synchronism
                0x480490cc                MdlOutputs_Synchronism
                0x48049128                MdlUpdate_Synchronism
                0x480491a4                MdlInitializeSampleTimes_Synchronism
 .text          0x48049334      0x3ec VDC_Winter_Testing0/VDC_Winter_Testing_instances.o
                0x48049334                setDeltaT_VDC_Winter_Testing
                0x480496f4                initModel_RTWTop_VDC_Winter_Testing
                0x48049394                initInstance_RTWTop_VDC_Winter_Testing
                0x480493dc                initClass_RTWTop_VDC_Winter_Testing
 .text          0x48049720      0x544 VDC_Winter_Testing1/VDC_Winter_Testing1.a(VDC_Winter_Testing.o)
                0x48049720                MdlUpdate_VDC_Winter_Testing
                0x48049988                MdlOutputs_VDC_Winter_Testing
                0x480497d8                MdlTerminate_VDC_Winter_Testing
                0x4804979c                MdlInitializeSampleTimes_VDC_Winter_Testing
                0x480497a4                MdlStart_VDC_Winter_Testing
                0x480497dc                VDC_Winter_Testing
                0x480497a0                MdlInitialize_VDC_Winter_Testing
                0x48049798                MdlInitializeSizes_VDC_Winter_Testing
 .text          0x48049c64      0x19c matlabsharedR2023b/matlabsharedR2023b.a(rt_nonfinite.o)
                0x48049d6c                rt_InitInfAndNaN
                0x48049cf0                rtIsNaN
                0x48049d44                rtIsNaNF
                0x48049cb0                rtIsInfF
                0x48049c64                rtIsInf
 .text          0x48049e00        0x0 matlabsharedR2023b/matlabsharedR2023b.a(const_params.o)
 .text          0x48049e00      0x114 matlabsharedR2023b/matlabsharedR2023b.a(look1_binlxpw.o)
                0x48049e00                look1_binlxpw
 .text          0x48049f14       0xd0 matlabsharedR2023b/matlabsharedR2023b.a(rtgetinf.o)
                0x48049f14                rtGetInf
                0x48049f7c                rtGetMinusInf
                0x48049fd8                rtGetMinusInfF
                0x48049f70                rtGetInfF
 .text          0x48049fe4       0x84 matlabsharedR2023b/matlabsharedR2023b.a(rtgetnan.o)
                0x4804a044                rtGetNaNF
                0x48049fe4                rtGetNaN
 .text          0x4804a068      0x434 OSC/osekdefs.o
                0x4804a388                osE_ISR_CAN2
                0x4804a128                os_StartOS
                0x4804a214                os_pre_errorhook
                0x4804a3e4                osE_ISR_CAN1
                0x4804a234                Tick_etasCounter
                0x4804a368                osek_dispatch
                0x4804a068                osResetOS
                0x4804a440                osE_etasL1Isr
 .text          0x4804a49c        0x0 OSC/osgen.o
 .text          0x4804a49c       0x4c OSC/TaskISRArchive.a(etasConfigTask.o)
                0x4804a49c                osek_task_e_etasConfigTask
 .text          0x4804a4e8       0x54 OSC/TaskISRArchive.a(Timer_1000ms.o)
                0x4804a4e8                osek_task_e_Timer_1000ms
 .text          0x4804a53c       0x54 OSC/TaskISRArchive.a(Timer_100ms.o)
                0x4804a53c                osek_task_e_Timer_100ms
 .text          0x4804a590       0x9c OSC/TaskISRArchive.a(Timer_25ms.o)
                0x4804a590                osek_task_e_Timer_25ms
 .text          0x4804a62c       0x6c OSC/TaskISRArchive.a(Timer_Inv.o)
                0x4804a62c                osek_task_e_Timer_Inv
 .text          0x4804a698       0x60 OSC/TaskISRArchive.a(Timer_Sync.o)
                0x4804a698                osek_task_e_Timer_Sync
 .text          0x4804a6f8       0x50 OSC/TaskISRArchive.a(SWT_CAN1_AP_BMS_SDC.o)
                0x4804a6f8                osek_task_e_SWT_CAN1_AP_BMS_SDC
 .text          0x4804a748       0x50 OSC/TaskISRArchive.a(SWT_CAN1_AP_CurrentSensor.o)
                0x4804a748                osek_task_e_SWT_CAN1_AP_CurrentSensor
 .text          0x4804a798       0x50 OSC/TaskISRArchive.a(SWT_CAN1_AP_BMS_Voltages.o)
                0x4804a798                osek_task_e_SWT_CAN1_AP_BMS_Voltages
 .text          0x4804a7e8       0x50 OSC/TaskISRArchive.a(SWT_CAN1_AP_BMS_ChargerParameters.o)
                0x4804a7e8                osek_task_e_SWT_CAN1_AP_BMS_ChargerParameters
 .text          0x4804a838       0x50 OSC/TaskISRArchive.a(SWT_CAN1_AP_BMS_Temperatures.o)
                0x4804a838                osek_task_e_SWT_CAN1_AP_BMS_Temperatures
 .text          0x4804a888       0x50 OSC/TaskISRArchive.a(SWT_CAN1_AP_Inverter_R_Tx.o)
                0x4804a888                osek_task_e_SWT_CAN1_AP_Inverter_R_Tx
 .text          0x4804a8d8       0x50 OSC/TaskISRArchive.a(SWT_CAN1_AP_Inverter_L_Tx.o)
                0x4804a8d8                osek_task_e_SWT_CAN1_AP_Inverter_L_Tx
 .text          0x4804a928       0x50 OSC/TaskISRArchive.a(SWT_CAN1_AP_DASH_Mode.o)
                0x4804a928                osek_task_e_SWT_CAN1_AP_DASH_Mode
 .text          0x4804a978       0x50 OSC/TaskISRArchive.a(SWT_CAN1_NM_BMS_Keep_Alive.o)
                0x4804a978                osek_task_e_SWT_CAN1_NM_BMS_Keep_Alive
 .text          0x4804a9c8       0x50 OSC/TaskISRArchive.a(SWT_CAN1_AP_BMS_AIRs_State.o)
                0x4804a9c8                osek_task_e_SWT_CAN1_AP_BMS_AIRs_State
 .text          0x4804aa18       0x50 OSC/TaskISRArchive.a(SWT_CAN1_NM_DASH_Keep_Alive.o)
                0x4804aa18                osek_task_e_SWT_CAN1_NM_DASH_Keep_Alive
 .text          0x4804aa68       0x50 OSC/TaskISRArchive.a(SWT_CAN1_AP_DASH_PrechargeRequest.o)
                0x4804aa68                osek_task_e_SWT_CAN1_AP_DASH_PrechargeRequest
 .text          0x4804aab8       0x50 OSC/TaskISRArchive.a(SWT_CAN1_AP_DASH_EnableDrive.o)
                0x4804aab8                osek_task_e_SWT_CAN1_AP_DASH_EnableDrive
 .text          0x4804ab08       0x50 OSC/TaskISRArchive.a(SWT_CAN2_AP_ELLIPSE_AUTO.o)
                0x4804ab08                osek_task_e_SWT_CAN2_AP_ELLIPSE_AUTO
 .text          0x4804ab58       0x50 OSC/TaskISRArchive.a(SWT_CAN2_AP_ELLIPSE_GPS_VEL.o)
                0x4804ab58                osek_task_e_SWT_CAN2_AP_ELLIPSE_GPS_VEL
 .text          0x4804aba8       0x50 OSC/TaskISRArchive.a(SWT_CAN2_MEAS_RECU_SDC.o)
                0x4804aba8                osek_task_e_SWT_CAN2_MEAS_RECU_SDC
 .text          0x4804abf8       0x50 OSC/TaskISRArchive.a(SWT_CAN2_AP_ELLIPSE_EKF_POS.o)
                0x4804abf8                osek_task_e_SWT_CAN2_AP_ELLIPSE_EKF_POS
 .text          0x4804ac48       0x50 OSC/TaskISRArchive.a(SWT_CAN2_AP_ELLIPSE_IMU_ACCEL.o)
                0x4804ac48                osek_task_e_SWT_CAN2_AP_ELLIPSE_IMU_ACCEL
 .text          0x4804ac98       0x50 OSC/TaskISRArchive.a(SWT_CAN2_AP_ELLIPSE_EKF_EULER.o)
                0x4804ac98                osek_task_e_SWT_CAN2_AP_ELLIPSE_EKF_EULER
 .text          0x4804ace8       0x50 OSC/TaskISRArchive.a(SWT_CAN2_AP_ELLIPSE_EKF_VEL.o)
                0x4804ace8                osek_task_e_SWT_CAN2_AP_ELLIPSE_EKF_VEL
 .text          0x4804ad38       0x50 OSC/TaskISRArchive.a(SWT_CAN2_NM_ELLIPSE_Status.o)
                0x4804ad38                osek_task_e_SWT_CAN2_NM_ELLIPSE_Status
 .text          0x4804ad88       0x50 OSC/TaskISRArchive.a(SWT_CAN2_AP_ELLIPSE_IMU_GYRO.o)
                0x4804ad88                osek_task_e_SWT_CAN2_AP_ELLIPSE_IMU_GYRO
 .text          0x4804add8       0x50 OSC/TaskISRArchive.a(SWT_CAN2_AP_ELLIPSE_VEL_Valid.o)
                0x4804add8                osek_task_e_SWT_CAN2_AP_ELLIPSE_VEL_Valid
 .text          0x4804ae28       0x50 OSC/TaskISRArchive.a(SWT_CAN2_AP_RECU_Data.o)
                0x4804ae28                osek_task_e_SWT_CAN2_AP_RECU_Data
 .text          0x4804ae78       0x50 OSC/TaskISRArchive.a(SWT_CAN2_NM_FECU_Keep_Alive.o)
                0x4804ae78                osek_task_e_SWT_CAN2_NM_FECU_Keep_Alive
 .text          0x4804aec8       0x50 OSC/TaskISRArchive.a(SWT_CAN2_NM_RECU_Keep_Alive.o)
                0x4804aec8                osek_task_e_SWT_CAN2_NM_RECU_Keep_Alive
 .text          0x4804af18       0x50 OSC/TaskISRArchive.a(SWT_CAN2_AP_FECU_Data2.o)
                0x4804af18                osek_task_e_SWT_CAN2_AP_FECU_Data2
 .text          0x4804af68       0x50 OSC/TaskISRArchive.a(SWT_CAN2_AP_FECU_Data1.o)
                0x4804af68                osek_task_e_SWT_CAN2_AP_FECU_Data1
 .text          0x4804afb8       0x4c OSC/TaskISRArchive.a(ISR_CAN1.o)
                0x4804afb8                osek_isr_e_ISR_CAN1
 .text          0x4804b004       0x4c OSC/TaskISRArchive.a(ISR_CAN2.o)
                0x4804b004                osek_isr_e_ISR_CAN2
 .text          0x4804b050       0x40 OSC/etasActivateTaskIsr.o
                0x4804b050                osek_isr_e_etasActivateTaskIsr
 .text          0x4804b090       0x48 OSC/etasL1Isr.o
                0x4804b090                osek_isr_e_etasL1Isr
 .text          0x4804b0d8       0x44 OSC/etasL1Task.o
                0x4804b0d8                osek_task_e_etasL1Task
 .text          0x4804b11c       0x40 OSC/etasTimerIsr.o
                0x4804b11c                osek_isr_e_etasTimerIsr
 .text          0x4804b15c       0x40 OSC/etasStopOsIsr.o
                0x4804b15c                osek_isr_e_etasStopOsIsr
 .text          0x4804b19c      0x244 OSC/DriverThreads.o
                0x4804b19c                etasCreateDriverThreads
 .text          0x4804b3e0        0x0 OSC/ISRFunctions.o
 .text          0x4804b3e0      0x1dc OSC/osc_dyn.o
                0x4804b578                etasInitTasks
                0x4804b480                etasExitTasks
                0x4804b3e8                etasInactiveExitTask
                0x4804b3e4                etasStartupExitTask
                0x4804b550                etasStartupInitTask
                0x4804b3ec                TimersExitTask
                0x4804b3e0                etasInactiveInitTask
                0x4804b4b0                TimersInitTask
 .text          0x4804b5bc        0xc OSC/rtaInterface.o
                0x4804b5bc                etasGetCounterPeriodUs
                0x4804b5c4                StackFaultHook
 .text          0x4804b5c8      0x5f8 OSC/ETCHooks.o
                0x4804b8e8                rtioHook_15_0
                0x4804b9d8                rtioHook_9_0
                0x4804b960                rtioHook_12_0
                0x4804b848                rtioHook_19_0
                0x4804b898                rtioHook_17_0
                0x4804bb18                rtioHook_1_0
                0x4804baa0                rtioHook_4_0
                0x4804b640                rtioHook_32_0
                0x4804b7a8                rtioHook_23_0
                0x4804b690                rtioHook_30_0
                0x4804b7f8                rtioHook_21_0
                0x4804b5c8                rtioHook_35_0
                0x4804b730                rtioHook_26_0
                0x4804bb68                rtioHook_37_0
                0x4804b6e0                rtioHook_28_0
                0x4804b618                rtioHook_33_0
                0x4804b780                rtioHook_24_0
                0x4804b6b8                rtioHook_29_0
                0x4804b668                rtioHook_31_0
                0x4804ba28                rtioHook_7_0
                0x4804b7d0                rtioHook_22_0
                0x4804bb40                rtioHook_0_0
                0x4804b870                rtioHook_18_0
                0x4804b938                rtioHook_13_0
                0x4804b988                rtioHook_11_0
                0x4804b8c0                rtioHook_16_0
                0x4804ba50                rtioHook_6_0
                0x4804b910                rtioHook_14_0
                0x4804ba00                rtioHook_8_0
                0x4804b820                rtioHook_20_0
                0x4804baf0                rtioHook_2_0
                0x4804b5f0                rtioHook_34_0
                0x4804b758                rtioHook_25_0
                0x4804bac8                rtioHook_3_0
                0x4804b9b0                rtioHook_10_0
                0x4804ba78                rtioHook_5_0
                0x4804bb94                rtioHook_36_0
                0x4804b708                rtioHook_27_0
 .text          0x4804bbc0      0xf40 OSC/XbarHooks.o
                0x4804bbe8                crossbarHook_34_0
                0x4804c188                crossbarHook_21_0
                0x4804c480                crossbarHook_2_0
                0x4804c2f0                crossbarHook_12_0
                0x4804c9a0                crossbarHook_36_7
                0x4804bd28                crossbarHook_32_2
                0x4804c86c                crossbarHook_36_14
                0x4804c020                crossbarHook_29_1
                0x4804c4d0                crossbarHook_37_17
                0x4804c0c0                crossbarHook_26_0
                0x4804c630                crossbarHook_37_9
                0x4804c228                crossbarHook_17_0
                0x4804c580                crossbarHook_37_13
                0x4804c3b8                crossbarHook_7_0
                0x4804bda0                crossbarHook_31_13
                0x4804c6e0                crossbarHook_37_5
                0x4804c790                crossbarHook_37_1
                0x4804c408                crossbarHook_5_0
                0x4804beb8                crossbarHook_31_6
                0x4804bc10                crossbarHook_33_3
                0x4804bf58                crossbarHook_31_2
                0x4804cad4                crossbarHook_36_0
                0x4804c138                crossbarHook_23_0
                0x4804c2a0                crossbarHook_14_0
                0x4804ca24                crossbarHook_36_4
                0x4804c974                crossbarHook_36_8
                0x4804bd00                crossbarHook_32_3
                0x4804c898                crossbarHook_36_13
                0x4804c554                crossbarHook_37_14
                0x4804c604                crossbarHook_37_10
                0x4804c7e8                crossbarHook_36_17
                0x4804c65c                crossbarHook_37_8
                0x4804c70c                crossbarHook_37_4
                0x4804c7bc                crossbarHook_37_0
                0x4804c110                crossbarHook_24_0
                0x4804bdc8                crossbarHook_31_12
                0x4804c278                crossbarHook_15_0
                0x4804be40                crossbarHook_31_9
                0x4804bee0                crossbarHook_31_5
                0x4804bbc0                crossbarHook_35_0
                0x4804c160                crossbarHook_22_0
                0x4804bc38                crossbarHook_33_2
                0x4804c2c8                crossbarHook_13_0
                0x4804caa8                crossbarHook_36_1
                0x4804c4a8                crossbarHook_1_0
                0x4804bf80                crossbarHook_31_1
                0x4804c098                crossbarHook_27_0
                0x4804c200                crossbarHook_18_0
                0x4804c3e0                crossbarHook_6_0
                0x4804c0e8                crossbarHook_25_0
                0x4804c250                crossbarHook_16_0
                0x4804c9f8                crossbarHook_36_5
                0x4804c948                crossbarHook_36_9
                0x4804bcd8                crossbarHook_32_4
                0x4804bd78                crossbarHook_32_0
                0x4804c340                crossbarHook_10_0
                0x4804c8c4                crossbarHook_36_12
                0x4804c528                crossbarHook_37_15
                0x4804c390                crossbarHook_8_0
                0x4804c5d8                crossbarHook_37_11
                0x4804c814                crossbarHook_36_16
                0x4804bff8                crossbarHook_30_0
                0x4804c688                crossbarHook_37_7
                0x4804c738                crossbarHook_37_3
                0x4804bdf0                crossbarHook_31_11
                0x4804bf08                crossbarHook_31_4
                0x4804be68                crossbarHook_31_8
                0x4804c458                crossbarHook_3_0
                0x4804bc60                crossbarHook_33_1
                0x4804ca7c                crossbarHook_36_2
                0x4804bfa8                crossbarHook_31_0
                0x4804c8f0                crossbarHook_36_11
                0x4804c9cc                crossbarHook_36_6
                0x4804bcb0                crossbarHook_32_5
                0x4804bd50                crossbarHook_32_1
                0x4804c070                crossbarHook_28_0
                0x4804c1d8                crossbarHook_19_0
                0x4804c840                crossbarHook_36_15
                0x4804bfd0                crossbarHook_30_1
                0x4804c048                crossbarHook_29_0
                0x4804c4fc                crossbarHook_37_16
                0x4804c5ac                crossbarHook_37_12
                0x4804c6b4                crossbarHook_37_6
                0x4804be18                crossbarHook_31_10
                0x4804c764                crossbarHook_37_2
                0x4804bf30                crossbarHook_31_3
                0x4804be90                crossbarHook_31_7
                0x4804bc88                crossbarHook_33_0
                0x4804c1b0                crossbarHook_20_0
                0x4804c318                crossbarHook_11_0
                0x4804ca50                crossbarHook_36_3
                0x4804c368                crossbarHook_9_0
                0x4804c91c                crossbarHook_36_10
                0x4804c430                crossbarHook_4_0
 .text          0x4804cb00        0x0 ETC/FormulaTable.o
 .text          0x4804cb00        0x0 ETC/DriverTable.o
 .text          0x4804cb00        0x0 ETC/MappingFunctionTable.o
 .text          0x4804cb00        0x0 ETC/RtioL1RecordTable.o
 .text          0x4804cb00        0x0 ETC/XCPTransportLayerFunctionsTable.o
 .text          0x4804cb00        0x0 ETC/ChecksumAlgoTables.o
 .text          0x4804cb00        0x0 CBC/CopyFunctionTable.o
 .text          0x4804cb00        0x0 CBC/CrossbarL1RecordTable.o
 .text          0x4804cb00       0x48 C:/ETAS/Compiler/INTECRIO5.0/QNXCompiler-V6.5\host\win32\x86/usr/lib/gcc/powerpc-unknown-nto-qnx6.5.0/4.4.2/spe/libgcc.a(_fixunsdfdi.o)
                0x4804cb00                __fixunsdfdi
 .text          0x4804cb48       0x40 C:/ETAS/Compiler/INTECRIO5.0/QNXCompiler-V6.5\host\win32\x86/usr/lib/gcc/powerpc-unknown-nto-qnx6.5.0/4.4.2/spe/libgcc.a(_floatundidf.o)
                0x4804cb48                __floatundidf
 .text          0x4804cb88       0x98 C:/ETAS/Compiler/INTECRIO5.0/QNXCompiler-V6.5\host\win32\x86/usr/lib/gcc/powerpc-unknown-nto-qnx6.5.0/4.4.2/spe/crtend.o
 .text          0x4804cc20        0x0 C:/ETAS/Compiler/INTECRIO5.0/QNXCompiler-V6.5\target\qnx6/ppcbe-spe/lib/crtn.o
 .text          0x4804cc20     0x23b4 C:\Program Files (x86)\ETAS\INTECRIO5.0\Target\Etarget\ES910\libes910.a(i_rtautil.o)
                0x4804cf48                etasActivateTaskViaIsr
                0x4804e444                startTaskHookMon
                0x4804d4ec                ErrorHook
                0x4804ccf0                osTraceStopwatch
                0x4804d264                switchToInactiveAppMode
                0x4804cc2c                isAppModeSwitchPending
                0x4804e14c                etasStartIsrHookMon
                0x4804e35c                etasStartIsrHook
                0x4804ce20                getModelRuntime
                0x4804cf74                restartModelProcess
                0x4804cc20                GetNextAppMode
                0x4804ce98                etasActivateTaskWithIdViaIsrHandler
                0x4804e248                etasEndIsrHook
                0x4804cc5c                checkInterruptOccurence
                0x4804e770                osekThreadSuspendRtSignals
                0x4804e280                etasEndIsrHookMon
                0x4804d22c                getCurTaskMonitor
                0x4804d428                GetStopwatchUncertainty
                0x4804e5e0                endTaskHook
                0x4804d314                delayInitExitTask
                0x4804cc78                rtaInitTarget
                0x4804d480                OverrunHook
                0x4804cf04                etasActivateTaskWithIdViaIsr
                0x4804e51c                startTaskHook
                0x4804cd64                etasDeInstallOsErrorHook
                0x4804ea74                applicationModeManager
                0x4804d034                terminateModelProcess
                0x4804de6c                StartupHook
                0x4804e734                osekThreadResumeRtSignals
                0x4804d1e0                lockCriticalSection
                0x4804d0f8                isRtaOsekThreadContext
                0x4804ccf8                isInsideInitExitTask
                0x4804cd24                isInsideExitTask
                0x4804d818                ShutdownHook
                0x4804d12c                unlockCriticalSection
                0x4804cd3c                etasInstallOsErrorHook
                0x4804e658                endTaskHookMon
                0x4804cc48                resetInterruptFlag
                0x4804cce8                GetStopwatch
                0x4804cc74                etasRTATraceInitProcess
                0x4804ccdc                GetDeltaT
                0x4804cd90                SetNextAppMode
                0x4804d3dc                tempMgrRegisterSigtermEvent
                0x4804cd0c                isInsideInitTask
                0x4804cc68                getLastInterruptTimeTicks
 .text          0x4804efd4     0x2058 C:\Program Files (x86)\ETAS\INTECRIO5.0\Target\Etarget\ES910\libes910.a(t_driverThreads.o)
                0x4804fdc0                osek_sendto
                0x4804f658                osek_msync
                0x4804f3b8                osek_vfprintf
                0x48050438                osek_MsgReceive
                0x480501a0                osek_MsgRead
                0x4804fc4c                osek_cmsSendMessage
                0x4804f15c                osek_malloc
                0x4804f110                osek_free
                0x4804f09c                osek_fsync
                0x4804f840                osek_unlink
                0x4804f4f8                osek_munmap
                0x4804fe98                osek_devctl
                0x4805007c                osek_close
                0x4804fb60                osek_cmsReceiveMessage
                0x4804f8b4                osek_system
                0x48050300                osek_MsgError
                0x4805065c                osek_send
                0x48050388                osek_MsgReply
                0x4804f470                osek_ftruncate
                0x48050250                osek_MsgWrite
                0x4804f7a4                osek_lseek
                0x480504e8                osek_MsgSend
                0x4804fce8                osek_recvfrom
                0x4804f6f4                osek_fwrite
                0x4804f2ec                osek_vslogf
                0x4804f928                osek_cmsReceiveMessageEx
                0x4804efd4                etasSetNumberOfDriverThreads
                0x4805070c                etasCreateDriverThread
                0x4804f580                osek_mmap
                0x4804ffe0                osek_write
                0x480505ac                osek_recv
                0x4804f1d0                osek_etasLogCoreFeedRecordToBackends
                0x4804ff44                osek_read
                0x4804fab0                osek_cmsErrorState
                0x4804fa14                osek_cmsSendMessageEx
                0x480500f0                osek_open
 .text          0x4805102c      0x8fc C:\Program Files (x86)\ETAS\INTECRIO5.0\Target\Etarget\ES910\libes910.a(t_idle.o)
                0x48051850                initRtaTraceSupport
                0x48051260                etasIdleProcess
                0x480510ec                signalStartupHookTermination
                0x48051078                apsGetPartitionId
                0x4805111c                apsJoinPartition
                0x480510bc                signalShutdownHookTermination
                0x48051084                getSysLoad
                0x4805102c                etasInstallIdleHook
                0x48051054                etasDeInstallIdleHook
 .text          0x48051928     0x1fcc C:\Program Files (x86)\ETAS\INTECRIO5.0\Target\Etarget\ES910\libes910.a(t_l1com.o)
                0x48051928                setL1ComBufferSize
                0x48051968                l1SetBusyState
                0x48051ae8                l1SignalIdleState
                0x48051e90                waitForL1Request
                0x48052480                createL1ModelThread
                0x480523cc                serveL1Request
                0x48051dd8                etasL1Process
 .text          0x480538f4      0xcc4 C:\Program Files (x86)\ETAS\INTECRIO5.0\Target\Etarget\ES910\libes910.a(t_main.o)
                0x48053b50                main
 .text          0x480545b8      0x9f0 C:\Program Files (x86)\ETAS\INTECRIO5.0\Target\Etarget\ES910\libes910.a(t_mlog.o)
                0x480545dc                getDriverLogging
                0x480545e8                getUserSeverity
                0x480545d0                getUserLogging
                0x48054674                mlog_setSeverityFilterUser
                0x48054648                mlog_setSeverityFilterDrv
                0x480545f4                getDriverSeverity
                0x48054d30                mlog_init
                0x48054a34                mlog_updateLoggingConfiguration
                0x480545b8                getUserLogChan
                0x48054b20                mlog_startLogConfigThread
                0x480545c4                getDrvLogChan
                0x48054600                mlog_debugLog
 .text          0x48054fa8      0xfac C:\Program Files (x86)\ETAS\INTECRIO5.0\Target\Etarget\ES910\libes910.a(t_qnxtargetutil.o)
                0x480554d4                qnxThreadJoinPartition
                0x48055204                qnxLockSetSockEnvironmentVariable
                0x48055924                qnxPrintProcesses
                0x48054fb8                qnxCheckBootFromFlash
                0x48055854                qnxPrintCpuLoad
                0x48054fd4                qnxCheckHaltedModel
                0x48054ffc                qnxRestoreUnlockSockEnvironmentVariable
                0x48054fa8                qnxSetBootFromFlash
                0x48055e6c                qnxPrintSavedErrorMessages
                0x48054fe0                qnxSetStandalone
                0x480557f0                qnxAdjustThreadPriority
                0x48054fc4                qnxSetHaltedModel
                0x48055554                qnxGetSetRunInheritMask
                0x48054ff0                qnxCheckStandalone
 .text          0x48055f54      0x638 C:\Program Files (x86)\ETAS\INTECRIO5.0\Target\Etarget\ES910\libes910.a(t_targetutil.o)
                0x48055fa4                initL2CachePerfMeas
                0x480564cc                es910GetSerialNumber
                0x48055f54                GetSystemTimeLow
                0x48056474                es910GetPcbRevision
                0x480564a8                es910PiggyGetSerialNumber
                0x48056100                getL2CachePerf
                0x48056208                es910PrintFwVersions
                0x480560ac                getL2CachePerfRaw
                0x48055f64                GetSystemTime
                0x48056558                es910MapCCSRMemoryRange
                0x48055f5c                GetSystemTimeHigh
                0x48056440                es910PiggyGetPcbRevision
                0x480564f0                waitMicroseconds
 .text          0x4805658c      0x2f4 C:\Program Files (x86)\ETAS\INTECRIO5.0\Target\Etarget\ES910\libes910.a(t_watchdog.o)
                0x4805659c                wdDisableAutoService
                0x48056664                etasServiceWatchdog
                0x480565f4                wdService
                0x480566dc                wdSetEventPeriod
                0x4805658c                wdEnableAutoService
                0x480565ac                wdSetApplicationName
                0x48056634                triggerWD
                0x480565b8                wdDisconnect
 .text          0x48056880      0x848 C:\Program Files (x86)\ETAS\INTECRIO5.0\Target\Etarget\ES910\libes910.a(p_chario.o)
                0x48056e34                IOWrite
                0x48056880                IOIsLogOn
                0x4805688c                IOLogOff
                0x480568e8                IOLogOn
                0x48056bb4                IOPrintf
 .text          0x480570c8      0x31c C:\Program Files (x86)\ETAS\INTECRIO5.0\Target\Etarget\ES910\libes910.a(t_hwTimeSync.o)
                0x480570c8                es9xxTimeSyncGetTimerValue
                0x480571bc                es9xxTimeSyncGetTimerStatus
                0x48057310                es9xxTimeSyncInit
                0x4805714c                getLocalSystemTime
 .text          0x480573e4      0x224 C:\Program Files (x86)\ETAS\INTECRIO5.0\Target\Etarget\ES910\libes910.a(t_led.o)
                0x480573e4                userLed2Off
                0x4805747c                userLed2Toggle
                0x48057588                ledsOff
                0x48057550                userLed1Toggle
                0x48057504                userLed1On
                0x480574b4                userLed1Off
                0x48057430                userLed2On
 .text          0x48057608     0x2178 C:\Program Files (x86)\ETAS\INTECRIO5.0\Target\Etarget\ES910\libtarget.a(a_dacqui.o)
                0x48058c5c                asdSimPreCall
                0x48059710                asdSimPostCall
                0x48058ce0                getDacqTimeFor
                0x48059608                storeMeasureDataForGroup
                0x48058e58                applicationStartUserMode
                0x48058e30                resetLogSimulationTime
                0x480578c0                etasAscetLoggingBufferFillLevel
                0x48058da4                getLogSimulationTime
                0x480578f4                etasAscetLoggingOverflowCounter
                0x48057938                asdDisableUserDefinedTime
                0x48058dcc                getSimulationTime
                0x4805785c                setSimulationTime
                0x48057928                asdEnableUserDefinedTime
                0x48058998                checkForBufferOverflow
                0x48058df8                resetDacqTimeFor
                0x48057830                setLogSimulationTime
                0x48057828                setDacqTimeFor
                0x48057608                applicationStopUserMode
                0x48058f38                timeMeasurementStop
                0x4805788c                etasAscetLoggingBufferSize
                0x48058fe0                logDataForChannel
                0x4805942c                storeLogDataForGroup
                0x48058f8c                timeMeasurementStart
                0x48058ed8                timeInSeconds
 .text          0x48059780       0xd8 C:\Program Files (x86)\ETAS\INTECRIO5.0\Target\Etarget\ES910\libtarget.a(a_l1pro.o)
                0x48059780                forwardToProcess
                0x480597dc                startUpSimulation
 .text          0x48059858     0x4c88 C:\Program Files (x86)\ETAS\INTECRIO5.0\Target\Etarget\ES910\libtarget.a(a_primit.o)
                0x4805dfa4                v3_initInstance_uint16
                0x4805b6fc                Vec_uint32_getAtProtected
                0x4805cc20                v3_initInstance_Mat_real64
                0x4805c2c8                v3_initInstance_Mat_bool
                0x4805dc20                initInstance_GroupCharTable2
                0x4805d85c                initInstance_Vec_real32
                0x4805ae8c                Mat_sint16_setAtProtected
                0x4805ad04                Mat_uint16_setAtProtected
                0x4805c9cc                v3_initInstance_Mat_sint8
                0x4805caf4                v3_initInstance_Mat_real32
                0x4805c64c                v3_initInstance_Mat_uint16
                0x4805b570                Vec_qreal64_getAtProtected
                0x4805e470                delete_Mat
                0x4805a0e0                addVector
                0x4805cf04                v3_initInstance_Vec_bool
                0x4805c754                initInstance_Mat_uint16
                0x4805dbfc                initInstance_uint32
                0x4805e0a8                initInstance_sint16
                0x4805bf28                qreal64_set
                0x4805e264                initInstance_real32
                0x4805d5fc                initInstance_Vec_uint8
                0x4805e3b0                delete_CharTable2
                0x4805ba88                Vec_uint8_getAtProtected
                0x4805e014                initInstance_uint16
                0x480598e4                removeMatrix
                0x4805ba0c                Vec_uint8_setAtProtected
                0x4805c520                v3_initInstance_Mat_sint32
                0x4805d010                initInstance_Vec_bool
                0x4805a76c                Mat_real64_getAtProtected
                0x4805a67c                Mat_real64_setAtProtected
                0x4805c3d0                initInstance_Mat_bool
                0x4805d270                initInstance_Vec_sint32
                0x4805e0cc                v3_initInstance_uint8
                0x4805be1c                Vec_qreal64_setAtProtected
                0x48059fac                addMatrix
                0x4805c104                v3_initInstance_Mat_qreal64
                0x4805b25c                Mat_sint8_getAtProtected
                0x4805dda8                initInstance_GroupCharTable1
                0x4805af58                Mat_sint16_getAtProtected
                0x4805d034                v3_initInstance_Vec_uint32
                0x4805bb64                Vec_sint8_getAtProtected
                0x4805ac48                Mat_sint32_getAtProtected
                0x4805bbc8                qreal64_adjust
                0x4805e4a8                delete_Vec
                0x4805d3c4                v3_initInstance_Vec_sint16
                0x4805d4d0                initInstance_Vec_sint16
                0x4805b450                Vec_real64_setAtProtected
                0x4805b844                Vec_uint16_setAtProtected
                0x4805b598                Vec_real32_setAtProtected
                0x4805c9a8                initInstance_Mat_uint8
                0x4805aac0                Mat_uint32_getAtProtected
                0x48059864                getBasicType
                0x4805d74c                v3_initInstance_Vec_real32
                0x4805bcec                Mat_qreal64_setAtProtected
                0x4805b3ec                Vec_bool_getAtProtected
                0x4805e300                initInstance_real64
                0x4805cecc                initInstance_Vec_qreal64
                0x4805e3f0                delete_GroupCharTable1
                0x4805df10                v3_initInstance_sint32
                0x4805cbfc                initInstance_Mat_real32
                0x4805bae8                Vec_sint8_setAtProtected
                0x4805a938                Mat_real32_getAtProtected
                0x4805b36c                Vec_bool_setAtProtected
                0x480599d4                removeVector
                0x4805a5c0                Mat_bool_getAtProtected
                0x4805e430                delete_CharTable1
                0x4805df80                initInstance_sint32
                0x4805c3f4                v3_initInstance_Mat_uint32
                0x4805e1d0                initInstance_sint8
                0x4805dce4                initInstance_CharTable2
                0x4805dac0                initInstance_qreal64
                0x4805a9f4                Mat_uint32_setAtProtected
                0x4805add0                Mat_uint16_getAtProtected
                0x4805cd28                initInstance_Mat_real64
                0x4805e288                v3_initInstance_real64
                0x4805db8c                v3_initInstance_uint32
                0x48059870                getPrimitiveType
                0x4805a45c                Mat_setCurSizeYProtected
                0x4805d620                v3_initInstance_Vec_sint8
                0x4805e13c                initInstance_uint8
                0x4805d294                v3_initInstance_Vec_uint16
                0x48059858                getTypeSize
                0x4805c628                initInstance_Mat_sint32
                0x4805e1f4                v3_initInstance_real32
                0x4805e370                delete_GroupCharTable2
                0x4805a4f4                Mat_bool_setAtProtected
                0x4805c4fc                initInstance_Mat_uint32
                0x4805db68                initInstance_bool
                0x4805b67c                Vec_uint32_setAtProtected
                0x4805cd4c                v3_initInstance_Vec_qreal64
                0x4805c288                initInstance_Mat_qreal64
                0x4805a844                Mat_qreal64_getAtProtected
                0x4805d4f4                v3_initInstance_Vec_uint8
                0x4805b7e0                Vec_sint32_getAtProtected
                0x4805c880                initInstance_Mat_sint16
                0x4805b8c4                Vec_uint16_getAtProtected
                0x4805b318                Vec_setCurSizeProtected
                0x4805e160                v3_initInstance_sint8
                0x4805b4f0                Vec_real64_getAtProtected
                0x4805b014                Mat_uint8_setAtProtected
                0x4805d140                initInstance_Vec_uint32
                0x4805c778                v3_initInstance_Mat_sint16
                0x4805b760                Vec_sint32_setAtProtected
                0x4805e324                initInstance_reference
                0x4805b9a8                Vec_sint16_getAtProtected
                0x4805b194                Mat_sint8_setAtProtected
                0x4805a4a8                Mat_setCurSizeXProtected
                0x4805daf8                v3_initInstance_bool
                0x4805de5c                initInstance_CharTable1
                0x4805d9b0                v3_initInstance_qreal64
                0x4805c070                initInstance_quantInfo
                0x4805a86c                Mat_real32_setAtProtected
                0x4805cad0                initInstance_Mat_sint8
                0x4805d164                v3_initInstance_Vec_sint32
                0x4805b618                Vec_real32_getAtProtected
                0x4805ab7c                Mat_sint32_setAtProtected
                0x4805d728                initInstance_Vec_sint8
                0x4805b928                Vec_sint16_setAtProtected
                0x4805b0dc                Mat_uint8_getAtProtected
                0x4805e038                v3_initInstance_sint16
                0x4805c8a4                v3_initInstance_Mat_uint8
                0x4805d3a0                initInstance_Vec_uint16
                0x4805d98c                initInstance_Vec_real64
                0x4805d880                v3_initInstance_Vec_real64
 .text          0x4805e4e0       0x20 C:\Program Files (x86)\ETAS\INTECRIO5.0\Target\Etarget\ES910\libtarget.a(a_sysver.o)
                0x4805e4f4                getBuildRevision
                0x4805e4e0                getSystemLibVersion
                0x4805e4ec                getSystemLibCid
 .text          0x4805e500     0x305c C:\Program Files (x86)\ETAS\INTECRIO5.0\Target\Etarget\ES910\libtarget.a(a_targma.o)
                0x4805f400                perfMeasStop
                0x4805fdd0                asdMalloc
                0x480601c4                addToActiveSimObjList
                0x4805e680                getTargetL1BufferSizeCode
                0x48060354                asdWriteUserError
                0x4805e618                setTargetL1BufferSize
                0x48060c8c                perfMeasDisplay
                0x4805e5e4                getSimObjPtr
                0x4805f6d0                asdFree
                0x48060328                asdClearUserError
                0x4805e6d8                resetPerfMeasObj
                0x4805fba4                asdMallocNoInit
                0x48060b44                asdWriteUserDebug
                0x4805e530                searchInActiveList
                0x4805fd7c                asdCalloc
                0x4805e674                getTargetL1BufferSize
                0x4805e58c                removeFromActiveSimObjList
                0x4805f4a8                perfMeasStart
                0x4805e50c                instanceTreeMallocOn
                0x4805fcfc                createPerfMeasObj
                0x48060ed4                etasInitModelProcess
                0x4805eea4                getObjectsRecursive
                0x4805f514                availableMemory
                0x4805e51c                instanceTreeMallocOff
                0x4805f5c8                asdFreeAll
                0x48060064                updateCTBlocks
                0x4805fa2c                asdRealloc
                0x4805f9ec                deletePerfMeasObj
                0x4805e500                getInstanceTreeMemoryConsumption
 .text          0x4806155c     0x14ac C:\Program Files (x86)\ETAS\INTECRIO5.0\Target\Etarget\ES910\libtarget.a(i_cpyfnc.o)
                0x4806188c                copyPlainFromFloat
                0x480623b8                copyScalSatTypeSatFromFloat
                0x480629f0                copyInt
                0x480629fc                copyDouble
                0x480629e4                copyShort
                0x48061f20                copyScalFromValidFloat
                0x48062164                copyScalSatFromFloat
                0x48061aac                copySatFromFloat
                0x4806155c                copyPlainToFloat
                0x480617ac                copyScalSatToFloat
                0x480616f4                copyScalToFloat
                0x480629d8                copyByte
                0x4806277c                copyBoolSatFromFloat
                0x48061628                copySatToFloat
                0x48061cf0                copyScalFromFloat
 .text          0x48062a08     0x530c C:\Program Files (x86)\ETAS\INTECRIO5.0\Target\Etarget\ES910\libtarget.a(i_mapfnc.o)
                0x48062da0                var2BufByteOffsetReal64
                0x48065078                var2BufBypassSint8
                0x48063ddc                var2Buf64BitIntelSint32
                0x48062f8c                var2BufByteOffsetBool
                0x48065e5c                var2BufIndirectMotorolaReal32
                0x48062d5c                buf2VarSimpleUint8
                0x48063020                buf2VarByteOffsetSint32
                0x480661d0                buf2VarIndirectMotorolaSint32
                0x480674f8                var2BufIndirectIntelSint16
                0x48067cc0                bufGenFrameInit
                0x48065cfc                buf2VarGenFrameIntelSint32
                0x48067a14                buf2VarBypassIntelUint16
                0x480634e0                var2Buf64BitMotorolaUint16
                0x48063cc0                var2Buf64BitIntelUint32
                0x480644c4                buf2Var64BitMotorolaReal32
                0x48064e74                var2BufBypassMotorolaReal64
                0x4806358c                var2Buf64BitMotorolaSint16
                0x48062ea8                var2BufByteOffsetSint16
                0x48062d14                buf2VarSimpleSint32
                0x480651b8                buf2VarBypassMotorolaSint32
                0x48063070                buf2VarByteOffsetSint8
                0x48065f20                var2BufIndirectMotorolaUint16
                0x48065188                buf2VarBypassMotorolaUint32
                0x48064794                buf2Var64BitMotorolaUint8
                0x48067850                var2BufBypassMaskedIntelBoolUint32
                0x48066130                buf2VarIndirectMotorolaReal64
                0x48062c0c                var2BufSimpleBool
                0x48065b3c                buf2VarGenFrameMotorolaSint32
                0x480646b0                buf2Var64BitMotorolaSint32
                0x48063788                var2Buf64BitMotorolaBool
                0x48065cbc                buf2VarGenFrameIntelUint32
                0x48065a7c                var2BufGenFrameIntelBool
                0x48065a3c                var2BufGenFrameIntelSint8
                0x480657bc                var2BufGenFrameMotorolaSint16
                0x48065e3c                var2BufIndirectMotorolaReal64
                0x48062ef4                var2BufByteOffsetUint8
                0x48063120                var2Buf64BitMotorolaUint64
                0x4806577c                var2BufGenFrameMotorolaUint16
                0x48067aa4                buf2VarBypassIntelUint32
                0x48067bd8                var2BufBypassIntelSint32
                0x48062cd0                buf2VarSimpleReal64
                0x48065268                buf2VarBypassIntelReal64
                0x48063034                buf2VarByteOffsetUint16
                0x48062a84                var2BufSimpleSint32
                0x48065590                var2BufBypassMaskedUint8
                0x48065340                var2BufBypassMaskedMotorolaUint32
                0x48062f40                var2BufByteOffsetSint8
                0x48063950                var2Buf64BitIntelUint64
                0x48066164                buf2VarIndirectMotorolaReal32
                0x48065138                buf2VarBypassMotorolaReal64
                0x4806587c                var2BufGenFrameMotorolaBool
                0x48063ef8                var2Buf64BitIntelUint16
                0x48062dc4                var2BufByteOffsetUint32
                0x480673c4                buf2VarIndirectIntelUint16
                0x48063088                buf2VarByteOffsetBool
                0x48067740                var2BufBypassMaskedIntelSint16
                0x48062c74                var2BufSimpleUint8Bool
                0x48064f3c                var2BufBypassMotorolaUint16
                0x480677c8                var2BufBypassMaskedIntelUint16
                0x48062cfc                buf2VarSimpleUint32
                0x4806583c                var2BufGenFrameMotorolaSint8
                0x48063880                var2Buf64BitIntelReal32
                0x4806635c                buf2VarIndirectSint8
                0x4806450c                buf2Var64BitMotorolaUint64
                0x480656fc                var2BufGenFrameMotorolaUint32
                0x480667dc                var2BufGenFrameMotorolaReal64
                0x48067c38                var2BufBypassIntelUint32
                0x48065bfc                buf2VarGenFrameMotorolaUint8
                0x480646f8                buf2Var64BitMotorolaUint16
                0x48064de0                buf2Var64BitIntelSint8
                0x480658bc                var2BufGenFrameIntelReal32
                0x48064894                buf2Var64BitIntelReal32
                0x4806382c                var2Buf64BitIntelReal64
                0x48065464                var2BufBypassMaskedMotorolaUint16
                0x48063b08                var2Buf64BitIntelSint64
                0x4806597c                var2BufGenFrameIntelUint16
                0x480672c4                buf2VarGenFrameIntelReal64
                0x48064f88                var2BufBypassMotorolaSint16
                0x48067ae8                buf2VarBypassIntelReal32
                0x48067a60                buf2VarBypassIntelSint32
                0x48062e10                var2BufByteOffsetSint32
                0x48064a04                buf2Var64BitIntelSint64
                0x48065abc                buf2VarGenFrameMotorolaReal32
                0x48067cec                bufBypassInit
                0x48064c1c                buf2Var64BitIntelUint16
                0x48065408                var2BufBypassMaskedMotorolaBoolUint32
                0x48067630                var2BufIndirectIntelUint32
                0x48065bbc                buf2VarGenFrameMotorolaSint16
                0x48063638                var2Buf64BitMotorolaUint8
                0x48064910                buf2Var64BitIntelUint64
                0x48065d7c                buf2VarGenFrameIntelSint16
                0x4806593c                var2BufGenFrameIntelSint32
                0x48066fb4                buf2VarGenFrameMotorolaReal64
                0x48064d48                buf2Var64BitIntelUint8
                0x48065660                var2BufBypassMaskedBoolUint8
                0x48066e94                buf2VarGenFrameMotorolaUint64
                0x48066258                buf2VarIndirectMotorolaSint16
                0x48065c7c                buf2VarGenFrameIntelReal32
                0x48063398                var2Buf64BitMotorolaUint32
                0x48067698                var2BufIndirectIntelReal32
                0x48062db0                var2BufByteOffsetReal32
                0x480676c8                var2BufBypassMaskedIntelBoolUint16
                0x48065308                buf2VarBypassSint8
                0x48064260                var2Buf64BitIntelSint8
                0x4806343c                var2Buf64BitMotorolaSint32
                0x48064cb4                buf2Var64BitIntelSint16
                0x48064140                var2Buf64BitIntelUint8
                0x48066664                var2BufGenFrameMotorolaUint64
                0x48065b7c                buf2VarGenFrameMotorolaUint16
                0x480652d0                buf2VarBypassUint8
                0x480630c4                var2Buf64BitMotorolaReal32
                0x48065d3c                buf2VarGenFrameIntelUint16
                0x48062d70                buf2VarSimpleSint8
                0x48065e78                var2BufIndirectMotorolaUint32
                0x48067140                buf2VarGenFrameIntelSint64
                0x48065228                buf2VarBypassMotorolaSint16
                0x48062a34                var2BufSimpleUint32
                0x48066d70                buf2VarGenFrameMotorolaSint64
                0x4806309c                buf64BitInit
                0x480662a4                buf2VarIndirectIntelReal64
                0x480674bc                buf2VarIndirectIntelReal32
                0x48064ef0                var2BufBypassMotorolaSint32
                0x48067b78                var2BufBypassIntelUint16
                0x48065c3c                buf2VarGenFrameMotorolaSint8
                0x480664ec                var2BufGenFrameMotorolaSint64
                0x480654cc                var2BufBypassMaskedMotorolaSint16
                0x48065534                var2BufBypassMaskedMotorolaBoolUint16
                0x48066b18                var2BufGenFrameIntelUint64
                0x480657fc                var2BufGenFrameMotorolaUint8
                0x48062b74                var2BufSimpleUint8
                0x48062ff8                buf2VarByteOffsetReal32
                0x4806607c                var2BufIndirectSint8
                0x48062ce4                buf2VarSimpleReal32
                0x4806741c                buf2VarIndirectIntelSint32
                0x48067b18                var2BufBypassIntelSint16
                0x48064668                buf2Var64BitMotorolaUint32
                0x48064ea4                var2BufBypassMotorolaUint32
                0x48067948                var2BufBypassMaskedIntelUint32
                0x48065fc8                var2BufIndirectIntelReal64
                0x480655f8                var2BufBypassMaskedSint8
                0x4806300c                buf2VarByteOffsetUint32
                0x480659bc                var2BufGenFrameIntelSint16
                0x48062d88                buf2VarSimpleBool
                0x48062d2c                buf2VarSimpleUint16
                0x480647e4                buf2Var64BitMotorolaSint8
                0x480651f0                buf2VarBypassMotorolaUint16
                0x48062fe8                buf2VarByteOffsetReal64
                0x480675c8                var2BufIndirectIntelSint32
                0x48066214                buf2VarIndirectMotorolaUint16
                0x48067204                buf2VarGenFrameIntelUint64
                0x48064fd4                var2BufBypassIntelReal64
                0x48064afc                buf2Var64BitIntelUint32
                0x48064748                buf2Var64BitMotorolaSint16
                0x4806573c                var2BufGenFrameMotorolaSint32
                0x480644a0                buf2Var64BitMotorolaReal64
                0x480645b8                buf2Var64BitMotorolaSint64
                0x48063048                buf2VarByteOffsetSint16
                0x48066028                var2BufIndirectUint8
                0x48065dbc                buf2VarGenFrameIntelUint8
                0x48067560                var2BufIndirectIntelUint16
                0x48066318                buf2VarIndirectUint8
                0x480660d0                var2BufIndirectBool
                0x48067c98                var2BufBypassIntelReal32
                0x480658fc                var2BufGenFrameIntelUint32
                0x48062ad4                var2BufSimpleUint16
                0x48065ecc                var2BufIndirectMotorolaSint32
                0x48065afc                buf2VarGenFrameMotorolaUint32
                0x48062e5c                var2BufByteOffsetUint16
                0x48064830                buf2Var64BitIntelReal64
                0x48064b8c                buf2Var64BitIntelSint32
                0x480656bc                var2BufGenFrameMotorolaReal32
                0x480636e0                var2Buf64BitMotorolaSint8
                0x480663a0                formulaOutReal64
                0x48062bc0                var2BufSimpleSint8
                0x48065dfc                buf2VarGenFrameIntelSint8
                0x480663bc                formulaInReal64
                0x480630b0                var2Buf64BitMotorolaReal64
                0x48062b24                var2BufSimpleSint16
                0x480659fc                var2BufGenFrameIntelUint8
                0x48065164                buf2VarBypassMotorolaReal32
                0x48066194                buf2VarIndirectMotorolaUint32
                0x48066c14                var2BufGenFrameIntelReal64
                0x48065f74                var2BufIndirectMotorolaSint16
                0x4806401c                var2Buf64BitIntelSint16
                0x4806502c                var2BufBypassUint8
                0x48062d44                buf2VarSimpleSint16
                0x4806746c                buf2VarIndirectIntelUint32
                0x480653a4                var2BufBypassMaskedMotorolaSint32
                0x4806736c                buf2VarIndirectIntelSint16
                0x48062a08                var2BufSimpleReal64
                0x48064e90                var2BufBypassMotorolaReal32
                0x4806305c                buf2VarByteOffsetUint8
                0x48066a1c                var2BufGenFrameIntelSint64
                0x480678c8                var2BufBypassMaskedIntelSint32
                0x4806325c                var2Buf64BitMotorolaSint64
                0x480679c8                buf2VarBypassIntelSint16
                0x48062a1c                var2BufSimpleReal32
                0x480650c4                var2BufBypassBool
                0x48064380                var2Buf64BitIntelBool
 .text          0x48067d14      0xee4 C:\Program Files (x86)\ETAS\INTECRIO5.0\Target\Etarget\ES910\libtarget.a(i_osman.o)
                0x480689fc                etasRemoveStopUserModeCallback
                0x48068268                activateTaskWithId
                0x48067dd0                findCurAppModeName
                0x48067f3c                getTaskIdForTask
                0x48068040                clearMeasureGroupForTask
                0x480680d8                clearLogGroupForTask
                0x480688d8                etasInitTaskTerminationHook
                0x4806811c                isModelStarted
                0x48067d38                getEEId
                0x48067e6c                getTaskPtrForId
                0x48068bc0                etasAddInitTaskTerminationCallback
                0x48068144                updateUserModeState
                0x48068b88                etasAddStopUserModeCallback
                0x480687d4                etasStopUserModeHook
                0x48067d14                etasInitOsProcess
                0x48067f7c                findCurTaskName
                0x48068064                setMeasureGroupForTask
                0x480680fc                setLogGroupForTask
                0x48068a34                etasRemoveInitTaskTerminationCallback
 .text          0x48068bf8     0x73e0 C:\Program Files (x86)\ETAS\INTECRIO5.0\Target\Etarget\ES910\libtarget.a(i_rtioma.o)
                0x48068c34                rtioCheckStartup
                0x48068c90                registerRtioDriverLockedCallback
                0x48068c84                etasRtioInitProcess
                0x4806f980                rtioHook
                0x4806f1c8                rtioSignalDriverLock
                0x48068c8c                etasRtioExitProcess
                0x4806f094                etasRtioIntDisableProcess
                0x48068c28                rtioSetConfigState
                0x48068d10                deRegisterRtioDriverLockedCallback
                0x4806f0e8                rtioSignalDriverUnlock
                0x4806f0b4                etasRtioStartupProcess
                0x48068c1c                rtioGetConfigState
                0x48068d94                rtioGetDriverLockedState
                0x48068c78                rtioIsOsExpertModeActive
                0x48068c6c                rtioGetHwAbsenceBehavior
                0x48068bf8                rtioSetLogPort
                0x48068c88                etasRtioIntEnableProcess
                0x48068c04                rtioSetConfigId
 .text          0x4806ffd8      0x550 C:\Program Files (x86)\ETAS\INTECRIO5.0\Target\Etarget\ES910\libtarget.a(i_salone.o)
                0x480704d4                crossbarPrepareReconnection
                0x480702e4                crossbarGetNextConfigResponse
                0x48070140                playbackConfigL1Records
                0x48070480                rtioPrepareReconnection
                0x480703e8                crossbarFinishReconnection
                0x48070278                rtioGetNextConfigResponse
                0x48070350                rtioFinishReconnection
 .text          0x48070528     0x1830 C:\Program Files (x86)\ETAS\INTECRIO5.0\Target\Etarget\ES910\libtarget.a(t_croman.o)
                0x48070534                crossbarSetConfigId
                0x4807054c                crossbarGetConfigState
                0x48070528                crossbarSetLogPort
                0x48070558                crossbarSetConfigState
                0x48071cb4                crossbarHook
 .text          0x48071d58      0xcb0 C:\Program Files (x86)\ETAS\INTECRIO5.0\Target\Etarget\ES910\libtarget.a(t_crosll.o)
                0x4807202c                createCopyObjectContainer
                0x480720a8                insertObjectIntoCopyLists
                0x4807232c                commonCreateCopyAction
                0x480728ac                cromanExecuteObj
                0x48071d58                internalDeleteCopyAction
                0x480721fc                createInsertVector
 .text          0x48072a08     0x1cf0 C:\Program Files (x86)\ETAS\INTECRIO5.0\Target\Etarget\ES910\libtarget.a(t_nvram.o)
                0x48072b3c                nvramClear
                0x48072aec                nvramEnableAutoUpdate
                0x48072b74                nvramResetStatistics
                0x48072a08                nvramSetUpdateInterval
                0x48072ae0                nvramGetConsistencyLevel
                0x48073c9c                nvramUpdateMemoryBackground
                0x480740fc                nvramInit
                0x48072b30                nvramCheckRunningUpdate
                0x48073c00                nvramManualUpdateExit
                0x48073ac8                nvramManualUpdateBackground
                0x48072b20                nvramCheckForAutoUpdate
                0x48073e8c                nvramInitModelVars
                0x48072b68                nvramCheckForInitializedVars
                0x48073098                nvramGetUpdateAgeMs
                0x48073994                nvramManualUpdateBlocked
                0x48072ac0                nvramSetConsistencyLevel
                0x48072b08                nvramDisableAutoUpdate
                0x48072bd8                nvramGetStatistics
                0x48072a5c                nvramGetUpdateInterval
 .text          0x480746f8      0x6ec C:\Program Files (x86)\ETAS\INTECRIO5.0\Target\Etarget\ES910\libtarget.a(t_objlis.o)
                0x48074cec                createObjList
                0x480746f8                dumpObjList
 .text          0x48074de4      0xcd8 C:\Program Files (x86)\ETAS\INTECRIO5.0\Target\Etarget\ES910\libtarget.a(t_rtcros.o)
                0x48074ffc                getObjectFromDynamicInstanceTree
                0x48074df0                deleteInstance_container
                0x480754a0                removeObjectFromDynamicInstanceTree
                0x48074e8c                initInstance_container
                0x48075670                getValuePtr
                0x48075588                addObjectToDynamicInstanceTree
                0x4807541c                getNextFreeRefIdOfDynamicInstanceTree
                0x48074de4                rtcrosSetLogPort
                0x48074fcc                createDynamicInstanceTree
                0x480756e8                processBlockCommands
 .text          0x48075abc     0x1b38 C:\Program Files (x86)\ETAS\INTECRIO5.0\Target\Etarget\ES910\libtarget.a(t_sgman.o)
                0x480774b8                sgHook
                0x48075c1c                sgGetComVarPtr
                0x4807747c                deleteComVarCallback
                0x48075abc                sgGetCurTime
                0x48077420                sgGetObjPtr
 .text          0x480775f4     0x14d0 C:\Program Files (x86)\ETAS\INTECRIO5.0\Target\Etarget\ES910\libtarget.a(y_primit.o)
                0x48077ef8                initInstance_columnDirMatrixWrapper
                0x480789b4                initInstance_charTable1Wrapper
                0x48078450                initInstance_columnDirGroupCharTable2Wrapper
                0x4807805c                initInstance_matrixWrapper
                0x48078650                initInstance_groupCharTable1Wrapper
                0x48078310                initInstance_scalarWrapper
                0x48078550                initInstance_groupCharTable2Wrapper
                0x480781c0                initInstance_vectorWrapper
                0x48078878                initInstance_charTable2Wrapper
                0x4807873c                initInstance_columnDirCharTable2Wrapper
 .text          0x48078ac4     0x19c0 C:\Program Files (x86)\ETAS\INTECRIO5.0\Target\Etarget\ES910\libtarget.a(a1b_dacq.o)
                0x48078bb4                getA1bGroup
                0x48079e3c                instanciateA1bChannel
                0x4807934c                getA1bChannelGroupUpdateOffline
                0x4807a264                storeA1bDataForGroup
                0x48079900                destructA1bChannelGroup
                0x48079c38                instanciateA1bGroup
                0x480799d8                freeA1bMeasureBuffers
                0x4807a244                allocateA1bMeasureBuffers
                0x48078b70                addA1bChannelToA1bGroup
                0x480796e8                destructA1bChannel
                0x48078c50                removeA1bChannelFromA1bGroup
 .text          0x4807a484     0x1060 C:\Program Files (x86)\ETAS\INTECRIO5.0\Target\Etarget\ES910\libtarget.a(a_contai.o)
                0x4807ab94                dVectorRewindHeadReentrant
                0x4807aad8                dVectorRemoveObject
                0x4807ac64                dVectorCreate
                0x4807a4dc                dListGetObjectForward
                0x4807a7d8                dTableRemoveLastObject
                0x4807b210                dTableDelete
                0x4807a92c                dVectorGetObject
                0x4807a4c4                dListRewindTailReentrant
                0x4807acbc                dTableCreate
                0x4807a694                dTableGetObject
                0x4807a730                dTableIsEmpty
                0x4807a914                dTableNofObjects
                0x4807a534                dListGetObjectBackward
                0x4807b038                dTableAddObject
                0x4807b1dc                dTableDeleteStatic
                0x4807aa40                dVectorRemoveLastObject
                0x4807a9b8                dVectorRemoveFirstObject
                0x4807a750                dTableRemoveFirstObject
                0x4807a4b0                dListRewindTail
                0x4807adb8                dListAddObjectHead
                0x4807b484                dListDelete
                0x4807b254                dListRemoveObject
                0x4807a58c                dListGetObjectAtIndex
                0x4807ae9c                dVectorAddObject
                0x4807a560                dListGetObjectBackwardReentrant
                0x4807a660                dTableCreateStatic
                0x4807a508                dListGetObjectForwardReentrant
                0x4807a958                dVectorRemoveObjectAtIndex
                0x4807ab9c                dVectorGetObjectForwardReentrant
                0x4807abf0                dVectorGetIndexOfLastEntry
                0x4807b354                dListRemoveObjectTail
                0x4807ad14                dListAddObjectTail
                0x4807a6cc                dTableRemoveObject
                0x4807aff4                dVectorDelete
                0x4807b3ec                dListRemoveObjectHead
                0x4807ab74                dVectorIsEmpty
                0x4807a61c                dListIsEmpty
                0x4807ae60                dListCreate
                0x4807a870                dTableTestFunc
                0x4807abd8                dVectorNofObjects
                0x4807a484                dListRewindHead
                0x4807a648                dListNofObjects
                0x4807a498                dListRewindHeadReentrant
 .text          0x4807b4e4      0x498 C:\Program Files (x86)\ETAS\INTECRIO5.0\Target\Etarget\ES910\libtarget.a(i_transf.o)
                0x4807b780                transferToMatrix
                0x4807b580                transferToVector
                0x4807b4e4                transferFromVector
                0x4807b61c                transferFromMatrix
                0x4807b8e4                transferDirect
 .text          0x4807b97c     0x2378 C:\Program Files (x86)\ETAS\INTECRIO5.0\Target\Etarget\ES910\libtarget.a(t_sglow.o)
                0x4807c8d8                freeDataSignal
                0x4807cd08                makeDataSignal
                0x4807c4ec                computeTimeSliceTimes
                0x4807c1b4                setSinewaveSignal
                0x4807bba8                getIntervalNr
                0x4807c7ec                deleteTimeSlice
                0x4807da58                freeChannel
                0x4807cd40                makeLinearSignal
                0x4807db4c                freeStimuliSet
                0x4807c30c                setIntervalPulseSignal
                0x4807c93c                freeInterval
                0x4807c2c0                setPulseSignal
                0x4807c498                setTimeSlice
                0x4807bae0                insertTimeSlice
                0x4807cb9c                makeSinewaveSignal
                0x4807d0d8                makeIntervalDataSignal
                0x4807bf64                binsearch
                0x4807c878                freeRandomSignal
                0x4807bea0                getLinearSignalY
                0x4807ba94                getTimeSliceNr
                0x4807c5d0                getTimeSliceT
                0x4807d2ac                getRandomSignalY
                0x4807c898                freePulseSignal
                0x4807c3cc                setRandomSignal
                0x4807d7a8                getChannelY
                0x4807ccb8                setIntervalDataSignal
                0x4807d4cc                getSinewaveSignalY
                0x4807dc60                makeStimuliSet
                0x4807bcc8                computeIntervalTimes
                0x4807be08                setIntervalLinearSignal
                0x4807ca50                makeTimeSlice
                0x4807cd64                makeIntervalRandomSignal
                0x4807b9c8                insertChannel
                0x4807bbf4                insertInterval
                0x4807c400                setIntervalRandomSignal
                0x4807bd1c                computeChannelTimes
                0x4807ce80                makeIntervalPulseSignal
                0x4807bdd4                setLinearSignal
                0x4807c554                computeStimuliSetTimes
                0x4807cb1c                makeFunctionSignal
                0x4807b97c                getChannelNr
                0x4807d9e4                resetStimuliSet
                0x4807c9cc                deleteInterval
                0x4807c684                getT
                0x4807dbd8                makeChannel
                0x4807cb54                makeRandomSignal
                0x4807bcbc                resetInterval
                0x4807d5f8                getIntervalY
                0x4807d374                getPulseSignalY
                0x4807c200                setIntervalSinewaveSignal
                0x4807cb78                makePulseSignal
                0x4807c7cc                freeTimeSlice
                0x4807c4d8                resetTimeSlice
                0x4807c008                getDataSignalY
                0x4807c8b8                freeSinewaveSignal
                0x4807c91c                freeLinearSignal
                0x4807dac8                deleteChannel
                0x4807d194                makeIntervalLinearSignal
                0x4807cbc0                setDataSignal
                0x4807d914                resetChannel0
                0x4807cfac                makeIntervalSinewaveSignal
 .text          0x4807dcf4        0x0 C:\Program Files (x86)\ETAS\INTECRIO5.0\Target\Etarget\rtio\global\es910\librtio_gnu.a(comm_err.o)
 .text          0x4807dcf4       0xa0 C:\Program Files (x86)\ETAS\INTECRIO5.0\Target\Etarget\rtio\global\es910\librtio_gnu.a(p_rtio.o)
                0x4807dcf4                rtioSignalHwAccessEnd
                0x4807dd4c                rtioSignalHwAccessBegin
 .text          0x4807dd94      0xd38 C:\Program Files (x86)\ETAS\INTECRIO5.0\Target\Etarget\rtio\global\es910\librtio_gnu.a(p_rtio_s.o)
                0x4807ea88                setupRTIO
                0x4807e478                es910IsEtherCATEnabled
                0x4807dda0                getMasterId
                0x4807dfb8                rtioHwDetect
                0x4807e584                rtioTestBoardPresence
                0x4807de90                printDetectedHardware
                0x4807ddbc                rtioGetNextDetectedHwTableEntry
                0x4807dd94                es910RtioGetFpgaRegsGlobal
                0x4807ea00                es910RtioMapFpgaRegsGlobal
                0x4807e95c                es910RtioUnmapFpgaRegsGlobal
                0x4807dda8                rtioRewindDetectedHwTable
                0x4807e510                es910RtioIntDisable
 .text          0x4807eacc      0xe18 C:\Program Files (x86)\ETAS\INTECRIO5.0\Target\Etarget\rtio\global\es910\librtio_gnu.a(rtio_err.o)
                0x4807eca8                clearErrMsgList
                0x4807ec04                deactivateRtioMsgLists
                0x4807eb70                installEtasPseudoGeoAdrBoardNames
                0x4807eb4c                installCommErrMessages
                0x4807eb7c                installUserBoardNames
                0x4807eacc                initMessageTables
                0x4807ec3c                getNextErrMsg
                0x4807ee00                rtioGetBoardName
                0x4807eb64                installEtasAutoIdBoardNames
                0x4807f58c                rtioErr
                0x4807eb2c                mapErrorCode
                0x4807eb88                installEtasVirtualBoardNames
                0x4807eb94                installMessages
                0x4807ee94                rtio_err_v3
                0x4807ec18                rewindErrMsgList
                0x4807ed30                clearCurErrMsg
                0x4807ebf4                activateRtioMsgLists
                0x4807f308                rtioErrV2
                0x4807eb58                installEtasBoardNames
 .text          0x4807f8e4      0x638 C:\Program Files (x86)\ETAS\INTECRIO5.0\Target\Etarget\rtio\global\es910\librtio_gnu.a(fhc_emu.o)
                0x4807f8e4                fhc_get_module_name_port_name
                0x4807fb9c                fhc_check_port_presence_rp
 .text          0x4807ff1c      0x798 C:\Program Files (x86)\ETAS\INTECRIO5.0\Target\Etarget\ES910\rta_osek\librtk_s.a(ostarget.o)
                0x4807ff1c                os_get_sw_int_info
                0x48080238                os_pre_start
                0x480800f0                os_detach_interrupts
                0x4807ffa4                os_generate_sw_int
 .text          0x480806b4       0x30 C:\Program Files (x86)\ETAS\INTECRIO5.0\Target\Etarget\ES910\rta_osek\librtk_s.a(osfptgt.o)
                0x480806b4                os_fp_save
                0x480806e0                os_fp_restore_from
                0x480806c8                os_fp_restore
                0x480806dc                os_fp_save_to
 .text          0x480806e4       0x94 C:\Program Files (x86)\ETAS\INTECRIO5.0\Target\Etarget\ES910\rta_osek\librtk_s.a(osiwrap1.o)
                0x480806e4                os_cat1_wrapper
 .text          0x48080778      0x288 C:\Program Files (x86)\ETAS\INTECRIO5.0\Target\Etarget\ES910\rta_osek\librtk_s.a(osxdspnf.o)
                0x48080778                osek_dispatchN2F
 .text          0x48080a00      0x10c C:\Program Files (x86)\ETAS\INTECRIO5.0\Target\Etarget\ES910\rta_osek\librtk_s.a(osysd1hf.o)
                0x48080a00                os_fdispH1
 .text          0x48080b0c      0x2d4 C:\Program Files (x86)\ETAS\INTECRIO5.0\Target\Etarget\ES910\rta_osek\librtk_s.a(osysdfhf.o)
                0x48080b0c                os_fdispH2F
 .text          0x48080de0      0x2cc C:\Program Files (x86)\ETAS\INTECRIO5.0\Target\Etarget\ES910\rta_osek\librtk_s.a(osysdfhi.o)
                0x48080de0                os_idispH2F