Archive member included because of file (symbol)

Car_State1/Car_State1.a(Car_State.o)
                              Car_State0/Car_State_instances.o (Car_State_U)
Disconnections1/Disconnections1.a(Disconnections.o)
                              Disconnections0/Disconnections_instances.o (Disconnections_DW)
Ellipse1/Ellipse1.a(Ellipse.o)
                              Ellipse0/Ellipse_instances.o (Ellipse_Y)
Inverters_Action1/Inverters_Action1.a(Inverters_Action.o)
                              Inverters_Action0/Inverters_Action_instances.o (Inverters_Action_U)
Inverters_Action1/Inverters_Action1.a(Inverters_Action_data.o)
                              Inverters_Action0/Inverters_Action_instances.o (Inverters_Action_ConstB)
Inverters_Data1/Inverters_Data1.a(Inverters_Data.o)
                              Inverters_Data0/Inverters_Data_instances.o (Inverters_Data_U)
Sensors1/Sensors1.a(Sensors.o)
                              Sensors0/Sensors_instances.o (Sensors_Y)
Sensors1/Sensors1.a(Sensors_data.o)
                              Sensors0/Sensors_instances.o (Sensors_ConstB)
Synchronism1/Synchronism1.a(Synchronism.o)
                              Synchronism0/Synchronism_instances.o (Synchronism_DW)
VDCv2mk21/VDCv2mk21.a(VDCv2mk2.o)
                              VDCv2mk20/VDCv2mk2_instances.o (VDCv2mk2_DW)
matlabsharedR2023b/matlabsharedR2023b.a(rt_nonfinite.o)
                              Inverters_Action1/Inverters_Action1.a(Inverters_Action.o) (rtIsInf)
matlabsharedR2023b/matlabsharedR2023b.a(rt_powd_snf.o)
                              Inverters_Data1/Inverters_Data1.a(Inverters_Data.o) (rt_powd_snf)
matlabsharedR2023b/matlabsharedR2023b.a(const_params.o)
                              VDCv2mk21/VDCv2mk21.a(VDCv2mk2.o) (rtCP_pooled_OiY3MRzyvx26)
matlabsharedR2023b/matlabsharedR2023b.a(look1_binlxpw.o)
                              VDCv2mk21/VDCv2mk21.a(VDCv2mk2.o) (look1_binlxpw)
matlabsharedR2023b/matlabsharedR2023b.a(rtgetinf.o)
                              matlabsharedR2023b/matlabsharedR2023b.a(rt_nonfinite.o) (rtGetInf)
matlabsharedR2023b/matlabsharedR2023b.a(rtgetnan.o)
                              matlabsharedR2023b/matlabsharedR2023b.a(rt_nonfinite.o) (rtGetNaN)
OSC/TaskISRArchive.a(etasConfigTask.o)
                              OSC/osekdefs.o (osek_task_e_etasConfigTask)
OSC/TaskISRArchive.a(Sync_25ms.o)
                              OSC/osekdefs.o (osek_task_e_Sync_25ms)
OSC/TaskISRArchive.a(Timer_1000ms.o)
                              OSC/osekdefs.o (osek_task_e_Timer_1000ms)
OSC/TaskISRArchive.a(Timer_100ms.o)
                              OSC/osekdefs.o (osek_task_e_Timer_100ms)
OSC/TaskISRArchive.a(Timer_25ms.o)
                              OSC/osekdefs.o (osek_task_e_Timer_25ms)
OSC/TaskISRArchive.a(Timer_Inv.o)
                              OSC/osekdefs.o (osek_task_e_Timer_Inv)
OSC/TaskISRArchive.a(SWT_CAN1_AP_BMS_SDC.o)
                              OSC/osekdefs.o (osek_task_e_SWT_CAN1_AP_BMS_SDC)
OSC/TaskISRArchive.a(SWT_CAN1_AP_CurrentSensor.o)
                              OSC/osekdefs.o (osek_task_e_SWT_CAN1_AP_CurrentSensor)
OSC/TaskISRArchive.a(SWT_CAN1_AP_BMS_Voltages.o)
                              OSC/osekdefs.o (osek_task_e_SWT_CAN1_AP_BMS_Voltages)
OSC/TaskISRArchive.a(SWT_CAN1_AP_BMS_ChargerParameters.o)
                              OSC/osekdefs.o (osek_task_e_SWT_CAN1_AP_BMS_ChargerParameters)
OSC/TaskISRArchive.a(SWT_CAN1_AP_BMS_Temperatures.o)
                              OSC/osekdefs.o (osek_task_e_SWT_CAN1_AP_BMS_Temperatures)
OSC/TaskISRArchive.a(SWT_CAN1_AP_Inverter_R_Tx.o)
                              OSC/osekdefs.o (osek_task_e_SWT_CAN1_AP_Inverter_R_Tx)
OSC/TaskISRArchive.a(SWT_CAN1_AP_Inverter_L_Tx.o)
                              OSC/osekdefs.o (osek_task_e_SWT_CAN1_AP_Inverter_L_Tx)
OSC/TaskISRArchive.a(SWT_CAN1_AP_DASH_Mode.o)
                              OSC/osekdefs.o (osek_task_e_SWT_CAN1_AP_DASH_Mode)
OSC/TaskISRArchive.a(SWT_CAN1_NM_BMS_Keep_Alive.o)
                              OSC/osekdefs.o (osek_task_e_SWT_CAN1_NM_BMS_Keep_Alive)
OSC/TaskISRArchive.a(SWT_CAN1_AP_BMS_AIRs_State.o)
                              OSC/osekdefs.o (osek_task_e_SWT_CAN1_AP_BMS_AIRs_State)
OSC/TaskISRArchive.a(SWT_CAN1_NM_DASH_Keep_Alive.o)
                              OSC/osekdefs.o (osek_task_e_SWT_CAN1_NM_DASH_Keep_Alive)
OSC/TaskISRArchive.a(SWT_CAN1_AP_DASH_PrechargeRequest.o)
                              OSC/osekdefs.o (osek_task_e_SWT_CAN1_AP_DASH_PrechargeRequest)
OSC/TaskISRArchive.a(SWT_CAN1_AP_DASH_EnableDrive.o)
                              OSC/osekdefs.o (osek_task_e_SWT_CAN1_AP_DASH_EnableDrive)
OSC/TaskISRArchive.a(SWT_CAN2_MEAS_RECU_SDC.o)
                              OSC/osekdefs.o (osek_task_e_SWT_CAN2_MEAS_RECU_SDC)
OSC/TaskISRArchive.a(SWT_CAN2_MEAS_FECU_SDC.o)
                              OSC/osekdefs.o (osek_task_e_SWT_CAN2_MEAS_FECU_SDC)
OSC/TaskISRArchive.a(SWT_CAN2_AP_ELLIPSE_EKF_POS.o)
[...]
Memory Configuration

Name             Origin             Length             Attributes
*default*        0x00000000         0xffffffff

Linker script and memory map

LOAD C:/ETAS/Compiler/INTECRIO5.0/QNXCompiler-V6.5\target\qnx6/ppcbe-spe/lib/crt1.o
LOAD C:/ETAS/Compiler/INTECRIO5.0/QNXCompiler-V6.5\target\qnx6/ppcbe-spe/lib/crti.o
LOAD C:/ETAS/Compiler/INTECRIO5.0/QNXCompiler-V6.5\host\win32\x86/usr/lib/gcc/powerpc-unknown-nto-qnx6.5.0/4.4.2/spe/crtbegin.o
LOAD C:\ETAS\Compiler\INTECRIO5.0\QNXCompiler-V6.5\target\qnx6\ppcbe-spe\lib\gcc\4.4.2/libcpp.so
                0x00000000                PROVIDE (__stack, 0x0)
                0x00000000                PROVIDE (___stack, 0x0)
                0x48040000                PROVIDE (__executable_start, 0x48040000)
                0x480400f4                . = (0x48040000 + SIZEOF_HEADERS)

.interp         0x480400f4       0x14
 *(.interp)
 .interp        0x480400f4       0x14 C:/ETAS/Compiler/INTECRIO5.0/QNXCompiler-V6.5\target\qnx6/ppcbe-spe/lib/crt1.o

.note           0x48040110       0x18
 .note          0x48040110       0x18 C:/ETAS/Compiler/INTECRIO5.0/QNXCompiler-V6.5\target\qnx6/ppcbe-spe/lib/crtn.o

.note.gnu.build-id
 *(.note.gnu.build-id)

.hash           0x48040128      0x6a4
 *(.hash)
 .hash          0x48040128      0x6a4 C:/ETAS/Compiler/INTECRIO5.0/QNXCompiler-V6.5\target\qnx6/ppcbe-spe/lib/crt1.o

.gnu.hash
 *(.gnu.hash)

.dynsym         0x480407cc      0xe20
 *(.dynsym)
 .dynsym        0x480407cc      0xe20 C:/ETAS/Compiler/INTECRIO5.0/QNXCompiler-V6.5\target\qnx6/ppcbe-spe/lib/crt1.o

.dynstr         0x480415ec      0xbce
 *(.dynstr)
 .dynstr        0x480415ec      0xbce C:/ETAS/Compiler/INTECRIO5.0/QNXCompiler-V6.5\target\qnx6/ppcbe-spe/lib/crt1.o

.gnu.version    0x480421ba      0x1c4
 *(.gnu.version)
 .gnu.version   0x480421ba      0x1c4 C:/ETAS/Compiler/INTECRIO5.0/QNXCompiler-V6.5\target\qnx6/ppcbe-spe/lib/crt1.o

.gnu.version_d  0x48042380        0x0 load address 0x4804237e
 *(.gnu.version_d)
 .gnu.version_d
                0x00000000        0x0 C:/ETAS/Compiler/INTECRIO5.0/QNXCompiler-V6.5\target\qnx6/ppcbe-spe/lib/crt1.o

.gnu.version_r  0x48042380       0x20
 *(.gnu.version_r)
 .gnu.version_r
                0x48042380       0x20 C:/ETAS/Compiler/INTECRIO5.0/QNXCompiler-V6.5\target\qnx6/ppcbe-spe/lib/crt1.o

.rel.dyn
 *(.rel.init)
 *(.rel.text .rel.text.* .rel.gnu.linkonce.t.*)
 *(.rel.fini)
 *(.rel.rodata .rel.rodata.* .rel.gnu.linkonce.r.*)
 *(.rel.data.rel.ro* .rel.gnu.linkonce.d.rel.ro.*)
 *(.rel.data .rel.data.* .rel.gnu.linkonce.d.*)
 *(.rel.tdata .rel.tdata.* .rel.gnu.linkonce.td.*)
 *(.rel.tbss .rel.tbss.* .rel.gnu.linkonce.tb.*)
 *(.rel.ctors)
 *(.rel.dtors)
 *(.rel.got)
 *(.rel.sdata .rel.sdata.* .rel.gnu.linkonce.s.*)
 *(.rel.sbss .rel.sbss.* .rel.gnu.linkonce.sb.*)
 *(.rel.sdata2 .rel.sdata2.* .rel.gnu.linkonce.s2.*)
 *(.rel.sbss2 .rel.sbss2.* .rel.gnu.linkonce.sb2.*)
 *(.rel.bss .rel.bss.* .rel.gnu.linkonce.b.*)

.rela.dyn       0x480423a0       0x90
 *(.rela.init)
 *(.rela.text .rela.text.* .rela.gnu.linkonce.t.*)
 .rela.text     0x00000000        0x0 C:/ETAS/Compiler/INTECRIO5.0/QNXCompiler-V6.5\target\qnx6/ppcbe-spe/lib/crt1.o
 *(.rela.fini)
 *(.rela.rodata .rela.rodata.* .rela.gnu.linkonce.r.*)
 .rela.rodata   0x00000000        0x0 C:/ETAS/Compiler/INTECRIO5.0/QNXCompiler-V6.5\target\qnx6/ppcbe-spe/lib/crt1.o
 *(.rela.data .rela.data.* .rela.gnu.linkonce.d.*)
 .rela.data     0x00000000        0x0 C:/ETAS/Compiler/INTECRIO5.0/QNXCompiler-V6.5\target\qnx6/ppcbe-spe/lib/crt1.o
 *(.rela.tdata .rela.tdata.* .rela.gnu.linkonce.td.*)
 *(.rela.tbss .rela.tbss.* .rela.gnu.linkonce.tb.*)
 *(.rela.ctors)
 *(.rela.dtors)
 *(.rela.got)
 .rela.got      0x480423a0       0x30 C:/ETAS/Compiler/INTECRIO5.0/QNXCompiler-V6.5\target\qnx6/ppcbe-spe/lib/crt1.o
 *(.rela.got1)
 *(.rela.got2)
 *(.rela.sdata .rela.sdata.* .rela.gnu.linkonce.s.*)
 *(.rela.sbss .rela.sbss.* .rela.gnu.linkonce.sb.*)
 .rela.sbss     0x00000000        0x0 C:/ETAS/Compiler/INTECRIO5.0/QNXCompiler-V6.5\target\qnx6/ppcbe-spe/lib/crt1.o
 *(.rela.sdata2 .rela.sdata2.* .rela.gnu.linkonce.s2.*)
 *(.rela.sbss2 .rela.sbss2.* .rela.gnu.linkonce.sb2.*)
 *(.rela.bss .rela.bss.* .rela.gnu.linkonce.b.*)
 .rela.bss      0x480423d0       0x60 C:/ETAS/Compiler/INTECRIO5.0/QNXCompiler-V6.5\target\qnx6/ppcbe-spe/lib/crt1.o
 .rela.os_pid   0x00000000        0x0 C:/ETAS/Compiler/INTECRIO5.0/QNXCompiler-V6.5\target\qnx6/ppcbe-spe/lib/crt1.o
 .rela.os_intvec
                0x00000000        0x0 C:/ETAS/Compiler/INTECRIO5.0/QNXCompiler-V6.5\target\qnx6/ppcbe-spe/lib/crt1.o

.rel.plt
 *(.rel.plt)

.rela.plt       0x48042430      0x93c
 *(.rela.plt)
 .rela.plt      0x48042430      0x93c C:/ETAS/Compiler/INTECRIO5.0/QNXCompiler-V6.5\target\qnx6/ppcbe-spe/lib/crt1.o

.init           0x48042d6c       0x24
 *(.init)
 .init          0x48042d6c        0xc C:/ETAS/Compiler/INTECRIO5.0/QNXCompiler-V6.5\target\qnx6/ppcbe-spe/lib/crti.o
                0x48042d6c                _init
 .init          0x48042d78        0x4 C:/ETAS/Compiler/INTECRIO5.0/QNXCompiler-V6.5\host\win32\x86/usr/lib/gcc/powerpc-unknown-nto-qnx6.5.0/4.4.2/spe/crtbegin.o
 .init          0x48042d7c        0x4 C:/ETAS/Compiler/INTECRIO5.0/QNXCompiler-V6.5\host\win32\x86/usr/lib/gcc/powerpc-unknown-nto-qnx6.5.0/4.4.2/spe/crtend.o
 .init          0x48042d80       0x10 C:/ETAS/Compiler/INTECRIO5.0/QNXCompiler-V6.5\target\qnx6/ppcbe-spe/lib/crtn.o

.text           0x48042d90    0x47680
                0x48042d90                _btext = .
 *(.text .stub .text.* .gnu.linkonce.t.*)
 .text          0x48042d90      0x118 C:/ETAS/Compiler/INTECRIO5.0/QNXCompiler-V6.5\target\qnx6/ppcbe-spe/lib/crt1.o
                0x48042d90                _start
 .text          0x48042ea8        0x0 C:/ETAS/Compiler/INTECRIO5.0/QNXCompiler-V6.5\target\qnx6/ppcbe-spe/lib/crti.o
 .text          0x48042ea8      0x1b8 C:/ETAS/Compiler/INTECRIO5.0/QNXCompiler-V6.5\host\win32\x86/usr/lib/gcc/powerpc-unknown-nto-qnx6.5.0/4.4.2/spe/crtbegin.o
 .text          0x48043060      0x234 ROOT_instances.o
                0x48043200                initializeYukonModel
                0x480430b0                getSystemTimeS
                0x48043078                getModelIdentificationString
                0x4804308c                getDeltaT
                0x48043060                getIntecrioVersionNumber
                0x48043190                os_setDeltaT
                0x48043084                getBuildEnvironment
                0x4804306c                getBuildEnvironmentVersion
 .text          0x48043294        0x0 _INT_pid.pi.o
 .text          0x48043294       0x24 userFuncProcessCanPayload.o
                0x480432a8                userCanInitHook
                0x480432b4                userCanTxHookV3
                0x480432ac                userCanExitHook
                0x48043294                userCanHookGetVersionAndCid
                0x480432b0                userCanRxHookV3
 .text          0x480432b8       0x24 userFuncProcessFlexRayPayload.o
                0x480432d8                userFlexRayPDURxHook
                0x480432d4                userFlexRayPDUTxHook
                0x480432b8                userFlexRayHookGetVersionAndCid
                0x480432cc                userFlexRayInitHook
                0x480432d0                userFlexRayExitHook
 .text          0x480432dc       0x60 OSC/i_rtawrapper.o
                0x4804331c                rtaActivateTask
                0x480432fc                rtaSchedule
                0x480432dc                rtaShutdownOS
 .text          0x4804333c      0x2c4 Car_State0/Car_State_instances.o
                0x480433e4                initClass_RTWTop_Car_State
                0x4804339c                initInstance_RTWTop_Car_State
                0x4804333c                setDeltaT_Car_State
                0x480435d4                initModel_RTWTop_Car_State
 .text          0x48043600      0xc10 Car_State1/Car_State1.a(Car_State.o)
                0x4804400c                MdlInitialize_Car_State
                0x48043614                Car_State_FALSE
                0x48043628                MdlOutputs_Car_State
                0x48043f8c                MdlUpdate_Car_State
                0x48043600                Car_State_TRUE
                0x48044010                MdlStart_Car_State
                0x48044004                MdlInitializeSizes_Car_State
                0x48044008                MdlInitializeSampleTimes_Car_State
                0x4804405c                Car_State
                0x48044058                MdlTerminate_Car_State
 .text          0x48044210      0x4d8 Disconnections0/Disconnections_instances.o
                0x48044270                initInstance_RTWTop_Disconnections
                0x480446bc                initModel_RTWTop_Disconnections
                0x48044210                setDeltaT_Disconnections
                0x480442b8                initClass_RTWTop_Disconnections
 .text          0x480446e8      0x998 Disconnections1/Disconnections1.a(Disconnections.o)
                0x48044eb4                MdlTerminate_Disconnections
                0x48044728                Disconnections_Error_Counter
                0x48044eb8                Disconnections
                0x48044e48                MdlInitializeSampleTimes_Disconnections
                0x48044e50                MdlStart_Disconnections
                0x480446e8                Disconnections_Reset_counter
                0x48044e44                MdlInitializeSizes_Disconnections
                0x48044758                MdlOutputs_Disconnections
                0x48044e4c                MdlInitialize_Disconnections
                0x480446fc                Disconnections_CAN_OK
                0x48044dcc                MdlUpdate_Disconnections
                0x48044744                Disconnections_Signal_OK
 .text          0x48045080      0x1e4 Ellipse0/Ellipse_instances.o
                0x48045128                initClass_RTWTop_Ellipse
                0x48045080                setDeltaT_Ellipse
                0x480450e0                initInstance_RTWTop_Ellipse
                0x48045238                initModel_RTWTop_Ellipse
 .text          0x48045264      0x250 Ellipse1/Ellipse1.a(Ellipse.o)
                0x48045264                MdlOutputs_Ellipse
                0x48045320                MdlInitialize_Ellipse
                0x48045318                MdlInitializeSizes_Ellipse
                0x480452a0                MdlUpdate_Ellipse
                0x48045328                MdlTerminate_Ellipse
                0x48045324                MdlStart_Ellipse
                0x4804531c                MdlInitializeSampleTimes_Ellipse
                0x4804532c                Ellipse
 .text          0x480454b4      0x3a0 Inverters_Action0/Inverters_Action_instances.o
                0x48045828                initModel_RTWTop_Inverters_Action
                0x480454b4                setDeltaT_Inverters_Action
                0x4804555c                initClass_RTWTop_Inverters_Action
                0x48045514                initInstance_RTWTop_Inverters_Action
 .text          0x48045854      0xcac Inverters_Action1/Inverters_Action1.a(Inverters_Action.o)
                0x480459ac                MdlInitializeSizes_Inverters_Action
                0x480459b4                MdlInitialize_Inverters_Action
                0x48045a04                Inverters_Action
                0x480459b8                MdlStart_Inverters_Action
                0x48045854                Inverters_Actio_EnumerationDone
                0x480458c0                Inverters_Acti_ActionnotDefined
                0x480458e8                Inverters_Action_TorqueCommand0
                0x48045918                MdlUpdate_Inverters_Action
                0x48045868                Inverte_DisableDriveEnableDrive
                0x48045904                Inverters_Acti_ResetEnumeration
                0x48045a00                MdlTerminate_Inverters_Action
                0x480459b0                MdlInitializeSampleTimes_Inverters_Action
                0x480458d8                Inverters_Action_bypass
                0x48045f08                MdlOutputs_Inverters_Action
                0x48045db0                Inverters_Action_TorqueCommand
                0x48045be0                Inverters_Ac_RegisterEnumerator
 .text          0x48046500        0x0 Inverters_Action1/Inverters_Action1.a(Inverters_Action_data.o)
 .text          0x48046500      0x284 Inverters_Data0/Inverters_Data_instances.o
                0x480465a8                initClass_RTWTop_Inverters_Data
                0x48046560                initInstance_RTWTop_Inverters_Data
                0x48046500                setDeltaT_Inverters_Data
                0x48046758                initModel_RTWTop_Inverters_Data
 .text          0x48046784      0x4a0 Inverters_Data1/Inverters_Data1.a(Inverters_Data.o)
                0x48046784                MdlUpdate_Inverters_Data
                0x48046804                MdlInitialize_Inverters_Data
                0x4804680c                MdlTerminate_Inverters_Data
                0x480469ac                MdlOutputs_Inverters_Data
                0x48046810                Inverters_Data
                0x48046808                MdlStart_Inverters_Data
                0x48046800                MdlInitializeSampleTimes_Inverters_Data
                0x480467fc                MdlInitializeSizes_Inverters_Data
 .text          0x48046c24      0x330 Sensors0/Sensors_instances.o
                0x48046c84                initInstance_RTWTop_Sensors
                0x48046f28                initModel_RTWTop_Sensors
                0x48046c24                setDeltaT_Sensors
                0x48046ccc                initClass_RTWTop_Sensors
 .text          0x48046f54      0x3b4 Sensors1/Sensors1.a(Sensors.o)
                0x48047124                MdlInitializeSampleTimes_Sensors
                0x4804714c                MdlTerminate_Sensors
                0x48046f54                MdlOutputs_Sensors
                0x480470a8                MdlUpdate_Sensors
                0x48047120                MdlInitializeSizes_Sensors
                0x48047128                MdlInitialize_Sensors
                0x4804712c                MdlStart_Sensors
                0x48047150                Sensors
 .text          0x48047308        0x0 Sensors1/Sensors1.a(Sensors_data.o)
 .text          0x48047308      0x14c Synchronism0/Synchronism_instances.o
                0x480473b0                initClass_RTWTop_Synchronism
                0x48047368                initInstance_RTWTop_Synchronism
                0x48047428                initModel_RTWTop_Synchronism
                0x48047308                setDeltaT_Synchronism
 .text          0x48047454      0x268 Synchronism1/Synchronism1.a(Synchronism.o)
                0x48047528                MdlInitializeSizes_Synchronism
                0x48047530                MdlInitialize_Synchronism
                0x48047534                MdlStart_Synchronism
                0x48047550                MdlTerminate_Synchronism
                0x48047554                Synchronism
                0x48047454                MdlOutputs_Synchronism
                0x480474b0                MdlUpdate_Synchronism
                0x4804752c                MdlInitializeSampleTimes_Synchronism
 .text          0x480476bc      0x5f4 VDCv2mk20/VDCv2mk2_instances.o
                0x480476bc                setDeltaT_VDCv2mk2
                0x4804771c                initInstance_RTWTop_VDCv2mk2
                0x48047764                initClass_RTWTop_VDCv2mk2
                0x48047c84                initModel_RTWTop_VDCv2mk2
 .text          0x48047cb0     0x16cc VDCv2mk21/VDCv2mk21.a(VDCv2mk2.o)
                0x48047cb0                VDCv2mk2_LimitReached
                0x48047ee8                VDCv2mk2
                0x48047e34                MdlStart_VDCv2mk2
                0x48047e30                MdlInitialize_VDCv2mk2
                0x48047cc4                VDCv2m_RigidAxlewithTC2024_Init
                0x48047ee4                MdlTerminate_VDCv2mk2
                0x48047d08                VDCv2_Torquedemandedbythedriver
                0x48047d9c                VDCv2mk2_RIGIDAXLEWITHTC_Init
                0x48047cd8                VDCv2mk2_RIGIDAXLE
                0x48048228                VDCv2mk2_RigidAxlewithTC2024
                0x48047e2c                MdlInitializeSampleTimes_VDCv2mk2
                0x48047e28                MdlInitializeSizes_VDCv2mk2
                0x480480bc                VDCv2mk2_RIGIDAXLEWITHTC
                0x48048434                MdlOutputs_VDCv2mk2
                0x48047db0                MdlUpdate_VDCv2mk2
 .text          0x4804937c      0x19c matlabsharedR2023b/matlabsharedR2023b.a(rt_nonfinite.o)
                0x48049484                rt_InitInfAndNaN
                0x48049408                rtIsNaN
                0x4804945c                rtIsNaNF
                0x480493c8                rtIsInfF
                0x4804937c                rtIsInf
 .text          0x48049518      0x2f4 matlabsharedR2023b/matlabsharedR2023b.a(rt_powd_snf.o)
                0x48049518                rt_powd_snf
 .text          0x4804980c        0x0 matlabsharedR2023b/matlabsharedR2023b.a(const_params.o)
 .text          0x4804980c      0x114 matlabsharedR2023b/matlabsharedR2023b.a(look1_binlxpw.o)
                0x4804980c                look1_binlxpw
 .text          0x48049920       0xd0 matlabsharedR2023b/matlabsharedR2023b.a(rtgetinf.o)
                0x48049920                rtGetInf
                0x48049988                rtGetMinusInf
                0x480499e4                rtGetMinusInfF
                0x4804997c                rtGetInfF
 .text          0x480499f0       0x84 matlabsharedR2023b/matlabsharedR2023b.a(rtgetnan.o)
                0x48049a50                rtGetNaNF
                0x480499f0                rtGetNaN
 .text          0x48049a74      0x424 OSC/osekdefs.o
                0x48049d84                osE_ISR_CAN2
                0x48049b34                os_StartOS
                0x48049c10                os_pre_errorhook
                0x48049de0                osE_ISR_CAN1
                0x48049c30                Tick_etasCounter
                0x48049d64                osek_dispatch
                0x48049a74                osResetOS
                0x48049e3c                osE_etasL1Isr
 .text          0x48049e98        0x0 OSC/osgen.o
 .text          0x48049e98       0x4c OSC/TaskISRArchive.a(etasConfigTask.o)
                0x48049e98                osek_task_e_etasConfigTask
 .text          0x48049ee4       0x60 OSC/TaskISRArchive.a(Sync_25ms.o)
                0x48049ee4                osek_task_e_Sync_25ms
 .text          0x48049f44       0x54 OSC/TaskISRArchive.a(Timer_1000ms.o)
                0x48049f44                osek_task_e_Timer_1000ms
 .text          0x48049f98       0x54 OSC/TaskISRArchive.a(Timer_100ms.o)
                0x48049f98                osek_task_e_Timer_100ms
 .text          0x48049fec       0xa8 OSC/TaskISRArchive.a(Timer_25ms.o)
                0x48049fec                osek_task_e_Timer_25ms
 .text          0x4804a094       0x54 OSC/TaskISRArchive.a(Timer_Inv.o)
                0x4804a094                osek_task_e_Timer_Inv
 .text          0x4804a0e8       0x50 OSC/TaskISRArchive.a(SWT_CAN1_AP_BMS_SDC.o)
                0x4804a0e8                osek_task_e_SWT_CAN1_AP_BMS_SDC
 .text          0x4804a138       0x50 OSC/TaskISRArchive.a(SWT_CAN1_AP_CurrentSensor.o)
                0x4804a138                osek_task_e_SWT_CAN1_AP_CurrentSensor
 .text          0x4804a188       0x50 OSC/TaskISRArchive.a(SWT_CAN1_AP_BMS_Voltages.o)
                0x4804a188                osek_task_e_SWT_CAN1_AP_BMS_Voltages
 .text          0x4804a1d8       0x50 OSC/TaskISRArchive.a(SWT_CAN1_AP_BMS_ChargerParameters.o)
                0x4804a1d8                osek_task_e_SWT_CAN1_AP_BMS_ChargerParameters
 .text          0x4804a228       0x50 OSC/TaskISRArchive.a(SWT_CAN1_AP_BMS_Temperatures.o)
                0x4804a228                osek_task_e_SWT_CAN1_AP_BMS_Temperatures
 .text          0x4804a278       0x50 OSC/TaskISRArchive.a(SWT_CAN1_AP_Inverter_R_Tx.o)
                0x4804a278                osek_task_e_SWT_CAN1_AP_Inverter_R_Tx
 .text          0x4804a2c8       0x50 OSC/TaskISRArchive.a(SWT_CAN1_AP_Inverter_L_Tx.o)
                0x4804a2c8                osek_task_e_SWT_CAN1_AP_Inverter_L_Tx
 .text          0x4804a318       0x50 OSC/TaskISRArchive.a(SWT_CAN1_AP_DASH_Mode.o)
                0x4804a318                osek_task_e_SWT_CAN1_AP_DASH_Mode
 .text          0x4804a368       0x50 OSC/TaskISRArchive.a(SWT_CAN1_NM_BMS_Keep_Alive.o)
                0x4804a368                osek_task_e_SWT_CAN1_NM_BMS_Keep_Alive
 .text          0x4804a3b8       0x50 OSC/TaskISRArchive.a(SWT_CAN1_AP_BMS_AIRs_State.o)
                0x4804a3b8                osek_task_e_SWT_CAN1_AP_BMS_AIRs_State
 .text          0x4804a408       0x50 OSC/TaskISRArchive.a(SWT_CAN1_NM_DASH_Keep_Alive.o)
                0x4804a408                osek_task_e_SWT_CAN1_NM_DASH_Keep_Alive
 .text          0x4804a458       0x50 OSC/TaskISRArchive.a(SWT_CAN1_AP_DASH_PrechargeRequest.o)
                0x4804a458                osek_task_e_SWT_CAN1_AP_DASH_PrechargeRequest
 .text          0x4804a4a8       0x50 OSC/TaskISRArchive.a(SWT_CAN1_AP_DASH_EnableDrive.o)
                0x4804a4a8                osek_task_e_SWT_CAN1_AP_DASH_EnableDrive
 .text          0x4804a4f8       0x50 OSC/TaskISRArchive.a(SWT_CAN2_MEAS_RECU_SDC.o)
                0x4804a4f8                osek_task_e_SWT_CAN2_MEAS_RECU_SDC
 .text          0x4804a548       0x50 OSC/TaskISRArchive.a(SWT_CAN2_MEAS_FECU_SDC.o)
                0x4804a548                osek_task_e_SWT_CAN2_MEAS_FECU_SDC
 .text          0x4804a598       0x50 OSC/TaskISRArchive.a(SWT_CAN2_AP_ELLIPSE_EKF_POS.o)
                0x4804a598                osek_task_e_SWT_CAN2_AP_ELLIPSE_EKF_POS
 .text          0x4804a5e8       0x50 OSC/TaskISRArchive.a(SWT_CAN2_AP_ELLIPSE_IMU_ACCEL.o)
                0x4804a5e8                osek_task_e_SWT_CAN2_AP_ELLIPSE_IMU_ACCEL
 .text          0x4804a638       0x50 OSC/TaskISRArchive.a(SWT_CAN2_AP_ELLIPSE_EKF_EULER.o)
                0x4804a638                osek_task_e_SWT_CAN2_AP_ELLIPSE_EKF_EULER
 .text          0x4804a688       0x50 OSC/TaskISRArchive.a(SWT_CAN2_AP_ELLIPSE_EKF_VEL.o)
                0x4804a688                osek_task_e_SWT_CAN2_AP_ELLIPSE_EKF_VEL
 .text          0x4804a6d8       0x50 OSC/TaskISRArchive.a(SWT_CAN2_NM_ELLIPSE_Status.o)
                0x4804a6d8                osek_task_e_SWT_CAN2_NM_ELLIPSE_Status
 .text          0x4804a728       0x50 OSC/TaskISRArchive.a(SWT_CAN2_AP_ELLIPSE_IMU_GYRO.o)
                0x4804a728                osek_task_e_SWT_CAN2_AP_ELLIPSE_IMU_GYRO
 .text          0x4804a778       0x50 OSC/TaskISRArchive.a(SWT_CAN2_AP_ELLIPSE_SLIP_CURV.o)
                0x4804a778                osek_task_e_SWT_CAN2_AP_ELLIPSE_SLIP_CURV
 .text          0x4804a7c8       0x50 OSC/TaskISRArchive.a(SWT_CAN2_AP_RECU_Data.o)
                0x4804a7c8                osek_task_e_SWT_CAN2_AP_RECU_Data
 .text          0x4804a818       0x50 OSC/TaskISRArchive.a(SWT_CAN2_NM_FECU_Keep_Alive.o)
                0x4804a818                osek_task_e_SWT_CAN2_NM_FECU_Keep_Alive
 .text          0x4804a868       0x50 OSC/TaskISRArchive.a(SWT_CAN2_NM_RECU_Keep_Alive.o)
                0x4804a868                osek_task_e_SWT_CAN2_NM_RECU_Keep_Alive
 .text          0x4804a8b8       0x50 OSC/TaskISRArchive.a(SWT_CAN2_AP_FECU_Data2.o)
                0x4804a8b8                osek_task_e_SWT_CAN2_AP_FECU_Data2
 .text          0x4804a908       0x50 OSC/TaskISRArchive.a(SWT_CAN2_AP_FECU_Data1.o)
                0x4804a908                osek_task_e_SWT_CAN2_AP_FECU_Data1
 .text          0x4804a958       0x4c OSC/TaskISRArchive.a(ISR_CAN1.o)
                0x4804a958                osek_isr_e_ISR_CAN1
 .text          0x4804a9a4       0x4c OSC/TaskISRArchive.a(ISR_CAN2.o)
                0x4804a9a4                osek_isr_e_ISR_CAN2
 .text          0x4804a9f0       0x40 OSC/etasActivateTaskIsr.o
                0x4804a9f0                osek_isr_e_etasActivateTaskIsr
 .text          0x4804aa30       0x48 OSC/etasL1Isr.o
                0x4804aa30                osek_isr_e_etasL1Isr
 .text          0x4804aa78       0x44 OSC/etasL1Task.o
                0x4804aa78                osek_task_e_etasL1Task
 .text          0x4804aabc       0x40 OSC/etasTimerIsr.o
                0x4804aabc                osek_isr_e_etasTimerIsr
 .text          0x4804aafc       0x40 OSC/etasStopOsIsr.o
                0x4804aafc                osek_isr_e_etasStopOsIsr
 .text          0x4804ab3c      0x234 OSC/DriverThreads.o
                0x4804ab3c                etasCreateDriverThreads
 .text          0x4804ad70        0x0 OSC/ISRFunctions.o
 .text          0x4804ad70      0x1c4 OSC/osc_dyn.o
                0x4804aef0                etasInitTasks
                0x4804ae04                etasExitTasks
                0x4804ad78                etasInactiveExitTask
                0x4804ad74                etasStartupExitTask
                0x4804aec8                etasStartupInitTask
                0x4804ad7c                TimersExitTask
                0x4804ad70                etasInactiveInitTask
                0x4804ae34                TimersInitTask
 .text          0x4804af34        0xc OSC/rtaInterface.o
                0x4804af34                etasGetCounterPeriodUs
                0x4804af3c                StackFaultHook
 .text          0x4804af40      0x5d0 OSC/ETCHooks.o
                0x4804b238                rtioHook_15_0
                0x4804b328                rtioHook_9_0
                0x4804b2b0                rtioHook_12_0
                0x4804b198                rtioHook_19_0
                0x4804b1e8                rtioHook_17_0
                0x4804b468                rtioHook_1_0
                0x4804b3f0                rtioHook_4_0
                0x4804af90                rtioHook_32_0
                0x4804b0f8                rtioHook_23_0
                0x4804afe0                rtioHook_30_0
                0x4804b148                rtioHook_21_0
                0x4804b4e4                rtioHook_35_0
                0x4804b080                rtioHook_26_0
                0x4804b030                rtioHook_28_0
                0x4804af68                rtioHook_33_0
                0x4804b0d0                rtioHook_24_0
                0x4804b008                rtioHook_29_0
                0x4804afb8                rtioHook_31_0
                0x4804b378                rtioHook_7_0
                0x4804b120                rtioHook_22_0
                0x4804b490                rtioHook_0_0
                0x4804b1c0                rtioHook_18_0
                0x4804b288                rtioHook_13_0
                0x4804b2d8                rtioHook_11_0
                0x4804b210                rtioHook_16_0
                0x4804b3a0                rtioHook_6_0
                0x4804b260                rtioHook_14_0
                0x4804b350                rtioHook_8_0
                0x4804b170                rtioHook_20_0
                0x4804b440                rtioHook_2_0
                0x4804af40                rtioHook_34_0
                0x4804b0a8                rtioHook_25_0
                0x4804b418                rtioHook_3_0
                0x4804b300                rtioHook_10_0
                0x4804b3c8                rtioHook_5_0
                0x4804b4b8                rtioHook_36_0
                0x4804b058                rtioHook_27_0
 .text          0x4804b510      0xe18 OSC/XbarHooks.o
                0x4804b510                crossbarHook_34_0
                0x4804ba60                crossbarHook_21_0
                0x4804b8d0                crossbarHook_28_3
                0x4804bd58                crossbarHook_2_0
                0x4804bbc8                crossbarHook_12_0
                0x4804bf08                crossbarHook_36_7
                0x4804bdd4                crossbarHook_36_14
                0x4804b880                crossbarHook_29_1
                0x4804b998                crossbarHook_26_0
                0x4804bb00                crossbarHook_17_0
                0x4804bc90                crossbarHook_7_0
                0x4804b600                crossbarHook_31_13
                0x4804c0c0                crossbarHook_35_13
                0x4804c170                crossbarHook_35_9
                0x4804bce0                crossbarHook_5_0
                0x4804c220                crossbarHook_35_5
                0x4804c2d0                crossbarHook_35_1
                0x4804b718                crossbarHook_31_6
                0x4804b7b8                crossbarHook_31_2
                0x4804c03c                crossbarHook_36_0
                0x4804ba10                crossbarHook_23_0
                0x4804bb78                crossbarHook_14_0
                0x4804bf8c                crossbarHook_36_4
                0x4804bedc                crossbarHook_36_8
                0x4804b8f8                crossbarHook_28_2
                0x4804be00                crossbarHook_36_13
                0x4804b9e8                crossbarHook_24_0
                0x4804b628                crossbarHook_31_12
                0x4804bb50                crossbarHook_15_0
                0x4804b6a0                crossbarHook_31_9
                0x4804c19c                crossbarHook_35_8
                0x4804c094                crossbarHook_35_14
                0x4804c24c                crossbarHook_35_4
                0x4804c144                crossbarHook_35_10
                0x4804b740                crossbarHook_31_5
                0x4804c2fc                crossbarHook_35_0
                0x4804ba38                crossbarHook_22_0
                0x4804bba0                crossbarHook_13_0
                0x4804c010                crossbarHook_36_1
                0x4804bd80                crossbarHook_1_0
                0x4804b7e0                crossbarHook_31_1
                0x4804b970                crossbarHook_27_0
                0x4804bad8                crossbarHook_18_0
                0x4804bcb8                crossbarHook_6_0
                0x4804b9c0                crossbarHook_25_0
                0x4804bb28                crossbarHook_16_0
                0x4804bf60                crossbarHook_36_5
                0x4804beb0                crossbarHook_36_9
                0x4804b920                crossbarHook_28_1
                0x4804b588                crossbarHook_32_0
                0x4804bc18                crossbarHook_10_0
                0x4804be2c                crossbarHook_36_12
                0x4804bc68                crossbarHook_8_0
                0x4804b858                crossbarHook_30_0
                0x4804b650                crossbarHook_31_11
                0x4804c1c8                crossbarHook_35_7
                0x4804c068                crossbarHook_35_15
                0x4804b768                crossbarHook_31_4
                0x4804c118                crossbarHook_35_11
                0x4804b6c8                crossbarHook_31_8
                0x4804c278                crossbarHook_35_3
                0x4804bd30                crossbarHook_3_0
                0x4804bfe4                crossbarHook_36_2
                0x4804b808                crossbarHook_31_0
                0x4804be58                crossbarHook_36_11
                0x4804bf34                crossbarHook_36_6
                0x4804b560                crossbarHook_32_1
                0x4804b948                crossbarHook_28_0
                0x4804bab0                crossbarHook_19_0
                0x4804bda8                crossbarHook_36_15
                0x4804b5b0                crossbarHook_31_15
                0x4804b830                crossbarHook_30_1
                0x4804b8a8                crossbarHook_29_0
                0x4804b5d8                crossbarHook_31_14
                0x4804b678                crossbarHook_31_10
                0x4804c0ec                crossbarHook_35_12
                0x4804c1f4                crossbarHook_35_6
                0x4804b790                crossbarHook_31_3
                0x4804c2a4                crossbarHook_35_2
                0x4804b6f0                crossbarHook_31_7
                0x4804b538                crossbarHook_33_0
                0x4804ba88                crossbarHook_20_0
                0x4804bbf0                crossbarHook_11_0
                0x4804bfb8                crossbarHook_36_3
                0x4804bc40                crossbarHook_9_0
                0x4804be84                crossbarHook_36_10
                0x4804bd08                crossbarHook_4_0
 .text          0x4804c328        0x0 ETC/FormulaTable.o
 .text          0x4804c328        0x0 ETC/DriverTable.o
 .text          0x4804c328        0x0 ETC/MappingFunctionTable.o
 .text          0x4804c328        0x0 ETC/RtioL1RecordTable.o
 .text          0x4804c328        0x0 ETC/XCPTransportLayerFunctionsTable.o
 .text          0x4804c328        0x0 ETC/ChecksumAlgoTables.o
 .text          0x4804c328        0x0 CBC/CopyFunctionTable.o
 .text          0x4804c328        0x0 CBC/CrossbarL1RecordTable.o
 .text          0x4804c328       0x48 C:/ETAS/Compiler/INTECRIO5.0/QNXCompiler-V6.5\host\win32\x86/usr/lib/gcc/powerpc-unknown-nto-qnx6.5.0/4.4.2/spe/libgcc.a(_fixunsdfdi.o)
                0x4804c328                __fixunsdfdi
 .text          0x4804c370       0x40 C:/ETAS/Compiler/INTECRIO5.0/QNXCompiler-V6.5\host\win32\x86/usr/lib/gcc/powerpc-unknown-nto-qnx6.5.0/4.4.2/spe/libgcc.a(_floatundidf.o)
                0x4804c370                __floatundidf
 .text          0x4804c3b0       0x98 C:/ETAS/Compiler/INTECRIO5.0/QNXCompiler-V6.5\host\win32\x86/usr/lib/gcc/powerpc-unknown-nto-qnx6.5.0/4.4.2/spe/crtend.o
 .text          0x4804c448        0x0 C:/ETAS/Compiler/INTECRIO5.0/QNXCompiler-V6.5\target\qnx6/ppcbe-spe/lib/crtn.o
 .text          0x4804c448     0x23b4 C:\Program Files (x86)\ETAS\INTECRIO5.0\Target\Etarget\ES910\libes910.a(i_rtautil.o)
                0x4804c770                etasActivateTaskViaIsr
                0x4804dc6c                startTaskHookMon
                0x4804cd14                ErrorHook
                0x4804c518                osTraceStopwatch
                0x4804ca8c                switchToInactiveAppMode
                0x4804c454                isAppModeSwitchPending
                0x4804d974                etasStartIsrHookMon
                0x4804db84                etasStartIsrHook
                0x4804c648                getModelRuntime
                0x4804c79c                restartModelProcess
                0x4804c448                GetNextAppMode
                0x4804c6c0                etasActivateTaskWithIdViaIsrHandler
                0x4804da70                etasEndIsrHook
                0x4804c484                checkInterruptOccurence
                0x4804df98                osekThreadSuspendRtSignals
                0x4804daa8                etasEndIsrHookMon
                0x4804ca54                getCurTaskMonitor
                0x4804cc50                GetStopwatchUncertainty
                0x4804de08                endTaskHook
                0x4804cb3c                delayInitExitTask
                0x4804c4a0                rtaInitTarget
                0x4804cca8                OverrunHook
                0x4804c72c                etasActivateTaskWithIdViaIsr
                0x4804dd44                startTaskHook
                0x4804c58c                etasDeInstallOsErrorHook
                0x4804e29c                applicationModeManager
                0x4804c85c                terminateModelProcess
                0x4804d694                StartupHook
                0x4804df5c                osekThreadResumeRtSignals
                0x4804ca08                lockCriticalSection
                0x4804c920                isRtaOsekThreadContext
                0x4804c520                isInsideInitExitTask
                0x4804c54c                isInsideExitTask
                0x4804d040                ShutdownHook
                0x4804c954                unlockCriticalSection
                0x4804c564                etasInstallOsErrorHook
                0x4804de80                endTaskHookMon
                0x4804c470                resetInterruptFlag
                0x4804c510                GetStopwatch
                0x4804c49c                etasRTATraceInitProcess
                0x4804c504                GetDeltaT
                0x4804c5b8                SetNextAppMode
                0x4804cc04                tempMgrRegisterSigtermEvent
                0x4804c534                isInsideInitTask
                0x4804c490                getLastInterruptTimeTicks
 .text          0x4804e7fc     0x2058 C:\Program Files (x86)\ETAS\INTECRIO5.0\Target\Etarget\ES910\libes910.a(t_driverThreads.o)
                0x4804f5e8                osek_sendto
                0x4804ee80                osek_msync
                0x4804ebe0                osek_vfprintf
                0x4804fc60                osek_MsgReceive
                0x4804f9c8                osek_MsgRead
                0x4804f474                osek_cmsSendMessage
                0x4804e984                osek_malloc
                0x4804e938                osek_free
                0x4804e8c4                osek_fsync
                0x4804f068                osek_unlink
                0x4804ed20                osek_munmap
                0x4804f6c0                osek_devctl
                0x4804f8a4                osek_close
                0x4804f388                osek_cmsReceiveMessage
                0x4804f0dc                osek_system
                0x4804fb28                osek_MsgError
                0x4804fe84                osek_send
                0x4804fbb0                osek_MsgReply
                0x4804ec98                osek_ftruncate
                0x4804fa78                osek_MsgWrite
                0x4804efcc                osek_lseek
                0x4804fd10                osek_MsgSend
                0x4804f510                osek_recvfrom
                0x4804ef1c                osek_fwrite
                0x4804eb14                osek_vslogf
                0x4804f150                osek_cmsReceiveMessageEx
                0x4804e7fc                etasSetNumberOfDriverThreads
                0x4804ff34                etasCreateDriverThread
                0x4804eda8                osek_mmap
                0x4804f808                osek_write
                0x4804fdd4                osek_recv
                0x4804e9f8                osek_etasLogCoreFeedRecordToBackends
                0x4804f76c                osek_read
                0x4804f2d8                osek_cmsErrorState
                0x4804f23c                osek_cmsSendMessageEx
                0x4804f918                osek_open
 .text          0x48050854      0x8fc C:\Program Files (x86)\ETAS\INTECRIO5.0\Target\Etarget\ES910\libes910.a(t_idle.o)
                0x48051078                initRtaTraceSupport
                0x48050a88                etasIdleProcess
                0x48050914                signalStartupHookTermination
                0x480508a0                apsGetPartitionId
                0x48050944                apsJoinPartition
                0x480508e4                signalShutdownHookTermination
                0x480508ac                getSysLoad
                0x48050854                etasInstallIdleHook
                0x4805087c                etasDeInstallIdleHook
 .text          0x48051150     0x1fcc C:\Program Files (x86)\ETAS\INTECRIO5.0\Target\Etarget\ES910\libes910.a(t_l1com.o)
                0x48051150                setL1ComBufferSize
                0x48051190                l1SetBusyState
                0x48051310                l1SignalIdleState
                0x480516b8                waitForL1Request
                0x48051ca8                createL1ModelThread
                0x48051bf4                serveL1Request
                0x48051600                etasL1Process
 .text          0x4805311c      0xcc4 C:\Program Files (x86)\ETAS\INTECRIO5.0\Target\Etarget\ES910\libes910.a(t_main.o)
                0x48053378                main
 .text          0x48053de0      0x9f0 C:\Program Files (x86)\ETAS\INTECRIO5.0\Target\Etarget\ES910\libes910.a(t_mlog.o)
                0x48053e04                getDriverLogging
                0x48053e10                getUserSeverity
                0x48053df8                getUserLogging
                0x48053e9c                mlog_setSeverityFilterUser
                0x48053e70                mlog_setSeverityFilterDrv
                0x48053e1c                getDriverSeverity
                0x48054558                mlog_init
                0x4805425c                mlog_updateLoggingConfiguration
                0x48053de0                getUserLogChan
                0x48054348                mlog_startLogConfigThread
                0x48053dec                getDrvLogChan
                0x48053e28                mlog_debugLog
 .text          0x480547d0      0xfac C:\Program Files (x86)\ETAS\INTECRIO5.0\Target\Etarget\ES910\libes910.a(t_qnxtargetutil.o)
                0x48054cfc                qnxThreadJoinPartition
                0x48054a2c                qnxLockSetSockEnvironmentVariable
                0x4805514c                qnxPrintProcesses
                0x480547e0                qnxCheckBootFromFlash
                0x4805507c                qnxPrintCpuLoad
                0x480547fc                qnxCheckHaltedModel
                0x48054824                qnxRestoreUnlockSockEnvironmentVariable
                0x480547d0                qnxSetBootFromFlash
                0x48055694                qnxPrintSavedErrorMessages
                0x48054808                qnxSetStandalone
                0x48055018                qnxAdjustThreadPriority
                0x480547ec                qnxSetHaltedModel
                0x48054d7c                qnxGetSetRunInheritMask
                0x48054818                qnxCheckStandalone
 .text          0x4805577c      0x638 C:\Program Files (x86)\ETAS\INTECRIO5.0\Target\Etarget\ES910\libes910.a(t_targetutil.o)
                0x480557cc                initL2CachePerfMeas
                0x48055cf4                es910GetSerialNumber
                0x4805577c                GetSystemTimeLow
                0x48055c9c                es910GetPcbRevision
                0x48055cd0                es910PiggyGetSerialNumber
                0x48055928                getL2CachePerf
                0x48055a30                es910PrintFwVersions
                0x480558d4                getL2CachePerfRaw
                0x4805578c                GetSystemTime
                0x48055d80                es910MapCCSRMemoryRange
                0x48055784                GetSystemTimeHigh
                0x48055c68                es910PiggyGetPcbRevision
                0x48055d18                waitMicroseconds
 .text          0x48055db4      0x2f4 C:\Program Files (x86)\ETAS\INTECRIO5.0\Target\Etarget\ES910\libes910.a(t_watchdog.o)
                0x48055dc4                wdDisableAutoService
                0x48055e8c                etasServiceWatchdog
                0x48055e1c                wdService
                0x48055f04                wdSetEventPeriod
                0x48055db4                wdEnableAutoService
                0x48055dd4                wdSetApplicationName
                0x48055e5c                triggerWD
                0x48055de0                wdDisconnect
 .text          0x480560a8      0x848 C:\Program Files (x86)\ETAS\INTECRIO5.0\Target\Etarget\ES910\libes910.a(p_chario.o)
                0x4805665c                IOWrite
                0x480560a8                IOIsLogOn
                0x480560b4                IOLogOff
                0x48056110                IOLogOn
                0x480563dc                IOPrintf
 .text          0x480568f0      0x31c C:\Program Files (x86)\ETAS\INTECRIO5.0\Target\Etarget\ES910\libes910.a(t_hwTimeSync.o)
                0x480568f0                es9xxTimeSyncGetTimerValue
                0x480569e4                es9xxTimeSyncGetTimerStatus
                0x48056b38                es9xxTimeSyncInit
                0x48056974                getLocalSystemTime
 .text          0x48056c0c      0x224 C:\Program Files (x86)\ETAS\INTECRIO5.0\Target\Etarget\ES910\libes910.a(t_led.o)
                0x48056c0c                userLed2Off
                0x48056ca4                userLed2Toggle
                0x48056db0                ledsOff
                0x48056d78                userLed1Toggle
                0x48056d2c                userLed1On
                0x48056cdc                userLed1Off
                0x48056c58                userLed2On
 .text          0x48056e30     0x2178 C:\Program Files (x86)\ETAS\INTECRIO5.0\Target\Etarget\ES910\libtarget.a(a_dacqui.o)
                0x48058484                asdSimPreCall
                0x48058f38                asdSimPostCall
                0x48058508                getDacqTimeFor
                0x48058e30                storeMeasureDataForGroup
                0x48058680                applicationStartUserMode
                0x48058658                resetLogSimulationTime
                0x480570e8                etasAscetLoggingBufferFillLevel
                0x480585cc                getLogSimulationTime
                0x4805711c                etasAscetLoggingOverflowCounter
                0x48057160                asdDisableUserDefinedTime
                0x480585f4                getSimulationTime
                0x48057084                setSimulationTime
                0x48057150                asdEnableUserDefinedTime
                0x480581c0                checkForBufferOverflow
                0x48058620                resetDacqTimeFor
                0x48057058                setLogSimulationTime
                0x48057050                setDacqTimeFor
                0x48056e30                applicationStopUserMode
                0x48058760                timeMeasurementStop
                0x480570b4                etasAscetLoggingBufferSize
                0x48058808                logDataForChannel
                0x48058c54                storeLogDataForGroup
                0x480587b4                timeMeasurementStart
                0x48058700                timeInSeconds
 .text          0x48058fa8       0xd8 C:\Program Files (x86)\ETAS\INTECRIO5.0\Target\Etarget\ES910\libtarget.a(a_l1pro.o)
                0x48058fa8                forwardToProcess
                0x48059004                startUpSimulation
 .text          0x48059080     0x4c88 C:\Program Files (x86)\ETAS\INTECRIO5.0\Target\Etarget\ES910\libtarget.a(a_primit.o)
                0x4805d7cc                v3_initInstance_uint16
                0x4805af24                Vec_uint32_getAtProtected
                0x4805c448                v3_initInstance_Mat_real64
                0x4805baf0                v3_initInstance_Mat_bool
                0x4805d448                initInstance_GroupCharTable2
                0x4805d084                initInstance_Vec_real32
                0x4805a6b4                Mat_sint16_setAtProtected
                0x4805a52c                Mat_uint16_setAtProtected
                0x4805c1f4                v3_initInstance_Mat_sint8
                0x4805c31c                v3_initInstance_Mat_real32
                0x4805be74                v3_initInstance_Mat_uint16
                0x4805ad98                Vec_qreal64_getAtProtected
                0x4805dc98                delete_Mat
                0x48059908                addVector
                0x4805c72c                v3_initInstance_Vec_bool
                0x4805bf7c                initInstance_Mat_uint16
                0x4805d424                initInstance_uint32
                0x4805d8d0                initInstance_sint16
                0x4805b750                qreal64_set
                0x4805da8c                initInstance_real32
                0x4805ce24                initInstance_Vec_uint8
                0x4805dbd8                delete_CharTable2
                0x4805b2b0                Vec_uint8_getAtProtected
                0x4805d83c                initInstance_uint16
                0x4805910c                removeMatrix
                0x4805b234                Vec_uint8_setAtProtected
                0x4805bd48                v3_initInstance_Mat_sint32
                0x4805c838                initInstance_Vec_bool
                0x48059f94                Mat_real64_getAtProtected
                0x48059ea4                Mat_real64_setAtProtected
                0x4805bbf8                initInstance_Mat_bool
                0x4805ca98                initInstance_Vec_sint32
                0x4805d8f4                v3_initInstance_uint8
                0x4805b644                Vec_qreal64_setAtProtected
                0x480597d4                addMatrix
                0x4805b92c                v3_initInstance_Mat_qreal64
                0x4805aa84                Mat_sint8_getAtProtected
                0x4805d5d0                initInstance_GroupCharTable1
                0x4805a780                Mat_sint16_getAtProtected
                0x4805c85c                v3_initInstance_Vec_uint32
                0x4805b38c                Vec_sint8_getAtProtected
                0x4805a470                Mat_sint32_getAtProtected
                0x4805b3f0                qreal64_adjust
                0x4805dcd0                delete_Vec
                0x4805cbec                v3_initInstance_Vec_sint16
                0x4805ccf8                initInstance_Vec_sint16
                0x4805ac78                Vec_real64_setAtProtected
                0x4805b06c                Vec_uint16_setAtProtected
                0x4805adc0                Vec_real32_setAtProtected
                0x4805c1d0                initInstance_Mat_uint8
                0x4805a2e8                Mat_uint32_getAtProtected
                0x4805908c                getBasicType
                0x4805cf74                v3_initInstance_Vec_real32
                0x4805b514                Mat_qreal64_setAtProtected
                0x4805ac14                Vec_bool_getAtProtected
                0x4805db28                initInstance_real64
                0x4805c6f4                initInstance_Vec_qreal64
                0x4805dc18                delete_GroupCharTable1
                0x4805d738                v3_initInstance_sint32
                0x4805c424                initInstance_Mat_real32
                0x4805b310                Vec_sint8_setAtProtected
                0x4805a160                Mat_real32_getAtProtected
                0x4805ab94                Vec_bool_setAtProtected
                0x480591fc                removeVector
                0x48059de8                Mat_bool_getAtProtected
                0x4805dc58                delete_CharTable1
                0x4805d7a8                initInstance_sint32
                0x4805bc1c                v3_initInstance_Mat_uint32
                0x4805d9f8                initInstance_sint8
                0x4805d50c                initInstance_CharTable2
                0x4805d2e8                initInstance_qreal64
                0x4805a21c                Mat_uint32_setAtProtected
                0x4805a5f8                Mat_uint16_getAtProtected
                0x4805c550                initInstance_Mat_real64
                0x4805dab0                v3_initInstance_real64
                0x4805d3b4                v3_initInstance_uint32
                0x48059098                getPrimitiveType
                0x48059c84                Mat_setCurSizeYProtected
                0x4805ce48                v3_initInstance_Vec_sint8
                0x4805d964                initInstance_uint8
                0x4805cabc                v3_initInstance_Vec_uint16
                0x48059080                getTypeSize
                0x4805be50                initInstance_Mat_sint32
                0x4805da1c                v3_initInstance_real32
                0x4805db98                delete_GroupCharTable2
                0x48059d1c                Mat_bool_setAtProtected
                0x4805bd24                initInstance_Mat_uint32
                0x4805d390                initInstance_bool
                0x4805aea4                Vec_uint32_setAtProtected
                0x4805c574                v3_initInstance_Vec_qreal64
                0x4805bab0                initInstance_Mat_qreal64
                0x4805a06c                Mat_qreal64_getAtProtected
                0x4805cd1c                v3_initInstance_Vec_uint8
                0x4805b008                Vec_sint32_getAtProtected
                0x4805c0a8                initInstance_Mat_sint16
                0x4805b0ec                Vec_uint16_getAtProtected
                0x4805ab40                Vec_setCurSizeProtected
                0x4805d988                v3_initInstance_sint8
                0x4805ad18                Vec_real64_getAtProtected
                0x4805a83c                Mat_uint8_setAtProtected
                0x4805c968                initInstance_Vec_uint32
                0x4805bfa0                v3_initInstance_Mat_sint16
                0x4805af88                Vec_sint32_setAtProtected
                0x4805db4c                initInstance_reference
                0x4805b1d0                Vec_sint16_getAtProtected
                0x4805a9bc                Mat_sint8_setAtProtected
                0x48059cd0                Mat_setCurSizeXProtected
                0x4805d320                v3_initInstance_bool
                0x4805d684                initInstance_CharTable1
                0x4805d1d8                v3_initInstance_qreal64
                0x4805b898                initInstance_quantInfo
                0x4805a094                Mat_real32_setAtProtected
                0x4805c2f8                initInstance_Mat_sint8
                0x4805c98c                v3_initInstance_Vec_sint32
                0x4805ae40                Vec_real32_getAtProtected
                0x4805a3a4                Mat_sint32_setAtProtected
                0x4805cf50                initInstance_Vec_sint8
                0x4805b150                Vec_sint16_setAtProtected
                0x4805a904                Mat_uint8_getAtProtected
                0x4805d860                v3_initInstance_sint16
                0x4805c0cc                v3_initInstance_Mat_uint8
                0x4805cbc8                initInstance_Vec_uint16
                0x4805d1b4                initInstance_Vec_real64
                0x4805d0a8                v3_initInstance_Vec_real64
 .text          0x4805dd08       0x20 C:\Program Files (x86)\ETAS\INTECRIO5.0\Target\Etarget\ES910\libtarget.a(a_sysver.o)
                0x4805dd1c                getBuildRevision
                0x4805dd08                getSystemLibVersion
                0x4805dd14                getSystemLibCid
 .text          0x4805dd28     0x305c C:\Program Files (x86)\ETAS\INTECRIO5.0\Target\Etarget\ES910\libtarget.a(a_targma.o)
                0x4805ec28                perfMeasStop
                0x4805f5f8                asdMalloc
                0x4805f9ec                addToActiveSimObjList
                0x4805dea8                getTargetL1BufferSizeCode
                0x4805fb7c                asdWriteUserError
                0x4805de40                setTargetL1BufferSize
                0x480604b4                perfMeasDisplay
                0x4805de0c                getSimObjPtr
                0x4805eef8                asdFree
                0x4805fb50                asdClearUserError
                0x4805df00                resetPerfMeasObj
                0x4805f3cc                asdMallocNoInit
                0x4806036c                asdWriteUserDebug
                0x4805dd58                searchInActiveList
                0x4805f5a4                asdCalloc
                0x4805de9c                getTargetL1BufferSize
                0x4805ddb4                removeFromActiveSimObjList
                0x4805ecd0                perfMeasStart
                0x4805dd34                instanceTreeMallocOn
                0x4805f524                createPerfMeasObj
                0x480606fc                etasInitModelProcess
                0x4805e6cc                getObjectsRecursive
                0x4805ed3c                availableMemory
                0x4805dd44                instanceTreeMallocOff
                0x4805edf0                asdFreeAll
                0x4805f88c                updateCTBlocks
                0x4805f254                asdRealloc
                0x4805f214                deletePerfMeasObj
                0x4805dd28                getInstanceTreeMemoryConsumption
 .text          0x48060d84     0x14ac C:\Program Files (x86)\ETAS\INTECRIO5.0\Target\Etarget\ES910\libtarget.a(i_cpyfnc.o)
                0x480610b4                copyPlainFromFloat
                0x48061be0                copyScalSatTypeSatFromFloat
                0x48062218                copyInt
                0x48062224                copyDouble
                0x4806220c                copyShort
                0x48061748                copyScalFromValidFloat
                0x4806198c                copyScalSatFromFloat
                0x480612d4                copySatFromFloat
                0x48060d84                copyPlainToFloat
                0x48060fd4                copyScalSatToFloat
                0x48060f1c                copyScalToFloat
                0x48062200                copyByte
                0x48061fa4                copyBoolSatFromFloat
                0x48060e50                copySatToFloat
                0x48061518                copyScalFromFloat
 .text          0x48062230     0x530c C:\Program Files (x86)\ETAS\INTECRIO5.0\Target\Etarget\ES910\libtarget.a(i_mapfnc.o)
                0x480625c8                var2BufByteOffsetReal64
                0x480648a0                var2BufBypassSint8
                0x48063604                var2Buf64BitIntelSint32
                0x480627b4                var2BufByteOffsetBool
                0x48065684                var2BufIndirectMotorolaReal32
                0x48062584                buf2VarSimpleUint8
                0x48062848                buf2VarByteOffsetSint32
                0x480659f8                buf2VarIndirectMotorolaSint32
                0x48066d20                var2BufIndirectIntelSint16
                0x480674e8                bufGenFrameInit
                0x48065524                buf2VarGenFrameIntelSint32
                0x4806723c                buf2VarBypassIntelUint16
                0x48062d08                var2Buf64BitMotorolaUint16
                0x480634e8                var2Buf64BitIntelUint32
                0x48063cec                buf2Var64BitMotorolaReal32
                0x4806469c                var2BufBypassMotorolaReal64
                0x48062db4                var2Buf64BitMotorolaSint16
                0x480626d0                var2BufByteOffsetSint16
                0x4806253c                buf2VarSimpleSint32
                0x480649e0                buf2VarBypassMotorolaSint32
                0x48062898                buf2VarByteOffsetSint8
                0x48065748                var2BufIndirectMotorolaUint16
                0x480649b0                buf2VarBypassMotorolaUint32
                0x48063fbc                buf2Var64BitMotorolaUint8
                0x48067078                var2BufBypassMaskedIntelBoolUint32
                0x48065958                buf2VarIndirectMotorolaReal64
                0x48062434                var2BufSimpleBool
                0x48065364                buf2VarGenFrameMotorolaSint32
                0x48063ed8                buf2Var64BitMotorolaSint32
                0x48062fb0                var2Buf64BitMotorolaBool
                0x480654e4                buf2VarGenFrameIntelUint32
                0x480652a4                var2BufGenFrameIntelBool
                0x48065264                var2BufGenFrameIntelSint8
                0x48064fe4                var2BufGenFrameMotorolaSint16
                0x48065664                var2BufIndirectMotorolaReal64
                0x4806271c                var2BufByteOffsetUint8
                0x48062948                var2Buf64BitMotorolaUint64
                0x48064fa4                var2BufGenFrameMotorolaUint16
                0x480672cc                buf2VarBypassIntelUint32
                0x48067400                var2BufBypassIntelSint32
                0x480624f8                buf2VarSimpleReal64
                0x48064a90                buf2VarBypassIntelReal64
                0x4806285c                buf2VarByteOffsetUint16
                0x480622ac                var2BufSimpleSint32
                0x48064db8                var2BufBypassMaskedUint8
                0x48064b68                var2BufBypassMaskedMotorolaUint32
                0x48062768                var2BufByteOffsetSint8
                0x48063178                var2Buf64BitIntelUint64
                0x4806598c                buf2VarIndirectMotorolaReal32
                0x48064960                buf2VarBypassMotorolaReal64
                0x480650a4                var2BufGenFrameMotorolaBool
                0x48063720                var2Buf64BitIntelUint16
                0x480625ec                var2BufByteOffsetUint32
                0x48066bec                buf2VarIndirectIntelUint16
                0x480628b0                buf2VarByteOffsetBool
                0x48066f68                var2BufBypassMaskedIntelSint16
                0x4806249c                var2BufSimpleUint8Bool
                0x48064764                var2BufBypassMotorolaUint16
                0x48066ff0                var2BufBypassMaskedIntelUint16
                0x48062524                buf2VarSimpleUint32
                0x48065064                var2BufGenFrameMotorolaSint8
                0x480630a8                var2Buf64BitIntelReal32
                0x48065b84                buf2VarIndirectSint8
                0x48063d34                buf2Var64BitMotorolaUint64
                0x48064f24                var2BufGenFrameMotorolaUint32
                0x48066004                var2BufGenFrameMotorolaReal64
                0x48067460                var2BufBypassIntelUint32
                0x48065424                buf2VarGenFrameMotorolaUint8
                0x48063f20                buf2Var64BitMotorolaUint16
                0x48064608                buf2Var64BitIntelSint8
                0x480650e4                var2BufGenFrameIntelReal32
                0x480640bc                buf2Var64BitIntelReal32
                0x48063054                var2Buf64BitIntelReal64
                0x48064c8c                var2BufBypassMaskedMotorolaUint16
                0x48063330                var2Buf64BitIntelSint64
                0x480651a4                var2BufGenFrameIntelUint16
                0x48066aec                buf2VarGenFrameIntelReal64
                0x480647b0                var2BufBypassMotorolaSint16
                0x48067310                buf2VarBypassIntelReal32
                0x48067288                buf2VarBypassIntelSint32
                0x48062638                var2BufByteOffsetSint32
                0x4806422c                buf2Var64BitIntelSint64
                0x480652e4                buf2VarGenFrameMotorolaReal32
                0x48067514                bufBypassInit
                0x48064444                buf2Var64BitIntelUint16
                0x48064c30                var2BufBypassMaskedMotorolaBoolUint32
                0x48066e58                var2BufIndirectIntelUint32
                0x480653e4                buf2VarGenFrameMotorolaSint16
                0x48062e60                var2Buf64BitMotorolaUint8
                0x48064138                buf2Var64BitIntelUint64
                0x480655a4                buf2VarGenFrameIntelSint16
                0x48065164                var2BufGenFrameIntelSint32
                0x480667dc                buf2VarGenFrameMotorolaReal64
                0x48064570                buf2Var64BitIntelUint8
                0x48064e88                var2BufBypassMaskedBoolUint8
                0x480666bc                buf2VarGenFrameMotorolaUint64
                0x48065a80                buf2VarIndirectMotorolaSint16
                0x480654a4                buf2VarGenFrameIntelReal32
                0x48062bc0                var2Buf64BitMotorolaUint32
                0x48066ec0                var2BufIndirectIntelReal32
                0x480625d8                var2BufByteOffsetReal32
                0x48066ef0                var2BufBypassMaskedIntelBoolUint16
                0x48064b30                buf2VarBypassSint8
                0x48063a88                var2Buf64BitIntelSint8
                0x48062c64                var2Buf64BitMotorolaSint32
                0x480644dc                buf2Var64BitIntelSint16
                0x48063968                var2Buf64BitIntelUint8
                0x48065e8c                var2BufGenFrameMotorolaUint64
                0x480653a4                buf2VarGenFrameMotorolaUint16
                0x48064af8                buf2VarBypassUint8
                0x480628ec                var2Buf64BitMotorolaReal32
                0x48065564                buf2VarGenFrameIntelUint16
                0x48062598                buf2VarSimpleSint8
                0x480656a0                var2BufIndirectMotorolaUint32
                0x48066968                buf2VarGenFrameIntelSint64
                0x48064a50                buf2VarBypassMotorolaSint16
                0x4806225c                var2BufSimpleUint32
                0x48066598                buf2VarGenFrameMotorolaSint64
                0x480628c4                buf64BitInit
                0x48065acc                buf2VarIndirectIntelReal64
                0x48066ce4                buf2VarIndirectIntelReal32
                0x48064718                var2BufBypassMotorolaSint32
                0x480673a0                var2BufBypassIntelUint16
                0x48065464                buf2VarGenFrameMotorolaSint8
                0x48065d14                var2BufGenFrameMotorolaSint64
                0x48064cf4                var2BufBypassMaskedMotorolaSint16
                0x48064d5c                var2BufBypassMaskedMotorolaBoolUint16
                0x48066340                var2BufGenFrameIntelUint64
                0x48065024                var2BufGenFrameMotorolaUint8
                0x4806239c                var2BufSimpleUint8
                0x48062820                buf2VarByteOffsetReal32
                0x480658a4                var2BufIndirectSint8
                0x4806250c                buf2VarSimpleReal32
                0x48066c44                buf2VarIndirectIntelSint32
                0x48067340                var2BufBypassIntelSint16
                0x48063e90                buf2Var64BitMotorolaUint32
                0x480646cc                var2BufBypassMotorolaUint32
                0x48067170                var2BufBypassMaskedIntelUint32
                0x480657f0                var2BufIndirectIntelReal64
                0x48064e20                var2BufBypassMaskedSint8
                0x48062834                buf2VarByteOffsetUint32
                0x480651e4                var2BufGenFrameIntelSint16
                0x480625b0                buf2VarSimpleBool
                0x48062554                buf2VarSimpleUint16
                0x4806400c                buf2Var64BitMotorolaSint8
                0x48064a18                buf2VarBypassMotorolaUint16
                0x48062810                buf2VarByteOffsetReal64
                0x48066df0                var2BufIndirectIntelSint32
                0x48065a3c                buf2VarIndirectMotorolaUint16
                0x48066a2c                buf2VarGenFrameIntelUint64
                0x480647fc                var2BufBypassIntelReal64
                0x48064324                buf2Var64BitIntelUint32
                0x48063f70                buf2Var64BitMotorolaSint16
                0x48064f64                var2BufGenFrameMotorolaSint32
                0x48063cc8                buf2Var64BitMotorolaReal64
                0x48063de0                buf2Var64BitMotorolaSint64
                0x48062870                buf2VarByteOffsetSint16
                0x48065850                var2BufIndirectUint8
                0x480655e4                buf2VarGenFrameIntelUint8
                0x48066d88                var2BufIndirectIntelUint16
                0x48065b40                buf2VarIndirectUint8
                0x480658f8                var2BufIndirectBool
                0x480674c0                var2BufBypassIntelReal32
                0x48065124                var2BufGenFrameIntelUint32
                0x480622fc                var2BufSimpleUint16
                0x480656f4                var2BufIndirectMotorolaSint32
                0x48065324                buf2VarGenFrameMotorolaUint32
                0x48062684                var2BufByteOffsetUint16
                0x48064058                buf2Var64BitIntelReal64
                0x480643b4                buf2Var64BitIntelSint32
                0x48064ee4                var2BufGenFrameMotorolaReal32
                0x48062f08                var2Buf64BitMotorolaSint8
                0x48065bc8                formulaOutReal64
                0x480623e8                var2BufSimpleSint8
                0x48065624                buf2VarGenFrameIntelSint8
                0x48065be4                formulaInReal64
                0x480628d8                var2Buf64BitMotorolaReal64
                0x4806234c                var2BufSimpleSint16
                0x48065224                var2BufGenFrameIntelUint8
                0x4806498c                buf2VarBypassMotorolaReal32
                0x480659bc                buf2VarIndirectMotorolaUint32
                0x4806643c                var2BufGenFrameIntelReal64
                0x4806579c                var2BufIndirectMotorolaSint16
                0x48063844                var2Buf64BitIntelSint16
                0x48064854                var2BufBypassUint8
                0x4806256c                buf2VarSimpleSint16
                0x48066c94                buf2VarIndirectIntelUint32
                0x48064bcc                var2BufBypassMaskedMotorolaSint32
                0x48066b94                buf2VarIndirectIntelSint16
                0x48062230                var2BufSimpleReal64
                0x480646b8                var2BufBypassMotorolaReal32
                0x48062884                buf2VarByteOffsetUint8
                0x48066244                var2BufGenFrameIntelSint64
                0x480670f0                var2BufBypassMaskedIntelSint32
                0x48062a84                var2Buf64BitMotorolaSint64
                0x480671f0                buf2VarBypassIntelSint16
                0x48062244                var2BufSimpleReal32
                0x480648ec                var2BufBypassBool
                0x48063ba8                var2Buf64BitIntelBool
 .text          0x4806753c      0xee4 C:\Program Files (x86)\ETAS\INTECRIO5.0\Target\Etarget\ES910\libtarget.a(i_osman.o)
                0x48068224                etasRemoveStopUserModeCallback
                0x48067a90                activateTaskWithId
                0x480675f8                findCurAppModeName
                0x48067764                getTaskIdForTask
                0x48067868                clearMeasureGroupForTask
                0x48067900                clearLogGroupForTask
                0x48068100                etasInitTaskTerminationHook
                0x48067944                isModelStarted
                0x48067560                getEEId
                0x48067694                getTaskPtrForId
                0x480683e8                etasAddInitTaskTerminationCallback
                0x4806796c                updateUserModeState
                0x480683b0                etasAddStopUserModeCallback
                0x48067ffc                etasStopUserModeHook
                0x4806753c                etasInitOsProcess
                0x480677a4                findCurTaskName
                0x4806788c                setMeasureGroupForTask
                0x48067924                setLogGroupForTask
                0x4806825c                etasRemoveInitTaskTerminationCallback
 .text          0x48068420     0x73e0 C:\Program Files (x86)\ETAS\INTECRIO5.0\Target\Etarget\ES910\libtarget.a(i_rtioma.o)
                0x4806845c                rtioCheckStartup
                0x480684b8                registerRtioDriverLockedCallback
                0x480684ac                etasRtioInitProcess
                0x4806f1a8                rtioHook
                0x4806e9f0                rtioSignalDriverLock
                0x480684b4                etasRtioExitProcess
                0x4806e8bc                etasRtioIntDisableProcess
                0x48068450                rtioSetConfigState
                0x48068538                deRegisterRtioDriverLockedCallback
                0x4806e910                rtioSignalDriverUnlock
                0x4806e8dc                etasRtioStartupProcess
                0x48068444                rtioGetConfigState
                0x480685bc                rtioGetDriverLockedState
                0x480684a0                rtioIsOsExpertModeActive
                0x48068494                rtioGetHwAbsenceBehavior
                0x48068420                rtioSetLogPort
                0x480684b0                etasRtioIntEnableProcess
                0x4806842c                rtioSetConfigId
 .text          0x4806f800      0x550 C:\Program Files (x86)\ETAS\INTECRIO5.0\Target\Etarget\ES910\libtarget.a(i_salone.o)
                0x4806fcfc                crossbarPrepareReconnection
                0x4806fb0c                crossbarGetNextConfigResponse
                0x4806f968                playbackConfigL1Records
                0x4806fca8                rtioPrepareReconnection
                0x4806fc10                crossbarFinishReconnection
                0x4806faa0                rtioGetNextConfigResponse
                0x4806fb78                rtioFinishReconnection
 .text          0x4806fd50     0x1830 C:\Program Files (x86)\ETAS\INTECRIO5.0\Target\Etarget\ES910\libtarget.a(t_croman.o)
                0x4806fd5c                crossbarSetConfigId
                0x4806fd74                crossbarGetConfigState
                0x4806fd50                crossbarSetLogPort
                0x4806fd80                crossbarSetConfigState
                0x480714dc                crossbarHook
 .text          0x48071580      0xcb0 C:\Program Files (x86)\ETAS\INTECRIO5.0\Target\Etarget\ES910\libtarget.a(t_crosll.o)
                0x48071854                createCopyObjectContainer
                0x480718d0                insertObjectIntoCopyLists
                0x48071b54                commonCreateCopyAction
                0x480720d4                cromanExecuteObj
                0x48071580                internalDeleteCopyAction
                0x48071a24                createInsertVector
 .text          0x48072230     0x1cf0 C:\Program Files (x86)\ETAS\INTECRIO5.0\Target\Etarget\ES910\libtarget.a(t_nvram.o)
                0x48072364                nvramClear
                0x48072314                nvramEnableAutoUpdate
                0x4807239c                nvramResetStatistics
                0x48072230                nvramSetUpdateInterval
                0x48072308                nvramGetConsistencyLevel
                0x480734c4                nvramUpdateMemoryBackground
                0x48073924                nvramInit
                0x48072358                nvramCheckRunningUpdate
                0x48073428                nvramManualUpdateExit
                0x480732f0                nvramManualUpdateBackground
                0x48072348                nvramCheckForAutoUpdate
                0x480736b4                nvramInitModelVars
                0x48072390                nvramCheckForInitializedVars
                0x480728c0                nvramGetUpdateAgeMs
                0x480731bc                nvramManualUpdateBlocked
                0x480722e8                nvramSetConsistencyLevel
                0x48072330                nvramDisableAutoUpdate
                0x48072400                nvramGetStatistics
                0x48072284                nvramGetUpdateInterval
 .text          0x48073f20      0x6ec C:\Program Files (x86)\ETAS\INTECRIO5.0\Target\Etarget\ES910\libtarget.a(t_objlis.o)
                0x48074514                createObjList
                0x48073f20                dumpObjList
 .text          0x4807460c      0xcd8 C:\Program Files (x86)\ETAS\INTECRIO5.0\Target\Etarget\ES910\libtarget.a(t_rtcros.o)
                0x48074824                getObjectFromDynamicInstanceTree
                0x48074618                deleteInstance_container
                0x48074cc8                removeObjectFromDynamicInstanceTree
                0x480746b4                initInstance_container
                0x48074e98                getValuePtr
                0x48074db0                addObjectToDynamicInstanceTree
                0x48074c44                getNextFreeRefIdOfDynamicInstanceTree
                0x4807460c                rtcrosSetLogPort
                0x480747f4                createDynamicInstanceTree
                0x48074f10                processBlockCommands
 .text          0x480752e4     0x1b38 C:\Program Files (x86)\ETAS\INTECRIO5.0\Target\Etarget\ES910\libtarget.a(t_sgman.o)
                0x48076ce0                sgHook
                0x48075444                sgGetComVarPtr
                0x48076ca4                deleteComVarCallback
                0x480752e4                sgGetCurTime
                0x48076c48                sgGetObjPtr
 .text          0x48076e1c     0x14d0 C:\Program Files (x86)\ETAS\INTECRIO5.0\Target\Etarget\ES910\libtarget.a(y_primit.o)
                0x48077720                initInstance_columnDirMatrixWrapper
                0x480781dc                initInstance_charTable1Wrapper
                0x48077c78                initInstance_columnDirGroupCharTable2Wrapper
                0x48077884                initInstance_matrixWrapper
                0x48077e78                initInstance_groupCharTable1Wrapper
                0x48077b38                initInstance_scalarWrapper
                0x48077d78                initInstance_groupCharTable2Wrapper
                0x480779e8                initInstance_vectorWrapper
                0x480780a0                initInstance_charTable2Wrapper
                0x48077f64                initInstance_columnDirCharTable2Wrapper
 .text          0x480782ec     0x19c0 C:\Program Files (x86)\ETAS\INTECRIO5.0\Target\Etarget\ES910\libtarget.a(a1b_dacq.o)
                0x480783dc                getA1bGroup
                0x48079664                instanciateA1bChannel
                0x48078b74                getA1bChannelGroupUpdateOffline
                0x48079a8c                storeA1bDataForGroup
                0x48079128                destructA1bChannelGroup
                0x48079460                instanciateA1bGroup
                0x48079200                freeA1bMeasureBuffers
                0x48079a6c                allocateA1bMeasureBuffers
                0x48078398                addA1bChannelToA1bGroup
                0x48078f10                destructA1bChannel
                0x48078478                removeA1bChannelFromA1bGroup
 .text          0x48079cac     0x1060 C:\Program Files (x86)\ETAS\INTECRIO5.0\Target\Etarget\ES910\libtarget.a(a_contai.o)
                0x4807a3bc                dVectorRewindHeadReentrant
                0x4807a300                dVectorRemoveObject
                0x4807a48c                dVectorCreate
                0x48079d04                dListGetObjectForward
                0x4807a000                dTableRemoveLastObject
                0x4807aa38                dTableDelete
                0x4807a154                dVectorGetObject
                0x48079cec                dListRewindTailReentrant
                0x4807a4e4                dTableCreate
                0x48079ebc                dTableGetObject
                0x48079f58                dTableIsEmpty
                0x4807a13c                dTableNofObjects
                0x48079d5c                dListGetObjectBackward
                0x4807a860                dTableAddObject
                0x4807aa04                dTableDeleteStatic
                0x4807a268                dVectorRemoveLastObject
                0x4807a1e0                dVectorRemoveFirstObject
                0x48079f78                dTableRemoveFirstObject
                0x48079cd8                dListRewindTail
                0x4807a5e0                dListAddObjectHead
                0x4807acac                dListDelete
                0x4807aa7c                dListRemoveObject
                0x48079db4                dListGetObjectAtIndex
                0x4807a6c4                dVectorAddObject
                0x48079d88                dListGetObjectBackwardReentrant
                0x48079e88                dTableCreateStatic
                0x48079d30                dListGetObjectForwardReentrant
                0x4807a180                dVectorRemoveObjectAtIndex
                0x4807a3c4                dVectorGetObjectForwardReentrant
                0x4807a418                dVectorGetIndexOfLastEntry
                0x4807ab7c                dListRemoveObjectTail
                0x4807a53c                dListAddObjectTail
                0x48079ef4                dTableRemoveObject
                0x4807a81c                dVectorDelete
                0x4807ac14                dListRemoveObjectHead
                0x4807a39c                dVectorIsEmpty
                0x48079e44                dListIsEmpty
                0x4807a688                dListCreate
                0x4807a098                dTableTestFunc
                0x4807a400                dVectorNofObjects
                0x48079cac                dListRewindHead
                0x48079e70                dListNofObjects
                0x48079cc0                dListRewindHeadReentrant
 .text          0x4807ad0c      0x498 C:\Program Files (x86)\ETAS\INTECRIO5.0\Target\Etarget\ES910\libtarget.a(i_transf.o)
                0x4807afa8                transferToMatrix
                0x4807ada8                transferToVector
                0x4807ad0c                transferFromVector
                0x4807ae44                transferFromMatrix
                0x4807b10c                transferDirect
 .text          0x4807b1a4     0x2378 C:\Program Files (x86)\ETAS\INTECRIO5.0\Target\Etarget\ES910\libtarget.a(t_sglow.o)
                0x4807c100                freeDataSignal
                0x4807c530                makeDataSignal
                0x4807bd14                computeTimeSliceTimes
                0x4807b9dc                setSinewaveSignal
                0x4807b3d0                getIntervalNr
                0x4807c014                deleteTimeSlice
                0x4807d280                freeChannel
                0x4807c568                makeLinearSignal
                0x4807d374                freeStimuliSet
                0x4807bb34                setIntervalPulseSignal
                0x4807c164                freeInterval
                0x4807bae8                setPulseSignal
                0x4807bcc0                setTimeSlice
                0x4807b308                insertTimeSlice
                0x4807c3c4                makeSinewaveSignal
                0x4807c900                makeIntervalDataSignal
                0x4807b78c                binsearch
                0x4807c0a0                freeRandomSignal
                0x4807b6c8                getLinearSignalY
                0x4807b2bc                getTimeSliceNr
                0x4807bdf8                getTimeSliceT
                0x4807cad4                getRandomSignalY
                0x4807c0c0                freePulseSignal
                0x4807bbf4                setRandomSignal
                0x4807cfd0                getChannelY
                0x4807c4e0                setIntervalDataSignal
                0x4807ccf4                getSinewaveSignalY
                0x4807d488                makeStimuliSet
                0x4807b4f0                computeIntervalTimes
                0x4807b630                setIntervalLinearSignal
                0x4807c278                makeTimeSlice
                0x4807c58c                makeIntervalRandomSignal
                0x4807b1f0                insertChannel
                0x4807b41c                insertInterval
                0x4807bc28                setIntervalRandomSignal
                0x4807b544                computeChannelTimes
                0x4807c6a8                makeIntervalPulseSignal
                0x4807b5fc                setLinearSignal
                0x4807bd7c                computeStimuliSetTimes
                0x4807c344                makeFunctionSignal
                0x4807b1a4                getChannelNr
                0x4807d20c                resetStimuliSet
                0x4807c1f4                deleteInterval
                0x4807beac                getT
                0x4807d400                makeChannel
                0x4807c37c                makeRandomSignal
                0x4807b4e4                resetInterval
                0x4807ce20                getIntervalY
                0x4807cb9c                getPulseSignalY
                0x4807ba28                setIntervalSinewaveSignal
                0x4807c3a0                makePulseSignal
                0x4807bff4                freeTimeSlice
                0x4807bd00                resetTimeSlice
                0x4807b830                getDataSignalY
                0x4807c0e0                freeSinewaveSignal
                0x4807c144                freeLinearSignal
                0x4807d2f0                deleteChannel
                0x4807c9bc                makeIntervalLinearSignal
                0x4807c3e8                setDataSignal
                0x4807d13c                resetChannel0
                0x4807c7d4                makeIntervalSinewaveSignal
 .text          0x4807d51c        0x0 C:\Program Files (x86)\ETAS\INTECRIO5.0\Target\Etarget\rtio\global\es910\librtio_gnu.a(comm_err.o)
 .text          0x4807d51c       0xa0 C:\Program Files (x86)\ETAS\INTECRIO5.0\Target\Etarget\rtio\global\es910\librtio_gnu.a(p_rtio.o)
                0x4807d51c                rtioSignalHwAccessEnd
                0x4807d574                rtioSignalHwAccessBegin
 .text          0x4807d5bc      0xd38 C:\Program Files (x86)\ETAS\INTECRIO5.0\Target\Etarget\rtio\global\es910\librtio_gnu.a(p_rtio_s.o)
                0x4807e2b0                setupRTIO
                0x4807dca0                es910IsEtherCATEnabled
                0x4807d5c8                getMasterId
                0x4807d7e0                rtioHwDetect
                0x4807ddac                rtioTestBoardPresence
                0x4807d6b8                printDetectedHardware
                0x4807d5e4                rtioGetNextDetectedHwTableEntry
                0x4807d5bc                es910RtioGetFpgaRegsGlobal
                0x4807e228                es910RtioMapFpgaRegsGlobal
                0x4807e184                es910RtioUnmapFpgaRegsGlobal
                0x4807d5d0                rtioRewindDetectedHwTable
                0x4807dd38                es910RtioIntDisable
 .text          0x4807e2f4      0xe18 C:\Program Files (x86)\ETAS\INTECRIO5.0\Target\Etarget\rtio\global\es910\librtio_gnu.a(rtio_err.o)
                0x4807e4d0                clearErrMsgList
                0x4807e42c                deactivateRtioMsgLists
                0x4807e398                installEtasPseudoGeoAdrBoardNames
                0x4807e374                installCommErrMessages
                0x4807e3a4                installUserBoardNames
                0x4807e2f4                initMessageTables
                0x4807e464                getNextErrMsg
                0x4807e628                rtioGetBoardName
                0x4807e38c                installEtasAutoIdBoardNames
                0x4807edb4                rtioErr
                0x4807e354                mapErrorCode
                0x4807e3b0                installEtasVirtualBoardNames
                0x4807e3bc                installMessages
                0x4807e6bc                rtio_err_v3
                0x4807e440                rewindErrMsgList
                0x4807e558                clearCurErrMsg
                0x4807e41c                activateRtioMsgLists
                0x4807eb30                rtioErrV2
                0x4807e380                installEtasBoardNames
 .text          0x4807f10c      0x638 C:\Program Files (x86)\ETAS\INTECRIO5.0\Target\Etarget\rtio\global\es910\librtio_gnu.a(fhc_emu.o)
                0x4807f10c                fhc_get_module_name_port_name
                0x4807f3c4                fhc_check_port_presence_rp
 .text          0x4807f744      0x798 C:\Program Files (x86)\ETAS\INTECRIO5.0\Target\Etarget\ES910\rta_osek\librtk_s.a(ostarget.o)
                0x4807f744                os_get_sw_int_info
                0x4807fa60                os_pre_start
                0x4807f918                os_detach_interrupts
                0x4807f7cc                os_generate_sw_int
 .text          0x4807fedc       0x30 C:\Program Files (x86)\ETAS\INTECRIO5.0\Target\Etarget\ES910\rta_osek\librtk_s.a(osfptgt.o)
                0x4807fedc                os_fp_save
                0x4807ff08                os_fp_restore_from
                0x4807fef0                os_fp_restore
                0x4807ff04                os_fp_save_to
 .text          0x4807ff0c       0x94 C:\Program Files (x86)\ETAS\INTECRIO5.0\Target\Etarget\ES910\rta_osek\librtk_s.a(osiwrap1.o)
                0x4807ff0c                os_cat1_wrapper
 .text          0x4807ffa0      0x288 C:\Program Files (x86)\ETAS\INTECRIO5.0\Target\Etarget\ES910\rta_osek\librtk_s.a(osxdspnf.o)
                0x4807ffa0                osek_dispatchN2F
 .text          0x48080228      0x10c C:\Program Files (x86)\ETAS\INTECRIO5.0\Target\Etarget\ES910\rta_osek\librtk_s.a(osysd1hf.o)
                0x48080228                os_fdispH1
 .text          0x48080334      0x2d4 C:\Program Files (x86)\ETAS\INTECRIO5.0\Target\Etarget\ES910\rta_osek\librtk_s.a(osysdfhf.o)
                0x48080334                os_fdispH2F
 .text          0x48080608      0x2cc C:\Program Files (x86)\ETAS\INTECRIO5.0\Target\Etarget\ES910\rta_osek\librtk_s.a(osysdfhi.o)
                0x48080608                os_idispH2F
 .text          0x480808d4       0x34 C:\Program Files (x86)\ETAS\INTECRIO5.0\Target\Etarget\ES910\rta_osek\librtk_s.a(ostgid.o)
                0x480808d4                GetTaskID
 .text          0x48080908      0x174 C:\Program Files (x86)\ETAS\INTECRIO5.0\Target\Etarget\ES910\rta_osek\librtk_s.a(ostschf.o)
                0x48080908                ScheduleSW2F
 .text          0x48080a7c       0x50 C:\Program Files (x86)\ETAS\INTECRIO5.0\Target\Etarget\ES910\rta_osek\librtk_s.a(osieai.o)
                0x48080a7c                EnableAllInterrupts
 .text          0x48080acc       0x60 C:\Program Files (x86)\ETAS\INTECRIO5.0\Target\Etarget\ES910\rta_osek\librtk_s.a(osidai.o)
                0x48080acc                DisableAllInterrupts
 .text          0x48080b2c       0x98 C:\Program Files (x86)\ETAS\INTECRIO5.0\Target\Etarget\ES910\rta_osek\librtk_s.a(osisoi.o)
                0x48080b2c                SuspendOSInterrupts
 .text          0x48080bc4       0x68 C:\Program Files (x86)\ETAS\INTECRIO5.0\Target\Etarget\ES910\rta_osek\librtk_s.a(osirai.o)
                0x48080bc4                ResumeAllInterrupts
 .text          0x48080c2c       0x84 C:\Program Files (x86)\ETAS\INTECRIO5.0\Target\Etarget\ES910\rta_osek\librtk_s.a(osisai.o)
                0x48080c2c                SuspendAllInterrupts
 .text          0x48080cb0       0x70 C:\Program Files (x86)\ETAS\INTECRIO5.0\Target\Etarget\ES910\rta_osek\librtk_s.a(osxperr2.o)
                0x48080cb0                os_pre_errorhook2
 .text          0x48080d20        0x0 C:\Program Files (x86)\ETAS\INTECRIO5.0\Target\Etarget\ES910\rta_osek\librtk_s.a(osxglobs.o)
 .text          0x48080d20      0x104 C:\Program Files (x86)\ETAS\INTECRIO5.0\Target\Etarget\ES910\rta_osek\librtk_s.a(osostart.o)
                0x48080d20                StartOS
 .text          0x48080e24       0x6c C:\Program Files (x86)\ETAS\INTECRIO5.0\Target\Etarget\ES910\rta_osek\librtk_s.a(ososhuth.o)
                0x48080e24                ShutdownOSH
 .text          0x48080e90       0x34 C:\Program Files (x86)\ETAS\INTECRIO5.0\Target\Etarget\ES910\rta_osek\librtk_s.a(osttermh.o)
                0x48080e90                TerminateTaskH