Archive member included because of file (symbol)

Car_State1/Car_State1.a(Car_State.o)
                              Car_State0/Car_State_instances.o (Car_State_U)
Disconnections1/Disconnections1.a(Disconnections.o)
                              Disconnections0/Disconnections_instances.o (Disconnections_DW)
Ellipse1/Ellipse1.a(Ellipse.o)
                              Ellipse0/Ellipse_instances.o (Ellipse_B)
Inverters_Action1/Inverters_Action1.a(Inverters_Action.o)
                              Inverters_Action0/Inverters_Action_instances.o (Inverters_Action_U)
Inverters_Action1/Inverters_Action1.a(Inverters_Action_data.o)
                              Inverters_Action0/Inverters_Action_instances.o (Inverters_Action_ConstB)
Inverters_Data1/Inverters_Data1.a(Inverters_Data.o)
                              Inverters_Data0/Inverters_Data_instances.o (Inverters_Data_DW)
Power_Control1/Power_Control1.a(Power_Control.o)
                              Power_Control0/Power_Control_instances.o (Power_Control_DW)
Sensors1/Sensors1.a(Sensors.o)
                              Sensors0/Sensors_instances.o (Sensors_U)
Sensors1/Sensors1.a(Sensors_data.o)
                              Sensors0/Sensors_instances.o (Sensors_ConstB)
Synchronism1/Synchronism1.a(Synchronism.o)
                              Synchronism0/Synchronism_instances.o (Synchronism_DW)
VDC1/VDC1.a(VDC.o)            VDC0/VDC_instances.o (VDC_DW)
SoC1/SoC1.a(SoC.o)            SoC0/SoC_instances.o (SoC_B)
SoC1/SoC1.a(SoC_data.o)       SoC0/SoC_instances.o (SoC_ConstB)
matlabsharedR2023b/matlabsharedR2023b.a(const_params.o)
                              SoC1/SoC1.a(SoC.o) (rtCP_pooled_25mX6Qlkdd1u)
matlabsharedR2023b/matlabsharedR2023b.a(look1_binlxpw.o)
                              Inverters_Data1/Inverters_Data1.a(Inverters_Data.o) (look1_binlxpw)
matlabsharedR2023b/matlabsharedR2023b.a(rt_nonfinite.o)
                              Inverters_Action1/Inverters_Action1.a(Inverters_Action.o) (rtIsInf)
matlabsharedR2023b/matlabsharedR2023b.a(look2_binlxpw.o)
                              SoC1/SoC1.a(SoC.o) (look2_binlxpw)
matlabsharedR2023b/matlabsharedR2023b.a(rtgetinf.o)
                              matlabsharedR2023b/matlabsharedR2023b.a(rt_nonfinite.o) (rtGetInf)
matlabsharedR2023b/matlabsharedR2023b.a(rtgetnan.o)
                              matlabsharedR2023b/matlabsharedR2023b.a(rt_nonfinite.o) (rtGetNaN)
OSC/TaskISRArchive.a(etasConfigTask.o)
                              OSC/osekdefs.o (osek_task_e_etasConfigTask)
OSC/TaskISRArchive.a(Sync_25ms.o)
                              OSC/osekdefs.o (osek_task_e_Sync_25ms)
OSC/TaskISRArchive.a(Timer_1000ms.o)
                              OSC/osekdefs.o (osek_task_e_Timer_1000ms)
OSC/TaskISRArchive.a(Timer_100ms.o)
                              OSC/osekdefs.o (osek_task_e_Timer_100ms)
OSC/TaskISRArchive.a(Timer_25ms.o)
                              OSC/osekdefs.o (osek_task_e_Timer_25ms)
OSC/TaskISRArchive.a(Timer_Inv.o)
                              OSC/osekdefs.o (osek_task_e_Timer_Inv)
OSC/TaskISRArchive.a(SWT_CAN1_AP_BMS_SDC.o)
                              OSC/osekdefs.o (osek_task_e_SWT_CAN1_AP_BMS_SDC)
OSC/TaskISRArchive.a(SWT_CAN1_AP_CurrentSensor.o)
                              OSC/osekdefs.o (osek_task_e_SWT_CAN1_AP_CurrentSensor)
OSC/TaskISRArchive.a(SWT_CAN1_AP_BMS_Voltages.o)
                              OSC/osekdefs.o (osek_task_e_SWT_CAN1_AP_BMS_Voltages)
OSC/TaskISRArchive.a(SWT_CAN1_AP_BMS_ChargerParameters.o)
                              OSC/osekdefs.o (osek_task_e_SWT_CAN1_AP_BMS_ChargerParameters)
OSC/TaskISRArchive.a(SWT_CAN1_AP_BMS_Temperatures.o)
                              OSC/osekdefs.o (osek_task_e_SWT_CAN1_AP_BMS_Temperatures)
OSC/TaskISRArchive.a(SWT_CAN1_AP_Inverter_R_Tx.o)
                              OSC/osekdefs.o (osek_task_e_SWT_CAN1_AP_Inverter_R_Tx)
OSC/TaskISRArchive.a(SWT_CAN1_AP_Inverter_L_Tx.o)
                              OSC/osekdefs.o (osek_task_e_SWT_CAN1_AP_Inverter_L_Tx)
OSC/TaskISRArchive.a(SWT_CAN1_AP_DASH_Mode.o)
                              OSC/osekdefs.o (osek_task_e_SWT_CAN1_AP_DASH_Mode)
OSC/TaskISRArchive.a(SWT_CAN1_NM_BMS_Keep_Alive.o)
                              OSC/osekdefs.o (osek_task_e_SWT_CAN1_NM_BMS_Keep_Alive)
OSC/TaskISRArchive.a(SWT_CAN1_AP_BMS_AIRs_State.o)
                              OSC/osekdefs.o (osek_task_e_SWT_CAN1_AP_BMS_AIRs_State)
OSC/TaskISRArchive.a(SWT_CAN1_NM_DASH_Keep_Alive.o)
                              OSC/osekdefs.o (osek_task_e_SWT_CAN1_NM_DASH_Keep_Alive)
OSC/TaskISRArchive.a(SWT_CAN1_AP_DASH_PrechargeRequest.o)
                              OSC/osekdefs.o (osek_task_e_SWT_CAN1_AP_DASH_PrechargeRequest)
OSC/TaskISRArchive.a(SWT_CAN1_AP_DASH_EnableDrive.o)
                              OSC/osekdefs.o (osek_task_e_SWT_CAN1_AP_DASH_EnableDrive)
OSC/TaskISRArchive.a(SWT_CAN2_AP_ELLIPSE_GPS_VEL.o)
                              OSC/osekdefs.o (osek_task_e_SWT_CAN2_AP_ELLIPSE_GPS_VEL)
[...]
Memory Configuration

Name             Origin             Length             Attributes
*default*        0x00000000         0xffffffff

Linker script and memory map

LOAD C:/ETAS/Compiler/INTECRIO5.0/QNXCompiler-V6.5\target\qnx6/ppcbe-spe/lib/crt1.o
LOAD C:/ETAS/Compiler/INTECRIO5.0/QNXCompiler-V6.5\target\qnx6/ppcbe-spe/lib/crti.o
LOAD C:/ETAS/Compiler/INTECRIO5.0/QNXCompiler-V6.5\host\win32\x86/usr/lib/gcc/powerpc-unknown-nto-qnx6.5.0/4.4.2/spe/crtbegin.o
LOAD C:\ETAS\Compiler\INTECRIO5.0\QNXCompiler-V6.5\target\qnx6\ppcbe-spe\lib\gcc\4.4.2/libcpp.so
                0x00000000                PROVIDE (__stack, 0x0)
                0x00000000                PROVIDE (___stack, 0x0)
                0x48040000                PROVIDE (__executable_start, 0x48040000)
                0x480400f4                . = (0x48040000 + SIZEOF_HEADERS)

.interp         0x480400f4       0x14
 *(.interp)
 .interp        0x480400f4       0x14 C:/ETAS/Compiler/INTECRIO5.0/QNXCompiler-V6.5\target\qnx6/ppcbe-spe/lib/crt1.o

.note           0x48040110       0x18
 .note          0x48040110       0x18 C:/ETAS/Compiler/INTECRIO5.0/QNXCompiler-V6.5\target\qnx6/ppcbe-spe/lib/crtn.o

.note.gnu.build-id
 *(.note.gnu.build-id)

.hash           0x48040128      0x6a0
 *(.hash)
 .hash          0x48040128      0x6a0 C:/ETAS/Compiler/INTECRIO5.0/QNXCompiler-V6.5\target\qnx6/ppcbe-spe/lib/crt1.o

.gnu.hash
 *(.gnu.hash)

.dynsym         0x480407c8      0xe10
 *(.dynsym)
 .dynsym        0x480407c8      0xe10 C:/ETAS/Compiler/INTECRIO5.0/QNXCompiler-V6.5\target\qnx6/ppcbe-spe/lib/crt1.o

.dynstr         0x480415d8      0xbca
 *(.dynstr)
 .dynstr        0x480415d8      0xbca C:/ETAS/Compiler/INTECRIO5.0/QNXCompiler-V6.5\target\qnx6/ppcbe-spe/lib/crt1.o

.gnu.version    0x480421a2      0x1c2
 *(.gnu.version)
 .gnu.version   0x480421a2      0x1c2 C:/ETAS/Compiler/INTECRIO5.0/QNXCompiler-V6.5\target\qnx6/ppcbe-spe/lib/crt1.o

.gnu.version_d  0x48042364        0x0
 *(.gnu.version_d)
 .gnu.version_d
                0x00000000        0x0 C:/ETAS/Compiler/INTECRIO5.0/QNXCompiler-V6.5\target\qnx6/ppcbe-spe/lib/crt1.o

.gnu.version_r  0x48042364       0x20
 *(.gnu.version_r)
 .gnu.version_r
                0x48042364       0x20 C:/ETAS/Compiler/INTECRIO5.0/QNXCompiler-V6.5\target\qnx6/ppcbe-spe/lib/crt1.o

.rel.dyn
 *(.rel.init)
 *(.rel.text .rel.text.* .rel.gnu.linkonce.t.*)
 *(.rel.fini)
 *(.rel.rodata .rel.rodata.* .rel.gnu.linkonce.r.*)
 *(.rel.data.rel.ro* .rel.gnu.linkonce.d.rel.ro.*)
 *(.rel.data .rel.data.* .rel.gnu.linkonce.d.*)
 *(.rel.tdata .rel.tdata.* .rel.gnu.linkonce.td.*)
 *(.rel.tbss .rel.tbss.* .rel.gnu.linkonce.tb.*)
 *(.rel.ctors)
 *(.rel.dtors)
 *(.rel.got)
 *(.rel.sdata .rel.sdata.* .rel.gnu.linkonce.s.*)
 *(.rel.sbss .rel.sbss.* .rel.gnu.linkonce.sb.*)
 *(.rel.sdata2 .rel.sdata2.* .rel.gnu.linkonce.s2.*)
 *(.rel.sbss2 .rel.sbss2.* .rel.gnu.linkonce.sb2.*)
 *(.rel.bss .rel.bss.* .rel.gnu.linkonce.b.*)

.rela.dyn       0x48042384       0x90
 *(.rela.init)
 *(.rela.text .rela.text.* .rela.gnu.linkonce.t.*)
 .rela.text     0x00000000        0x0 C:/ETAS/Compiler/INTECRIO5.0/QNXCompiler-V6.5\target\qnx6/ppcbe-spe/lib/crt1.o
 *(.rela.fini)
 *(.rela.rodata .rela.rodata.* .rela.gnu.linkonce.r.*)
 .rela.rodata   0x00000000        0x0 C:/ETAS/Compiler/INTECRIO5.0/QNXCompiler-V6.5\target\qnx6/ppcbe-spe/lib/crt1.o
 *(.rela.data .rela.data.* .rela.gnu.linkonce.d.*)
 .rela.data     0x00000000        0x0 C:/ETAS/Compiler/INTECRIO5.0/QNXCompiler-V6.5\target\qnx6/ppcbe-spe/lib/crt1.o
 *(.rela.tdata .rela.tdata.* .rela.gnu.linkonce.td.*)
 *(.rela.tbss .rela.tbss.* .rela.gnu.linkonce.tb.*)
 *(.rela.ctors)
 *(.rela.dtors)
 *(.rela.got)
 .rela.got      0x48042384       0x30 C:/ETAS/Compiler/INTECRIO5.0/QNXCompiler-V6.5\target\qnx6/ppcbe-spe/lib/crt1.o
 *(.rela.got1)
 *(.rela.got2)
 *(.rela.sdata .rela.sdata.* .rela.gnu.linkonce.s.*)
 *(.rela.sbss .rela.sbss.* .rela.gnu.linkonce.sb.*)
 .rela.sbss     0x00000000        0x0 C:/ETAS/Compiler/INTECRIO5.0/QNXCompiler-V6.5\target\qnx6/ppcbe-spe/lib/crt1.o
 *(.rela.sdata2 .rela.sdata2.* .rela.gnu.linkonce.s2.*)
 *(.rela.sbss2 .rela.sbss2.* .rela.gnu.linkonce.sb2.*)
 *(.rela.bss .rela.bss.* .rela.gnu.linkonce.b.*)
 .rela.bss      0x480423b4       0x60 C:/ETAS/Compiler/INTECRIO5.0/QNXCompiler-V6.5\target\qnx6/ppcbe-spe/lib/crt1.o
 .rela.os_pid   0x00000000        0x0 C:/ETAS/Compiler/INTECRIO5.0/QNXCompiler-V6.5\target\qnx6/ppcbe-spe/lib/crt1.o
 .rela.os_intvec
                0x00000000        0x0 C:/ETAS/Compiler/INTECRIO5.0/QNXCompiler-V6.5\target\qnx6/ppcbe-spe/lib/crt1.o

.rel.plt
 *(.rel.plt)

.rela.plt       0x48042414      0x930
 *(.rela.plt)
 .rela.plt      0x48042414      0x930 C:/ETAS/Compiler/INTECRIO5.0/QNXCompiler-V6.5\target\qnx6/ppcbe-spe/lib/crt1.o

.init           0x48042d44       0x24
 *(.init)
 .init          0x48042d44        0xc C:/ETAS/Compiler/INTECRIO5.0/QNXCompiler-V6.5\target\qnx6/ppcbe-spe/lib/crti.o
                0x48042d44                _init
 .init          0x48042d50        0x4 C:/ETAS/Compiler/INTECRIO5.0/QNXCompiler-V6.5\host\win32\x86/usr/lib/gcc/powerpc-unknown-nto-qnx6.5.0/4.4.2/spe/crtbegin.o
 .init          0x48042d54        0x4 C:/ETAS/Compiler/INTECRIO5.0/QNXCompiler-V6.5\host\win32\x86/usr/lib/gcc/powerpc-unknown-nto-qnx6.5.0/4.4.2/spe/crtend.o
 .init          0x48042d58       0x10 C:/ETAS/Compiler/INTECRIO5.0/QNXCompiler-V6.5\target\qnx6/ppcbe-spe/lib/crtn.o

.text           0x48042d68    0x4c568
                0x48042d68                _btext = .
 *(.text .stub .text.* .gnu.linkonce.t.*)
 .text          0x48042d68      0x118 C:/ETAS/Compiler/INTECRIO5.0/QNXCompiler-V6.5\target\qnx6/ppcbe-spe/lib/crt1.o
                0x48042d68                _start
 .text          0x48042e80        0x0 C:/ETAS/Compiler/INTECRIO5.0/QNXCompiler-V6.5\target\qnx6/ppcbe-spe/lib/crti.o
 .text          0x48042e80      0x1b8 C:/ETAS/Compiler/INTECRIO5.0/QNXCompiler-V6.5\host\win32\x86/usr/lib/gcc/powerpc-unknown-nto-qnx6.5.0/4.4.2/spe/crtbegin.o
 .text          0x48043038      0x24c ROOT_instances.o
                0x480431e0                initializeYukonModel
                0x48043088                getSystemTimeS
                0x48043050                getModelIdentificationString
                0x48043064                getDeltaT
                0x48043038                getIntecrioVersionNumber
                0x48043168                os_setDeltaT
                0x4804305c                getBuildEnvironment
                0x48043044                getBuildEnvironmentVersion
 .text          0x48043284        0x0 _INT_pid.pi.o
 .text          0x48043284       0x24 userFuncProcessCanPayload.o
                0x48043298                userCanInitHook
                0x480432a4                userCanTxHookV3
                0x4804329c                userCanExitHook
                0x48043284                userCanHookGetVersionAndCid
                0x480432a0                userCanRxHookV3
 .text          0x480432a8       0x24 userFuncProcessFlexRayPayload.o
                0x480432c8                userFlexRayPDURxHook
                0x480432c4                userFlexRayPDUTxHook
                0x480432a8                userFlexRayHookGetVersionAndCid
                0x480432bc                userFlexRayInitHook
                0x480432c0                userFlexRayExitHook
 .text          0x480432cc       0x60 OSC/i_rtawrapper.o
                0x4804330c                rtaActivateTask
                0x480432ec                rtaSchedule
                0x480432cc                rtaShutdownOS
 .text          0x4804332c      0x2f0 Car_State0/Car_State_instances.o
                0x480433d4                initClass_RTWTop_Car_State
                0x4804338c                initInstance_RTWTop_Car_State
                0x4804332c                setDeltaT_Car_State
                0x480435f0                initModel_RTWTop_Car_State
 .text          0x4804361c      0xc44 Car_State1/Car_State1.a(Car_State.o)
                0x48044054                MdlInitialize_Car_State
                0x48043630                Car_State_FALSE
                0x48043644                MdlOutputs_Car_State
                0x48043fd4                MdlUpdate_Car_State
                0x4804361c                Car_State_TRUE
                0x48044058                MdlStart_Car_State
                0x4804404c                MdlInitializeSizes_Car_State
                0x48044050                MdlInitializeSampleTimes_Car_State
                0x480440a8                Car_State
                0x480440a4                MdlTerminate_Car_State
 .text          0x48044260      0x550 Disconnections0/Disconnections_instances.o
                0x480442c0                initInstance_RTWTop_Disconnections
                0x48044784                initModel_RTWTop_Disconnections
                0x48044260                setDeltaT_Disconnections
                0x48044308                initClass_RTWTop_Disconnections
 .text          0x480447b0      0xd90 Disconnections1/Disconnections1.a(Disconnections.o)
                0x4804536c                MdlTerminate_Disconnections
                0x48045370                Disconnections
                0x48044820                Disconnectio_IfActionSubsystem3
                0x48044834                Disconnections_RigidAxle2024
                0x480452f4                MdlInitializeSampleTimes_Disconnections
                0x480447c4                Disconnections_Counting
                0x480452fc                MdlStart_Disconnections
                0x480447b0                Disconnections_Reset_counter
                0x480452f0                MdlInitializeSizes_Disconnections
                0x48044848                MdlOutputs_Disconnections
                0x480452f8                MdlInitialize_Disconnections
                0x480447e0                Disconnections_CAN_OK
                0x48045278                MdlUpdate_Disconnections
                0x4804480c                Disconnection_IfActionSubsystem
 .text          0x48045540      0x298 Ellipse0/Ellipse_instances.o
                0x480455e8                initClass_RTWTop_Ellipse
                0x48045540                setDeltaT_Ellipse
                0x480455a0                initInstance_RTWTop_Ellipse
                0x480457ac                initModel_RTWTop_Ellipse
 .text          0x480457d8      0x370 Ellipse1/Ellipse1.a(Ellipse.o)
                0x48045a1c                MdlOutputs_Ellipse
                0x48045858                MdlInitialize_Ellipse
                0x48045850                MdlInitializeSizes_Ellipse
                0x480457d8                MdlUpdate_Ellipse
                0x48045878                MdlTerminate_Ellipse
                0x4804585c                MdlStart_Ellipse
                0x48045854                MdlInitializeSampleTimes_Ellipse
                0x4804587c                Ellipse
 .text          0x48045b48      0x3a0 Inverters_Action0/Inverters_Action_instances.o
                0x48045ebc                initModel_RTWTop_Inverters_Action
                0x48045b48                setDeltaT_Inverters_Action
                0x48045bf0                initClass_RTWTop_Inverters_Action
                0x48045ba8                initInstance_RTWTop_Inverters_Action
 .text          0x48045ee8      0xcac Inverters_Action1/Inverters_Action1.a(Inverters_Action.o)
                0x48046054                MdlInitializeSizes_Inverters_Action
                0x4804605c                MdlInitialize_Inverters_Action
                0x480460ac                Inverters_Action
                0x48046060                MdlStart_Inverters_Action
                0x48045ee8                Inverters_Actio_EnumerationDone
                0x48045f68                Inverters_Acti_ActionnotDefined
                0x48045f90                Inverters_Action_TorqueCommand0
                0x48045fc0                MdlUpdate_Inverters_Action
                0x48045f10                Inverte_DisableDriveEnableDrive
                0x48045fac                Inverters_Acti_ResetEnumeration
                0x480460a8                MdlTerminate_Inverters_Action
                0x48046058                MdlInitializeSampleTimes_Inverters_Action
                0x48045f80                Inverters_Action_bypass
                0x480465a4                MdlOutputs_Inverters_Action
                0x4804644c                Inverters_Action_TorqueCommand
                0x48046288                Inverters_Ac_RegisterEnumerator
                0x48045efc                Inverters_Action_Unsubscribe
 .text          0x48046b94        0x0 Inverters_Action1/Inverters_Action1.a(Inverters_Action_data.o)
 .text          0x48046b94      0x354 Inverters_Data0/Inverters_Data_instances.o
                0x48046c3c                initClass_RTWTop_Inverters_Data
                0x48046bf4                initInstance_RTWTop_Inverters_Data
                0x48046b94                setDeltaT_Inverters_Data
                0x48046ebc                initModel_RTWTop_Inverters_Data
 .text          0x48046ee8      0x624 Inverters_Data1/Inverters_Data1.a(Inverters_Data.o)
                0x48046f58                MdlUpdate_Inverters_Data
                0x48046fd8                MdlInitialize_Inverters_Data
                0x48046f44                Inverters_Data_Signal_OK
                0x48047004                MdlTerminate_Inverters_Data
                0x48046f04                Inverters_Data_CAN_OK
                0x480471ac                MdlOutputs_Inverters_Data
                0x48046f30                Inverters_Data_Signal_Failure
                0x48047008                Inverters_Data
                0x48046fdc                MdlStart_Inverters_Data
                0x48046fd4                MdlInitializeSampleTimes_Inverters_Data
                0x48046ee8                Inverters_Data_Error_Counter
                0x48046fd0                MdlInitializeSizes_Inverters_Data
 .text          0x4804750c      0x290 Power_Control0/Power_Control_instances.o
                0x4804750c                setDeltaT_Power_Control
                0x4804756c                initInstance_RTWTop_Power_Control
                0x480475b4                initClass_RTWTop_Power_Control
                0x48047770                initModel_RTWTop_Power_Control
 .text          0x4804779c      0xc68 Power_Control1/Power_Control1.a(Power_Control.o)
                0x480478f0                MdlTerminate_Power_Control
                0x480478f4                Power_Control
                0x4804788c                MdlInitializeSampleTimes_Power_Control
                0x48047810                MdlUpdate_Power_Control
                0x48048110                MdlOutputs_Power_Control
                0x48047888                MdlInitializeSizes_Power_Control
                0x48047ae0                Power_Co_MotorL_Temp_Limitation
                0x480477e0                Pow_MotorL_Temp_Limitation_Init
                0x48047894                MdlStart_Power_Control
                0x48047890                MdlInitialize_Power_Control
                0x4804779c                Power_Control_LimitReached
                0x48047df8                Power_InverterL_Temp_Limitation
                0x480477b0                InverterL_Temp_Limitation_Init
 .text          0x48048404      0x358 Sensors0/Sensors_instances.o
                0x48048464                initInstance_RTWTop_Sensors
                0x48048730                initModel_RTWTop_Sensors
                0x48048404                setDeltaT_Sensors
                0x480484ac                initClass_RTWTop_Sensors
 .text          0x4804875c      0x6ac Sensors1/Sensors1.a(Sensors.o)
                0x48048770                Sensors_IfActionSubsystem1
                0x48048c24                MdlInitializeSampleTimes_Sensors
                0x48048c4c                MdlTerminate_Sensors
                0x4804875c                Sensors_IfActionSubsystem
                0x4804878c                MdlOutputs_Sensors
                0x48048ba8                MdlUpdate_Sensors
                0x48048c20                MdlInitializeSizes_Sensors
                0x48048c28                MdlInitialize_Sensors
                0x48048c2c                MdlStart_Sensors
                0x48048c50                Sensors
 .text          0x48048e08        0x0 Sensors1/Sensors1.a(Sensors_data.o)
 .text          0x48048e08      0x14c Synchronism0/Synchronism_instances.o
                0x48048eb0                initClass_RTWTop_Synchronism
                0x48048e68                initInstance_RTWTop_Synchronism
                0x48048f28                initModel_RTWTop_Synchronism
                0x48048e08                setDeltaT_Synchronism
 .text          0x48048f54      0x268 Synchronism1/Synchronism1.a(Synchronism.o)
                0x48049028                MdlInitializeSizes_Synchronism
                0x48049030                MdlInitialize_Synchronism
                0x48049034                MdlStart_Synchronism
                0x48049050                MdlTerminate_Synchronism
                0x48049054                Synchronism
                0x48048f54                MdlOutputs_Synchronism
                0x48048fb0                MdlUpdate_Synchronism
                0x4804902c                MdlInitializeSampleTimes_Synchronism
 .text          0x480491bc      0x528 VDC0/VDC_instances.o
                0x4804921c                initInstance_RTWTop_VDC
                0x480491bc                setDeltaT_VDC
                0x480496b8                initModel_RTWTop_VDC
                0x48049264                initClass_RTWTop_VDC
 .text          0x480496e4     0x21d4 VDC1/VDC1.a(VDC.o)
                0x48049d40                MdlOutputs_VDC
                0x480498a0                VDC_IfActionSubsystem1
                0x48049788                VDC_RIGIDAXLE
                0x4804994c                MdlInitialize_VDC
                0x480496e4                VDC_MATLABFunction
                0x480498cc                MdlUpdate_VDC
                0x480499f8                VDC
                0x4804984c                VDC_RIGIDAXLEWITHTC_Init
                0x48049950                MdlStart_VDC
                0x48049bc8                VDC_RIGIDAXLEWITHTC
                0x48049944                MdlInitializeSizes_VDC
                0x480499f4                MdlTerminate_VDC
                0x48049948                MdlInitializeSampleTimes_VDC
                0x480497b8                VDC_Torquedemandedbythedriver
                0x48049860                VDC_IfActionSubsystem
 .text          0x4804b8b8      0x2b4 SoC0/SoC_instances.o
                0x4804b918                initInstance_RTWTop_SoC
                0x4804b960                initClass_RTWTop_SoC
                0x4804b8b8                setDeltaT_SoC
                0x4804bb40                initModel_RTWTop_SoC
 .text          0x4804bb6c     0x1b3c SoC1/SoC1.a(SoC.o)
                0x4804d688                MdlUpdate_SoC
                0x4804bc20                rt_ODEDestroyIntegrationData_SoC
                0x4804bc1c                rt_ODECreateIntegrationData_SoC
                0x4804bc30                MdlInitialize_SoC
                0x4804bc2c                MdlInitializeSampleTimes_SoC
                0x4804d374                SoC_update
                0x4804c0c0                MdlStart_SoC
                0x4804bc24                rt_ODEUpdateContinuousStates_SoC
                0x4804d354                MdlOutputs_SoC
                0x4804bc18                SoC_terminate
                0x4804bc34                MdlTerminate_SoC
                0x4804bc28                MdlInitializeSizes_SoC
                0x4804bf10                SoC_initialize
                0x4804c0e0                SoC_output
                0x4804bb6c                SoC_derivatives
                0x4804bc38                SoC
 .text          0x4804d6a8        0x0 SoC1/SoC1.a(SoC_data.o)
 .text          0x4804d6a8        0x0 matlabsharedR2023b/matlabsharedR2023b.a(const_params.o)
 .text          0x4804d6a8      0x114 matlabsharedR2023b/matlabsharedR2023b.a(look1_binlxpw.o)
                0x4804d6a8                look1_binlxpw
 .text          0x4804d7bc      0x19c matlabsharedR2023b/matlabsharedR2023b.a(rt_nonfinite.o)
                0x4804d8c4                rt_InitInfAndNaN
                0x4804d848                rtIsNaN
                0x4804d89c                rtIsNaNF
                0x4804d808                rtIsInfF
                0x4804d7bc                rtIsInf
 .text          0x4804d958      0x220 matlabsharedR2023b/matlabsharedR2023b.a(look2_binlxpw.o)
                0x4804d958                look2_binlxpw
 .text          0x4804db78       0xd0 matlabsharedR2023b/matlabsharedR2023b.a(rtgetinf.o)
                0x4804db78                rtGetInf
                0x4804dbe0                rtGetMinusInf
                0x4804dc3c                rtGetMinusInfF
                0x4804dbd4                rtGetInfF
 .text          0x4804dc48       0x84 matlabsharedR2023b/matlabsharedR2023b.a(rtgetnan.o)
                0x4804dca8                rtGetNaNF
                0x4804dc48                rtGetNaN
 .text          0x4804dccc      0x434 OSC/osekdefs.o
                0x4804dfec                osE_ISR_CAN2
                0x4804dd8c                os_StartOS
                0x4804de78                os_pre_errorhook
                0x4804e048                osE_ISR_CAN1
                0x4804de98                Tick_etasCounter
                0x4804dfcc                osek_dispatch
                0x4804dccc                osResetOS
                0x4804e0a4                osE_etasL1Isr
 .text          0x4804e100        0x0 OSC/osgen.o
 .text          0x4804e100       0x4c OSC/TaskISRArchive.a(etasConfigTask.o)
                0x4804e100                osek_task_e_etasConfigTask
 .text          0x4804e14c       0x60 OSC/TaskISRArchive.a(Sync_25ms.o)
                0x4804e14c                osek_task_e_Sync_25ms
 .text          0x4804e1ac       0x54 OSC/TaskISRArchive.a(Timer_1000ms.o)
                0x4804e1ac                osek_task_e_Timer_1000ms
 .text          0x4804e200       0x54 OSC/TaskISRArchive.a(Timer_100ms.o)
                0x4804e200                osek_task_e_Timer_100ms
 .text          0x4804e254       0xa8 OSC/TaskISRArchive.a(Timer_25ms.o)
                0x4804e254                osek_task_e_Timer_25ms
 .text          0x4804e2fc       0x6c OSC/TaskISRArchive.a(Timer_Inv.o)
                0x4804e2fc                osek_task_e_Timer_Inv
 .text          0x4804e368       0x50 OSC/TaskISRArchive.a(SWT_CAN1_AP_BMS_SDC.o)
                0x4804e368                osek_task_e_SWT_CAN1_AP_BMS_SDC
 .text          0x4804e3b8       0x50 OSC/TaskISRArchive.a(SWT_CAN1_AP_CurrentSensor.o)
                0x4804e3b8                osek_task_e_SWT_CAN1_AP_CurrentSensor
 .text          0x4804e408       0x50 OSC/TaskISRArchive.a(SWT_CAN1_AP_BMS_Voltages.o)
                0x4804e408                osek_task_e_SWT_CAN1_AP_BMS_Voltages
 .text          0x4804e458       0x50 OSC/TaskISRArchive.a(SWT_CAN1_AP_BMS_ChargerParameters.o)
                0x4804e458                osek_task_e_SWT_CAN1_AP_BMS_ChargerParameters
 .text          0x4804e4a8       0x50 OSC/TaskISRArchive.a(SWT_CAN1_AP_BMS_Temperatures.o)
                0x4804e4a8                osek_task_e_SWT_CAN1_AP_BMS_Temperatures
 .text          0x4804e4f8       0x50 OSC/TaskISRArchive.a(SWT_CAN1_AP_Inverter_R_Tx.o)
                0x4804e4f8                osek_task_e_SWT_CAN1_AP_Inverter_R_Tx
 .text          0x4804e548       0x50 OSC/TaskISRArchive.a(SWT_CAN1_AP_Inverter_L_Tx.o)
                0x4804e548                osek_task_e_SWT_CAN1_AP_Inverter_L_Tx
 .text          0x4804e598       0x50 OSC/TaskISRArchive.a(SWT_CAN1_AP_DASH_Mode.o)
                0x4804e598                osek_task_e_SWT_CAN1_AP_DASH_Mode
 .text          0x4804e5e8       0x50 OSC/TaskISRArchive.a(SWT_CAN1_NM_BMS_Keep_Alive.o)
                0x4804e5e8                osek_task_e_SWT_CAN1_NM_BMS_Keep_Alive
 .text          0x4804e638       0x50 OSC/TaskISRArchive.a(SWT_CAN1_AP_BMS_AIRs_State.o)
                0x4804e638                osek_task_e_SWT_CAN1_AP_BMS_AIRs_State
 .text          0x4804e688       0x50 OSC/TaskISRArchive.a(SWT_CAN1_NM_DASH_Keep_Alive.o)
                0x4804e688                osek_task_e_SWT_CAN1_NM_DASH_Keep_Alive
 .text          0x4804e6d8       0x50 OSC/TaskISRArchive.a(SWT_CAN1_AP_DASH_PrechargeRequest.o)
                0x4804e6d8                osek_task_e_SWT_CAN1_AP_DASH_PrechargeRequest
 .text          0x4804e728       0x50 OSC/TaskISRArchive.a(SWT_CAN1_AP_DASH_EnableDrive.o)
                0x4804e728                osek_task_e_SWT_CAN1_AP_DASH_EnableDrive
 .text          0x4804e778       0x50 OSC/TaskISRArchive.a(SWT_CAN2_AP_ELLIPSE_GPS_VEL.o)
                0x4804e778                osek_task_e_SWT_CAN2_AP_ELLIPSE_GPS_VEL
 .text          0x4804e7c8       0x50 OSC/TaskISRArchive.a(SWT_CAN2_MEAS_RECU_SDC.o)
                0x4804e7c8                osek_task_e_SWT_CAN2_MEAS_RECU_SDC
 .text          0x4804e818       0x50 OSC/TaskISRArchive.a(SWT_CAN2_MEAS_FECU_SDC.o)
                0x4804e818                osek_task_e_SWT_CAN2_MEAS_FECU_SDC
 .text          0x4804e868       0x50 OSC/TaskISRArchive.a(SWT_CAN2_AP_ELLIPSE_EKF_POS.o)
                0x4804e868                osek_task_e_SWT_CAN2_AP_ELLIPSE_EKF_POS
 .text          0x4804e8b8       0x50 OSC/TaskISRArchive.a(SWT_CAN2_AP_ELLIPSE_IMU_ACCEL.o)
                0x4804e8b8                osek_task_e_SWT_CAN2_AP_ELLIPSE_IMU_ACCEL
 .text          0x4804e908       0x50 OSC/TaskISRArchive.a(SWT_CAN2_AP_ELLIPSE_EKF_EULER.o)
                0x4804e908                osek_task_e_SWT_CAN2_AP_ELLIPSE_EKF_EULER
 .text          0x4804e958       0x50 OSC/TaskISRArchive.a(SWT_CAN2_AP_ELLIPSE_EKF_VEL.o)
                0x4804e958                osek_task_e_SWT_CAN2_AP_ELLIPSE_EKF_VEL
 .text          0x4804e9a8       0x50 OSC/TaskISRArchive.a(SWT_CAN2_NM_ELLIPSE_Status.o)
                0x4804e9a8                osek_task_e_SWT_CAN2_NM_ELLIPSE_Status
 .text          0x4804e9f8       0x50 OSC/TaskISRArchive.a(SWT_CAN2_AP_ELLIPSE_IMU_GYRO.o)
                0x4804e9f8                osek_task_e_SWT_CAN2_AP_ELLIPSE_IMU_GYRO
 .text          0x4804ea48       0x50 OSC/TaskISRArchive.a(SWT_CAN2_AP_ELLIPSE_VEL_Valid.o)
                0x4804ea48                osek_task_e_SWT_CAN2_AP_ELLIPSE_VEL_Valid
 .text          0x4804ea98       0x50 OSC/TaskISRArchive.a(SWT_CAN2_AP_RECU_Data.o)
                0x4804ea98                osek_task_e_SWT_CAN2_AP_RECU_Data
 .text          0x4804eae8       0x50 OSC/TaskISRArchive.a(SWT_CAN2_NM_FECU_Keep_Alive.o)
                0x4804eae8                osek_task_e_SWT_CAN2_NM_FECU_Keep_Alive
 .text          0x4804eb38       0x50 OSC/TaskISRArchive.a(SWT_CAN2_NM_RECU_Keep_Alive.o)
                0x4804eb38                osek_task_e_SWT_CAN2_NM_RECU_Keep_Alive
 .text          0x4804eb88       0x50 OSC/TaskISRArchive.a(SWT_CAN2_AP_FECU_Data2.o)
                0x4804eb88                osek_task_e_SWT_CAN2_AP_FECU_Data2
 .text          0x4804ebd8       0x50 OSC/TaskISRArchive.a(SWT_CAN2_AP_FECU_Data1.o)
                0x4804ebd8                osek_task_e_SWT_CAN2_AP_FECU_Data1
 .text          0x4804ec28       0x4c OSC/TaskISRArchive.a(ISR_CAN1.o)
                0x4804ec28                osek_isr_e_ISR_CAN1
 .text          0x4804ec74       0x4c OSC/TaskISRArchive.a(ISR_CAN2.o)
                0x4804ec74                osek_isr_e_ISR_CAN2
 .text          0x4804ecc0       0x50 OSC/TaskISRArchive.a(SWT_CAN2_AP_ELLIPSE_AUTO.o)
                0x4804ecc0                osek_task_e_SWT_CAN2_AP_ELLIPSE_AUTO
 .text          0x4804ed10       0x40 OSC/etasActivateTaskIsr.o
                0x4804ed10                osek_isr_e_etasActivateTaskIsr
 .text          0x4804ed50       0x48 OSC/etasL1Isr.o
                0x4804ed50                osek_isr_e_etasL1Isr
 .text          0x4804ed98       0x44 OSC/etasL1Task.o
                0x4804ed98                osek_task_e_etasL1Task
 .text          0x4804eddc       0x40 OSC/etasTimerIsr.o
                0x4804eddc                osek_isr_e_etasTimerIsr
 .text          0x4804ee1c       0x40 OSC/etasStopOsIsr.o
                0x4804ee1c                osek_isr_e_etasStopOsIsr
 .text          0x4804ee5c      0x254 OSC/DriverThreads.o
                0x4804ee5c                etasCreateDriverThreads
 .text          0x4804f0b0        0x0 OSC/ISRFunctions.o
 .text          0x4804f0b0      0x1f4 OSC/osc_dyn.o
                0x4804f260                etasInitTasks
                0x4804f18c                TimerInitTask
                0x4804f15c                etasExitTasks
                0x4804f0bc                TimerExitTask
                0x4804f0b8                etasInactiveExitTask
                0x4804f0b4                etasStartupExitTask
                0x4804f238                etasStartupInitTask
                0x4804f0b0                etasInactiveInitTask
 .text          0x4804f2a4        0xc OSC/rtaInterface.o
                0x4804f2a4                etasGetCounterPeriodUs
                0x4804f2ac                StackFaultHook
 .text          0x4804f2b0      0x620 OSC/ETCHooks.o
                0x4804f5f8                rtioHook_15_0
                0x4804f6e8                rtioHook_9_0
                0x4804f670                rtioHook_12_0
                0x4804f558                rtioHook_19_0
                0x4804f5a8                rtioHook_17_0
                0x4804f828                rtioHook_1_0
                0x4804f7b0                rtioHook_4_0
                0x4804f350                rtioHook_32_0
                0x4804f4b8                rtioHook_23_0
                0x4804f3a0                rtioHook_30_0
                0x4804f508                rtioHook_21_0
                0x4804f2d8                rtioHook_35_0
                0x4804f440                rtioHook_26_0
                0x4804f8a4                rtioHook_37_0
                0x4804f3f0                rtioHook_28_0
                0x4804f328                rtioHook_33_0
                0x4804f490                rtioHook_24_0
                0x4804f878                rtioHook_38_0
                0x4804f3c8                rtioHook_29_0
                0x4804f378                rtioHook_31_0
                0x4804f738                rtioHook_7_0
                0x4804f4e0                rtioHook_22_0
                0x4804f850                rtioHook_0_0
                0x4804f580                rtioHook_18_0
                0x4804f648                rtioHook_13_0
                0x4804f698                rtioHook_11_0
                0x4804f5d0                rtioHook_16_0
                0x4804f760                rtioHook_6_0
                0x4804f620                rtioHook_14_0
                0x4804f710                rtioHook_8_0
                0x4804f530                rtioHook_20_0
                0x4804f800                rtioHook_2_0
                0x4804f300                rtioHook_34_0
                0x4804f468                rtioHook_25_0
                0x4804f7d8                rtioHook_3_0
                0x4804f6c0                rtioHook_10_0
                0x4804f788                rtioHook_5_0
                0x4804f2b0                rtioHook_36_0
                0x4804f418                rtioHook_27_0
 .text          0x4804f8d0     0x1068 OSC/XbarHooks.o
                0x4804f948                crossbarHook_34_4
                0x4804f9e8                crossbarHook_34_0
                0x4804ff10                crossbarHook_21_0
                0x48050208                crossbarHook_2_0
                0x48050078                crossbarHook_12_0
                0x48050360                crossbarHook_38_13
                0x4804fd58                crossbarHook_30_2
                0x48050620                crossbarHook_37_17
                0x4804fe48                crossbarHook_26_0
                0x48050780                crossbarHook_37_9
                0x4804ffb0                crossbarHook_17_0
                0x480506d0                crossbarHook_37_13
                0x48050140                crossbarHook_7_0
                0x4804fb50                crossbarHook_33_7
                0x48050830                crossbarHook_37_5
                0x480508e0                crossbarHook_37_1
                0x48050190                crossbarHook_5_0
                0x4804fbf0                crossbarHook_33_3
                0x48050468                crossbarHook_38_7
                0x4804f8d0                crossbarHook_36_0
                0x4804fec0                crossbarHook_23_0
                0x48050028                crossbarHook_14_0
                0x48050518                crossbarHook_38_3
                0x4804fa88                crossbarHook_33_12
                0x4804f920                crossbarHook_34_5
                0x480502b0                crossbarHook_38_17
                0x4804f9c0                crossbarHook_34_1
                0x4804fa10                crossbarHook_33_15
                0x48050334                crossbarHook_38_14
                0x480503e4                crossbarHook_38_10
                0x4804fd30                crossbarHook_30_3
                0x480506a4                crossbarHook_37_14
                0x48050754                crossbarHook_37_10
                0x480507ac                crossbarHook_37_8
                0x4804fb78                crossbarHook_33_6
                0x4805085c                crossbarHook_37_4
                0x4805090c                crossbarHook_37_0
                0x4804fe98                crossbarHook_24_0
                0x48050000                crossbarHook_15_0
                0x4804f8f8                crossbarHook_35_0
                0x4804fee8                crossbarHook_22_0
                0x4804fc18                crossbarHook_33_2
                0x48050050                crossbarHook_13_0
                0x48050230                crossbarHook_1_0
                0x4804fce0                crossbarHook_31_1
                0x4804fe20                crossbarHook_27_0
                0x4804ff88                crossbarHook_18_0
                0x4805043c                crossbarHook_38_8
                0x480504ec                crossbarHook_38_4
                0x48050168                crossbarHook_6_0
                0x4804fe70                crossbarHook_25_0
                0x4804fab0                crossbarHook_33_11
                0x4805059c                crossbarHook_38_0
                0x4804ffd8                crossbarHook_16_0
                0x4804fad8                crossbarHook_33_10
                0x4804f998                crossbarHook_34_2
                0x48050284                crossbarHook_38_18
                0x4804fa38                crossbarHook_33_14
                0x48050308                crossbarHook_38_15
                0x4804fcb8                crossbarHook_32_0
                0x480505f4                crossbarHook_37_18
                0x480503b8                crossbarHook_38_11
                0x480500c8                crossbarHook_10_0
                0x48050678                crossbarHook_37_15
                0x48050118                crossbarHook_8_0
                0x48050728                crossbarHook_37_11
                0x4804fda8                crossbarHook_30_0
                0x480507d8                crossbarHook_37_7
                0x48050888                crossbarHook_37_3
                0x4804fb00                crossbarHook_33_9
                0x4804fba0                crossbarHook_33_5
                0x480501e0                crossbarHook_3_0
                0x4804fc40                crossbarHook_33_1
                0x4804fd08                crossbarHook_31_0
                0x48050410                crossbarHook_38_9
                0x480504c0                crossbarHook_38_5
                0x48050570                crossbarHook_38_1
                0x48050258                crossbarHook_38_19
                0x4804f970                crossbarHook_34_3
                0x4804fa60                crossbarHook_33_13
                0x4804fc90                crossbarHook_32_1
                0x4804fdf8                crossbarHook_28_0
                0x4804ff60                crossbarHook_19_0
                0x480502dc                crossbarHook_38_16
                0x480505c8                crossbarHook_37_19
                0x4805038c                crossbarHook_38_12
                0x4804fd80                crossbarHook_30_1
                0x4804fdd0                crossbarHook_29_0
                0x4805064c                crossbarHook_37_16
                0x480506fc                crossbarHook_37_12
                0x48050804                crossbarHook_37_6
                0x4804fb28                crossbarHook_33_8
                0x480508b4                crossbarHook_37_2
                0x4804fbc8                crossbarHook_33_4
                0x4804fc68                crossbarHook_33_0
                0x4804ff38                crossbarHook_20_0
                0x480500a0                crossbarHook_11_0
                0x48050494                crossbarHook_38_6
                0x48050544                crossbarHook_38_2
                0x480500f0                crossbarHook_9_0
                0x480501b8                crossbarHook_4_0
 .text          0x48050938        0x0 ETC/FormulaTable.o
 .text          0x48050938        0x0 ETC/DriverTable.o
 .text          0x48050938        0x0 ETC/MappingFunctionTable.o
 .text          0x48050938        0x0 ETC/RtioL1RecordTable.o
 .text          0x48050938        0x0 ETC/XCPTransportLayerFunctionsTable.o
 .text          0x48050938        0x0 ETC/ChecksumAlgoTables.o
 .text          0x48050938        0x0 CBC/CopyFunctionTable.o
 .text          0x48050938        0x0 CBC/CrossbarL1RecordTable.o
 .text          0x48050938       0x48 C:/ETAS/Compiler/INTECRIO5.0/QNXCompiler-V6.5\host\win32\x86/usr/lib/gcc/powerpc-unknown-nto-qnx6.5.0/4.4.2/spe/libgcc.a(_fixunsdfdi.o)
                0x48050938                __fixunsdfdi
 .text          0x48050980       0x40 C:/ETAS/Compiler/INTECRIO5.0/QNXCompiler-V6.5\host\win32\x86/usr/lib/gcc/powerpc-unknown-nto-qnx6.5.0/4.4.2/spe/libgcc.a(_floatundidf.o)
                0x48050980                __floatundidf
 .text          0x480509c0       0x98 C:/ETAS/Compiler/INTECRIO5.0/QNXCompiler-V6.5\host\win32\x86/usr/lib/gcc/powerpc-unknown-nto-qnx6.5.0/4.4.2/spe/crtend.o
 .text          0x48050a58        0x0 C:/ETAS/Compiler/INTECRIO5.0/QNXCompiler-V6.5\target\qnx6/ppcbe-spe/lib/crtn.o
 .text          0x48050a58     0x23b4 C:\Program Files (x86)\ETAS\INTECRIO5.0\Target\Etarget\ES910\libes910.a(i_rtautil.o)
                0x48050d80                etasActivateTaskViaIsr
                0x4805227c                startTaskHookMon
                0x48051324                ErrorHook
                0x48050b28                osTraceStopwatch
                0x4805109c                switchToInactiveAppMode
                0x48050a64                isAppModeSwitchPending
                0x48051f84                etasStartIsrHookMon
                0x48052194                etasStartIsrHook
                0x48050c58                getModelRuntime
                0x48050dac                restartModelProcess
                0x48050a58                GetNextAppMode
                0x48050cd0                etasActivateTaskWithIdViaIsrHandler
                0x48052080                etasEndIsrHook
                0x48050a94                checkInterruptOccurence
                0x480525a8                osekThreadSuspendRtSignals
                0x480520b8                etasEndIsrHookMon
                0x48051064                getCurTaskMonitor
                0x48051260                GetStopwatchUncertainty
                0x48052418                endTaskHook
                0x4805114c                delayInitExitTask
                0x48050ab0                rtaInitTarget
                0x480512b8                OverrunHook
                0x48050d3c                etasActivateTaskWithIdViaIsr
                0x48052354                startTaskHook
                0x48050b9c                etasDeInstallOsErrorHook
                0x480528ac                applicationModeManager
                0x48050e6c                terminateModelProcess
                0x48051ca4                StartupHook
                0x4805256c                osekThreadResumeRtSignals
                0x48051018                lockCriticalSection
                0x48050f30                isRtaOsekThreadContext
                0x48050b30                isInsideInitExitTask
                0x48050b5c                isInsideExitTask
                0x48051650                ShutdownHook
                0x48050f64                unlockCriticalSection
                0x48050b74                etasInstallOsErrorHook
                0x48052490                endTaskHookMon
                0x48050a80                resetInterruptFlag
                0x48050b20                GetStopwatch
                0x48050aac                etasRTATraceInitProcess
                0x48050b14                GetDeltaT
                0x48050bc8                SetNextAppMode
                0x48051214                tempMgrRegisterSigtermEvent
                0x48050b44                isInsideInitTask
                0x48050aa0                getLastInterruptTimeTicks
 .text          0x48052e0c     0x2058 C:\Program Files (x86)\ETAS\INTECRIO5.0\Target\Etarget\ES910\libes910.a(t_driverThreads.o)
                0x48053bf8                osek_sendto
                0x48053490                osek_msync
                0x480531f0                osek_vfprintf
                0x48054270                osek_MsgReceive
                0x48053fd8                osek_MsgRead
                0x48053a84                osek_cmsSendMessage
                0x48052f94                osek_malloc
                0x48052f48                osek_free
                0x48052ed4                osek_fsync
                0x48053678                osek_unlink
                0x48053330                osek_munmap
                0x48053cd0                osek_devctl
                0x48053eb4                osek_close
                0x48053998                osek_cmsReceiveMessage
                0x480536ec                osek_system
                0x48054138                osek_MsgError
                0x48054494                osek_send
                0x480541c0                osek_MsgReply
                0x480532a8                osek_ftruncate
                0x48054088                osek_MsgWrite
                0x480535dc                osek_lseek
                0x48054320                osek_MsgSend
                0x48053b20                osek_recvfrom
                0x4805352c                osek_fwrite
                0x48053124                osek_vslogf
                0x48053760                osek_cmsReceiveMessageEx
                0x48052e0c                etasSetNumberOfDriverThreads
                0x48054544                etasCreateDriverThread
                0x480533b8                osek_mmap
                0x48053e18                osek_write
                0x480543e4                osek_recv
                0x48053008                osek_etasLogCoreFeedRecordToBackends
                0x48053d7c                osek_read
                0x480538e8                osek_cmsErrorState
                0x4805384c                osek_cmsSendMessageEx
                0x48053f28                osek_open
 .text          0x48054e64      0x8fc C:\Program Files (x86)\ETAS\INTECRIO5.0\Target\Etarget\ES910\libes910.a(t_idle.o)
                0x48055688                initRtaTraceSupport
                0x48055098                etasIdleProcess
                0x48054f24                signalStartupHookTermination
                0x48054eb0                apsGetPartitionId
                0x48054f54                apsJoinPartition
                0x48054ef4                signalShutdownHookTermination
                0x48054ebc                getSysLoad
                0x48054e64                etasInstallIdleHook
                0x48054e8c                etasDeInstallIdleHook
 .text          0x48055760     0x1fcc C:\Program Files (x86)\ETAS\INTECRIO5.0\Target\Etarget\ES910\libes910.a(t_l1com.o)
                0x48055760                setL1ComBufferSize
                0x480557a0                l1SetBusyState
                0x48055920                l1SignalIdleState
                0x48055cc8                waitForL1Request
                0x480562b8                createL1ModelThread
                0x48056204                serveL1Request
                0x48055c10                etasL1Process
 .text          0x4805772c      0xcc4 C:\Program Files (x86)\ETAS\INTECRIO5.0\Target\Etarget\ES910\libes910.a(t_main.o)
                0x48057988                main
 .text          0x480583f0      0x9f0 C:\Program Files (x86)\ETAS\INTECRIO5.0\Target\Etarget\ES910\libes910.a(t_mlog.o)
                0x48058414                getDriverLogging
                0x48058420                getUserSeverity
                0x48058408                getUserLogging
                0x480584ac                mlog_setSeverityFilterUser
                0x48058480                mlog_setSeverityFilterDrv
                0x4805842c                getDriverSeverity
                0x48058b68                mlog_init
                0x4805886c                mlog_updateLoggingConfiguration
                0x480583f0                getUserLogChan
                0x48058958                mlog_startLogConfigThread
                0x480583fc                getDrvLogChan
                0x48058438                mlog_debugLog
 .text          0x48058de0      0xfac C:\Program Files (x86)\ETAS\INTECRIO5.0\Target\Etarget\ES910\libes910.a(t_qnxtargetutil.o)
                0x4805930c                qnxThreadJoinPartition
                0x4805903c                qnxLockSetSockEnvironmentVariable
                0x4805975c                qnxPrintProcesses
                0x48058df0                qnxCheckBootFromFlash
                0x4805968c                qnxPrintCpuLoad
                0x48058e0c                qnxCheckHaltedModel
                0x48058e34                qnxRestoreUnlockSockEnvironmentVariable
                0x48058de0                qnxSetBootFromFlash
                0x48059ca4                qnxPrintSavedErrorMessages
                0x48058e18                qnxSetStandalone
                0x48059628                qnxAdjustThreadPriority
                0x48058dfc                qnxSetHaltedModel
                0x4805938c                qnxGetSetRunInheritMask
                0x48058e28                qnxCheckStandalone
 .text          0x48059d8c      0x638 C:\Program Files (x86)\ETAS\INTECRIO5.0\Target\Etarget\ES910\libes910.a(t_targetutil.o)
                0x48059ddc                initL2CachePerfMeas
                0x4805a304                es910GetSerialNumber
                0x48059d8c                GetSystemTimeLow
                0x4805a2ac                es910GetPcbRevision
                0x4805a2e0                es910PiggyGetSerialNumber
                0x48059f38                getL2CachePerf
                0x4805a040                es910PrintFwVersions
                0x48059ee4                getL2CachePerfRaw
                0x48059d9c                GetSystemTime
                0x4805a390                es910MapCCSRMemoryRange
                0x48059d94                GetSystemTimeHigh
                0x4805a278                es910PiggyGetPcbRevision
                0x4805a328                waitMicroseconds
 .text          0x4805a3c4      0x2f4 C:\Program Files (x86)\ETAS\INTECRIO5.0\Target\Etarget\ES910\libes910.a(t_watchdog.o)
                0x4805a3d4                wdDisableAutoService
                0x4805a49c                etasServiceWatchdog
                0x4805a42c                wdService
                0x4805a514                wdSetEventPeriod
                0x4805a3c4                wdEnableAutoService
                0x4805a3e4                wdSetApplicationName
                0x4805a46c                triggerWD
                0x4805a3f0                wdDisconnect
 .text          0x4805a6b8      0x848 C:\Program Files (x86)\ETAS\INTECRIO5.0\Target\Etarget\ES910\libes910.a(p_chario.o)
                0x4805ac6c                IOWrite
                0x4805a6b8                IOIsLogOn
                0x4805a6c4                IOLogOff
                0x4805a720                IOLogOn
                0x4805a9ec                IOPrintf
 .text          0x4805af00      0x31c C:\Program Files (x86)\ETAS\INTECRIO5.0\Target\Etarget\ES910\libes910.a(t_hwTimeSync.o)
                0x4805af00                es9xxTimeSyncGetTimerValue
                0x4805aff4                es9xxTimeSyncGetTimerStatus
                0x4805b148                es9xxTimeSyncInit
                0x4805af84                getLocalSystemTime
 .text          0x4805b21c      0x224 C:\Program Files (x86)\ETAS\INTECRIO5.0\Target\Etarget\ES910\libes910.a(t_led.o)
                0x4805b21c                userLed2Off
                0x4805b2b4                userLed2Toggle
                0x4805b3c0                ledsOff
                0x4805b388                userLed1Toggle
                0x4805b33c                userLed1On
                0x4805b2ec                userLed1Off
                0x4805b268                userLed2On
 .text          0x4805b440     0x2178 C:\Program Files (x86)\ETAS\INTECRIO5.0\Target\Etarget\ES910\libtarget.a(a_dacqui.o)
                0x4805ca94                asdSimPreCall
                0x4805d548                asdSimPostCall
                0x4805cb18                getDacqTimeFor
                0x4805d440                storeMeasureDataForGroup
                0x4805cc90                applicationStartUserMode
                0x4805cc68                resetLogSimulationTime
                0x4805b6f8                etasAscetLoggingBufferFillLevel
                0x4805cbdc                getLogSimulationTime
                0x4805b72c                etasAscetLoggingOverflowCounter
                0x4805b770                asdDisableUserDefinedTime
                0x4805cc04                getSimulationTime
                0x4805b694                setSimulationTime
                0x4805b760                asdEnableUserDefinedTime
                0x4805c7d0                checkForBufferOverflow
                0x4805cc30                resetDacqTimeFor
                0x4805b668                setLogSimulationTime
                0x4805b660                setDacqTimeFor
                0x4805b440                applicationStopUserMode
                0x4805cd70                timeMeasurementStop
                0x4805b6c4                etasAscetLoggingBufferSize
                0x4805ce18                logDataForChannel
                0x4805d264                storeLogDataForGroup
                0x4805cdc4                timeMeasurementStart
                0x4805cd10                timeInSeconds
 .text          0x4805d5b8       0xd8 C:\Program Files (x86)\ETAS\INTECRIO5.0\Target\Etarget\ES910\libtarget.a(a_l1pro.o)
                0x4805d5b8                forwardToProcess
                0x4805d614                startUpSimulation
 .text          0x4805d690     0x4c88 C:\Program Files (x86)\ETAS\INTECRIO5.0\Target\Etarget\ES910\libtarget.a(a_primit.o)
                0x48061ddc                v3_initInstance_uint16
                0x4805f534                Vec_uint32_getAtProtected
                0x48060a58                v3_initInstance_Mat_real64
                0x48060100                v3_initInstance_Mat_bool
                0x48061a58                initInstance_GroupCharTable2
                0x48061694                initInstance_Vec_real32
                0x4805ecc4                Mat_sint16_setAtProtected
                0x4805eb3c                Mat_uint16_setAtProtected
                0x48060804                v3_initInstance_Mat_sint8
                0x4806092c                v3_initInstance_Mat_real32
                0x48060484                v3_initInstance_Mat_uint16
                0x4805f3a8                Vec_qreal64_getAtProtected
                0x480622a8                delete_Mat
                0x4805df18                addVector
                0x48060d3c                v3_initInstance_Vec_bool
                0x4806058c                initInstance_Mat_uint16
                0x48061a34                initInstance_uint32
                0x48061ee0                initInstance_sint16
                0x4805fd60                qreal64_set
                0x4806209c                initInstance_real32
                0x48061434                initInstance_Vec_uint8
                0x480621e8                delete_CharTable2
                0x4805f8c0                Vec_uint8_getAtProtected
                0x48061e4c                initInstance_uint16
                0x4805d71c                removeMatrix
                0x4805f844                Vec_uint8_setAtProtected
                0x48060358                v3_initInstance_Mat_sint32
                0x48060e48                initInstance_Vec_bool
                0x4805e5a4                Mat_real64_getAtProtected
                0x4805e4b4                Mat_real64_setAtProtected
                0x48060208                initInstance_Mat_bool
                0x480610a8                initInstance_Vec_sint32
                0x48061f04                v3_initInstance_uint8
                0x4805fc54                Vec_qreal64_setAtProtected
                0x4805dde4                addMatrix
                0x4805ff3c                v3_initInstance_Mat_qreal64
                0x4805f094                Mat_sint8_getAtProtected
                0x48061be0                initInstance_GroupCharTable1
                0x4805ed90                Mat_sint16_getAtProtected
                0x48060e6c                v3_initInstance_Vec_uint32
                0x4805f99c                Vec_sint8_getAtProtected
                0x4805ea80                Mat_sint32_getAtProtected
                0x4805fa00                qreal64_adjust
                0x480622e0                delete_Vec
                0x480611fc                v3_initInstance_Vec_sint16
                0x48061308                initInstance_Vec_sint16
                0x4805f288                Vec_real64_setAtProtected
                0x4805f67c                Vec_uint16_setAtProtected
                0x4805f3d0                Vec_real32_setAtProtected
                0x480607e0                initInstance_Mat_uint8
                0x4805e8f8                Mat_uint32_getAtProtected
                0x4805d69c                getBasicType
                0x48061584                v3_initInstance_Vec_real32
                0x4805fb24                Mat_qreal64_setAtProtected
                0x4805f224                Vec_bool_getAtProtected
                0x48062138                initInstance_real64
                0x48060d04                initInstance_Vec_qreal64
                0x48062228                delete_GroupCharTable1
                0x48061d48                v3_initInstance_sint32
                0x48060a34                initInstance_Mat_real32
                0x4805f920                Vec_sint8_setAtProtected
                0x4805e770                Mat_real32_getAtProtected
                0x4805f1a4                Vec_bool_setAtProtected
                0x4805d80c                removeVector
                0x4805e3f8                Mat_bool_getAtProtected
                0x48062268                delete_CharTable1
                0x48061db8                initInstance_sint32
                0x4806022c                v3_initInstance_Mat_uint32
                0x48062008                initInstance_sint8
                0x48061b1c                initInstance_CharTable2
                0x480618f8                initInstance_qreal64
                0x4805e82c                Mat_uint32_setAtProtected
                0x4805ec08                Mat_uint16_getAtProtected
                0x48060b60                initInstance_Mat_real64
                0x480620c0                v3_initInstance_real64
                0x480619c4                v3_initInstance_uint32
                0x4805d6a8                getPrimitiveType
                0x4805e294                Mat_setCurSizeYProtected
                0x48061458                v3_initInstance_Vec_sint8
                0x48061f74                initInstance_uint8
                0x480610cc                v3_initInstance_Vec_uint16
                0x4805d690                getTypeSize
                0x48060460                initInstance_Mat_sint32
                0x4806202c                v3_initInstance_real32
                0x480621a8                delete_GroupCharTable2
                0x4805e32c                Mat_bool_setAtProtected
                0x48060334                initInstance_Mat_uint32
                0x480619a0                initInstance_bool
                0x4805f4b4                Vec_uint32_setAtProtected
                0x48060b84                v3_initInstance_Vec_qreal64
                0x480600c0                initInstance_Mat_qreal64
                0x4805e67c                Mat_qreal64_getAtProtected
                0x4806132c                v3_initInstance_Vec_uint8
                0x4805f618                Vec_sint32_getAtProtected
                0x480606b8                initInstance_Mat_sint16
                0x4805f6fc                Vec_uint16_getAtProtected
                0x4805f150                Vec_setCurSizeProtected
                0x48061f98                v3_initInstance_sint8
                0x4805f328                Vec_real64_getAtProtected
                0x4805ee4c                Mat_uint8_setAtProtected
                0x48060f78                initInstance_Vec_uint32
                0x480605b0                v3_initInstance_Mat_sint16
                0x4805f598                Vec_sint32_setAtProtected
                0x4806215c                initInstance_reference
                0x4805f7e0                Vec_sint16_getAtProtected
                0x4805efcc                Mat_sint8_setAtProtected
                0x4805e2e0                Mat_setCurSizeXProtected
                0x48061930                v3_initInstance_bool
                0x48061c94                initInstance_CharTable1
                0x480617e8                v3_initInstance_qreal64
                0x4805fea8                initInstance_quantInfo
                0x4805e6a4                Mat_real32_setAtProtected
                0x48060908                initInstance_Mat_sint8
                0x48060f9c                v3_initInstance_Vec_sint32
                0x4805f450                Vec_real32_getAtProtected
                0x4805e9b4                Mat_sint32_setAtProtected
                0x48061560                initInstance_Vec_sint8
                0x4805f760                Vec_sint16_setAtProtected
                0x4805ef14                Mat_uint8_getAtProtected
                0x48061e70                v3_initInstance_sint16
                0x480606dc                v3_initInstance_Mat_uint8
                0x480611d8                initInstance_Vec_uint16
                0x480617c4                initInstance_Vec_real64
                0x480616b8                v3_initInstance_Vec_real64
 .text          0x48062318       0x20 C:\Program Files (x86)\ETAS\INTECRIO5.0\Target\Etarget\ES910\libtarget.a(a_sysver.o)
                0x4806232c                getBuildRevision
                0x48062318                getSystemLibVersion
                0x48062324                getSystemLibCid
 .text          0x48062338     0x305c C:\Program Files (x86)\ETAS\INTECRIO5.0\Target\Etarget\ES910\libtarget.a(a_targma.o)
                0x48063238                perfMeasStop
                0x48063c08                asdMalloc
                0x48063ffc                addToActiveSimObjList
                0x480624b8                getTargetL1BufferSizeCode
                0x4806418c                asdWriteUserError
                0x48062450                setTargetL1BufferSize
                0x48064ac4                perfMeasDisplay
                0x4806241c                getSimObjPtr
                0x48063508                asdFree
                0x48064160                asdClearUserError
                0x48062510                resetPerfMeasObj
                0x480639dc                asdMallocNoInit
                0x4806497c                asdWriteUserDebug
                0x48062368                searchInActiveList
                0x48063bb4                asdCalloc
                0x480624ac                getTargetL1BufferSize
                0x480623c4                removeFromActiveSimObjList
                0x480632e0                perfMeasStart
                0x48062344                instanceTreeMallocOn
                0x48063b34                createPerfMeasObj
                0x48064d0c                etasInitModelProcess
                0x48062cdc                getObjectsRecursive
                0x4806334c                availableMemory
                0x48062354                instanceTreeMallocOff
                0x48063400                asdFreeAll
                0x48063e9c                updateCTBlocks
                0x48063864                asdRealloc
                0x48063824                deletePerfMeasObj
                0x48062338                getInstanceTreeMemoryConsumption
 .text          0x48065394     0x14ac C:\Program Files (x86)\ETAS\INTECRIO5.0\Target\Etarget\ES910\libtarget.a(i_cpyfnc.o)
                0x480656c4                copyPlainFromFloat
                0x480661f0                copyScalSatTypeSatFromFloat
                0x48066828                copyInt
                0x48066834                copyDouble
                0x4806681c                copyShort
                0x48065d58                copyScalFromValidFloat
                0x48065f9c                copyScalSatFromFloat
                0x480658e4                copySatFromFloat
                0x48065394                copyPlainToFloat
                0x480655e4                copyScalSatToFloat
                0x4806552c                copyScalToFloat
                0x48066810                copyByte
                0x480665b4                copyBoolSatFromFloat
                0x48065460                copySatToFloat
                0x48065b28                copyScalFromFloat
 .text          0x48066840     0x530c C:\Program Files (x86)\ETAS\INTECRIO5.0\Target\Etarget\ES910\libtarget.a(i_mapfnc.o)
                0x48066bd8                var2BufByteOffsetReal64
                0x48068eb0                var2BufBypassSint8
                0x48067c14                var2Buf64BitIntelSint32
                0x48066dc4                var2BufByteOffsetBool
                0x48069c94                var2BufIndirectMotorolaReal32
                0x48066b94                buf2VarSimpleUint8
                0x48066e58                buf2VarByteOffsetSint32
                0x4806a008                buf2VarIndirectMotorolaSint32
                0x4806b330                var2BufIndirectIntelSint16
                0x4806baf8                bufGenFrameInit
                0x48069b34                buf2VarGenFrameIntelSint32
                0x4806b84c                buf2VarBypassIntelUint16
                0x48067318                var2Buf64BitMotorolaUint16
                0x48067af8                var2Buf64BitIntelUint32
                0x480682fc                buf2Var64BitMotorolaReal32
                0x48068cac                var2BufBypassMotorolaReal64
                0x480673c4                var2Buf64BitMotorolaSint16
                0x48066ce0                var2BufByteOffsetSint16
                0x48066b4c                buf2VarSimpleSint32
                0x48068ff0                buf2VarBypassMotorolaSint32
                0x48066ea8                buf2VarByteOffsetSint8
                0x48069d58                var2BufIndirectMotorolaUint16
                0x48068fc0                buf2VarBypassMotorolaUint32
                0x480685cc                buf2Var64BitMotorolaUint8
                0x4806b688                var2BufBypassMaskedIntelBoolUint32
                0x48069f68                buf2VarIndirectMotorolaReal64
                0x48066a44                var2BufSimpleBool
                0x48069974                buf2VarGenFrameMotorolaSint32
                0x480684e8                buf2Var64BitMotorolaSint32
                0x480675c0                var2Buf64BitMotorolaBool
                0x48069af4                buf2VarGenFrameIntelUint32
                0x480698b4                var2BufGenFrameIntelBool
                0x48069874                var2BufGenFrameIntelSint8
                0x480695f4                var2BufGenFrameMotorolaSint16
                0x48069c74                var2BufIndirectMotorolaReal64
                0x48066d2c                var2BufByteOffsetUint8
                0x48066f58                var2Buf64BitMotorolaUint64
                0x480695b4                var2BufGenFrameMotorolaUint16
                0x4806b8dc                buf2VarBypassIntelUint32
                0x4806ba10                var2BufBypassIntelSint32
                0x48066b08                buf2VarSimpleReal64
                0x480690a0                buf2VarBypassIntelReal64
                0x48066e6c                buf2VarByteOffsetUint16
                0x480668bc                var2BufSimpleSint32
                0x480693c8                var2BufBypassMaskedUint8
                0x48069178                var2BufBypassMaskedMotorolaUint32
                0x48066d78                var2BufByteOffsetSint8
                0x48067788                var2Buf64BitIntelUint64
                0x48069f9c                buf2VarIndirectMotorolaReal32
                0x48068f70                buf2VarBypassMotorolaReal64
                0x480696b4                var2BufGenFrameMotorolaBool
                0x48067d30                var2Buf64BitIntelUint16
                0x48066bfc                var2BufByteOffsetUint32
                0x4806b1fc                buf2VarIndirectIntelUint16
                0x48066ec0                buf2VarByteOffsetBool
                0x4806b578                var2BufBypassMaskedIntelSint16
                0x48066aac                var2BufSimpleUint8Bool
                0x48068d74                var2BufBypassMotorolaUint16
                0x4806b600                var2BufBypassMaskedIntelUint16
                0x48066b34                buf2VarSimpleUint32
                0x48069674                var2BufGenFrameMotorolaSint8
                0x480676b8                var2Buf64BitIntelReal32
                0x4806a194                buf2VarIndirectSint8
                0x48068344                buf2Var64BitMotorolaUint64
                0x48069534                var2BufGenFrameMotorolaUint32
                0x4806a614                var2BufGenFrameMotorolaReal64
                0x4806ba70                var2BufBypassIntelUint32
                0x48069a34                buf2VarGenFrameMotorolaUint8
                0x48068530                buf2Var64BitMotorolaUint16
                0x48068c18                buf2Var64BitIntelSint8
                0x480696f4                var2BufGenFrameIntelReal32
                0x480686cc                buf2Var64BitIntelReal32
                0x48067664                var2Buf64BitIntelReal64
                0x4806929c                var2BufBypassMaskedMotorolaUint16
                0x48067940                var2Buf64BitIntelSint64
                0x480697b4                var2BufGenFrameIntelUint16
                0x4806b0fc                buf2VarGenFrameIntelReal64
                0x48068dc0                var2BufBypassMotorolaSint16
                0x4806b920                buf2VarBypassIntelReal32
                0x4806b898                buf2VarBypassIntelSint32
                0x48066c48                var2BufByteOffsetSint32
                0x4806883c                buf2Var64BitIntelSint64
                0x480698f4                buf2VarGenFrameMotorolaReal32
                0x4806bb24                bufBypassInit
                0x48068a54                buf2Var64BitIntelUint16
                0x48069240                var2BufBypassMaskedMotorolaBoolUint32
                0x4806b468                var2BufIndirectIntelUint32
                0x480699f4                buf2VarGenFrameMotorolaSint16
                0x48067470                var2Buf64BitMotorolaUint8
                0x48068748                buf2Var64BitIntelUint64
                0x48069bb4                buf2VarGenFrameIntelSint16
                0x48069774                var2BufGenFrameIntelSint32
                0x4806adec                buf2VarGenFrameMotorolaReal64
                0x48068b80                buf2Var64BitIntelUint8
                0x48069498                var2BufBypassMaskedBoolUint8
                0x4806accc                buf2VarGenFrameMotorolaUint64
                0x4806a090                buf2VarIndirectMotorolaSint16
                0x48069ab4                buf2VarGenFrameIntelReal32
                0x480671d0                var2Buf64BitMotorolaUint32
                0x4806b4d0                var2BufIndirectIntelReal32
                0x48066be8                var2BufByteOffsetReal32
                0x4806b500                var2BufBypassMaskedIntelBoolUint16
                0x48069140                buf2VarBypassSint8
                0x48068098                var2Buf64BitIntelSint8
                0x48067274                var2Buf64BitMotorolaSint32
                0x48068aec                buf2Var64BitIntelSint16
                0x48067f78                var2Buf64BitIntelUint8
                0x4806a49c                var2BufGenFrameMotorolaUint64
                0x480699b4                buf2VarGenFrameMotorolaUint16
                0x48069108                buf2VarBypassUint8
                0x48066efc                var2Buf64BitMotorolaReal32
                0x48069b74                buf2VarGenFrameIntelUint16
                0x48066ba8                buf2VarSimpleSint8
                0x48069cb0                var2BufIndirectMotorolaUint32
                0x4806af78                buf2VarGenFrameIntelSint64
                0x48069060                buf2VarBypassMotorolaSint16
                0x4806686c                var2BufSimpleUint32
                0x4806aba8                buf2VarGenFrameMotorolaSint64
                0x48066ed4                buf64BitInit
                0x4806a0dc                buf2VarIndirectIntelReal64
                0x4806b2f4                buf2VarIndirectIntelReal32
                0x48068d28                var2BufBypassMotorolaSint32
                0x4806b9b0                var2BufBypassIntelUint16
                0x48069a74                buf2VarGenFrameMotorolaSint8
                0x4806a324                var2BufGenFrameMotorolaSint64
                0x48069304                var2BufBypassMaskedMotorolaSint16
                0x4806936c                var2BufBypassMaskedMotorolaBoolUint16
                0x4806a950                var2BufGenFrameIntelUint64
                0x48069634                var2BufGenFrameMotorolaUint8
                0x480669ac                var2BufSimpleUint8
                0x48066e30                buf2VarByteOffsetReal32
                0x48069eb4                var2BufIndirectSint8
                0x48066b1c                buf2VarSimpleReal32
                0x4806b254                buf2VarIndirectIntelSint32
                0x4806b950                var2BufBypassIntelSint16
                0x480684a0                buf2Var64BitMotorolaUint32
                0x48068cdc                var2BufBypassMotorolaUint32
                0x4806b780                var2BufBypassMaskedIntelUint32
                0x48069e00                var2BufIndirectIntelReal64
                0x48069430                var2BufBypassMaskedSint8
                0x48066e44                buf2VarByteOffsetUint32
                0x480697f4                var2BufGenFrameIntelSint16
                0x48066bc0                buf2VarSimpleBool
                0x48066b64                buf2VarSimpleUint16
                0x4806861c                buf2Var64BitMotorolaSint8
                0x48069028                buf2VarBypassMotorolaUint16
                0x48066e20                buf2VarByteOffsetReal64
                0x4806b400                var2BufIndirectIntelSint32
                0x4806a04c                buf2VarIndirectMotorolaUint16
                0x4806b03c                buf2VarGenFrameIntelUint64
                0x48068e0c                var2BufBypassIntelReal64
                0x48068934                buf2Var64BitIntelUint32
                0x48068580                buf2Var64BitMotorolaSint16
                0x48069574                var2BufGenFrameMotorolaSint32
                0x480682d8                buf2Var64BitMotorolaReal64
                0x480683f0                buf2Var64BitMotorolaSint64
                0x48066e80                buf2VarByteOffsetSint16
                0x48069e60                var2BufIndirectUint8
                0x48069bf4                buf2VarGenFrameIntelUint8
                0x4806b398                var2BufIndirectIntelUint16
                0x4806a150                buf2VarIndirectUint8
                0x48069f08                var2BufIndirectBool
                0x4806bad0                var2BufBypassIntelReal32
                0x48069734                var2BufGenFrameIntelUint32
                0x4806690c                var2BufSimpleUint16
                0x48069d04                var2BufIndirectMotorolaSint32
                0x48069934                buf2VarGenFrameMotorolaUint32
                0x48066c94                var2BufByteOffsetUint16
                0x48068668                buf2Var64BitIntelReal64
                0x480689c4                buf2Var64BitIntelSint32
                0x480694f4                var2BufGenFrameMotorolaReal32
                0x48067518                var2Buf64BitMotorolaSint8
                0x4806a1d8                formulaOutReal64
                0x480669f8                var2BufSimpleSint8
                0x48069c34                buf2VarGenFrameIntelSint8
                0x4806a1f4                formulaInReal64
                0x48066ee8                var2Buf64BitMotorolaReal64
                0x4806695c                var2BufSimpleSint16
                0x48069834                var2BufGenFrameIntelUint8
                0x48068f9c                buf2VarBypassMotorolaReal32
                0x48069fcc                buf2VarIndirectMotorolaUint32
                0x4806aa4c                var2BufGenFrameIntelReal64
                0x48069dac                var2BufIndirectMotorolaSint16
                0x48067e54                var2Buf64BitIntelSint16
                0x48068e64                var2BufBypassUint8
                0x48066b7c                buf2VarSimpleSint16
                0x4806b2a4                buf2VarIndirectIntelUint32
                0x480691dc                var2BufBypassMaskedMotorolaSint32
                0x4806b1a4                buf2VarIndirectIntelSint16
                0x48066840                var2BufSimpleReal64
                0x48068cc8                var2BufBypassMotorolaReal32
                0x48066e94                buf2VarByteOffsetUint8
                0x4806a854                var2BufGenFrameIntelSint64
                0x4806b700                var2BufBypassMaskedIntelSint32
                0x48067094                var2Buf64BitMotorolaSint64
                0x4806b800                buf2VarBypassIntelSint16
                0x48066854                var2BufSimpleReal32
                0x48068efc                var2BufBypassBool
                0x480681b8                var2Buf64BitIntelBool
 .text          0x4806bb4c      0xee4 C:\Program Files (x86)\ETAS\INTECRIO5.0\Target\Etarget\ES910\libtarget.a(i_osman.o)
                0x4806c834                etasRemoveStopUserModeCallback
                0x4806c0a0                activateTaskWithId
                0x4806bc08                findCurAppModeName
                0x4806bd74                getTaskIdForTask
                0x4806be78                clearMeasureGroupForTask
                0x4806bf10                clearLogGroupForTask
                0x4806c710                etasInitTaskTerminationHook
                0x4806bf54                isModelStarted
                0x4806bb70                getEEId
                0x4806bca4                getTaskPtrForId
                0x4806c9f8                etasAddInitTaskTerminationCallback
                0x4806bf7c                updateUserModeState
                0x4806c9c0                etasAddStopUserModeCallback
                0x4806c60c                etasStopUserModeHook
                0x4806bb4c                etasInitOsProcess
                0x4806bdb4                findCurTaskName
                0x4806be9c                setMeasureGroupForTask
                0x4806bf34                setLogGroupForTask
                0x4806c86c                etasRemoveInitTaskTerminationCallback
 .text          0x4806ca30     0x73e0 C:\Program Files (x86)\ETAS\INTECRIO5.0\Target\Etarget\ES910\libtarget.a(i_rtioma.o)
                0x4806ca6c                rtioCheckStartup
                0x4806cac8                registerRtioDriverLockedCallback
                0x4806cabc                etasRtioInitProcess
                0x480737b8                rtioHook
                0x48073000                rtioSignalDriverLock
                0x4806cac4                etasRtioExitProcess
                0x48072ecc                etasRtioIntDisableProcess
                0x4806ca60                rtioSetConfigState
                0x4806cb48                deRegisterRtioDriverLockedCallback
                0x48072f20                rtioSignalDriverUnlock
                0x48072eec                etasRtioStartupProcess
                0x4806ca54                rtioGetConfigState
                0x4806cbcc                rtioGetDriverLockedState
                0x4806cab0                rtioIsOsExpertModeActive
                0x4806caa4                rtioGetHwAbsenceBehavior
                0x4806ca30                rtioSetLogPort
                0x4806cac0                etasRtioIntEnableProcess
                0x4806ca3c                rtioSetConfigId
 .text          0x48073e10      0x550 C:\Program Files (x86)\ETAS\INTECRIO5.0\Target\Etarget\ES910\libtarget.a(i_salone.o)
                0x4807430c                crossbarPrepareReconnection
                0x4807411c                crossbarGetNextConfigResponse
                0x48073f78                playbackConfigL1Records
                0x480742b8                rtioPrepareReconnection
                0x48074220                crossbarFinishReconnection
                0x480740b0                rtioGetNextConfigResponse
                0x48074188                rtioFinishReconnection
 .text          0x48074360     0x1830 C:\Program Files (x86)\ETAS\INTECRIO5.0\Target\Etarget\ES910\libtarget.a(t_croman.o)
                0x4807436c                crossbarSetConfigId
                0x48074384                crossbarGetConfigState
                0x48074360                crossbarSetLogPort
                0x48074390                crossbarSetConfigState
                0x48075aec                crossbarHook
 .text          0x48075b90      0xcb0 C:\Program Files (x86)\ETAS\INTECRIO5.0\Target\Etarget\ES910\libtarget.a(t_crosll.o)
                0x48075e64                createCopyObjectContainer
                0x48075ee0                insertObjectIntoCopyLists
                0x48076164                commonCreateCopyAction
                0x480766e4                cromanExecuteObj
                0x48075b90                internalDeleteCopyAction
                0x48076034                createInsertVector
 .text          0x48076840     0x1cf0 C:\Program Files (x86)\ETAS\INTECRIO5.0\Target\Etarget\ES910\libtarget.a(t_nvram.o)
                0x48076974                nvramClear
                0x48076924                nvramEnableAutoUpdate
                0x480769ac                nvramResetStatistics
                0x48076840                nvramSetUpdateInterval
                0x48076918                nvramGetConsistencyLevel
                0x48077ad4                nvramUpdateMemoryBackground
                0x48077f34                nvramInit
                0x48076968                nvramCheckRunningUpdate
                0x48077a38                nvramManualUpdateExit
                0x48077900                nvramManualUpdateBackground
                0x48076958                nvramCheckForAutoUpdate
                0x48077cc4                nvramInitModelVars
                0x480769a0                nvramCheckForInitializedVars
                0x48076ed0                nvramGetUpdateAgeMs
                0x480777cc                nvramManualUpdateBlocked
                0x480768f8                nvramSetConsistencyLevel
                0x48076940                nvramDisableAutoUpdate
                0x48076a10                nvramGetStatistics
                0x48076894                nvramGetUpdateInterval
 .text          0x48078530      0x6ec C:\Program Files (x86)\ETAS\INTECRIO5.0\Target\Etarget\ES910\libtarget.a(t_objlis.o)
                0x48078b24                createObjList
                0x48078530                dumpObjList
 .text          0x48078c1c      0xcd8 C:\Program Files (x86)\ETAS\INTECRIO5.0\Target\Etarget\ES910\libtarget.a(t_rtcros.o)
                0x48078e34                getObjectFromDynamicInstanceTree
                0x48078c28                deleteInstance_container
                0x480792d8                removeObjectFromDynamicInstanceTree
                0x48078cc4                initInstance_container
                0x480794a8                getValuePtr
                0x480793c0                addObjectToDynamicInstanceTree
                0x48079254                getNextFreeRefIdOfDynamicInstanceTree
                0x48078c1c                rtcrosSetLogPort
                0x48078e04                createDynamicInstanceTree
                0x48079520                processBlockCommands
 .text          0x480798f4     0x1b38 C:\Program Files (x86)\ETAS\INTECRIO5.0\Target\Etarget\ES910\libtarget.a(t_sgman.o)
                0x4807b2f0                sgHook
                0x48079a54                sgGetComVarPtr
                0x4807b2b4                deleteComVarCallback
                0x480798f4                sgGetCurTime
                0x4807b258                sgGetObjPtr
 .text          0x4807b42c     0x14d0 C:\Program Files (x86)\ETAS\INTECRIO5.0\Target\Etarget\ES910\libtarget.a(y_primit.o)
                0x4807bd30                initInstance_columnDirMatrixWrapper
                0x4807c7ec                initInstance_charTable1Wrapper
                0x4807c288                initInstance_columnDirGroupCharTable2Wrapper
                0x4807be94                initInstance_matrixWrapper
                0x4807c488                initInstance_groupCharTable1Wrapper
                0x4807c148                initInstance_scalarWrapper
                0x4807c388                initInstance_groupCharTable2Wrapper
                0x4807bff8                initInstance_vectorWrapper
                0x4807c6b0                initInstance_charTable2Wrapper
                0x4807c574                initInstance_columnDirCharTable2Wrapper
 .text          0x4807c8fc     0x19c0 C:\Program Files (x86)\ETAS\INTECRIO5.0\Target\Etarget\ES910\libtarget.a(a1b_dacq.o)
                0x4807c9ec                getA1bGroup
                0x4807dc74                instanciateA1bChannel
                0x4807d184                getA1bChannelGroupUpdateOffline
                0x4807e09c                storeA1bDataForGroup
                0x4807d738                destructA1bChannelGroup
                0x4807da70                instanciateA1bGroup
                0x4807d810                freeA1bMeasureBuffers
                0x4807e07c                allocateA1bMeasureBuffers
                0x4807c9a8                addA1bChannelToA1bGroup
                0x4807d520                destructA1bChannel
                0x4807ca88                removeA1bChannelFromA1bGroup
 .text          0x4807e2bc     0x1060 C:\Program Files (x86)\ETAS\INTECRIO5.0\Target\Etarget\ES910\libtarget.a(a_contai.o)
                0x4807e9cc                dVectorRewindHeadReentrant
                0x4807e910                dVectorRemoveObject
                0x4807ea9c                dVectorCreate
                0x4807e314                dListGetObjectForward
                0x4807e610                dTableRemoveLastObject
                0x4807f048                dTableDelete
                0x4807e764                dVectorGetObject
                0x4807e2fc                dListRewindTailReentrant
                0x4807eaf4                dTableCreate
                0x4807e4cc                dTableGetObject
                0x4807e568                dTableIsEmpty
                0x4807e74c                dTableNofObjects
                0x4807e36c                dListGetObjectBackward
                0x4807ee70                dTableAddObject
                0x4807f014                dTableDeleteStatic
                0x4807e878                dVectorRemoveLastObject
                0x4807e7f0                dVectorRemoveFirstObject
                0x4807e588                dTableRemoveFirstObject
                0x4807e2e8                dListRewindTail
                0x4807ebf0                dListAddObjectHead
                0x4807f2bc                dListDelete
                0x4807f08c                dListRemoveObject
                0x4807e3c4                dListGetObjectAtIndex
                0x4807ecd4                dVectorAddObject
                0x4807e398                dListGetObjectBackwardReentrant
                0x4807e498                dTableCreateStatic
                0x4807e340                dListGetObjectForwardReentrant
                0x4807e790                dVectorRemoveObjectAtIndex
                0x4807e9d4                dVectorGetObjectForwardReentrant
                0x4807ea28                dVectorGetIndexOfLastEntry
                0x4807f18c                dListRemoveObjectTail
                0x4807eb4c                dListAddObjectTail
                0x4807e504                dTableRemoveObject
                0x4807ee2c                dVectorDelete
                0x4807f224                dListRemoveObjectHead
                0x4807e9ac                dVectorIsEmpty
                0x4807e454                dListIsEmpty
                0x4807ec98                dListCreate
                0x4807e6a8                dTableTestFunc
                0x4807ea10                dVectorNofObjects
                0x4807e2bc                dListRewindHead
                0x4807e480                dListNofObjects
                0x4807e2d0                dListRewindHeadReentrant
 .text          0x4807f31c      0x498 C:\Program Files (x86)\ETAS\INTECRIO5.0\Target\Etarget\ES910\libtarget.a(i_transf.o)
                0x4807f5b8                transferToMatrix
                0x4807f3b8                transferToVector
                0x4807f31c                transferFromVector
                0x4807f454                transferFromMatrix
                0x4807f71c                transferDirect
 .text          0x4807f7b4     0x2378 C:\Program Files (x86)\ETAS\INTECRIO5.0\Target\Etarget\ES910\libtarget.a(t_sglow.o)
                0x48080710                freeDataSignal
                0x48080b40                makeDataSignal
                0x48080324                computeTimeSliceTimes
                0x4807ffec                setSinewaveSignal
                0x4807f9e0                getIntervalNr
                0x48080624                deleteTimeSlice
                0x48081890                freeChannel
                0x48080b78                makeLinearSignal
                0x48081984                freeStimuliSet
                0x48080144                setIntervalPulseSignal
                0x48080774                freeInterval
                0x480800f8                setPulseSignal
                0x480802d0                setTimeSlice
                0x4807f918                insertTimeSlice
                0x480809d4                makeSinewaveSignal
                0x48080f10                makeIntervalDataSignal
                0x4807fd9c                binsearch
                0x480806b0                freeRandomSignal
                0x4807fcd8                getLinearSignalY
                0x4807f8cc                getTimeSliceNr
                0x48080408                getTimeSliceT
                0x480810e4                getRandomSignalY
                0x480806d0                freePulseSignal
                0x48080204                setRandomSignal
                0x480815e0                getChannelY
                0x48080af0                setIntervalDataSignal
                0x48081304                getSinewaveSignalY
                0x48081a98                makeStimuliSet
                0x4807fb00                computeIntervalTimes
                0x4807fc40                setIntervalLinearSignal
                0x48080888                makeTimeSlice
                0x48080b9c                makeIntervalRandomSignal
                0x4807f800                insertChannel
                0x4807fa2c                insertInterval
                0x48080238                setIntervalRandomSignal
                0x4807fb54                computeChannelTimes
                0x48080cb8                makeIntervalPulseSignal
                0x4807fc0c                setLinearSignal
                0x4808038c                computeStimuliSetTimes
                0x48080954                makeFunctionSignal
                0x4807f7b4                getChannelNr
                0x4808181c                resetStimuliSet
                0x48080804                deleteInterval
                0x480804bc                getT
                0x48081a10                makeChannel
                0x4808098c                makeRandomSignal
                0x4807faf4                resetInterval
                0x48081430                getIntervalY
                0x480811ac                getPulseSignalY
                0x48080038                setIntervalSinewaveSignal
                0x480809b0                makePulseSignal
                0x48080604                freeTimeSlice
                0x48080310                resetTimeSlice
                0x4807fe40                getDataSignalY
                0x480806f0                freeSinewaveSignal
                0x48080754                freeLinearSignal
                0x48081900                deleteChannel
                0x48080fcc                makeIntervalLinearSignal
                0x480809f8                setDataSignal
                0x4808174c                resetChannel0
                0x48080de4                makeIntervalSinewaveSignal
 .text          0x48081b2c        0x0 C:\Program Files (x86)\ETAS\INTECRIO5.0\Target\Etarget\rtio\global\es910\librtio_gnu.a(comm_err.o)
 .text          0x48081b2c       0xa0 C:\Program Files (x86)\ETAS\INTECRIO5.0\Target\Etarget\rtio\global\es910\librtio_gnu.a(p_rtio.o)
                0x48081b2c                rtioSignalHwAccessEnd
                0x48081b84                rtioSignalHwAccessBegin
 .text          0x48081bcc      0xd38 C:\Program Files (x86)\ETAS\INTECRIO5.0\Target\Etarget\rtio\global\es910\librtio_gnu.a(p_rtio_s.o)
                0x480828c0                setupRTIO
                0x480822b0                es910IsEtherCATEnabled
                0x48081bd8                getMasterId
                0x48081df0                rtioHwDetect
                0x480823bc                rtioTestBoardPresence
                0x48081cc8                printDetectedHardware
                0x48081bf4                rtioGetNextDetectedHwTableEntry
                0x48081bcc                es910RtioGetFpgaRegsGlobal
                0x48082838                es910RtioMapFpgaRegsGlobal
                0x48082794                es910RtioUnmapFpgaRegsGlobal
                0x48081be0                rtioRewindDetectedHwTable
                0x48082348                es910RtioIntDisable
 .text          0x48082904      0xe18 C:\Program Files (x86)\ETAS\INTECRIO5.0\Target\Etarget\rtio\global\es910\librtio_gnu.a(rtio_err.o)
                0x48082ae0                clearErrMsgList
                0x48082a3c                deactivateRtioMsgLists
                0x480829a8                installEtasPseudoGeoAdrBoardNames
                0x48082984                installCommErrMessages
                0x480829b4                installUserBoardNames
                0x48082904                initMessageTables
                0x48082a74                getNextErrMsg
                0x48082c38                rtioGetBoardName
                0x4808299c                installEtasAutoIdBoardNames
                0x480833c4                rtioErr
                0x48082964                mapErrorCode
                0x480829c0                installEtasVirtualBoardNames
                0x480829cc                installMessages
                0x48082ccc                rtio_err_v3