Archive member included because of file (symbol)

Car_State1/Car_State1.a(Car_State.o)
                              Car_State0/Car_State_instances.o (Car_State_U)
Disconnections1/Disconnections1.a(Disconnections.o)
                              Disconnections0/Disconnections_instances.o (Disconnections_DW)
Disconnections1/Disconnections1.a(Disconnections_data.o)
                              Disconnections0/Disconnections_instances.o (Disconnections_ConstB)
Ellipse1/Ellipse1.a(Ellipse.o)
                              Ellipse0/Ellipse_instances.o (Ellipse_B)
Inverters_Action1/Inverters_Action1.a(Inverters_Action.o)
                              Inverters_Action0/Inverters_Action_instances.o (Inverters_Action_U)
Inverters_Action1/Inverters_Action1.a(Inverters_Action_data.o)
                              Inverters_Action0/Inverters_Action_instances.o (Inverters_Action_ConstB)
Inverters_Data1/Inverters_Data1.a(Inverters_Data.o)
                              Inverters_Data0/Inverters_Data_instances.o (Inverters_Data_U)
Power_Control1/Power_Control1.a(Power_Control.o)
                              Power_Control0/Power_Control_instances.o (Power_Control_DW)
Sensors1/Sensors1.a(Sensors.o)
                              Sensors0/Sensors_instances.o (Sensors_Y)
Sensors1/Sensors1.a(Sensors_data.o)
                              Sensors0/Sensors_instances.o (Sensors_ConstB)
Synchronism1/Synchronism1.a(Synchronism.o)
                              Synchronism0/Synchronism_instances.o (Synchronism_DW)
VDC1/VDC1.a(VDC.o)            VDC0/VDC_instances.o (VDC_DW)
matlabsharedR2023b/matlabsharedR2023b.a(rt_nonfinite.o)
                              Inverters_Action1/Inverters_Action1.a(Inverters_Action.o) (rtIsInf)
matlabsharedR2023b/matlabsharedR2023b.a(const_params.o)
                              VDC1/VDC1.a(VDC.o) (rtCP_pooled_OiY3MRzyvx26)
matlabsharedR2023b/matlabsharedR2023b.a(look1_binlxpw.o)
                              Inverters_Data1/Inverters_Data1.a(Inverters_Data.o) (look1_binlxpw)
matlabsharedR2023b/matlabsharedR2023b.a(rtgetinf.o)
                              matlabsharedR2023b/matlabsharedR2023b.a(rt_nonfinite.o) (rtGetInf)
matlabsharedR2023b/matlabsharedR2023b.a(rtgetnan.o)
                              matlabsharedR2023b/matlabsharedR2023b.a(rt_nonfinite.o) (rtGetNaN)
OSC/TaskISRArchive.a(etasConfigTask.o)
                              OSC/osekdefs.o (osek_task_e_etasConfigTask)
OSC/TaskISRArchive.a(Sync_25ms.o)
                              OSC/osekdefs.o (osek_task_e_Sync_25ms)
OSC/TaskISRArchive.a(Timer_1000ms.o)
                              OSC/osekdefs.o (osek_task_e_Timer_1000ms)
OSC/TaskISRArchive.a(Timer_100ms.o)
                              OSC/osekdefs.o (osek_task_e_Timer_100ms)
OSC/TaskISRArchive.a(Timer_25ms.o)
                              OSC/osekdefs.o (osek_task_e_Timer_25ms)
OSC/TaskISRArchive.a(Timer_Inv.o)
                              OSC/osekdefs.o (osek_task_e_Timer_Inv)
OSC/TaskISRArchive.a(SWT_CAN1_AP_BMS_SDC.o)
                              OSC/osekdefs.o (osek_task_e_SWT_CAN1_AP_BMS_SDC)
OSC/TaskISRArchive.a(SWT_CAN1_AP_CurrentSensor.o)
                              OSC/osekdefs.o (osek_task_e_SWT_CAN1_AP_CurrentSensor)
OSC/TaskISRArchive.a(SWT_CAN1_AP_BMS_Voltages.o)
                              OSC/osekdefs.o (osek_task_e_SWT_CAN1_AP_BMS_Voltages)
OSC/TaskISRArchive.a(SWT_CAN1_AP_BMS_ChargerParameters.o)
                              OSC/osekdefs.o (osek_task_e_SWT_CAN1_AP_BMS_ChargerParameters)
OSC/TaskISRArchive.a(SWT_CAN1_AP_BMS_Temperatures.o)
                              OSC/osekdefs.o (osek_task_e_SWT_CAN1_AP_BMS_Temperatures)
OSC/TaskISRArchive.a(SWT_CAN1_AP_Inverter_R_Tx.o)
                              OSC/osekdefs.o (osek_task_e_SWT_CAN1_AP_Inverter_R_Tx)
OSC/TaskISRArchive.a(SWT_CAN1_AP_Inverter_L_Tx.o)
                              OSC/osekdefs.o (osek_task_e_SWT_CAN1_AP_Inverter_L_Tx)
OSC/TaskISRArchive.a(SWT_CAN1_AP_DASH_Mode.o)
                              OSC/osekdefs.o (osek_task_e_SWT_CAN1_AP_DASH_Mode)
OSC/TaskISRArchive.a(SWT_CAN1_NM_BMS_Keep_Alive.o)
                              OSC/osekdefs.o (osek_task_e_SWT_CAN1_NM_BMS_Keep_Alive)
OSC/TaskISRArchive.a(SWT_CAN1_AP_BMS_AIRs_State.o)
                              OSC/osekdefs.o (osek_task_e_SWT_CAN1_AP_BMS_AIRs_State)
OSC/TaskISRArchive.a(SWT_CAN1_NM_DASH_Keep_Alive.o)
                              OSC/osekdefs.o (osek_task_e_SWT_CAN1_NM_DASH_Keep_Alive)
OSC/TaskISRArchive.a(SWT_CAN1_AP_DASH_PrechargeRequest.o)
                              OSC/osekdefs.o (osek_task_e_SWT_CAN1_AP_DASH_PrechargeRequest)
OSC/TaskISRArchive.a(SWT_CAN1_AP_DASH_EnableDrive.o)
                              OSC/osekdefs.o (osek_task_e_SWT_CAN1_AP_DASH_EnableDrive)
OSC/TaskISRArchive.a(SWT_CAN2_AP_ELLIPSE_GPS_VEL.o)
                              OSC/osekdefs.o (osek_task_e_SWT_CAN2_AP_ELLIPSE_GPS_VEL)
OSC/TaskISRArchive.a(SWT_CAN2_MEAS_RECU_SDC.o)
[...]
Memory Configuration

Name             Origin             Length             Attributes
*default*        0x00000000         0xffffffff

Linker script and memory map

LOAD C:/ETAS/Compiler/INTECRIO5.0/QNXCompiler-V6.5\target\qnx6/ppcbe-spe/lib/crt1.o
LOAD C:/ETAS/Compiler/INTECRIO5.0/QNXCompiler-V6.5\target\qnx6/ppcbe-spe/lib/crti.o
LOAD C:/ETAS/Compiler/INTECRIO5.0/QNXCompiler-V6.5\host\win32\x86/usr/lib/gcc/powerpc-unknown-nto-qnx6.5.0/4.4.2/spe/crtbegin.o
LOAD C:\ETAS\Compiler\INTECRIO5.0\QNXCompiler-V6.5\target\qnx6\ppcbe-spe\lib\gcc\4.4.2/libcpp.so
                0x00000000                PROVIDE (__stack, 0x0)
                0x00000000                PROVIDE (___stack, 0x0)
                0x48040000                PROVIDE (__executable_start, 0x48040000)
                0x480400f4                . = (0x48040000 + SIZEOF_HEADERS)

.interp         0x480400f4       0x14
 *(.interp)
 .interp        0x480400f4       0x14 C:/ETAS/Compiler/INTECRIO5.0/QNXCompiler-V6.5\target\qnx6/ppcbe-spe/lib/crt1.o

.note           0x48040110       0x18
 .note          0x48040110       0x18 C:/ETAS/Compiler/INTECRIO5.0/QNXCompiler-V6.5\target\qnx6/ppcbe-spe/lib/crtn.o

.note.gnu.build-id
 *(.note.gnu.build-id)

.hash           0x48040128      0x6a0
 *(.hash)
 .hash          0x48040128      0x6a0 C:/ETAS/Compiler/INTECRIO5.0/QNXCompiler-V6.5\target\qnx6/ppcbe-spe/lib/crt1.o

.gnu.hash
 *(.gnu.hash)

.dynsym         0x480407c8      0xe10
 *(.dynsym)
 .dynsym        0x480407c8      0xe10 C:/ETAS/Compiler/INTECRIO5.0/QNXCompiler-V6.5\target\qnx6/ppcbe-spe/lib/crt1.o

.dynstr         0x480415d8      0xbca
 *(.dynstr)
 .dynstr        0x480415d8      0xbca C:/ETAS/Compiler/INTECRIO5.0/QNXCompiler-V6.5\target\qnx6/ppcbe-spe/lib/crt1.o

.gnu.version    0x480421a2      0x1c2
 *(.gnu.version)
 .gnu.version   0x480421a2      0x1c2 C:/ETAS/Compiler/INTECRIO5.0/QNXCompiler-V6.5\target\qnx6/ppcbe-spe/lib/crt1.o

.gnu.version_d  0x48042364        0x0
 *(.gnu.version_d)
 .gnu.version_d
                0x00000000        0x0 C:/ETAS/Compiler/INTECRIO5.0/QNXCompiler-V6.5\target\qnx6/ppcbe-spe/lib/crt1.o

.gnu.version_r  0x48042364       0x20
 *(.gnu.version_r)
 .gnu.version_r
                0x48042364       0x20 C:/ETAS/Compiler/INTECRIO5.0/QNXCompiler-V6.5\target\qnx6/ppcbe-spe/lib/crt1.o

.rel.dyn
 *(.rel.init)
 *(.rel.text .rel.text.* .rel.gnu.linkonce.t.*)
 *(.rel.fini)
 *(.rel.rodata .rel.rodata.* .rel.gnu.linkonce.r.*)
 *(.rel.data.rel.ro* .rel.gnu.linkonce.d.rel.ro.*)
 *(.rel.data .rel.data.* .rel.gnu.linkonce.d.*)
 *(.rel.tdata .rel.tdata.* .rel.gnu.linkonce.td.*)
 *(.rel.tbss .rel.tbss.* .rel.gnu.linkonce.tb.*)
 *(.rel.ctors)
 *(.rel.dtors)
 *(.rel.got)
 *(.rel.sdata .rel.sdata.* .rel.gnu.linkonce.s.*)
 *(.rel.sbss .rel.sbss.* .rel.gnu.linkonce.sb.*)
 *(.rel.sdata2 .rel.sdata2.* .rel.gnu.linkonce.s2.*)
 *(.rel.sbss2 .rel.sbss2.* .rel.gnu.linkonce.sb2.*)
 *(.rel.bss .rel.bss.* .rel.gnu.linkonce.b.*)

.rela.dyn       0x48042384       0x90
 *(.rela.init)
 *(.rela.text .rela.text.* .rela.gnu.linkonce.t.*)
 .rela.text     0x00000000        0x0 C:/ETAS/Compiler/INTECRIO5.0/QNXCompiler-V6.5\target\qnx6/ppcbe-spe/lib/crt1.o
 *(.rela.fini)
 *(.rela.rodata .rela.rodata.* .rela.gnu.linkonce.r.*)
 .rela.rodata   0x00000000        0x0 C:/ETAS/Compiler/INTECRIO5.0/QNXCompiler-V6.5\target\qnx6/ppcbe-spe/lib/crt1.o
 *(.rela.data .rela.data.* .rela.gnu.linkonce.d.*)
 .rela.data     0x00000000        0x0 C:/ETAS/Compiler/INTECRIO5.0/QNXCompiler-V6.5\target\qnx6/ppcbe-spe/lib/crt1.o
 *(.rela.tdata .rela.tdata.* .rela.gnu.linkonce.td.*)
 *(.rela.tbss .rela.tbss.* .rela.gnu.linkonce.tb.*)
 *(.rela.ctors)
 *(.rela.dtors)
 *(.rela.got)
 .rela.got      0x48042384       0x30 C:/ETAS/Compiler/INTECRIO5.0/QNXCompiler-V6.5\target\qnx6/ppcbe-spe/lib/crt1.o
 *(.rela.got1)
 *(.rela.got2)
 *(.rela.sdata .rela.sdata.* .rela.gnu.linkonce.s.*)
 *(.rela.sbss .rela.sbss.* .rela.gnu.linkonce.sb.*)
 .rela.sbss     0x00000000        0x0 C:/ETAS/Compiler/INTECRIO5.0/QNXCompiler-V6.5\target\qnx6/ppcbe-spe/lib/crt1.o
 *(.rela.sdata2 .rela.sdata2.* .rela.gnu.linkonce.s2.*)
 *(.rela.sbss2 .rela.sbss2.* .rela.gnu.linkonce.sb2.*)
 *(.rela.bss .rela.bss.* .rela.gnu.linkonce.b.*)
 .rela.bss      0x480423b4       0x60 C:/ETAS/Compiler/INTECRIO5.0/QNXCompiler-V6.5\target\qnx6/ppcbe-spe/lib/crt1.o
 .rela.os_pid   0x00000000        0x0 C:/ETAS/Compiler/INTECRIO5.0/QNXCompiler-V6.5\target\qnx6/ppcbe-spe/lib/crt1.o
 .rela.os_intvec
                0x00000000        0x0 C:/ETAS/Compiler/INTECRIO5.0/QNXCompiler-V6.5\target\qnx6/ppcbe-spe/lib/crt1.o

.rel.plt
 *(.rel.plt)

.rela.plt       0x48042414      0x930
 *(.rela.plt)
 .rela.plt      0x48042414      0x930 C:/ETAS/Compiler/INTECRIO5.0/QNXCompiler-V6.5\target\qnx6/ppcbe-spe/lib/crt1.o

.init           0x48042d44       0x24
 *(.init)
 .init          0x48042d44        0xc C:/ETAS/Compiler/INTECRIO5.0/QNXCompiler-V6.5\target\qnx6/ppcbe-spe/lib/crti.o
                0x48042d44                _init
 .init          0x48042d50        0x4 C:/ETAS/Compiler/INTECRIO5.0/QNXCompiler-V6.5\host\win32\x86/usr/lib/gcc/powerpc-unknown-nto-qnx6.5.0/4.4.2/spe/crtbegin.o
 .init          0x48042d54        0x4 C:/ETAS/Compiler/INTECRIO5.0/QNXCompiler-V6.5\host\win32\x86/usr/lib/gcc/powerpc-unknown-nto-qnx6.5.0/4.4.2/spe/crtend.o
 .init          0x48042d58       0x10 C:/ETAS/Compiler/INTECRIO5.0/QNXCompiler-V6.5\target\qnx6/ppcbe-spe/lib/crtn.o

.text           0x48042d68    0x49730
                0x48042d68                _btext = .
 *(.text .stub .text.* .gnu.linkonce.t.*)
 .text          0x48042d68      0x118 C:/ETAS/Compiler/INTECRIO5.0/QNXCompiler-V6.5\target\qnx6/ppcbe-spe/lib/crt1.o
                0x48042d68                _start
 .text          0x48042e80        0x0 C:/ETAS/Compiler/INTECRIO5.0/QNXCompiler-V6.5\target\qnx6/ppcbe-spe/lib/crti.o
 .text          0x48042e80      0x1b8 C:/ETAS/Compiler/INTECRIO5.0/QNXCompiler-V6.5\host\win32\x86/usr/lib/gcc/powerpc-unknown-nto-qnx6.5.0/4.4.2/spe/crtbegin.o
 .text          0x48043038      0x240 ROOT_instances.o
                0x480431dc                initializeYukonModel
                0x48043088                getSystemTimeS
                0x48043050                getModelIdentificationString
                0x48043064                getDeltaT
                0x48043038                getIntecrioVersionNumber
                0x48043168                os_setDeltaT
                0x4804305c                getBuildEnvironment
                0x48043044                getBuildEnvironmentVersion
 .text          0x48043278        0x0 _INT_pid.pi.o
 .text          0x48043278       0x24 userFuncProcessCanPayload.o
                0x4804328c                userCanInitHook
                0x48043298                userCanTxHookV3
                0x48043290                userCanExitHook
                0x48043278                userCanHookGetVersionAndCid
                0x48043294                userCanRxHookV3
 .text          0x4804329c       0x24 userFuncProcessFlexRayPayload.o
                0x480432bc                userFlexRayPDURxHook
                0x480432b8                userFlexRayPDUTxHook
                0x4804329c                userFlexRayHookGetVersionAndCid
                0x480432b0                userFlexRayInitHook
                0x480432b4                userFlexRayExitHook
 .text          0x480432c0       0x60 OSC/i_rtawrapper.o
                0x48043300                rtaActivateTask
                0x480432e0                rtaSchedule
                0x480432c0                rtaShutdownOS
 .text          0x48043320      0x2c4 Car_State0/Car_State_instances.o
                0x480433c8                initClass_RTWTop_Car_State
                0x48043380                initInstance_RTWTop_Car_State
                0x48043320                setDeltaT_Car_State
                0x480435b8                initModel_RTWTop_Car_State
 .text          0x480435e4      0xba8 Car_State1/Car_State1.a(Car_State.o)
                0x48043f88                MdlInitialize_Car_State
                0x480435f8                Car_State_FALSE
                0x4804360c                MdlOutputs_Car_State
                0x48043f08                MdlUpdate_Car_State
                0x480435e4                Car_State_TRUE
                0x48043f8c                MdlStart_Car_State
                0x48043f80                MdlInitializeSizes_Car_State
                0x48043f84                MdlInitializeSampleTimes_Car_State
                0x48043fd8                Car_State
                0x48043fd4                MdlTerminate_Car_State
 .text          0x4804418c      0x4f0 Disconnections0/Disconnections_instances.o
                0x480441ec                initInstance_RTWTop_Disconnections
                0x48044650                initModel_RTWTop_Disconnections
                0x4804418c                setDeltaT_Disconnections
                0x48044234                initClass_RTWTop_Disconnections
 .text          0x4804467c      0xd3c Disconnections1/Disconnections1.a(Disconnections.o)
                0x480451e4                MdlTerminate_Disconnections
                0x480451e8                Disconnections
                0x480446ec                Disconnectio_IfActionSubsystem3
                0x48045158                MdlInitializeSampleTimes_Disconnections
                0x48044690                Disconnections_Counting
                0x48045160                MdlStart_Disconnections
                0x4804467c                Disconnections_Reset_counter
                0x48045154                MdlInitializeSizes_Disconnections
                0x48044700                MdlOutputs_Disconnections
                0x4804515c                MdlInitialize_Disconnections
                0x480446ac                Disconnections_CAN_OK
                0x480450dc                MdlUpdate_Disconnections
                0x480446d8                Disconnection_IfActionSubsystem
 .text          0x480453b8        0x0 Disconnections1/Disconnections1.a(Disconnections_data.o)
 .text          0x480453b8      0x230 Ellipse0/Ellipse_instances.o
                0x48045460                initClass_RTWTop_Ellipse
                0x480453b8                setDeltaT_Ellipse
                0x48045418                initInstance_RTWTop_Ellipse
                0x480455bc                initModel_RTWTop_Ellipse
 .text          0x480455e8      0x370 Ellipse1/Ellipse1.a(Ellipse.o)
                0x4804582c                MdlOutputs_Ellipse
                0x48045668                MdlInitialize_Ellipse
                0x48045660                MdlInitializeSizes_Ellipse
                0x480455e8                MdlUpdate_Ellipse
                0x48045688                MdlTerminate_Ellipse
                0x4804566c                MdlStart_Ellipse
                0x48045664                MdlInitializeSampleTimes_Ellipse
                0x4804568c                Ellipse
 .text          0x48045958      0x3a0 Inverters_Action0/Inverters_Action_instances.o
                0x48045ccc                initModel_RTWTop_Inverters_Action
                0x48045958                setDeltaT_Inverters_Action
                0x48045a00                initClass_RTWTop_Inverters_Action
                0x480459b8                initInstance_RTWTop_Inverters_Action
 .text          0x48045cf8      0xcac Inverters_Action1/Inverters_Action1.a(Inverters_Action.o)
                0x48045e64                MdlInitializeSizes_Inverters_Action
                0x48045e6c                MdlInitialize_Inverters_Action
                0x48045ebc                Inverters_Action
                0x48045e70                MdlStart_Inverters_Action
                0x48045cf8                Inverters_Actio_EnumerationDone
                0x48045d78                Inverters_Acti_ActionnotDefined
                0x48045da0                Inverters_Action_TorqueCommand0
                0x48045dd0                MdlUpdate_Inverters_Action
                0x48045d20                Inverte_DisableDriveEnableDrive
                0x48045dbc                Inverters_Acti_ResetEnumeration
                0x48045eb8                MdlTerminate_Inverters_Action
                0x48045e68                MdlInitializeSampleTimes_Inverters_Action
                0x48045d90                Inverters_Action_bypass
                0x480463b4                MdlOutputs_Inverters_Action
                0x4804625c                Inverters_Action_TorqueCommand
                0x48046098                Inverters_Ac_RegisterEnumerator
                0x48045d0c                Inverters_Action_Unsubscribe
 .text          0x480469a4        0x0 Inverters_Action1/Inverters_Action1.a(Inverters_Action_data.o)
 .text          0x480469a4      0x2ac Inverters_Data0/Inverters_Data_instances.o
                0x48046a4c                initClass_RTWTop_Inverters_Data
                0x48046a04                initInstance_RTWTop_Inverters_Data
                0x480469a4                setDeltaT_Inverters_Data
                0x48046c24                initModel_RTWTop_Inverters_Data
 .text          0x48046c50      0x414 Inverters_Data1/Inverters_Data1.a(Inverters_Data.o)
                0x48046c50                MdlUpdate_Inverters_Data
                0x48046cd0                MdlInitialize_Inverters_Data
                0x48046cd8                MdlTerminate_Inverters_Data
                0x48046e78                MdlOutputs_Inverters_Data
                0x48046cdc                Inverters_Data
                0x48046cd4                MdlStart_Inverters_Data
                0x48046ccc                MdlInitializeSampleTimes_Inverters_Data
                0x48046cc8                MdlInitializeSizes_Inverters_Data
 .text          0x48047064      0x290 Power_Control0/Power_Control_instances.o
                0x48047064                setDeltaT_Power_Control
                0x480470c4                initInstance_RTWTop_Power_Control
                0x4804710c                initClass_RTWTop_Power_Control
                0x480472c8                initModel_RTWTop_Power_Control
 .text          0x480472f4      0xc74 Power_Control1/Power_Control1.a(Power_Control.o)
                0x48047448                MdlTerminate_Power_Control
                0x4804744c                Power_Control
                0x480473e4                MdlInitializeSampleTimes_Power_Control
                0x48047368                MdlUpdate_Power_Control
                0x48047c68                MdlOutputs_Power_Control
                0x480473e0                MdlInitializeSizes_Power_Control
                0x48047638                Power_Co_MotorL_Temp_Limitation
                0x48047338                Pow_MotorL_Temp_Limitation_Init
                0x480473ec                MdlStart_Power_Control
                0x480473e8                MdlInitialize_Power_Control
                0x480472f4                Power_Control_LimitReached
                0x48047950                Power_InverterL_Temp_Limitation
                0x48047308                InverterL_Temp_Limitation_Init
 .text          0x48047f68      0x330 Sensors0/Sensors_instances.o
                0x48047fc8                initInstance_RTWTop_Sensors
                0x4804826c                initModel_RTWTop_Sensors
                0x48047f68                setDeltaT_Sensors
                0x48048010                initClass_RTWTop_Sensors
 .text          0x48048298      0x3d8 Sensors1/Sensors1.a(Sensors.o)
                0x4804848c                MdlInitializeSampleTimes_Sensors
                0x480484b4                MdlTerminate_Sensors
                0x48048298                MdlOutputs_Sensors
                0x48048410                MdlUpdate_Sensors
                0x48048488                MdlInitializeSizes_Sensors
                0x48048490                MdlInitialize_Sensors
                0x48048494                MdlStart_Sensors
                0x480484b8                Sensors
 .text          0x48048670        0x0 Sensors1/Sensors1.a(Sensors_data.o)
 .text          0x48048670      0x14c Synchronism0/Synchronism_instances.o
                0x48048718                initClass_RTWTop_Synchronism
                0x480486d0                initInstance_RTWTop_Synchronism
                0x48048790                initModel_RTWTop_Synchronism
                0x48048670                setDeltaT_Synchronism
 .text          0x480487bc      0x268 Synchronism1/Synchronism1.a(Synchronism.o)
                0x48048890                MdlInitializeSizes_Synchronism
                0x48048898                MdlInitialize_Synchronism
                0x4804889c                MdlStart_Synchronism
                0x480488b8                MdlTerminate_Synchronism
                0x480488bc                Synchronism
                0x480487bc                MdlOutputs_Synchronism
                0x48048818                MdlUpdate_Synchronism
                0x48048894                MdlInitializeSampleTimes_Synchronism
 .text          0x48048a24      0x58c VDC0/VDC_instances.o
                0x48048a84                initInstance_RTWTop_VDC
                0x48048a24                setDeltaT_VDC
                0x48048f84                initModel_RTWTop_VDC
                0x48048acc                initClass_RTWTop_VDC
 .text          0x48048fb0     0x2120 VDC1/VDC1.a(VDC.o)
                0x480495b0                MdlOutputs_VDC
                0x48049054                VDC_RIGIDAXLE
                0x480491ac                MdlInitialize_VDC
                0x48048fb0                VDC_MATLABFunction
                0x4804912c                MdlUpdate_VDC
                0x48049268                VDC
                0x48049118                VDC_RIGIDAXLEWITHTC_Init
                0x480491b0                MdlStart_VDC
                0x48049438                VDC_RIGIDAXLEWITHTC
                0x480491a4                MdlInitializeSizes_VDC
                0x48049264                MdlTerminate_VDC
                0x480491a8                MdlInitializeSampleTimes_VDC
                0x48049084                VDC_Torquedemandedbythedriver
 .text          0x4804b0d0      0x19c matlabsharedR2023b/matlabsharedR2023b.a(rt_nonfinite.o)
                0x4804b1d8                rt_InitInfAndNaN
                0x4804b15c                rtIsNaN
                0x4804b1b0                rtIsNaNF
                0x4804b11c                rtIsInfF
                0x4804b0d0                rtIsInf
 .text          0x4804b26c        0x0 matlabsharedR2023b/matlabsharedR2023b.a(const_params.o)
 .text          0x4804b26c      0x114 matlabsharedR2023b/matlabsharedR2023b.a(look1_binlxpw.o)
                0x4804b26c                look1_binlxpw
 .text          0x4804b380       0xd0 matlabsharedR2023b/matlabsharedR2023b.a(rtgetinf.o)
                0x4804b380                rtGetInf
                0x4804b3e8                rtGetMinusInf
                0x4804b444                rtGetMinusInfF
                0x4804b3dc                rtGetInfF
 .text          0x4804b450       0x84 matlabsharedR2023b/matlabsharedR2023b.a(rtgetnan.o)
                0x4804b4b0                rtGetNaNF
                0x4804b450                rtGetNaN
 .text          0x4804b4d4      0x434 OSC/osekdefs.o
                0x4804b7f4                osE_ISR_CAN2
                0x4804b594                os_StartOS
                0x4804b680                os_pre_errorhook
                0x4804b850                osE_ISR_CAN1
                0x4804b6a0                Tick_etasCounter
                0x4804b7d4                osek_dispatch
                0x4804b4d4                osResetOS
                0x4804b8ac                osE_etasL1Isr
 .text          0x4804b908        0x0 OSC/osgen.o
 .text          0x4804b908       0x4c OSC/TaskISRArchive.a(etasConfigTask.o)
                0x4804b908                osek_task_e_etasConfigTask
 .text          0x4804b954       0x60 OSC/TaskISRArchive.a(Sync_25ms.o)
                0x4804b954                osek_task_e_Sync_25ms
 .text          0x4804b9b4       0x54 OSC/TaskISRArchive.a(Timer_1000ms.o)
                0x4804b9b4                osek_task_e_Timer_1000ms
 .text          0x4804ba08       0x54 OSC/TaskISRArchive.a(Timer_100ms.o)
                0x4804ba08                osek_task_e_Timer_100ms
 .text          0x4804ba5c       0x9c OSC/TaskISRArchive.a(Timer_25ms.o)
                0x4804ba5c                osek_task_e_Timer_25ms
 .text          0x4804baf8       0x6c OSC/TaskISRArchive.a(Timer_Inv.o)
                0x4804baf8                osek_task_e_Timer_Inv
 .text          0x4804bb64       0x50 OSC/TaskISRArchive.a(SWT_CAN1_AP_BMS_SDC.o)
                0x4804bb64                osek_task_e_SWT_CAN1_AP_BMS_SDC
 .text          0x4804bbb4       0x50 OSC/TaskISRArchive.a(SWT_CAN1_AP_CurrentSensor.o)
                0x4804bbb4                osek_task_e_SWT_CAN1_AP_CurrentSensor
 .text          0x4804bc04       0x50 OSC/TaskISRArchive.a(SWT_CAN1_AP_BMS_Voltages.o)
                0x4804bc04                osek_task_e_SWT_CAN1_AP_BMS_Voltages
 .text          0x4804bc54       0x50 OSC/TaskISRArchive.a(SWT_CAN1_AP_BMS_ChargerParameters.o)
                0x4804bc54                osek_task_e_SWT_CAN1_AP_BMS_ChargerParameters
 .text          0x4804bca4       0x50 OSC/TaskISRArchive.a(SWT_CAN1_AP_BMS_Temperatures.o)
                0x4804bca4                osek_task_e_SWT_CAN1_AP_BMS_Temperatures
 .text          0x4804bcf4       0x50 OSC/TaskISRArchive.a(SWT_CAN1_AP_Inverter_R_Tx.o)
                0x4804bcf4                osek_task_e_SWT_CAN1_AP_Inverter_R_Tx
 .text          0x4804bd44       0x50 OSC/TaskISRArchive.a(SWT_CAN1_AP_Inverter_L_Tx.o)
                0x4804bd44                osek_task_e_SWT_CAN1_AP_Inverter_L_Tx
 .text          0x4804bd94       0x50 OSC/TaskISRArchive.a(SWT_CAN1_AP_DASH_Mode.o)
                0x4804bd94                osek_task_e_SWT_CAN1_AP_DASH_Mode
 .text          0x4804bde4       0x50 OSC/TaskISRArchive.a(SWT_CAN1_NM_BMS_Keep_Alive.o)
                0x4804bde4                osek_task_e_SWT_CAN1_NM_BMS_Keep_Alive
 .text          0x4804be34       0x50 OSC/TaskISRArchive.a(SWT_CAN1_AP_BMS_AIRs_State.o)
                0x4804be34                osek_task_e_SWT_CAN1_AP_BMS_AIRs_State
 .text          0x4804be84       0x50 OSC/TaskISRArchive.a(SWT_CAN1_NM_DASH_Keep_Alive.o)
                0x4804be84                osek_task_e_SWT_CAN1_NM_DASH_Keep_Alive
 .text          0x4804bed4       0x50 OSC/TaskISRArchive.a(SWT_CAN1_AP_DASH_PrechargeRequest.o)
                0x4804bed4                osek_task_e_SWT_CAN1_AP_DASH_PrechargeRequest
 .text          0x4804bf24       0x50 OSC/TaskISRArchive.a(SWT_CAN1_AP_DASH_EnableDrive.o)
                0x4804bf24                osek_task_e_SWT_CAN1_AP_DASH_EnableDrive
 .text          0x4804bf74       0x50 OSC/TaskISRArchive.a(SWT_CAN2_AP_ELLIPSE_GPS_VEL.o)
                0x4804bf74                osek_task_e_SWT_CAN2_AP_ELLIPSE_GPS_VEL
 .text          0x4804bfc4       0x50 OSC/TaskISRArchive.a(SWT_CAN2_MEAS_RECU_SDC.o)
                0x4804bfc4                osek_task_e_SWT_CAN2_MEAS_RECU_SDC
 .text          0x4804c014       0x50 OSC/TaskISRArchive.a(SWT_CAN2_MEAS_FECU_SDC.o)
                0x4804c014                osek_task_e_SWT_CAN2_MEAS_FECU_SDC
 .text          0x4804c064       0x50 OSC/TaskISRArchive.a(SWT_CAN2_AP_ELLIPSE_EKF_POS.o)
                0x4804c064                osek_task_e_SWT_CAN2_AP_ELLIPSE_EKF_POS
 .text          0x4804c0b4       0x50 OSC/TaskISRArchive.a(SWT_CAN2_AP_ELLIPSE_IMU_ACCEL.o)
                0x4804c0b4                osek_task_e_SWT_CAN2_AP_ELLIPSE_IMU_ACCEL
 .text          0x4804c104       0x50 OSC/TaskISRArchive.a(SWT_CAN2_AP_ELLIPSE_EKF_EULER.o)
                0x4804c104                osek_task_e_SWT_CAN2_AP_ELLIPSE_EKF_EULER
 .text          0x4804c154       0x50 OSC/TaskISRArchive.a(SWT_CAN2_AP_ELLIPSE_EKF_VEL.o)
                0x4804c154                osek_task_e_SWT_CAN2_AP_ELLIPSE_EKF_VEL
 .text          0x4804c1a4       0x50 OSC/TaskISRArchive.a(SWT_CAN2_NM_ELLIPSE_Status.o)
                0x4804c1a4                osek_task_e_SWT_CAN2_NM_ELLIPSE_Status
 .text          0x4804c1f4       0x50 OSC/TaskISRArchive.a(SWT_CAN2_AP_ELLIPSE_IMU_GYRO.o)
                0x4804c1f4                osek_task_e_SWT_CAN2_AP_ELLIPSE_IMU_GYRO
 .text          0x4804c244       0x50 OSC/TaskISRArchive.a(SWT_CAN2_AP_ELLIPSE_VEL_Valid.o)
                0x4804c244                osek_task_e_SWT_CAN2_AP_ELLIPSE_VEL_Valid
 .text          0x4804c294       0x50 OSC/TaskISRArchive.a(SWT_CAN2_AP_RECU_Data.o)
                0x4804c294                osek_task_e_SWT_CAN2_AP_RECU_Data
 .text          0x4804c2e4       0x50 OSC/TaskISRArchive.a(SWT_CAN2_NM_FECU_Keep_Alive.o)
                0x4804c2e4                osek_task_e_SWT_CAN2_NM_FECU_Keep_Alive
 .text          0x4804c334       0x50 OSC/TaskISRArchive.a(SWT_CAN2_NM_RECU_Keep_Alive.o)
                0x4804c334                osek_task_e_SWT_CAN2_NM_RECU_Keep_Alive
 .text          0x4804c384       0x50 OSC/TaskISRArchive.a(SWT_CAN2_AP_FECU_Data2.o)
                0x4804c384                osek_task_e_SWT_CAN2_AP_FECU_Data2
 .text          0x4804c3d4       0x50 OSC/TaskISRArchive.a(SWT_CAN2_AP_FECU_Data1.o)
                0x4804c3d4                osek_task_e_SWT_CAN2_AP_FECU_Data1
 .text          0x4804c424       0x4c OSC/TaskISRArchive.a(ISR_CAN1.o)
                0x4804c424                osek_isr_e_ISR_CAN1
 .text          0x4804c470       0x4c OSC/TaskISRArchive.a(ISR_CAN2.o)
                0x4804c470                osek_isr_e_ISR_CAN2
 .text          0x4804c4bc       0x40 OSC/etasActivateTaskIsr.o
                0x4804c4bc                osek_isr_e_etasActivateTaskIsr
 .text          0x4804c4fc       0x48 OSC/etasL1Isr.o
                0x4804c4fc                osek_isr_e_etasL1Isr
 .text          0x4804c544       0x44 OSC/etasL1Task.o
                0x4804c544                osek_task_e_etasL1Task
 .text          0x4804c588       0x40 OSC/etasTimerIsr.o
                0x4804c588                osek_isr_e_etasTimerIsr
 .text          0x4804c5c8       0x40 OSC/etasStopOsIsr.o
                0x4804c5c8                osek_isr_e_etasStopOsIsr
 .text          0x4804c608      0x244 OSC/DriverThreads.o
                0x4804c608                etasCreateDriverThreads
 .text          0x4804c84c        0x0 OSC/ISRFunctions.o
 .text          0x4804c84c      0x1dc OSC/osc_dyn.o
                0x4804c9e4                etasInitTasks
                0x4804c91c                TimerInitTask
                0x4804c8ec                etasExitTasks
                0x4804c858                TimerExitTask
                0x4804c854                etasInactiveExitTask
                0x4804c850                etasStartupExitTask
                0x4804c9bc                etasStartupInitTask
                0x4804c84c                etasInactiveInitTask
 .text          0x4804ca28        0xc OSC/rtaInterface.o
                0x4804ca28                etasGetCounterPeriodUs
                0x4804ca30                StackFaultHook
 .text          0x4804ca34      0x5f8 OSC/ETCHooks.o
                0x4804cd54                rtioHook_15_0
                0x4804ce44                rtioHook_9_0
                0x4804cdcc                rtioHook_12_0
                0x4804ccb4                rtioHook_19_0
                0x4804cd04                rtioHook_17_0
                0x4804cf84                rtioHook_1_0
                0x4804cf0c                rtioHook_4_0
                0x4804caac                rtioHook_32_0
                0x4804cc14                rtioHook_23_0
                0x4804cafc                rtioHook_30_0
                0x4804cc64                rtioHook_21_0
                0x4804ca34                rtioHook_35_0
                0x4804cb9c                rtioHook_26_0
                0x4804cfd4                rtioHook_37_0
                0x4804cb4c                rtioHook_28_0
                0x4804ca84                rtioHook_33_0
                0x4804cbec                rtioHook_24_0
                0x4804cb24                rtioHook_29_0
                0x4804cad4                rtioHook_31_0
                0x4804ce94                rtioHook_7_0
                0x4804cc3c                rtioHook_22_0
                0x4804cfac                rtioHook_0_0
                0x4804ccdc                rtioHook_18_0
                0x4804cda4                rtioHook_13_0
                0x4804cdf4                rtioHook_11_0
                0x4804cd2c                rtioHook_16_0
                0x4804cebc                rtioHook_6_0
                0x4804cd7c                rtioHook_14_0
                0x4804ce6c                rtioHook_8_0
                0x4804cc8c                rtioHook_20_0
                0x4804cf5c                rtioHook_2_0
                0x4804ca5c                rtioHook_34_0
                0x4804cbc4                rtioHook_25_0
                0x4804cf34                rtioHook_3_0
                0x4804ce1c                rtioHook_10_0
                0x4804cee4                rtioHook_5_0
                0x4804d000                rtioHook_36_0
                0x4804cb74                rtioHook_27_0
 .text          0x4804d02c      0xf40 OSC/XbarHooks.o
                0x4804d054                crossbarHook_34_0
                0x4804d5f4                crossbarHook_21_0
                0x4804d8ec                crossbarHook_2_0
                0x4804d284                crossbarHook_32_6
                0x4804d75c                crossbarHook_12_0
                0x4804de0c                crossbarHook_36_7
                0x4804d324                crossbarHook_32_2
                0x4804dcd8                crossbarHook_36_14
                0x4804d48c                crossbarHook_29_1
                0x4804d93c                crossbarHook_37_17
                0x4804d52c                crossbarHook_26_0
                0x4804da9c                crossbarHook_37_9
                0x4804d694                crossbarHook_17_0
                0x4804d9ec                crossbarHook_37_13
                0x4804d824                crossbarHook_7_0
                0x4804db4c                crossbarHook_37_5
                0x4804dbfc                crossbarHook_37_1
                0x4804d874                crossbarHook_5_0
                0x4804d0cc                crossbarHook_33_3
                0x4804d1bc                crossbarHook_32_11
                0x4804df40                crossbarHook_36_0
                0x4804d5a4                crossbarHook_23_0
                0x4804d70c                crossbarHook_14_0
                0x4804d25c                crossbarHook_32_7
                0x4804de90                crossbarHook_36_4
                0x4804dde0                crossbarHook_36_8
                0x4804d2fc                crossbarHook_32_3
                0x4804d464                crossbarHook_29_2
                0x4804dd04                crossbarHook_36_13
                0x4804d9c0                crossbarHook_37_14
                0x4804da70                crossbarHook_37_10
                0x4804dc54                crossbarHook_36_17
                0x4804dac8                crossbarHook_37_8
                0x4804db78                crossbarHook_37_4
                0x4804dc28                crossbarHook_37_0
                0x4804d57c                crossbarHook_24_0
                0x4804d6e4                crossbarHook_15_0
                0x4804d02c                crossbarHook_35_0
                0x4804d5cc                crossbarHook_22_0
                0x4804d0f4                crossbarHook_33_2
                0x4804d734                crossbarHook_13_0
                0x4804df14                crossbarHook_36_1
                0x4804d914                crossbarHook_1_0
                0x4804d39c                crossbarHook_31_1
                0x4804d504                crossbarHook_27_0
                0x4804d66c                crossbarHook_18_0
                0x4804d84c                crossbarHook_6_0
                0x4804d234                crossbarHook_32_8
                0x4804d554                crossbarHook_25_0
                0x4804d6bc                crossbarHook_16_0
                0x4804de64                crossbarHook_36_5
                0x4804ddb4                crossbarHook_36_9
                0x4804d2d4                crossbarHook_32_4
                0x4804d374                crossbarHook_32_0
                0x4804d7ac                crossbarHook_10_0
                0x4804dd30                crossbarHook_36_12
                0x4804d994                crossbarHook_37_15
                0x4804d7fc                crossbarHook_8_0
                0x4804da44                crossbarHook_37_11
                0x4804dc80                crossbarHook_36_16
                0x4804d414                crossbarHook_30_0
                0x4804daf4                crossbarHook_37_7
                0x4804dba4                crossbarHook_37_3
                0x4804d43c                crossbarHook_29_3
                0x4804d194                crossbarHook_32_12
                0x4804d07c                crossbarHook_33_5
                0x4804d8c4                crossbarHook_3_0
                0x4804d11c                crossbarHook_33_1
                0x4804dee8                crossbarHook_36_2
                0x4804d3c4                crossbarHook_31_0
                0x4804d20c                crossbarHook_32_9
                0x4804dd5c                crossbarHook_36_11
                0x4804de38                crossbarHook_36_6
                0x4804d2ac                crossbarHook_32_5
                0x4804d34c                crossbarHook_32_1
                0x4804d4dc                crossbarHook_28_0
                0x4804d644                crossbarHook_19_0
                0x4804dcac                crossbarHook_36_15
                0x4804d3ec                crossbarHook_30_1
                0x4804d4b4                crossbarHook_29_0
                0x4804d968                crossbarHook_37_16
                0x4804da18                crossbarHook_37_12
                0x4804db20                crossbarHook_37_6
                0x4804dbd0                crossbarHook_37_2
                0x4804d16c                crossbarHook_32_13
                0x4804d0a4                crossbarHook_33_4
                0x4804d144                crossbarHook_33_0
                0x4804d61c                crossbarHook_20_0
                0x4804d784                crossbarHook_11_0
                0x4804d1e4                crossbarHook_32_10
                0x4804debc                crossbarHook_36_3
                0x4804d7d4                crossbarHook_9_0
                0x4804dd88                crossbarHook_36_10
                0x4804d89c                crossbarHook_4_0
 .text          0x4804df6c        0x0 ETC/FormulaTable.o
 .text          0x4804df6c        0x0 ETC/DriverTable.o
 .text          0x4804df6c        0x0 ETC/MappingFunctionTable.o
 .text          0x4804df6c        0x0 ETC/RtioL1RecordTable.o
 .text          0x4804df6c        0x0 ETC/XCPTransportLayerFunctionsTable.o
 .text          0x4804df6c        0x0 ETC/ChecksumAlgoTables.o
 .text          0x4804df6c        0x0 CBC/CopyFunctionTable.o
 .text          0x4804df6c        0x0 CBC/CrossbarL1RecordTable.o
 .text          0x4804df6c       0x48 C:/ETAS/Compiler/INTECRIO5.0/QNXCompiler-V6.5\host\win32\x86/usr/lib/gcc/powerpc-unknown-nto-qnx6.5.0/4.4.2/spe/libgcc.a(_fixunsdfdi.o)
                0x4804df6c                __fixunsdfdi
 .text          0x4804dfb4       0x40 C:/ETAS/Compiler/INTECRIO5.0/QNXCompiler-V6.5\host\win32\x86/usr/lib/gcc/powerpc-unknown-nto-qnx6.5.0/4.4.2/spe/libgcc.a(_floatundidf.o)
                0x4804dfb4                __floatundidf
 .text          0x4804dff4       0x98 C:/ETAS/Compiler/INTECRIO5.0/QNXCompiler-V6.5\host\win32\x86/usr/lib/gcc/powerpc-unknown-nto-qnx6.5.0/4.4.2/spe/crtend.o
 .text          0x4804e08c        0x0 C:/ETAS/Compiler/INTECRIO5.0/QNXCompiler-V6.5\target\qnx6/ppcbe-spe/lib/crtn.o
 .text          0x4804e08c     0x23b4 C:\Program Files (x86)\ETAS\INTECRIO5.0\Target\Etarget\ES910\libes910.a(i_rtautil.o)
                0x4804e3b4                etasActivateTaskViaIsr
                0x4804f8b0                startTaskHookMon
                0x4804e958                ErrorHook
                0x4804e15c                osTraceStopwatch
                0x4804e6d0                switchToInactiveAppMode
                0x4804e098                isAppModeSwitchPending
                0x4804f5b8                etasStartIsrHookMon
                0x4804f7c8                etasStartIsrHook
                0x4804e28c                getModelRuntime
                0x4804e3e0                restartModelProcess
                0x4804e08c                GetNextAppMode
                0x4804e304                etasActivateTaskWithIdViaIsrHandler
                0x4804f6b4                etasEndIsrHook
                0x4804e0c8                checkInterruptOccurence
                0x4804fbdc                osekThreadSuspendRtSignals
                0x4804f6ec                etasEndIsrHookMon
                0x4804e698                getCurTaskMonitor
                0x4804e894                GetStopwatchUncertainty
                0x4804fa4c                endTaskHook
                0x4804e780                delayInitExitTask
                0x4804e0e4                rtaInitTarget
                0x4804e8ec                OverrunHook
                0x4804e370                etasActivateTaskWithIdViaIsr
                0x4804f988                startTaskHook
                0x4804e1d0                etasDeInstallOsErrorHook
                0x4804fee0                applicationModeManager
                0x4804e4a0                terminateModelProcess
                0x4804f2d8                StartupHook
                0x4804fba0                osekThreadResumeRtSignals
                0x4804e64c                lockCriticalSection
                0x4804e564                isRtaOsekThreadContext
                0x4804e164                isInsideInitExitTask
                0x4804e190                isInsideExitTask
                0x4804ec84                ShutdownHook
                0x4804e598                unlockCriticalSection
                0x4804e1a8                etasInstallOsErrorHook
                0x4804fac4                endTaskHookMon
                0x4804e0b4                resetInterruptFlag
                0x4804e154                GetStopwatch
                0x4804e0e0                etasRTATraceInitProcess
                0x4804e148                GetDeltaT
                0x4804e1fc                SetNextAppMode
                0x4804e848                tempMgrRegisterSigtermEvent
                0x4804e178                isInsideInitTask
                0x4804e0d4                getLastInterruptTimeTicks
 .text          0x48050440     0x2058 C:\Program Files (x86)\ETAS\INTECRIO5.0\Target\Etarget\ES910\libes910.a(t_driverThreads.o)
                0x4805122c                osek_sendto
                0x48050ac4                osek_msync
                0x48050824                osek_vfprintf
                0x480518a4                osek_MsgReceive
                0x4805160c                osek_MsgRead
                0x480510b8                osek_cmsSendMessage
                0x480505c8                osek_malloc
                0x4805057c                osek_free
                0x48050508                osek_fsync
                0x48050cac                osek_unlink
                0x48050964                osek_munmap
                0x48051304                osek_devctl
                0x480514e8                osek_close
                0x48050fcc                osek_cmsReceiveMessage
                0x48050d20                osek_system
                0x4805176c                osek_MsgError
                0x48051ac8                osek_send
                0x480517f4                osek_MsgReply
                0x480508dc                osek_ftruncate
                0x480516bc                osek_MsgWrite
                0x48050c10                osek_lseek
                0x48051954                osek_MsgSend
                0x48051154                osek_recvfrom
                0x48050b60                osek_fwrite
                0x48050758                osek_vslogf
                0x48050d94                osek_cmsReceiveMessageEx
                0x48050440                etasSetNumberOfDriverThreads
                0x48051b78                etasCreateDriverThread
                0x480509ec                osek_mmap
                0x4805144c                osek_write
                0x48051a18                osek_recv
                0x4805063c                osek_etasLogCoreFeedRecordToBackends
                0x480513b0                osek_read
                0x48050f1c                osek_cmsErrorState
                0x48050e80                osek_cmsSendMessageEx
                0x4805155c                osek_open
 .text          0x48052498      0x8fc C:\Program Files (x86)\ETAS\INTECRIO5.0\Target\Etarget\ES910\libes910.a(t_idle.o)
                0x48052cbc                initRtaTraceSupport
                0x480526cc                etasIdleProcess
                0x48052558                signalStartupHookTermination
                0x480524e4                apsGetPartitionId
                0x48052588                apsJoinPartition
                0x48052528                signalShutdownHookTermination
                0x480524f0                getSysLoad
                0x48052498                etasInstallIdleHook
                0x480524c0                etasDeInstallIdleHook
 .text          0x48052d94     0x1fcc C:\Program Files (x86)\ETAS\INTECRIO5.0\Target\Etarget\ES910\libes910.a(t_l1com.o)
                0x48052d94                setL1ComBufferSize
                0x48052dd4                l1SetBusyState
                0x48052f54                l1SignalIdleState
                0x480532fc                waitForL1Request
                0x480538ec                createL1ModelThread
                0x48053838                serveL1Request
                0x48053244                etasL1Process
 .text          0x48054d60      0xcc4 C:\Program Files (x86)\ETAS\INTECRIO5.0\Target\Etarget\ES910\libes910.a(t_main.o)
                0x48054fbc                main
 .text          0x48055a24      0x9f0 C:\Program Files (x86)\ETAS\INTECRIO5.0\Target\Etarget\ES910\libes910.a(t_mlog.o)
                0x48055a48                getDriverLogging
                0x48055a54                getUserSeverity
                0x48055a3c                getUserLogging
                0x48055ae0                mlog_setSeverityFilterUser
                0x48055ab4                mlog_setSeverityFilterDrv
                0x48055a60                getDriverSeverity
                0x4805619c                mlog_init
                0x48055ea0                mlog_updateLoggingConfiguration
                0x48055a24                getUserLogChan
                0x48055f8c                mlog_startLogConfigThread
                0x48055a30                getDrvLogChan
                0x48055a6c                mlog_debugLog
 .text          0x48056414      0xfac C:\Program Files (x86)\ETAS\INTECRIO5.0\Target\Etarget\ES910\libes910.a(t_qnxtargetutil.o)
                0x48056940                qnxThreadJoinPartition
                0x48056670                qnxLockSetSockEnvironmentVariable
                0x48056d90                qnxPrintProcesses
                0x48056424                qnxCheckBootFromFlash
                0x48056cc0                qnxPrintCpuLoad
                0x48056440                qnxCheckHaltedModel
                0x48056468                qnxRestoreUnlockSockEnvironmentVariable
                0x48056414                qnxSetBootFromFlash
                0x480572d8                qnxPrintSavedErrorMessages
                0x4805644c                qnxSetStandalone
                0x48056c5c                qnxAdjustThreadPriority
                0x48056430                qnxSetHaltedModel
                0x480569c0                qnxGetSetRunInheritMask
                0x4805645c                qnxCheckStandalone
 .text          0x480573c0      0x638 C:\Program Files (x86)\ETAS\INTECRIO5.0\Target\Etarget\ES910\libes910.a(t_targetutil.o)
                0x48057410                initL2CachePerfMeas
                0x48057938                es910GetSerialNumber
                0x480573c0                GetSystemTimeLow
                0x480578e0                es910GetPcbRevision
                0x48057914                es910PiggyGetSerialNumber
                0x4805756c                getL2CachePerf
                0x48057674                es910PrintFwVersions
                0x48057518                getL2CachePerfRaw
                0x480573d0                GetSystemTime
                0x480579c4                es910MapCCSRMemoryRange
                0x480573c8                GetSystemTimeHigh
                0x480578ac                es910PiggyGetPcbRevision
                0x4805795c                waitMicroseconds
 .text          0x480579f8      0x2f4 C:\Program Files (x86)\ETAS\INTECRIO5.0\Target\Etarget\ES910\libes910.a(t_watchdog.o)
                0x48057a08                wdDisableAutoService
                0x48057ad0                etasServiceWatchdog
                0x48057a60                wdService
                0x48057b48                wdSetEventPeriod
                0x480579f8                wdEnableAutoService
                0x48057a18                wdSetApplicationName
                0x48057aa0                triggerWD
                0x48057a24                wdDisconnect
 .text          0x48057cec      0x848 C:\Program Files (x86)\ETAS\INTECRIO5.0\Target\Etarget\ES910\libes910.a(p_chario.o)
                0x480582a0                IOWrite
                0x48057cec                IOIsLogOn
                0x48057cf8                IOLogOff
                0x48057d54                IOLogOn
                0x48058020                IOPrintf
 .text          0x48058534      0x31c C:\Program Files (x86)\ETAS\INTECRIO5.0\Target\Etarget\ES910\libes910.a(t_hwTimeSync.o)
                0x48058534                es9xxTimeSyncGetTimerValue
                0x48058628                es9xxTimeSyncGetTimerStatus
                0x4805877c                es9xxTimeSyncInit
                0x480585b8                getLocalSystemTime
 .text          0x48058850      0x224 C:\Program Files (x86)\ETAS\INTECRIO5.0\Target\Etarget\ES910\libes910.a(t_led.o)
                0x48058850                userLed2Off
                0x480588e8                userLed2Toggle
                0x480589f4                ledsOff
                0x480589bc                userLed1Toggle
                0x48058970                userLed1On
                0x48058920                userLed1Off
                0x4805889c                userLed2On
 .text          0x48058a74     0x2178 C:\Program Files (x86)\ETAS\INTECRIO5.0\Target\Etarget\ES910\libtarget.a(a_dacqui.o)
                0x4805a0c8                asdSimPreCall
                0x4805ab7c                asdSimPostCall
                0x4805a14c                getDacqTimeFor
                0x4805aa74                storeMeasureDataForGroup
                0x4805a2c4                applicationStartUserMode
                0x4805a29c                resetLogSimulationTime
                0x48058d2c                etasAscetLoggingBufferFillLevel
                0x4805a210                getLogSimulationTime
                0x48058d60                etasAscetLoggingOverflowCounter
                0x48058da4                asdDisableUserDefinedTime
                0x4805a238                getSimulationTime
                0x48058cc8                setSimulationTime
                0x48058d94                asdEnableUserDefinedTime
                0x48059e04                checkForBufferOverflow
                0x4805a264                resetDacqTimeFor
                0x48058c9c                setLogSimulationTime
                0x48058c94                setDacqTimeFor
                0x48058a74                applicationStopUserMode
                0x4805a3a4                timeMeasurementStop
                0x48058cf8                etasAscetLoggingBufferSize
                0x4805a44c                logDataForChannel
                0x4805a898                storeLogDataForGroup
                0x4805a3f8                timeMeasurementStart
                0x4805a344                timeInSeconds
 .text          0x4805abec       0xd8 C:\Program Files (x86)\ETAS\INTECRIO5.0\Target\Etarget\ES910\libtarget.a(a_l1pro.o)
                0x4805abec                forwardToProcess
                0x4805ac48                startUpSimulation
 .text          0x4805acc4     0x4c88 C:\Program Files (x86)\ETAS\INTECRIO5.0\Target\Etarget\ES910\libtarget.a(a_primit.o)
                0x4805f410                v3_initInstance_uint16
                0x4805cb68                Vec_uint32_getAtProtected
                0x4805e08c                v3_initInstance_Mat_real64
                0x4805d734                v3_initInstance_Mat_bool
                0x4805f08c                initInstance_GroupCharTable2
                0x4805ecc8                initInstance_Vec_real32
                0x4805c2f8                Mat_sint16_setAtProtected
                0x4805c170                Mat_uint16_setAtProtected
                0x4805de38                v3_initInstance_Mat_sint8
                0x4805df60                v3_initInstance_Mat_real32
                0x4805dab8                v3_initInstance_Mat_uint16
                0x4805c9dc                Vec_qreal64_getAtProtected
                0x4805f8dc                delete_Mat
                0x4805b54c                addVector
                0x4805e370                v3_initInstance_Vec_bool
                0x4805dbc0                initInstance_Mat_uint16
                0x4805f068                initInstance_uint32
                0x4805f514                initInstance_sint16
                0x4805d394                qreal64_set
                0x4805f6d0                initInstance_real32
                0x4805ea68                initInstance_Vec_uint8
                0x4805f81c                delete_CharTable2
                0x4805cef4                Vec_uint8_getAtProtected
                0x4805f480                initInstance_uint16
                0x4805ad50                removeMatrix
                0x4805ce78                Vec_uint8_setAtProtected
                0x4805d98c                v3_initInstance_Mat_sint32
                0x4805e47c                initInstance_Vec_bool
                0x4805bbd8                Mat_real64_getAtProtected
                0x4805bae8                Mat_real64_setAtProtected
                0x4805d83c                initInstance_Mat_bool
                0x4805e6dc                initInstance_Vec_sint32
                0x4805f538                v3_initInstance_uint8
                0x4805d288                Vec_qreal64_setAtProtected
                0x4805b418                addMatrix
                0x4805d570                v3_initInstance_Mat_qreal64
                0x4805c6c8                Mat_sint8_getAtProtected
                0x4805f214                initInstance_GroupCharTable1
                0x4805c3c4                Mat_sint16_getAtProtected
                0x4805e4a0                v3_initInstance_Vec_uint32
                0x4805cfd0                Vec_sint8_getAtProtected
                0x4805c0b4                Mat_sint32_getAtProtected
                0x4805d034                qreal64_adjust
                0x4805f914                delete_Vec
                0x4805e830                v3_initInstance_Vec_sint16
                0x4805e93c                initInstance_Vec_sint16
                0x4805c8bc                Vec_real64_setAtProtected
                0x4805ccb0                Vec_uint16_setAtProtected
                0x4805ca04                Vec_real32_setAtProtected
                0x4805de14                initInstance_Mat_uint8
                0x4805bf2c                Mat_uint32_getAtProtected
                0x4805acd0                getBasicType
                0x4805ebb8                v3_initInstance_Vec_real32
                0x4805d158                Mat_qreal64_setAtProtected
                0x4805c858                Vec_bool_getAtProtected
                0x4805f76c                initInstance_real64
                0x4805e338                initInstance_Vec_qreal64
                0x4805f85c                delete_GroupCharTable1
                0x4805f37c                v3_initInstance_sint32
                0x4805e068                initInstance_Mat_real32
                0x4805cf54                Vec_sint8_setAtProtected
                0x4805bda4                Mat_real32_getAtProtected
                0x4805c7d8                Vec_bool_setAtProtected
                0x4805ae40                removeVector
                0x4805ba2c                Mat_bool_getAtProtected
                0x4805f89c                delete_CharTable1
                0x4805f3ec                initInstance_sint32
                0x4805d860                v3_initInstance_Mat_uint32
                0x4805f63c                initInstance_sint8
                0x4805f150                initInstance_CharTable2
                0x4805ef2c                initInstance_qreal64
                0x4805be60                Mat_uint32_setAtProtected
                0x4805c23c                Mat_uint16_getAtProtected
                0x4805e194                initInstance_Mat_real64
                0x4805f6f4                v3_initInstance_real64
                0x4805eff8                v3_initInstance_uint32
                0x4805acdc                getPrimitiveType
                0x4805b8c8                Mat_setCurSizeYProtected
                0x4805ea8c                v3_initInstance_Vec_sint8
                0x4805f5a8                initInstance_uint8
                0x4805e700                v3_initInstance_Vec_uint16
                0x4805acc4                getTypeSize
                0x4805da94                initInstance_Mat_sint32
                0x4805f660                v3_initInstance_real32
                0x4805f7dc                delete_GroupCharTable2
                0x4805b960                Mat_bool_setAtProtected
                0x4805d968                initInstance_Mat_uint32
                0x4805efd4                initInstance_bool
                0x4805cae8                Vec_uint32_setAtProtected
                0x4805e1b8                v3_initInstance_Vec_qreal64
                0x4805d6f4                initInstance_Mat_qreal64
                0x4805bcb0                Mat_qreal64_getAtProtected
                0x4805e960                v3_initInstance_Vec_uint8
                0x4805cc4c                Vec_sint32_getAtProtected
                0x4805dcec                initInstance_Mat_sint16
                0x4805cd30                Vec_uint16_getAtProtected
                0x4805c784                Vec_setCurSizeProtected
                0x4805f5cc                v3_initInstance_sint8
                0x4805c95c                Vec_real64_getAtProtected
                0x4805c480                Mat_uint8_setAtProtected
                0x4805e5ac                initInstance_Vec_uint32
                0x4805dbe4                v3_initInstance_Mat_sint16
                0x4805cbcc                Vec_sint32_setAtProtected
                0x4805f790                initInstance_reference
                0x4805ce14                Vec_sint16_getAtProtected
                0x4805c600                Mat_sint8_setAtProtected
                0x4805b914                Mat_setCurSizeXProtected
                0x4805ef64                v3_initInstance_bool
                0x4805f2c8                initInstance_CharTable1
                0x4805ee1c                v3_initInstance_qreal64
                0x4805d4dc                initInstance_quantInfo
                0x4805bcd8                Mat_real32_setAtProtected
                0x4805df3c                initInstance_Mat_sint8
                0x4805e5d0                v3_initInstance_Vec_sint32
                0x4805ca84                Vec_real32_getAtProtected
                0x4805bfe8                Mat_sint32_setAtProtected
                0x4805eb94                initInstance_Vec_sint8
                0x4805cd94                Vec_sint16_setAtProtected
                0x4805c548                Mat_uint8_getAtProtected
                0x4805f4a4                v3_initInstance_sint16
                0x4805dd10                v3_initInstance_Mat_uint8
                0x4805e80c                initInstance_Vec_uint16
                0x4805edf8                initInstance_Vec_real64
                0x4805ecec                v3_initInstance_Vec_real64
 .text          0x4805f94c       0x20 C:\Program Files (x86)\ETAS\INTECRIO5.0\Target\Etarget\ES910\libtarget.a(a_sysver.o)
                0x4805f960                getBuildRevision
                0x4805f94c                getSystemLibVersion
                0x4805f958                getSystemLibCid
 .text          0x4805f96c     0x305c C:\Program Files (x86)\ETAS\INTECRIO5.0\Target\Etarget\ES910\libtarget.a(a_targma.o)
                0x4806086c                perfMeasStop
                0x4806123c                asdMalloc
                0x48061630                addToActiveSimObjList
                0x4805faec                getTargetL1BufferSizeCode
                0x480617c0                asdWriteUserError
                0x4805fa84                setTargetL1BufferSize
                0x480620f8                perfMeasDisplay
                0x4805fa50                getSimObjPtr
                0x48060b3c                asdFree
                0x48061794                asdClearUserError
                0x4805fb44                resetPerfMeasObj
                0x48061010                asdMallocNoInit
                0x48061fb0                asdWriteUserDebug
                0x4805f99c                searchInActiveList
                0x480611e8                asdCalloc
                0x4805fae0                getTargetL1BufferSize
                0x4805f9f8                removeFromActiveSimObjList
                0x48060914                perfMeasStart
                0x4805f978                instanceTreeMallocOn
                0x48061168                createPerfMeasObj
                0x48062340                etasInitModelProcess
                0x48060310                getObjectsRecursive
                0x48060980                availableMemory
                0x4805f988                instanceTreeMallocOff
                0x48060a34                asdFreeAll
                0x480614d0                updateCTBlocks
                0x48060e98                asdRealloc
                0x48060e58                deletePerfMeasObj
                0x4805f96c                getInstanceTreeMemoryConsumption
 .text          0x480629c8     0x14ac C:\Program Files (x86)\ETAS\INTECRIO5.0\Target\Etarget\ES910\libtarget.a(i_cpyfnc.o)
                0x48062cf8                copyPlainFromFloat
                0x48063824                copyScalSatTypeSatFromFloat
                0x48063e5c                copyInt
                0x48063e68                copyDouble
                0x48063e50                copyShort
                0x4806338c                copyScalFromValidFloat
                0x480635d0                copyScalSatFromFloat
                0x48062f18                copySatFromFloat
                0x480629c8                copyPlainToFloat
                0x48062c18                copyScalSatToFloat
                0x48062b60                copyScalToFloat
                0x48063e44                copyByte
                0x48063be8                copyBoolSatFromFloat
                0x48062a94                copySatToFloat
                0x4806315c                copyScalFromFloat
 .text          0x48063e74     0x530c C:\Program Files (x86)\ETAS\INTECRIO5.0\Target\Etarget\ES910\libtarget.a(i_mapfnc.o)
                0x4806420c                var2BufByteOffsetReal64
                0x480664e4                var2BufBypassSint8
                0x48065248                var2Buf64BitIntelSint32
                0x480643f8                var2BufByteOffsetBool
                0x480672c8                var2BufIndirectMotorolaReal32
                0x480641c8                buf2VarSimpleUint8
                0x4806448c                buf2VarByteOffsetSint32
                0x4806763c                buf2VarIndirectMotorolaSint32
                0x48068964                var2BufIndirectIntelSint16
                0x4806912c                bufGenFrameInit
                0x48067168                buf2VarGenFrameIntelSint32
                0x48068e80                buf2VarBypassIntelUint16
                0x4806494c                var2Buf64BitMotorolaUint16
                0x4806512c                var2Buf64BitIntelUint32
                0x48065930                buf2Var64BitMotorolaReal32
                0x480662e0                var2BufBypassMotorolaReal64
                0x480649f8                var2Buf64BitMotorolaSint16
                0x48064314                var2BufByteOffsetSint16
                0x48064180                buf2VarSimpleSint32
                0x48066624                buf2VarBypassMotorolaSint32
                0x480644dc                buf2VarByteOffsetSint8
                0x4806738c                var2BufIndirectMotorolaUint16
                0x480665f4                buf2VarBypassMotorolaUint32
                0x48065c00                buf2Var64BitMotorolaUint8
                0x48068cbc                var2BufBypassMaskedIntelBoolUint32
                0x4806759c                buf2VarIndirectMotorolaReal64
                0x48064078                var2BufSimpleBool
                0x48066fa8                buf2VarGenFrameMotorolaSint32
                0x48065b1c                buf2Var64BitMotorolaSint32
                0x48064bf4                var2Buf64BitMotorolaBool
                0x48067128                buf2VarGenFrameIntelUint32
                0x48066ee8                var2BufGenFrameIntelBool
                0x48066ea8                var2BufGenFrameIntelSint8
                0x48066c28                var2BufGenFrameMotorolaSint16
                0x480672a8                var2BufIndirectMotorolaReal64
                0x48064360                var2BufByteOffsetUint8
                0x4806458c                var2Buf64BitMotorolaUint64
                0x48066be8                var2BufGenFrameMotorolaUint16
                0x48068f10                buf2VarBypassIntelUint32
                0x48069044                var2BufBypassIntelSint32
                0x4806413c                buf2VarSimpleReal64
                0x480666d4                buf2VarBypassIntelReal64
                0x480644a0                buf2VarByteOffsetUint16
                0x48063ef0                var2BufSimpleSint32
                0x480669fc                var2BufBypassMaskedUint8
                0x480667ac                var2BufBypassMaskedMotorolaUint32
                0x480643ac                var2BufByteOffsetSint8
                0x48064dbc                var2Buf64BitIntelUint64
                0x480675d0                buf2VarIndirectMotorolaReal32
                0x480665a4                buf2VarBypassMotorolaReal64
                0x48066ce8                var2BufGenFrameMotorolaBool
                0x48065364                var2Buf64BitIntelUint16
                0x48064230                var2BufByteOffsetUint32
                0x48068830                buf2VarIndirectIntelUint16
                0x480644f4                buf2VarByteOffsetBool
                0x48068bac                var2BufBypassMaskedIntelSint16
                0x480640e0                var2BufSimpleUint8Bool
                0x480663a8                var2BufBypassMotorolaUint16
                0x48068c34                var2BufBypassMaskedIntelUint16
                0x48064168                buf2VarSimpleUint32
                0x48066ca8                var2BufGenFrameMotorolaSint8
                0x48064cec                var2Buf64BitIntelReal32
                0x480677c8                buf2VarIndirectSint8
                0x48065978                buf2Var64BitMotorolaUint64
                0x48066b68                var2BufGenFrameMotorolaUint32
                0x48067c48                var2BufGenFrameMotorolaReal64
                0x480690a4                var2BufBypassIntelUint32
                0x48067068                buf2VarGenFrameMotorolaUint8
                0x48065b64                buf2Var64BitMotorolaUint16
                0x4806624c                buf2Var64BitIntelSint8
                0x48066d28                var2BufGenFrameIntelReal32
                0x48065d00                buf2Var64BitIntelReal32
                0x48064c98                var2Buf64BitIntelReal64
                0x480668d0                var2BufBypassMaskedMotorolaUint16
                0x48064f74                var2Buf64BitIntelSint64
                0x48066de8                var2BufGenFrameIntelUint16
                0x48068730                buf2VarGenFrameIntelReal64
                0x480663f4                var2BufBypassMotorolaSint16
                0x48068f54                buf2VarBypassIntelReal32
                0x48068ecc                buf2VarBypassIntelSint32
                0x4806427c                var2BufByteOffsetSint32
                0x48065e70                buf2Var64BitIntelSint64
                0x48066f28                buf2VarGenFrameMotorolaReal32
                0x48069158                bufBypassInit
                0x48066088                buf2Var64BitIntelUint16
                0x48066874                var2BufBypassMaskedMotorolaBoolUint32
                0x48068a9c                var2BufIndirectIntelUint32
                0x48067028                buf2VarGenFrameMotorolaSint16
                0x48064aa4                var2Buf64BitMotorolaUint8
                0x48065d7c                buf2Var64BitIntelUint64
                0x480671e8                buf2VarGenFrameIntelSint16
                0x48066da8                var2BufGenFrameIntelSint32
                0x48068420                buf2VarGenFrameMotorolaReal64
                0x480661b4                buf2Var64BitIntelUint8
                0x48066acc                var2BufBypassMaskedBoolUint8
                0x48068300                buf2VarGenFrameMotorolaUint64
                0x480676c4                buf2VarIndirectMotorolaSint16
                0x480670e8                buf2VarGenFrameIntelReal32
                0x48064804                var2Buf64BitMotorolaUint32
                0x48068b04                var2BufIndirectIntelReal32
                0x4806421c                var2BufByteOffsetReal32
                0x48068b34                var2BufBypassMaskedIntelBoolUint16
                0x48066774                buf2VarBypassSint8
                0x480656cc                var2Buf64BitIntelSint8
                0x480648a8                var2Buf64BitMotorolaSint32
                0x48066120                buf2Var64BitIntelSint16
                0x480655ac                var2Buf64BitIntelUint8
                0x48067ad0                var2BufGenFrameMotorolaUint64
                0x48066fe8                buf2VarGenFrameMotorolaUint16
                0x4806673c                buf2VarBypassUint8
                0x48064530                var2Buf64BitMotorolaReal32
                0x480671a8                buf2VarGenFrameIntelUint16
                0x480641dc                buf2VarSimpleSint8
                0x480672e4                var2BufIndirectMotorolaUint32
                0x480685ac                buf2VarGenFrameIntelSint64
                0x48066694                buf2VarBypassMotorolaSint16
                0x48063ea0                var2BufSimpleUint32
                0x480681dc                buf2VarGenFrameMotorolaSint64
                0x48064508                buf64BitInit
                0x48067710                buf2VarIndirectIntelReal64
                0x48068928                buf2VarIndirectIntelReal32
                0x4806635c                var2BufBypassMotorolaSint32
                0x48068fe4                var2BufBypassIntelUint16
                0x480670a8                buf2VarGenFrameMotorolaSint8
                0x48067958                var2BufGenFrameMotorolaSint64
                0x48066938                var2BufBypassMaskedMotorolaSint16
                0x480669a0                var2BufBypassMaskedMotorolaBoolUint16
                0x48067f84                var2BufGenFrameIntelUint64
                0x48066c68                var2BufGenFrameMotorolaUint8
                0x48063fe0                var2BufSimpleUint8
                0x48064464                buf2VarByteOffsetReal32
                0x480674e8                var2BufIndirectSint8
                0x48064150                buf2VarSimpleReal32
                0x48068888                buf2VarIndirectIntelSint32
                0x48068f84                var2BufBypassIntelSint16
                0x48065ad4                buf2Var64BitMotorolaUint32
                0x48066310                var2BufBypassMotorolaUint32
                0x48068db4                var2BufBypassMaskedIntelUint32
                0x48067434                var2BufIndirectIntelReal64
                0x48066a64                var2BufBypassMaskedSint8
                0x48064478                buf2VarByteOffsetUint32
                0x48066e28                var2BufGenFrameIntelSint16
                0x480641f4                buf2VarSimpleBool
                0x48064198                buf2VarSimpleUint16
                0x48065c50                buf2Var64BitMotorolaSint8
                0x4806665c                buf2VarBypassMotorolaUint16
                0x48064454                buf2VarByteOffsetReal64
                0x48068a34                var2BufIndirectIntelSint32
                0x48067680                buf2VarIndirectMotorolaUint16
                0x48068670                buf2VarGenFrameIntelUint64
                0x48066440                var2BufBypassIntelReal64
                0x48065f68                buf2Var64BitIntelUint32
                0x48065bb4                buf2Var64BitMotorolaSint16
                0x48066ba8                var2BufGenFrameMotorolaSint32
                0x4806590c                buf2Var64BitMotorolaReal64
                0x48065a24                buf2Var64BitMotorolaSint64
                0x480644b4                buf2VarByteOffsetSint16
                0x48067494                var2BufIndirectUint8
                0x48067228                buf2VarGenFrameIntelUint8
                0x480689cc                var2BufIndirectIntelUint16
                0x48067784                buf2VarIndirectUint8
                0x4806753c                var2BufIndirectBool
                0x48069104                var2BufBypassIntelReal32
                0x48066d68                var2BufGenFrameIntelUint32
                0x48063f40                var2BufSimpleUint16
                0x48067338                var2BufIndirectMotorolaSint32
                0x48066f68                buf2VarGenFrameMotorolaUint32
                0x480642c8                var2BufByteOffsetUint16
                0x48065c9c                buf2Var64BitIntelReal64
                0x48065ff8                buf2Var64BitIntelSint32
                0x48066b28                var2BufGenFrameMotorolaReal32
                0x48064b4c                var2Buf64BitMotorolaSint8
                0x4806780c                formulaOutReal64
                0x4806402c                var2BufSimpleSint8
                0x48067268                buf2VarGenFrameIntelSint8
                0x48067828                formulaInReal64
                0x4806451c                var2Buf64BitMotorolaReal64
                0x48063f90                var2BufSimpleSint16
                0x48066e68                var2BufGenFrameIntelUint8
                0x480665d0                buf2VarBypassMotorolaReal32
                0x48067600                buf2VarIndirectMotorolaUint32
                0x48068080                var2BufGenFrameIntelReal64
                0x480673e0                var2BufIndirectMotorolaSint16
                0x48065488                var2Buf64BitIntelSint16
                0x48066498                var2BufBypassUint8
                0x480641b0                buf2VarSimpleSint16
                0x480688d8                buf2VarIndirectIntelUint32
                0x48066810                var2BufBypassMaskedMotorolaSint32
                0x480687d8                buf2VarIndirectIntelSint16
                0x48063e74                var2BufSimpleReal64
                0x480662fc                var2BufBypassMotorolaReal32
                0x480644c8                buf2VarByteOffsetUint8
                0x48067e88                var2BufGenFrameIntelSint64
                0x48068d34                var2BufBypassMaskedIntelSint32
                0x480646c8                var2Buf64BitMotorolaSint64
                0x48068e34                buf2VarBypassIntelSint16
                0x48063e88                var2BufSimpleReal32
                0x48066530                var2BufBypassBool
                0x480657ec                var2Buf64BitIntelBool
 .text          0x48069180      0xee4 C:\Program Files (x86)\ETAS\INTECRIO5.0\Target\Etarget\ES910\libtarget.a(i_osman.o)
                0x48069e68                etasRemoveStopUserModeCallback
                0x480696d4                activateTaskWithId
                0x4806923c                findCurAppModeName
                0x480693a8                getTaskIdForTask
                0x480694ac                clearMeasureGroupForTask
                0x48069544                clearLogGroupForTask
                0x48069d44                etasInitTaskTerminationHook
                0x48069588                isModelStarted
                0x480691a4                getEEId
                0x480692d8                getTaskPtrForId
                0x4806a02c                etasAddInitTaskTerminationCallback
                0x480695b0                updateUserModeState
                0x48069ff4                etasAddStopUserModeCallback
                0x48069c40                etasStopUserModeHook
                0x48069180                etasInitOsProcess
                0x480693e8                findCurTaskName
                0x480694d0                setMeasureGroupForTask
                0x48069568                setLogGroupForTask
                0x48069ea0                etasRemoveInitTaskTerminationCallback
 .text          0x4806a064     0x73e0 C:\Program Files (x86)\ETAS\INTECRIO5.0\Target\Etarget\ES910\libtarget.a(i_rtioma.o)
                0x4806a0a0                rtioCheckStartup
                0x4806a0fc                registerRtioDriverLockedCallback
                0x4806a0f0                etasRtioInitProcess
                0x48070dec                rtioHook
                0x48070634                rtioSignalDriverLock
                0x4806a0f8                etasRtioExitProcess
                0x48070500                etasRtioIntDisableProcess
                0x4806a094                rtioSetConfigState
                0x4806a17c                deRegisterRtioDriverLockedCallback
                0x48070554                rtioSignalDriverUnlock
                0x48070520                etasRtioStartupProcess
                0x4806a088                rtioGetConfigState
                0x4806a200                rtioGetDriverLockedState
                0x4806a0e4                rtioIsOsExpertModeActive
                0x4806a0d8                rtioGetHwAbsenceBehavior
                0x4806a064                rtioSetLogPort
                0x4806a0f4                etasRtioIntEnableProcess
                0x4806a070                rtioSetConfigId
 .text          0x48071444      0x550 C:\Program Files (x86)\ETAS\INTECRIO5.0\Target\Etarget\ES910\libtarget.a(i_salone.o)
                0x48071940                crossbarPrepareReconnection
                0x48071750                crossbarGetNextConfigResponse
                0x480715ac                playbackConfigL1Records
                0x480718ec                rtioPrepareReconnection
                0x48071854                crossbarFinishReconnection
                0x480716e4                rtioGetNextConfigResponse
                0x480717bc                rtioFinishReconnection
 .text          0x48071994     0x1830 C:\Program Files (x86)\ETAS\INTECRIO5.0\Target\Etarget\ES910\libtarget.a(t_croman.o)
                0x480719a0                crossbarSetConfigId
                0x480719b8                crossbarGetConfigState
                0x48071994                crossbarSetLogPort
                0x480719c4                crossbarSetConfigState
                0x48073120                crossbarHook
 .text          0x480731c4      0xcb0 C:\Program Files (x86)\ETAS\INTECRIO5.0\Target\Etarget\ES910\libtarget.a(t_crosll.o)
                0x48073498                createCopyObjectContainer
                0x48073514                insertObjectIntoCopyLists
                0x48073798                commonCreateCopyAction
                0x48073d18                cromanExecuteObj
                0x480731c4                internalDeleteCopyAction
                0x48073668                createInsertVector
 .text          0x48073e74     0x1cf0 C:\Program Files (x86)\ETAS\INTECRIO5.0\Target\Etarget\ES910\libtarget.a(t_nvram.o)
                0x48073fa8                nvramClear
                0x48073f58                nvramEnableAutoUpdate
                0x48073fe0                nvramResetStatistics
                0x48073e74                nvramSetUpdateInterval
                0x48073f4c                nvramGetConsistencyLevel
                0x48075108                nvramUpdateMemoryBackground
                0x48075568                nvramInit
                0x48073f9c                nvramCheckRunningUpdate
                0x4807506c                nvramManualUpdateExit
                0x48074f34                nvramManualUpdateBackground
                0x48073f8c                nvramCheckForAutoUpdate
                0x480752f8                nvramInitModelVars
                0x48073fd4                nvramCheckForInitializedVars
                0x48074504                nvramGetUpdateAgeMs
                0x48074e00                nvramManualUpdateBlocked
                0x48073f2c                nvramSetConsistencyLevel
                0x48073f74                nvramDisableAutoUpdate
                0x48074044                nvramGetStatistics
                0x48073ec8                nvramGetUpdateInterval
 .text          0x48075b64      0x6ec C:\Program Files (x86)\ETAS\INTECRIO5.0\Target\Etarget\ES910\libtarget.a(t_objlis.o)
                0x48076158                createObjList
                0x48075b64                dumpObjList
 .text          0x48076250      0xcd8 C:\Program Files (x86)\ETAS\INTECRIO5.0\Target\Etarget\ES910\libtarget.a(t_rtcros.o)
                0x48076468                getObjectFromDynamicInstanceTree
                0x4807625c                deleteInstance_container
                0x4807690c                removeObjectFromDynamicInstanceTree
                0x480762f8                initInstance_container
                0x48076adc                getValuePtr
                0x480769f4                addObjectToDynamicInstanceTree
                0x48076888                getNextFreeRefIdOfDynamicInstanceTree
                0x48076250                rtcrosSetLogPort
                0x48076438                createDynamicInstanceTree
                0x48076b54                processBlockCommands
 .text          0x48076f28     0x1b38 C:\Program Files (x86)\ETAS\INTECRIO5.0\Target\Etarget\ES910\libtarget.a(t_sgman.o)
                0x48078924                sgHook
                0x48077088                sgGetComVarPtr
                0x480788e8                deleteComVarCallback
                0x48076f28                sgGetCurTime
                0x4807888c                sgGetObjPtr
 .text          0x48078a60     0x14d0 C:\Program Files (x86)\ETAS\INTECRIO5.0\Target\Etarget\ES910\libtarget.a(y_primit.o)
                0x48079364                initInstance_columnDirMatrixWrapper
                0x48079e20                initInstance_charTable1Wrapper
                0x480798bc                initInstance_columnDirGroupCharTable2Wrapper
                0x480794c8                initInstance_matrixWrapper
                0x48079abc                initInstance_groupCharTable1Wrapper
                0x4807977c                initInstance_scalarWrapper
                0x480799bc                initInstance_groupCharTable2Wrapper
                0x4807962c                initInstance_vectorWrapper
                0x48079ce4                initInstance_charTable2Wrapper
                0x48079ba8                initInstance_columnDirCharTable2Wrapper
 .text          0x48079f30     0x19c0 C:\Program Files (x86)\ETAS\INTECRIO5.0\Target\Etarget\ES910\libtarget.a(a1b_dacq.o)
                0x4807a020                getA1bGroup
                0x4807b2a8                instanciateA1bChannel
                0x4807a7b8                getA1bChannelGroupUpdateOffline
                0x4807b6d0                storeA1bDataForGroup
                0x4807ad6c                destructA1bChannelGroup
                0x4807b0a4                instanciateA1bGroup
                0x4807ae44                freeA1bMeasureBuffers
                0x4807b6b0                allocateA1bMeasureBuffers
                0x48079fdc                addA1bChannelToA1bGroup
                0x4807ab54                destructA1bChannel
                0x4807a0bc                removeA1bChannelFromA1bGroup
 .text          0x4807b8f0     0x1060 C:\Program Files (x86)\ETAS\INTECRIO5.0\Target\Etarget\ES910\libtarget.a(a_contai.o)
                0x4807c000                dVectorRewindHeadReentrant
                0x4807bf44                dVectorRemoveObject
                0x4807c0d0                dVectorCreate
                0x4807b948                dListGetObjectForward
                0x4807bc44                dTableRemoveLastObject
                0x4807c67c                dTableDelete
                0x4807bd98                dVectorGetObject
                0x4807b930                dListRewindTailReentrant
                0x4807c128                dTableCreate
                0x4807bb00                dTableGetObject
                0x4807bb9c                dTableIsEmpty
                0x4807bd80                dTableNofObjects
                0x4807b9a0                dListGetObjectBackward
                0x4807c4a4                dTableAddObject
                0x4807c648                dTableDeleteStatic
                0x4807beac                dVectorRemoveLastObject
                0x4807be24                dVectorRemoveFirstObject
                0x4807bbbc                dTableRemoveFirstObject
                0x4807b91c                dListRewindTail
                0x4807c224                dListAddObjectHead
                0x4807c8f0                dListDelete
                0x4807c6c0                dListRemoveObject
                0x4807b9f8                dListGetObjectAtIndex
                0x4807c308                dVectorAddObject
                0x4807b9cc                dListGetObjectBackwardReentrant
                0x4807bacc                dTableCreateStatic
                0x4807b974                dListGetObjectForwardReentrant
                0x4807bdc4                dVectorRemoveObjectAtIndex
                0x4807c008                dVectorGetObjectForwardReentrant
                0x4807c05c                dVectorGetIndexOfLastEntry
                0x4807c7c0                dListRemoveObjectTail
                0x4807c180                dListAddObjectTail
                0x4807bb38                dTableRemoveObject
                0x4807c460                dVectorDelete
                0x4807c858                dListRemoveObjectHead
                0x4807bfe0                dVectorIsEmpty
                0x4807ba88                dListIsEmpty
                0x4807c2cc                dListCreate
                0x4807bcdc                dTableTestFunc
                0x4807c044                dVectorNofObjects
                0x4807b8f0                dListRewindHead
                0x4807bab4                dListNofObjects
                0x4807b904                dListRewindHeadReentrant
 .text          0x4807c950      0x498 C:\Program Files (x86)\ETAS\INTECRIO5.0\Target\Etarget\ES910\libtarget.a(i_transf.o)
                0x4807cbec                transferToMatrix
                0x4807c9ec                transferToVector
                0x4807c950                transferFromVector
                0x4807ca88                transferFromMatrix
                0x4807cd50                transferDirect
 .text          0x4807cde8     0x2378 C:\Program Files (x86)\ETAS\INTECRIO5.0\Target\Etarget\ES910\libtarget.a(t_sglow.o)
                0x4807dd44                freeDataSignal
                0x4807e174                makeDataSignal
                0x4807d958                computeTimeSliceTimes
                0x4807d620                setSinewaveSignal
                0x4807d014                getIntervalNr
                0x4807dc58                deleteTimeSlice
                0x4807eec4                freeChannel
                0x4807e1ac                makeLinearSignal
                0x4807efb8                freeStimuliSet
                0x4807d778                setIntervalPulseSignal
                0x4807dda8                freeInterval
                0x4807d72c                setPulseSignal
                0x4807d904                setTimeSlice
                0x4807cf4c                insertTimeSlice
                0x4807e008                makeSinewaveSignal
                0x4807e544                makeIntervalDataSignal
                0x4807d3d0                binsearch
                0x4807dce4                freeRandomSignal
                0x4807d30c                getLinearSignalY
                0x4807cf00                getTimeSliceNr
                0x4807da3c                getTimeSliceT
                0x4807e718                getRandomSignalY
                0x4807dd04                freePulseSignal
                0x4807d838                setRandomSignal
                0x4807ec14                getChannelY
                0x4807e124                setIntervalDataSignal
                0x4807e938                getSinewaveSignalY
                0x4807f0cc                makeStimuliSet
                0x4807d134                computeIntervalTimes
                0x4807d274                setIntervalLinearSignal
                0x4807debc                makeTimeSlice
                0x4807e1d0                makeIntervalRandomSignal
                0x4807ce34                insertChannel
                0x4807d060                insertInterval
                0x4807d86c                setIntervalRandomSignal
                0x4807d188                computeChannelTimes
                0x4807e2ec                makeIntervalPulseSignal
                0x4807d240                setLinearSignal
                0x4807d9c0                computeStimuliSetTimes
                0x4807df88                makeFunctionSignal
                0x4807cde8                getChannelNr
                0x4807ee50                resetStimuliSet
                0x4807de38                deleteInterval
                0x4807daf0                getT
                0x4807f044                makeChannel
                0x4807dfc0                makeRandomSignal
                0x4807d128                resetInterval
                0x4807ea64                getIntervalY
                0x4807e7e0                getPulseSignalY
                0x4807d66c                setIntervalSinewaveSignal
                0x4807dfe4                makePulseSignal
                0x4807dc38                freeTimeSlice
                0x4807d944                resetTimeSlice
                0x4807d474                getDataSignalY
                0x4807dd24                freeSinewaveSignal
                0x4807dd88                freeLinearSignal
                0x4807ef34                deleteChannel
                0x4807e600                makeIntervalLinearSignal
                0x4807e02c                setDataSignal
                0x4807ed80                resetChannel0
                0x4807e418                makeIntervalSinewaveSignal
 .text          0x4807f160        0x0 C:\Program Files (x86)\ETAS\INTECRIO5.0\Target\Etarget\rtio\global\es910\librtio_gnu.a(comm_err.o)
 .text          0x4807f160       0xa0 C:\Program Files (x86)\ETAS\INTECRIO5.0\Target\Etarget\rtio\global\es910\librtio_gnu.a(p_rtio.o)
                0x4807f160                rtioSignalHwAccessEnd
                0x4807f1b8                rtioSignalHwAccessBegin
 .text          0x4807f200      0xd38 C:\Program Files (x86)\ETAS\INTECRIO5.0\Target\Etarget\rtio\global\es910\librtio_gnu.a(p_rtio_s.o)
                0x4807fef4                setupRTIO
                0x4807f8e4                es910IsEtherCATEnabled
                0x4807f20c                getMasterId
                0x4807f424                rtioHwDetect
                0x4807f9f0                rtioTestBoardPresence
                0x4807f2fc                printDetectedHardware
                0x4807f228                rtioGetNextDetectedHwTableEntry
                0x4807f200                es910RtioGetFpgaRegsGlobal
                0x4807fe6c                es910RtioMapFpgaRegsGlobal
                0x4807fdc8                es910RtioUnmapFpgaRegsGlobal
                0x4807f214                rtioRewindDetectedHwTable
                0x4807f97c                es910RtioIntDisable
 .text          0x4807ff38      0xe18 C:\Program Files (x86)\ETAS\INTECRIO5.0\Target\Etarget\rtio\global\es910\librtio_gnu.a(rtio_err.o)
                0x48080114                clearErrMsgList
                0x48080070                deactivateRtioMsgLists
                0x4807ffdc                installEtasPseudoGeoAdrBoardNames
                0x4807ffb8                installCommErrMessages
                0x4807ffe8                installUserBoardNames
                0x4807ff38                initMessageTables
                0x480800a8                getNextErrMsg
                0x4808026c                rtioGetBoardName
                0x4807ffd0                installEtasAutoIdBoardNames
                0x480809f8                rtioErr
                0x4807ff98                mapErrorCode
                0x4807fff4                installEtasVirtualBoardNames
                0x48080000                installMessages
                0x48080300                rtio_err_v3
                0x48080084                rewindErrMsgList
                0x4808019c                clearCurErrMsg
                0x48080060                activateRtioMsgLists
                0x48080774                rtioErrV2
                0x4807ffc4                installEtasBoardNames
 .text          0x48080d50      0x638 C:\Program Files (x86)\ETAS\INTECRIO5.0\Target\Etarget\rtio\global\es910\librtio_gnu.a(fhc_emu.o)
                0x48080d50                fhc_get_module_name_port_name
                0x48081008                fhc_check_port_presence_rp
 .text          0x48081388      0x798 C:\Program Files (x86)\ETAS\INTECRIO5.0\Target\Etarget\ES910\rta_osek\librtk_s.a(ostarget.o)
                0x48081388                os_get_sw_int_info
                0x480816a4                os_pre_start
                0x4808155c                os_detach_interrupts
                0x48081410                os_generate_sw_int
 .text          0x48081b20       0x30 C:\Program Files (x86)\ETAS\INTECRIO5.0\Target\Etarget\ES910\rta_osek\librtk_s.a(osfptgt.o)
                0x48081b20                os_fp_save
                0x48081b4c                os_fp_restore_from
                0x48081b34                os_fp_restore
                0x48081b48                os_fp_save_to
 .text          0x48081b50       0x94 C:\Program Files (x86)\ETAS\INTECRIO5.0\Target\Etarget\ES910\rta_osek\librtk_s.a(osiwrap1.o)
                0x48081b50                os_cat1_wrapper
 .text          0x48081be4      0x288 C:\Program Files (x86)\ETAS\INTECRIO5.0\Target\Etarget\ES910\rta_osek\librtk_s.a(osxdspnf.o)
                0x48081be4                osek_dispatchN2F
 .text          0x48081e6c      0x10c C:\Program Files (x86)\ETAS\INTECRIO5.0\Target\Etarget\ES910\rta_osek\librtk_s.a(osysd1hf.o)
                0x48081e6c                os_fdispH1
 .text          0x48081f78      0x2d4 C:\Program Files (x86)\ETAS\INTECRIO5.0\Target\Etarget\ES910\rta_osek\librtk_s.a(osysdfhf.o)
                0x48081f78                os_fdispH2F
 .text          0x4808224c      0x2cc C:\Program Files (x86)\ETAS\INTECRIO5.0\Target\Etarget\ES910\rta_osek\librtk_s.a(osysdfhi.o)
                0x4808224c                os_idispH2F
 .text          0x48082518       0x34 C:\Program Files (x86)\ETAS\INTECRIO5.0\Target\Etarget\ES910\rta_osek\librtk_s.a(ostgid.o)
                0x48082518                GetTaskID
 .text          0x4808254c      0x174 C:\Program Files (x86)\ETAS\INTECRIO5.0\Target\Etarget\ES910\rta_osek\librtk_s.a(ostschf.o)
                0x4808254c                ScheduleSW2F