Archive member included because of file (symbol)

Car_State1/Car_State1.a(Car_State.o)
                              Car_State0/Car_State_instances.o (Car_State_U)
Disconnections1/Disconnections1.a(Disconnections.o)
                              Disconnections0/Disconnections_instances.o (Disconnections_DW)
Ellipse1/Ellipse1.a(Ellipse.o)
                              Ellipse0/Ellipse_instances.o (Ellipse_B)
Inverters_Action1/Inverters_Action1.a(Inverters_Action.o)
                              Inverters_Action0/Inverters_Action_instances.o (Inverters_Action_U)
Inverters_Action1/Inverters_Action1.a(Inverters_Action_data.o)
                              Inverters_Action0/Inverters_Action_instances.o (Inverters_Action_ConstB)
Inverters_Data1/Inverters_Data1.a(Inverters_Data.o)
                              Inverters_Data0/Inverters_Data_instances.o (Inverters_Data_DW)
Power_Control1/Power_Control1.a(Power_Control.o)
                              Power_Control0/Power_Control_instances.o (Power_Control_DW)
Sensors1/Sensors1.a(Sensors.o)
                              Sensors0/Sensors_instances.o (Sensors_U)
Sensors1/Sensors1.a(Sensors_data.o)
                              Sensors0/Sensors_instances.o (Sensors_ConstB)
Synchronism1/Synchronism1.a(Synchronism.o)
                              Synchronism0/Synchronism_instances.o (Synchronism_DW)
VDC1/VDC1.a(VDC.o)            VDC0/VDC_instances.o (VDC_DW)
SoC1/SoC1.a(SoC.o)            SoC0/SoC_instances.o (SoC_B)
SoC1/SoC1.a(SoC_data.o)       SoC0/SoC_instances.o (SoC_ConstB)
matlabsharedR2023b/matlabsharedR2023b.a(const_params.o)
                              SoC1/SoC1.a(SoC.o) (rtCP_pooled_25mX6Qlkdd1u)
matlabsharedR2023b/matlabsharedR2023b.a(look1_binlxpw.o)
                              Inverters_Data1/Inverters_Data1.a(Inverters_Data.o) (look1_binlxpw)
matlabsharedR2023b/matlabsharedR2023b.a(look2_binlxpw.o)
                              SoC1/SoC1.a(SoC.o) (look2_binlxpw)
matlabsharedR2023b/matlabsharedR2023b.a(rt_nonfinite.o)
                              Inverters_Action1/Inverters_Action1.a(Inverters_Action.o) (rtIsInf)
matlabsharedR2023b/matlabsharedR2023b.a(rtgetinf.o)
                              matlabsharedR2023b/matlabsharedR2023b.a(rt_nonfinite.o) (rtGetInf)
matlabsharedR2023b/matlabsharedR2023b.a(rtgetnan.o)
                              matlabsharedR2023b/matlabsharedR2023b.a(rt_nonfinite.o) (rtGetNaN)
OSC/TaskISRArchive.a(etasConfigTask.o)
                              OSC/osekdefs.o (osek_task_e_etasConfigTask)
OSC/TaskISRArchive.a(Sync_25ms.o)
                              OSC/osekdefs.o (osek_task_e_Sync_25ms)
OSC/TaskISRArchive.a(Timer_1000ms.o)
                              OSC/osekdefs.o (osek_task_e_Timer_1000ms)
OSC/TaskISRArchive.a(Timer_100ms.o)
                              OSC/osekdefs.o (osek_task_e_Timer_100ms)
OSC/TaskISRArchive.a(Timer_25ms.o)
                              OSC/osekdefs.o (osek_task_e_Timer_25ms)
OSC/TaskISRArchive.a(Timer_Inv.o)
                              OSC/osekdefs.o (osek_task_e_Timer_Inv)
OSC/TaskISRArchive.a(SWT_CAN1_AP_BMS_SDC.o)
                              OSC/osekdefs.o (osek_task_e_SWT_CAN1_AP_BMS_SDC)
OSC/TaskISRArchive.a(SWT_CAN1_AP_CurrentSensor.o)
                              OSC/osekdefs.o (osek_task_e_SWT_CAN1_AP_CurrentSensor)
OSC/TaskISRArchive.a(SWT_CAN1_AP_BMS_Voltages.o)
                              OSC/osekdefs.o (osek_task_e_SWT_CAN1_AP_BMS_Voltages)
OSC/TaskISRArchive.a(SWT_CAN1_AP_BMS_ChargerParameters.o)
                              OSC/osekdefs.o (osek_task_e_SWT_CAN1_AP_BMS_ChargerParameters)
OSC/TaskISRArchive.a(SWT_CAN1_AP_BMS_Temperatures.o)
                              OSC/osekdefs.o (osek_task_e_SWT_CAN1_AP_BMS_Temperatures)
OSC/TaskISRArchive.a(SWT_CAN1_AP_Inverter_R_Tx.o)
                              OSC/osekdefs.o (osek_task_e_SWT_CAN1_AP_Inverter_R_Tx)
OSC/TaskISRArchive.a(SWT_CAN1_AP_Inverter_L_Tx.o)
                              OSC/osekdefs.o (osek_task_e_SWT_CAN1_AP_Inverter_L_Tx)
OSC/TaskISRArchive.a(SWT_CAN1_AP_DASH_Mode.o)
                              OSC/osekdefs.o (osek_task_e_SWT_CAN1_AP_DASH_Mode)
OSC/TaskISRArchive.a(SWT_CAN1_NM_BMS_Keep_Alive.o)
                              OSC/osekdefs.o (osek_task_e_SWT_CAN1_NM_BMS_Keep_Alive)
OSC/TaskISRArchive.a(SWT_CAN1_AP_BMS_AIRs_State.o)
                              OSC/osekdefs.o (osek_task_e_SWT_CAN1_AP_BMS_AIRs_State)
OSC/TaskISRArchive.a(SWT_CAN1_NM_DASH_Keep_Alive.o)
                              OSC/osekdefs.o (osek_task_e_SWT_CAN1_NM_DASH_Keep_Alive)
OSC/TaskISRArchive.a(SWT_CAN1_AP_DASH_PrechargeRequest.o)
                              OSC/osekdefs.o (osek_task_e_SWT_CAN1_AP_DASH_PrechargeRequest)
OSC/TaskISRArchive.a(SWT_CAN1_AP_DASH_EnableDrive.o)
                              OSC/osekdefs.o (osek_task_e_SWT_CAN1_AP_DASH_EnableDrive)
OSC/TaskISRArchive.a(SWT_CAN2_AP_ELLIPSE_AUTO.o)
                              OSC/osekdefs.o (osek_task_e_SWT_CAN2_AP_ELLIPSE_AUTO)
[...]
Memory Configuration

Name             Origin             Length             Attributes
*default*        0x00000000         0xffffffff

Linker script and memory map

LOAD C:/ETAS/Compiler/INTECRIO5.0/QNXCompiler-V6.5\target\qnx6/ppcbe-spe/lib/crt1.o
LOAD C:/ETAS/Compiler/INTECRIO5.0/QNXCompiler-V6.5\target\qnx6/ppcbe-spe/lib/crti.o
LOAD C:/ETAS/Compiler/INTECRIO5.0/QNXCompiler-V6.5\host\win32\x86/usr/lib/gcc/powerpc-unknown-nto-qnx6.5.0/4.4.2/spe/crtbegin.o
LOAD C:\ETAS\Compiler\INTECRIO5.0\QNXCompiler-V6.5\target\qnx6\ppcbe-spe\lib\gcc\4.4.2/libcpp.so
                0x00000000                PROVIDE (__stack, 0x0)
                0x00000000                PROVIDE (___stack, 0x0)
                0x48040000                PROVIDE (__executable_start, 0x48040000)
                0x480400f4                . = (0x48040000 + SIZEOF_HEADERS)

.interp         0x480400f4       0x14
 *(.interp)
 .interp        0x480400f4       0x14 C:/ETAS/Compiler/INTECRIO5.0/QNXCompiler-V6.5\target\qnx6/ppcbe-spe/lib/crt1.o

.note           0x48040110       0x18
 .note          0x48040110       0x18 C:/ETAS/Compiler/INTECRIO5.0/QNXCompiler-V6.5\target\qnx6/ppcbe-spe/lib/crtn.o

.note.gnu.build-id
 *(.note.gnu.build-id)

.hash           0x48040128      0x6a0
 *(.hash)
 .hash          0x48040128      0x6a0 C:/ETAS/Compiler/INTECRIO5.0/QNXCompiler-V6.5\target\qnx6/ppcbe-spe/lib/crt1.o

.gnu.hash
 *(.gnu.hash)

.dynsym         0x480407c8      0xe10
 *(.dynsym)
 .dynsym        0x480407c8      0xe10 C:/ETAS/Compiler/INTECRIO5.0/QNXCompiler-V6.5\target\qnx6/ppcbe-spe/lib/crt1.o

.dynstr         0x480415d8      0xbca
 *(.dynstr)
 .dynstr        0x480415d8      0xbca C:/ETAS/Compiler/INTECRIO5.0/QNXCompiler-V6.5\target\qnx6/ppcbe-spe/lib/crt1.o

.gnu.version    0x480421a2      0x1c2
 *(.gnu.version)
 .gnu.version   0x480421a2      0x1c2 C:/ETAS/Compiler/INTECRIO5.0/QNXCompiler-V6.5\target\qnx6/ppcbe-spe/lib/crt1.o

.gnu.version_d  0x48042364        0x0
 *(.gnu.version_d)
 .gnu.version_d
                0x00000000        0x0 C:/ETAS/Compiler/INTECRIO5.0/QNXCompiler-V6.5\target\qnx6/ppcbe-spe/lib/crt1.o

.gnu.version_r  0x48042364       0x20
 *(.gnu.version_r)
 .gnu.version_r
                0x48042364       0x20 C:/ETAS/Compiler/INTECRIO5.0/QNXCompiler-V6.5\target\qnx6/ppcbe-spe/lib/crt1.o

.rel.dyn
 *(.rel.init)
 *(.rel.text .rel.text.* .rel.gnu.linkonce.t.*)
 *(.rel.fini)
 *(.rel.rodata .rel.rodata.* .rel.gnu.linkonce.r.*)
 *(.rel.data.rel.ro* .rel.gnu.linkonce.d.rel.ro.*)
 *(.rel.data .rel.data.* .rel.gnu.linkonce.d.*)
 *(.rel.tdata .rel.tdata.* .rel.gnu.linkonce.td.*)
 *(.rel.tbss .rel.tbss.* .rel.gnu.linkonce.tb.*)
 *(.rel.ctors)
 *(.rel.dtors)
 *(.rel.got)
 *(.rel.sdata .rel.sdata.* .rel.gnu.linkonce.s.*)
 *(.rel.sbss .rel.sbss.* .rel.gnu.linkonce.sb.*)
 *(.rel.sdata2 .rel.sdata2.* .rel.gnu.linkonce.s2.*)
 *(.rel.sbss2 .rel.sbss2.* .rel.gnu.linkonce.sb2.*)
 *(.rel.bss .rel.bss.* .rel.gnu.linkonce.b.*)

.rela.dyn       0x48042384       0x90
 *(.rela.init)
 *(.rela.text .rela.text.* .rela.gnu.linkonce.t.*)
 .rela.text     0x00000000        0x0 C:/ETAS/Compiler/INTECRIO5.0/QNXCompiler-V6.5\target\qnx6/ppcbe-spe/lib/crt1.o
 *(.rela.fini)
 *(.rela.rodata .rela.rodata.* .rela.gnu.linkonce.r.*)
 .rela.rodata.cst4
                0x00000000        0x0 C:/ETAS/Compiler/INTECRIO5.0/QNXCompiler-V6.5\target\qnx6/ppcbe-spe/lib/crt1.o
 .rela.rodata   0x00000000        0x0 C:/ETAS/Compiler/INTECRIO5.0/QNXCompiler-V6.5\target\qnx6/ppcbe-spe/lib/crt1.o
 *(.rela.data .rela.data.* .rela.gnu.linkonce.d.*)
 .rela.data     0x00000000        0x0 C:/ETAS/Compiler/INTECRIO5.0/QNXCompiler-V6.5\target\qnx6/ppcbe-spe/lib/crt1.o
 *(.rela.tdata .rela.tdata.* .rela.gnu.linkonce.td.*)
 *(.rela.tbss .rela.tbss.* .rela.gnu.linkonce.tb.*)
 *(.rela.ctors)
 *(.rela.dtors)
 *(.rela.got)
 .rela.got      0x48042384       0x30 C:/ETAS/Compiler/INTECRIO5.0/QNXCompiler-V6.5\target\qnx6/ppcbe-spe/lib/crt1.o
 *(.rela.got1)
 *(.rela.got2)
 *(.rela.sdata .rela.sdata.* .rela.gnu.linkonce.s.*)
 *(.rela.sbss .rela.sbss.* .rela.gnu.linkonce.sb.*)
 .rela.sbss     0x00000000        0x0 C:/ETAS/Compiler/INTECRIO5.0/QNXCompiler-V6.5\target\qnx6/ppcbe-spe/lib/crt1.o
 *(.rela.sdata2 .rela.sdata2.* .rela.gnu.linkonce.s2.*)
 *(.rela.sbss2 .rela.sbss2.* .rela.gnu.linkonce.sb2.*)
 *(.rela.bss .rela.bss.* .rela.gnu.linkonce.b.*)
 .rela.bss      0x480423b4       0x60 C:/ETAS/Compiler/INTECRIO5.0/QNXCompiler-V6.5\target\qnx6/ppcbe-spe/lib/crt1.o
 .rela.os_pid   0x00000000        0x0 C:/ETAS/Compiler/INTECRIO5.0/QNXCompiler-V6.5\target\qnx6/ppcbe-spe/lib/crt1.o
 .rela.os_intvec
                0x00000000        0x0 C:/ETAS/Compiler/INTECRIO5.0/QNXCompiler-V6.5\target\qnx6/ppcbe-spe/lib/crt1.o

.rel.plt
 *(.rel.plt)

.rela.plt       0x48042414      0x930
 *(.rela.plt)
 .rela.plt      0x48042414      0x930 C:/ETAS/Compiler/INTECRIO5.0/QNXCompiler-V6.5\target\qnx6/ppcbe-spe/lib/crt1.o

.init           0x48042d44       0x24
 *(.init)
 .init          0x48042d44        0xc C:/ETAS/Compiler/INTECRIO5.0/QNXCompiler-V6.5\target\qnx6/ppcbe-spe/lib/crti.o
                0x48042d44                _init
 .init          0x48042d50        0x4 C:/ETAS/Compiler/INTECRIO5.0/QNXCompiler-V6.5\host\win32\x86/usr/lib/gcc/powerpc-unknown-nto-qnx6.5.0/4.4.2/spe/crtbegin.o
 .init          0x48042d54        0x4 C:/ETAS/Compiler/INTECRIO5.0/QNXCompiler-V6.5\host\win32\x86/usr/lib/gcc/powerpc-unknown-nto-qnx6.5.0/4.4.2/spe/crtend.o
 .init          0x48042d58       0x10 C:/ETAS/Compiler/INTECRIO5.0/QNXCompiler-V6.5\target\qnx6/ppcbe-spe/lib/crtn.o

.text           0x48042d68    0x4ce40
                0x48042d68                _btext = .
 *(.text .stub .text.* .gnu.linkonce.t.*)
 .text          0x48042d68      0x118 C:/ETAS/Compiler/INTECRIO5.0/QNXCompiler-V6.5\target\qnx6/ppcbe-spe/lib/crt1.o
                0x48042d68                _start
 .text          0x48042e80        0x0 C:/ETAS/Compiler/INTECRIO5.0/QNXCompiler-V6.5\target\qnx6/ppcbe-spe/lib/crti.o
 .text          0x48042e80      0x1b8 C:/ETAS/Compiler/INTECRIO5.0/QNXCompiler-V6.5\host\win32\x86/usr/lib/gcc/powerpc-unknown-nto-qnx6.5.0/4.4.2/spe/crtbegin.o
 .text          0x48043038      0x24c ROOT_instances.o
                0x480431e0                initializeYukonModel
                0x48043088                getSystemTimeS
                0x48043050                getModelIdentificationString
                0x48043064                getDeltaT
                0x48043038                getIntecrioVersionNumber
                0x48043168                os_setDeltaT
                0x4804305c                getBuildEnvironment
                0x48043044                getBuildEnvironmentVersion
 .text          0x48043284        0x0 _INT_pid.pi.o
 .text          0x48043284       0x24 userFuncProcessCanPayload.o
                0x48043298                userCanInitHook
                0x480432a4                userCanTxHookV3
                0x4804329c                userCanExitHook
                0x48043284                userCanHookGetVersionAndCid
                0x480432a0                userCanRxHookV3
 .text          0x480432a8       0x24 userFuncProcessFlexRayPayload.o
                0x480432c8                userFlexRayPDURxHook
                0x480432c4                userFlexRayPDUTxHook
                0x480432a8                userFlexRayHookGetVersionAndCid
                0x480432bc                userFlexRayInitHook
                0x480432c0                userFlexRayExitHook
 .text          0x480432cc       0x60 OSC/i_rtawrapper.o
                0x4804330c                rtaActivateTask
                0x480432ec                rtaSchedule
                0x480432cc                rtaShutdownOS
 .text          0x4804332c      0x308 Car_State0/Car_State_instances.o
                0x480433d4                initClass_RTWTop_Car_State
                0x4804338c                initInstance_RTWTop_Car_State
                0x4804332c                setDeltaT_Car_State
                0x48043608                initModel_RTWTop_Car_State
 .text          0x48043634      0xd0c Car_State1/Car_State1.a(Car_State.o)
                0x48044120                MdlInitialize_Car_State
                0x48043648                Car_State_FALSE
                0x48043670                MdlOutputs_Car_State
                0x48044088                MdlUpdate_Car_State
                0x4804365c                Car_State_TqEnable
                0x48043634                Car_State_TRUE
                0x48044124                MdlStart_Car_State
                0x48044118                MdlInitializeSizes_Car_State
                0x4804411c                MdlInitializeSampleTimes_Car_State
                0x48044184                Car_State
                0x48044180                MdlTerminate_Car_State
 .text          0x48044340      0x550 Disconnections0/Disconnections_instances.o
                0x480443a0                initInstance_RTWTop_Disconnections
                0x48044864                initModel_RTWTop_Disconnections
                0x48044340                setDeltaT_Disconnections
                0x480443e8                initClass_RTWTop_Disconnections
 .text          0x48044890      0xd90 Disconnections1/Disconnections1.a(Disconnections.o)
                0x4804544c                MdlTerminate_Disconnections
                0x48045450                Disconnections
                0x48044900                Disconnectio_IfActionSubsystem3
                0x48044914                Disconnections_RigidAxle2024
                0x480453d4                MdlInitializeSampleTimes_Disconnections
                0x480448a4                Disconnections_Counting
                0x480453dc                MdlStart_Disconnections
                0x48044890                Disconnections_Reset_counter
                0x480453d0                MdlInitializeSizes_Disconnections
                0x48044928                MdlOutputs_Disconnections
                0x480453d8                MdlInitialize_Disconnections
                0x480448c0                Disconnections_CAN_OK
                0x48045358                MdlUpdate_Disconnections
                0x480448ec                Disconnection_IfActionSubsystem
 .text          0x48045620      0x298 Ellipse0/Ellipse_instances.o
                0x480456c8                initClass_RTWTop_Ellipse
                0x48045620                setDeltaT_Ellipse
                0x48045680                initInstance_RTWTop_Ellipse
                0x4804588c                initModel_RTWTop_Ellipse
 .text          0x480458b8      0x370 Ellipse1/Ellipse1.a(Ellipse.o)
                0x48045afc                MdlOutputs_Ellipse
                0x48045938                MdlInitialize_Ellipse
                0x48045930                MdlInitializeSizes_Ellipse
                0x480458b8                MdlUpdate_Ellipse
                0x48045958                MdlTerminate_Ellipse
                0x4804593c                MdlStart_Ellipse
                0x48045934                MdlInitializeSampleTimes_Ellipse
                0x4804595c                Ellipse
 .text          0x48045c28      0x3a0 Inverters_Action0/Inverters_Action_instances.o
                0x48045f9c                initModel_RTWTop_Inverters_Action
                0x48045c28                setDeltaT_Inverters_Action
                0x48045cd0                initClass_RTWTop_Inverters_Action
                0x48045c88                initInstance_RTWTop_Inverters_Action
 .text          0x48045fc8      0xcac Inverters_Action1/Inverters_Action1.a(Inverters_Action.o)
                0x48046134                MdlInitializeSizes_Inverters_Action
                0x4804613c                MdlInitialize_Inverters_Action
                0x4804618c                Inverters_Action
                0x48046140                MdlStart_Inverters_Action
                0x48045fc8                Inverters_Actio_EnumerationDone
                0x48046048                Inverters_Acti_ActionnotDefined
                0x48046070                Inverters_Action_TorqueCommand0
                0x480460a0                MdlUpdate_Inverters_Action
                0x48045ff0                Inverte_DisableDriveEnableDrive
                0x4804608c                Inverters_Acti_ResetEnumeration
                0x48046188                MdlTerminate_Inverters_Action
                0x48046138                MdlInitializeSampleTimes_Inverters_Action
                0x48046060                Inverters_Action_bypass
                0x48046684                MdlOutputs_Inverters_Action
                0x4804652c                Inverters_Action_TorqueCommand
                0x48046368                Inverters_Ac_RegisterEnumerator
                0x48045fdc                Inverters_Action_Unsubscribe
 .text          0x48046c74        0x0 Inverters_Action1/Inverters_Action1.a(Inverters_Action_data.o)
 .text          0x48046c74      0x354 Inverters_Data0/Inverters_Data_instances.o
                0x48046d1c                initClass_RTWTop_Inverters_Data
                0x48046cd4                initInstance_RTWTop_Inverters_Data
                0x48046c74                setDeltaT_Inverters_Data
                0x48046f9c                initModel_RTWTop_Inverters_Data
 .text          0x48046fc8      0x624 Inverters_Data1/Inverters_Data1.a(Inverters_Data.o)
                0x48047038                MdlUpdate_Inverters_Data
                0x480470b8                MdlInitialize_Inverters_Data
                0x48047024                Inverters_Data_Signal_OK
                0x480470e4                MdlTerminate_Inverters_Data
                0x48046fe4                Inverters_Data_CAN_OK
                0x4804728c                MdlOutputs_Inverters_Data
                0x48047010                Inverters_Data_Signal_Failure
                0x480470e8                Inverters_Data
                0x480470bc                MdlStart_Inverters_Data
                0x480470b4                MdlInitializeSampleTimes_Inverters_Data
                0x48046fc8                Inverters_Data_Error_Counter
                0x480470b0                MdlInitializeSizes_Inverters_Data
 .text          0x480475ec      0x290 Power_Control0/Power_Control_instances.o
                0x480475ec                setDeltaT_Power_Control
                0x4804764c                initInstance_RTWTop_Power_Control
                0x48047694                initClass_RTWTop_Power_Control
                0x48047850                initModel_RTWTop_Power_Control
 .text          0x4804787c      0xc68 Power_Control1/Power_Control1.a(Power_Control.o)
                0x480479d0                MdlTerminate_Power_Control
                0x480479d4                Power_Control
                0x4804796c                MdlInitializeSampleTimes_Power_Control
                0x480478f0                MdlUpdate_Power_Control
                0x480481f0                MdlOutputs_Power_Control
                0x48047968                MdlInitializeSizes_Power_Control
                0x48047bc0                Power_Co_MotorL_Temp_Limitation
                0x480478c0                Pow_MotorL_Temp_Limitation_Init
                0x48047974                MdlStart_Power_Control
                0x48047970                MdlInitialize_Power_Control
                0x4804787c                Power_Control_LimitReached
                0x48047ed8                Power_InverterL_Temp_Limitation
                0x48047890                InverterL_Temp_Limitation_Init
 .text          0x480484e4      0x358 Sensors0/Sensors_instances.o
                0x48048544                initInstance_RTWTop_Sensors
                0x48048810                initModel_RTWTop_Sensors
                0x480484e4                setDeltaT_Sensors
                0x4804858c                initClass_RTWTop_Sensors
 .text          0x4804883c      0x6ac Sensors1/Sensors1.a(Sensors.o)
                0x48048850                Sensors_IfActionSubsystem1
                0x48048d04                MdlInitializeSampleTimes_Sensors
                0x48048d2c                MdlTerminate_Sensors
                0x4804883c                Sensors_IfActionSubsystem
                0x4804886c                MdlOutputs_Sensors
                0x48048c88                MdlUpdate_Sensors
                0x48048d00                MdlInitializeSizes_Sensors
                0x48048d08                MdlInitialize_Sensors
                0x48048d0c                MdlStart_Sensors
                0x48048d30                Sensors
 .text          0x48048ee8        0x0 Sensors1/Sensors1.a(Sensors_data.o)
 .text          0x48048ee8      0x14c Synchronism0/Synchronism_instances.o
                0x48048f90                initClass_RTWTop_Synchronism
                0x48048f48                initInstance_RTWTop_Synchronism
                0x48049008                initModel_RTWTop_Synchronism
                0x48048ee8                setDeltaT_Synchronism
 .text          0x48049034      0x268 Synchronism1/Synchronism1.a(Synchronism.o)
                0x48049108                MdlInitializeSizes_Synchronism
                0x48049110                MdlInitialize_Synchronism
                0x48049114                MdlStart_Synchronism
                0x48049130                MdlTerminate_Synchronism
                0x48049134                Synchronism
                0x48049034                MdlOutputs_Synchronism
                0x48049090                MdlUpdate_Synchronism
                0x4804910c                MdlInitializeSampleTimes_Synchronism
 .text          0x4804929c      0x5f0 VDC0/VDC_instances.o
                0x480492fc                initInstance_RTWTop_VDC
                0x4804929c                setDeltaT_VDC
                0x48049860                initModel_RTWTop_VDC
                0x48049344                initClass_RTWTop_VDC
 .text          0x4804988c     0x22f8 VDC1/VDC1.a(VDC.o)
                0x48049ecc                MdlOutputs_VDC
                0x48049b90                VDC_IfActionSubsystem1
                0x48049930                VDC_RIGIDAXLE
                0x48049c3c                MdlInitialize_VDC
                0x4804988c                VDC_MATLABFunction
                0x48049bbc                MdlUpdate_VDC
                0x48049cfc                VDC
                0x48049c40                MdlStart_VDC
                0x48049c34                MdlInitializeSizes_VDC
                0x48049cf8                MdlTerminate_VDC
                0x48049a08                VDC_RigidAxlewithTC2024
                0x48049c38                MdlInitializeSampleTimes_VDC
                0x480499f4                VDC_RigidAxlewithTC2024_Init
                0x48049960                VDC_Torquedemandedbythedriver
                0x48049b50                VDC_IfActionSubsystem
 .text          0x4804bb84      0x364 SoC0/SoC_instances.o
                0x4804bbe4                initInstance_RTWTop_SoC
                0x4804bc2c                initClass_RTWTop_SoC
                0x4804bb84                setDeltaT_SoC
                0x4804bebc                initModel_RTWTop_SoC
 .text          0x4804bee8     0x2148 SoC1/SoC1.a(SoC.o)
                0x4804c6a0                SoC_uRC_Cell_H
                0x4804bee8                SoC_uRC_Cell_H_Update
                0x4804e010                MdlUpdate_SoC
                0x4804bf1c                rt_ODEDestroyIntegrationData_SoC
                0x4804bf18                rt_ODECreateIntegrationData_SoC
                0x4804bf2c                MdlInitialize_SoC
                0x4804bf28                MdlInitializeSampleTimes_SoC
                0x4804dce8                SoC_update
                0x4804c680                MdlStart_SoC
                0x4804c2dc                SoC_uRC_Cell_H_Deriv
                0x4804c428                SoC_uRC_Cell_H_Init
                0x4804bf20                rt_ODEUpdateContinuousStates_SoC
                0x4804dcc8                MdlOutputs_SoC
                0x4804c21c                SoC_uRC_Cell_H_Start
                0x4804bf14                SoC_terminate
                0x4804bf30                MdlTerminate_SoC
                0x4804bf24                MdlInitializeSizes_SoC
                0x4804c4fc                SoC_initialize
                0x4804d080                SoC_output
                0x4804c370                SoC_derivatives
                0x4804bf34                SoC
 .text          0x4804e030        0x0 SoC1/SoC1.a(SoC_data.o)
 .text          0x4804e030        0x0 matlabsharedR2023b/matlabsharedR2023b.a(const_params.o)
 .text          0x4804e030      0x114 matlabsharedR2023b/matlabsharedR2023b.a(look1_binlxpw.o)
                0x4804e030                look1_binlxpw
 .text          0x4804e144      0x220 matlabsharedR2023b/matlabsharedR2023b.a(look2_binlxpw.o)
                0x4804e144                look2_binlxpw
 .text          0x4804e364      0x19c matlabsharedR2023b/matlabsharedR2023b.a(rt_nonfinite.o)
                0x4804e46c                rt_InitInfAndNaN
                0x4804e3f0                rtIsNaN
                0x4804e444                rtIsNaNF
                0x4804e3b0                rtIsInfF
                0x4804e364                rtIsInf
 .text          0x4804e500       0xd0 matlabsharedR2023b/matlabsharedR2023b.a(rtgetinf.o)
                0x4804e500                rtGetInf
                0x4804e568                rtGetMinusInf
                0x4804e5c4                rtGetMinusInfF
                0x4804e55c                rtGetInfF
 .text          0x4804e5d0       0x84 matlabsharedR2023b/matlabsharedR2023b.a(rtgetnan.o)
                0x4804e630                rtGetNaNF
                0x4804e5d0                rtGetNaN
 .text          0x4804e654      0x434 OSC/osekdefs.o
                0x4804e974                osE_ISR_CAN2
                0x4804e714                os_StartOS
                0x4804e800                os_pre_errorhook
                0x4804e9d0                osE_ISR_CAN1
                0x4804e820                Tick_etasCounter
                0x4804e954                osek_dispatch
                0x4804e654                osResetOS
                0x4804ea2c                osE_etasL1Isr
 .text          0x4804ea88        0x0 OSC/osgen.o
 .text          0x4804ea88       0x4c OSC/TaskISRArchive.a(etasConfigTask.o)
                0x4804ea88                osek_task_e_etasConfigTask
 .text          0x4804ead4       0x60 OSC/TaskISRArchive.a(Sync_25ms.o)
                0x4804ead4                osek_task_e_Sync_25ms
 .text          0x4804eb34       0x54 OSC/TaskISRArchive.a(Timer_1000ms.o)
                0x4804eb34                osek_task_e_Timer_1000ms
 .text          0x4804eb88       0x54 OSC/TaskISRArchive.a(Timer_100ms.o)
                0x4804eb88                osek_task_e_Timer_100ms
 .text          0x4804ebdc       0xa8 OSC/TaskISRArchive.a(Timer_25ms.o)
                0x4804ebdc                osek_task_e_Timer_25ms
 .text          0x4804ec84       0x6c OSC/TaskISRArchive.a(Timer_Inv.o)
                0x4804ec84                osek_task_e_Timer_Inv
 .text          0x4804ecf0       0x50 OSC/TaskISRArchive.a(SWT_CAN1_AP_BMS_SDC.o)
                0x4804ecf0                osek_task_e_SWT_CAN1_AP_BMS_SDC
 .text          0x4804ed40       0x50 OSC/TaskISRArchive.a(SWT_CAN1_AP_CurrentSensor.o)
                0x4804ed40                osek_task_e_SWT_CAN1_AP_CurrentSensor
 .text          0x4804ed90       0x50 OSC/TaskISRArchive.a(SWT_CAN1_AP_BMS_Voltages.o)
                0x4804ed90                osek_task_e_SWT_CAN1_AP_BMS_Voltages
 .text          0x4804ede0       0x50 OSC/TaskISRArchive.a(SWT_CAN1_AP_BMS_ChargerParameters.o)
                0x4804ede0                osek_task_e_SWT_CAN1_AP_BMS_ChargerParameters
 .text          0x4804ee30       0x50 OSC/TaskISRArchive.a(SWT_CAN1_AP_BMS_Temperatures.o)
                0x4804ee30                osek_task_e_SWT_CAN1_AP_BMS_Temperatures
 .text          0x4804ee80       0x50 OSC/TaskISRArchive.a(SWT_CAN1_AP_Inverter_R_Tx.o)
                0x4804ee80                osek_task_e_SWT_CAN1_AP_Inverter_R_Tx
 .text          0x4804eed0       0x50 OSC/TaskISRArchive.a(SWT_CAN1_AP_Inverter_L_Tx.o)
                0x4804eed0                osek_task_e_SWT_CAN1_AP_Inverter_L_Tx
 .text          0x4804ef20       0x50 OSC/TaskISRArchive.a(SWT_CAN1_AP_DASH_Mode.o)
                0x4804ef20                osek_task_e_SWT_CAN1_AP_DASH_Mode
 .text          0x4804ef70       0x50 OSC/TaskISRArchive.a(SWT_CAN1_NM_BMS_Keep_Alive.o)
                0x4804ef70                osek_task_e_SWT_CAN1_NM_BMS_Keep_Alive
 .text          0x4804efc0       0x50 OSC/TaskISRArchive.a(SWT_CAN1_AP_BMS_AIRs_State.o)
                0x4804efc0                osek_task_e_SWT_CAN1_AP_BMS_AIRs_State
 .text          0x4804f010       0x50 OSC/TaskISRArchive.a(SWT_CAN1_NM_DASH_Keep_Alive.o)
                0x4804f010                osek_task_e_SWT_CAN1_NM_DASH_Keep_Alive
 .text          0x4804f060       0x50 OSC/TaskISRArchive.a(SWT_CAN1_AP_DASH_PrechargeRequest.o)
                0x4804f060                osek_task_e_SWT_CAN1_AP_DASH_PrechargeRequest
 .text          0x4804f0b0       0x50 OSC/TaskISRArchive.a(SWT_CAN1_AP_DASH_EnableDrive.o)
                0x4804f0b0                osek_task_e_SWT_CAN1_AP_DASH_EnableDrive
 .text          0x4804f100       0x50 OSC/TaskISRArchive.a(SWT_CAN2_AP_ELLIPSE_AUTO.o)
                0x4804f100                osek_task_e_SWT_CAN2_AP_ELLIPSE_AUTO
 .text          0x4804f150       0x50 OSC/TaskISRArchive.a(SWT_CAN2_AP_ELLIPSE_GPS_VEL.o)
                0x4804f150                osek_task_e_SWT_CAN2_AP_ELLIPSE_GPS_VEL
 .text          0x4804f1a0       0x50 OSC/TaskISRArchive.a(SWT_CAN2_MEAS_RECU_SDC.o)
                0x4804f1a0                osek_task_e_SWT_CAN2_MEAS_RECU_SDC
 .text          0x4804f1f0       0x50 OSC/TaskISRArchive.a(SWT_CAN2_AP_ELLIPSE_EKF_POS.o)
                0x4804f1f0                osek_task_e_SWT_CAN2_AP_ELLIPSE_EKF_POS
 .text          0x4804f240       0x50 OSC/TaskISRArchive.a(SWT_CAN2_AP_ELLIPSE_IMU_ACCEL.o)
                0x4804f240                osek_task_e_SWT_CAN2_AP_ELLIPSE_IMU_ACCEL
 .text          0x4804f290       0x50 OSC/TaskISRArchive.a(SWT_CAN2_AP_ELLIPSE_EKF_EULER.o)
                0x4804f290                osek_task_e_SWT_CAN2_AP_ELLIPSE_EKF_EULER
 .text          0x4804f2e0       0x50 OSC/TaskISRArchive.a(SWT_CAN2_AP_ELLIPSE_EKF_VEL.o)
                0x4804f2e0                osek_task_e_SWT_CAN2_AP_ELLIPSE_EKF_VEL
 .text          0x4804f330       0x50 OSC/TaskISRArchive.a(SWT_CAN2_NM_ELLIPSE_Status.o)
                0x4804f330                osek_task_e_SWT_CAN2_NM_ELLIPSE_Status
 .text          0x4804f380       0x50 OSC/TaskISRArchive.a(SWT_CAN2_AP_ELLIPSE_IMU_GYRO.o)
                0x4804f380                osek_task_e_SWT_CAN2_AP_ELLIPSE_IMU_GYRO
 .text          0x4804f3d0       0x50 OSC/TaskISRArchive.a(SWT_CAN2_AP_ELLIPSE_VEL_Valid.o)
                0x4804f3d0                osek_task_e_SWT_CAN2_AP_ELLIPSE_VEL_Valid
 .text          0x4804f420       0x50 OSC/TaskISRArchive.a(SWT_CAN2_AP_RECU_Data.o)
                0x4804f420                osek_task_e_SWT_CAN2_AP_RECU_Data
 .text          0x4804f470       0x50 OSC/TaskISRArchive.a(SWT_CAN2_NM_FECU_Keep_Alive.o)
                0x4804f470                osek_task_e_SWT_CAN2_NM_FECU_Keep_Alive
 .text          0x4804f4c0       0x50 OSC/TaskISRArchive.a(SWT_CAN2_NM_RECU_Keep_Alive.o)
                0x4804f4c0                osek_task_e_SWT_CAN2_NM_RECU_Keep_Alive
 .text          0x4804f510       0x50 OSC/TaskISRArchive.a(SWT_CAN2_AP_FECU_Data2.o)
                0x4804f510                osek_task_e_SWT_CAN2_AP_FECU_Data2
 .text          0x4804f560       0x50 OSC/TaskISRArchive.a(SWT_CAN2_AP_FECU_Data1.o)
                0x4804f560                osek_task_e_SWT_CAN2_AP_FECU_Data1
 .text          0x4804f5b0       0x4c OSC/TaskISRArchive.a(ISR_CAN1.o)
                0x4804f5b0                osek_isr_e_ISR_CAN1
 .text          0x4804f5fc       0x4c OSC/TaskISRArchive.a(ISR_CAN2.o)
                0x4804f5fc                osek_isr_e_ISR_CAN2
 .text          0x4804f648       0x40 OSC/etasActivateTaskIsr.o
                0x4804f648                osek_isr_e_etasActivateTaskIsr
 .text          0x4804f688       0x48 OSC/etasL1Isr.o
                0x4804f688                osek_isr_e_etasL1Isr
 .text          0x4804f6d0       0x44 OSC/etasL1Task.o
                0x4804f6d0                osek_task_e_etasL1Task
 .text          0x4804f714       0x40 OSC/etasTimerIsr.o
                0x4804f714                osek_isr_e_etasTimerIsr
 .text          0x4804f754       0x40 OSC/etasStopOsIsr.o
                0x4804f754                osek_isr_e_etasStopOsIsr
 .text          0x4804f794      0x244 OSC/DriverThreads.o
                0x4804f794                etasCreateDriverThreads
 .text          0x4804f9d8        0x0 OSC/ISRFunctions.o
 .text          0x4804f9d8      0x1f4 OSC/osc_dyn.o
                0x4804fb88                etasInitTasks
                0x4804fab4                TimerInitTask
                0x4804fa84                etasExitTasks
                0x4804f9e4                TimerExitTask
                0x4804f9e0                etasInactiveExitTask
                0x4804f9dc                etasStartupExitTask
                0x4804fb60                etasStartupInitTask
                0x4804f9d8                etasInactiveInitTask
 .text          0x4804fbcc        0xc OSC/rtaInterface.o
                0x4804fbcc                etasGetCounterPeriodUs
                0x4804fbd4                StackFaultHook
 .text          0x4804fbd8      0x5f8 OSC/ETCHooks.o
                0x4804fef8                rtioHook_15_0
                0x4804ffe8                rtioHook_9_0
                0x4804ff70                rtioHook_12_0
                0x4804fe58                rtioHook_19_0
                0x4804fea8                rtioHook_17_0
                0x48050128                rtioHook_1_0
                0x480500b0                rtioHook_4_0
                0x4804fc50                rtioHook_32_0
                0x4804fdb8                rtioHook_23_0
                0x4804fca0                rtioHook_30_0
                0x4804fe08                rtioHook_21_0
                0x4804fbd8                rtioHook_35_0
                0x4804fd40                rtioHook_26_0
                0x48050178                rtioHook_37_0
                0x4804fcf0                rtioHook_28_0
                0x4804fc28                rtioHook_33_0
                0x4804fd90                rtioHook_24_0
                0x4804fcc8                rtioHook_29_0
                0x4804fc78                rtioHook_31_0
                0x48050038                rtioHook_7_0
                0x4804fde0                rtioHook_22_0
                0x48050150                rtioHook_0_0
                0x4804fe80                rtioHook_18_0
                0x4804ff48                rtioHook_13_0
                0x4804ff98                rtioHook_11_0
                0x4804fed0                rtioHook_16_0
                0x48050060                rtioHook_6_0
                0x4804ff20                rtioHook_14_0
                0x48050010                rtioHook_8_0
                0x4804fe30                rtioHook_20_0
                0x48050100                rtioHook_2_0
                0x4804fc00                rtioHook_34_0
                0x4804fd68                rtioHook_25_0
                0x480500d8                rtioHook_3_0
                0x4804ffc0                rtioHook_10_0
                0x48050088                rtioHook_5_0
                0x480501a4                rtioHook_36_0
                0x4804fd18                rtioHook_27_0
 .text          0x480501d0     0x1040 OSC/XbarHooks.o
                0x480501f8                crossbarHook_34_0
                0x480507e8                crossbarHook_21_0
                0x48050ae0                crossbarHook_2_0
                0x48050478                crossbarHook_32_6
                0x48050950                crossbarHook_12_0
                0x480510b0                crossbarHook_36_7
                0x48050518                crossbarHook_32_2
                0x48050f7c                crossbarHook_36_14
                0x48050ecc                crossbarHook_36_18
                0x48050680                crossbarHook_29_1
                0x48050b88                crossbarHook_37_17
                0x48050720                crossbarHook_26_0
                0x48050ce8                crossbarHook_37_9
                0x48050888                crossbarHook_17_0
                0x48050c38                crossbarHook_37_13
                0x48050a18                crossbarHook_7_0
                0x48050d98                crossbarHook_37_5
                0x48050e48                crossbarHook_37_1
                0x48050a68                crossbarHook_5_0
                0x48050270                crossbarHook_33_3
                0x480503b0                crossbarHook_32_11
                0x48050310                crossbarHook_32_15
                0x480511e4                crossbarHook_36_0
                0x48050798                crossbarHook_23_0
                0x48050900                crossbarHook_14_0
                0x48050450                crossbarHook_32_7
                0x48051134                crossbarHook_36_4
                0x48051084                crossbarHook_36_8
                0x480504f0                crossbarHook_32_3
                0x48050658                crossbarHook_29_2
                0x48050fa8                crossbarHook_36_13
                0x48050c0c                crossbarHook_37_14
                0x48050cbc                crossbarHook_37_10
                0x48050ef8                crossbarHook_36_17
                0x48050d14                crossbarHook_37_8
                0x48050dc4                crossbarHook_37_4
                0x48050e74                crossbarHook_37_0
                0x48050770                crossbarHook_24_0
                0x480508d8                crossbarHook_15_0
                0x480501d0                crossbarHook_35_0
                0x480507c0                crossbarHook_22_0
                0x48050298                crossbarHook_33_2
                0x48050928                crossbarHook_13_0
                0x480511b8                crossbarHook_36_1
                0x48050b08                crossbarHook_1_0
                0x48050590                crossbarHook_31_1
                0x480506f8                crossbarHook_27_0
                0x48050860                crossbarHook_18_0
                0x48050a40                crossbarHook_6_0
                0x48050428                crossbarHook_32_8
                0x48050748                crossbarHook_25_0
                0x480508b0                crossbarHook_16_0
                0x48051108                crossbarHook_36_5
                0x48051058                crossbarHook_36_9
                0x480504c8                crossbarHook_32_4
                0x48050568                crossbarHook_32_0
                0x48050b5c                crossbarHook_37_18
                0x480509a0                crossbarHook_10_0
                0x48050fd4                crossbarHook_36_12
                0x48050be0                crossbarHook_37_15
                0x480509f0                crossbarHook_8_0
                0x48050c90                crossbarHook_37_11
                0x48050f24                crossbarHook_36_16
                0x48050608                crossbarHook_30_0
                0x48050d40                crossbarHook_37_7
                0x48050df0                crossbarHook_37_3
                0x48050630                crossbarHook_29_3
                0x48050388                crossbarHook_32_12
                0x48050220                crossbarHook_33_5
                0x48050ab8                crossbarHook_3_0
                0x480502c0                crossbarHook_33_1
                0x4805118c                crossbarHook_36_2
                0x480505b8                crossbarHook_31_0
                0x48050400                crossbarHook_32_9
                0x48051000                crossbarHook_36_11
                0x480510dc                crossbarHook_36_6
                0x480504a0                crossbarHook_32_5
                0x48050540                crossbarHook_32_1
                0x480506d0                crossbarHook_28_0
                0x48050838                crossbarHook_19_0
                0x48050b30                crossbarHook_37_19
                0x48050f50                crossbarHook_36_15
                0x48050ea0                crossbarHook_36_19
                0x480505e0                crossbarHook_30_1
                0x480506a8                crossbarHook_29_0
                0x48050bb4                crossbarHook_37_16
                0x48050c64                crossbarHook_37_12
                0x48050d6c                crossbarHook_37_6
                0x48050e1c                crossbarHook_37_2
                0x48050360                crossbarHook_32_13
                0x48050248                crossbarHook_33_4
                0x480502e8                crossbarHook_33_0
                0x48050810                crossbarHook_20_0
                0x48050978                crossbarHook_11_0
                0x480503d8                crossbarHook_32_10
                0x48051160                crossbarHook_36_3
                0x48050338                crossbarHook_32_14
                0x480509c8                crossbarHook_9_0
                0x4805102c                crossbarHook_36_10
                0x48050a90                crossbarHook_4_0
 .text          0x48051210        0x0 ETC/FormulaTable.o
 .text          0x48051210        0x0 ETC/DriverTable.o
 .text          0x48051210        0x0 ETC/MappingFunctionTable.o
 .text          0x48051210        0x0 ETC/RtioL1RecordTable.o
 .text          0x48051210        0x0 ETC/XCPTransportLayerFunctionsTable.o
 .text          0x48051210        0x0 ETC/ChecksumAlgoTables.o
 .text          0x48051210        0x0 CBC/CopyFunctionTable.o
 .text          0x48051210        0x0 CBC/CrossbarL1RecordTable.o
 .text          0x48051210       0x48 C:/ETAS/Compiler/INTECRIO5.0/QNXCompiler-V6.5\host\win32\x86/usr/lib/gcc/powerpc-unknown-nto-qnx6.5.0/4.4.2/spe/libgcc.a(_fixunsdfdi.o)
                0x48051210                __fixunsdfdi
 .text          0x48051258       0x40 C:/ETAS/Compiler/INTECRIO5.0/QNXCompiler-V6.5\host\win32\x86/usr/lib/gcc/powerpc-unknown-nto-qnx6.5.0/4.4.2/spe/libgcc.a(_floatundidf.o)
                0x48051258                __floatundidf
 .text          0x48051298       0x98 C:/ETAS/Compiler/INTECRIO5.0/QNXCompiler-V6.5\host\win32\x86/usr/lib/gcc/powerpc-unknown-nto-qnx6.5.0/4.4.2/spe/crtend.o
 .text          0x48051330        0x0 C:/ETAS/Compiler/INTECRIO5.0/QNXCompiler-V6.5\target\qnx6/ppcbe-spe/lib/crtn.o
 .text          0x48051330     0x23b4 C:\Program Files (x86)\ETAS\INTECRIO5.0\Target\Etarget\ES910\libes910.a(i_rtautil.o)
                0x48051658                etasActivateTaskViaIsr
                0x48052b54                startTaskHookMon
                0x48051bfc                ErrorHook
                0x48051400                osTraceStopwatch
                0x48051974                switchToInactiveAppMode
                0x4805133c                isAppModeSwitchPending
                0x4805285c                etasStartIsrHookMon
                0x48052a6c                etasStartIsrHook
                0x48051530                getModelRuntime
                0x48051684                restartModelProcess
                0x48051330                GetNextAppMode
                0x480515a8                etasActivateTaskWithIdViaIsrHandler
                0x48052958                etasEndIsrHook
                0x4805136c                checkInterruptOccurence
                0x48052e80                osekThreadSuspendRtSignals
                0x48052990                etasEndIsrHookMon
                0x4805193c                getCurTaskMonitor
                0x48051b38                GetStopwatchUncertainty
                0x48052cf0                endTaskHook
                0x48051a24                delayInitExitTask
                0x48051388                rtaInitTarget
                0x48051b90                OverrunHook
                0x48051614                etasActivateTaskWithIdViaIsr
                0x48052c2c                startTaskHook
                0x48051474                etasDeInstallOsErrorHook
                0x48053184                applicationModeManager
                0x48051744                terminateModelProcess
                0x4805257c                StartupHook
                0x48052e44                osekThreadResumeRtSignals
                0x480518f0                lockCriticalSection
                0x48051808                isRtaOsekThreadContext
                0x48051408                isInsideInitExitTask
                0x48051434                isInsideExitTask
                0x48051f28                ShutdownHook
                0x4805183c                unlockCriticalSection
                0x4805144c                etasInstallOsErrorHook
                0x48052d68                endTaskHookMon
                0x48051358                resetInterruptFlag
                0x480513f8                GetStopwatch
                0x48051384                etasRTATraceInitProcess
                0x480513ec                GetDeltaT
                0x480514a0                SetNextAppMode
                0x48051aec                tempMgrRegisterSigtermEvent
                0x4805141c                isInsideInitTask
                0x48051378                getLastInterruptTimeTicks
 .text          0x480536e4     0x2058 C:\Program Files (x86)\ETAS\INTECRIO5.0\Target\Etarget\ES910\libes910.a(t_driverThreads.o)
                0x480544d0                osek_sendto
                0x48053d68                osek_msync
                0x48053ac8                osek_vfprintf
                0x48054b48                osek_MsgReceive
                0x480548b0                osek_MsgRead
                0x4805435c                osek_cmsSendMessage
                0x4805386c                osek_malloc
                0x48053820                osek_free
                0x480537ac                osek_fsync
                0x48053f50                osek_unlink
                0x48053c08                osek_munmap
                0x480545a8                osek_devctl
                0x4805478c                osek_close
                0x48054270                osek_cmsReceiveMessage
                0x48053fc4                osek_system
                0x48054a10                osek_MsgError
                0x48054d6c                osek_send
                0x48054a98                osek_MsgReply
                0x48053b80                osek_ftruncate
                0x48054960                osek_MsgWrite
                0x48053eb4                osek_lseek
                0x48054bf8                osek_MsgSend
                0x480543f8                osek_recvfrom
                0x48053e04                osek_fwrite
                0x480539fc                osek_vslogf
                0x48054038                osek_cmsReceiveMessageEx
                0x480536e4                etasSetNumberOfDriverThreads
                0x48054e1c                etasCreateDriverThread
                0x48053c90                osek_mmap
                0x480546f0                osek_write
                0x48054cbc                osek_recv
                0x480538e0                osek_etasLogCoreFeedRecordToBackends
                0x48054654                osek_read
                0x480541c0                osek_cmsErrorState
                0x48054124                osek_cmsSendMessageEx
                0x48054800                osek_open
 .text          0x4805573c      0x8fc C:\Program Files (x86)\ETAS\INTECRIO5.0\Target\Etarget\ES910\libes910.a(t_idle.o)
                0x48055f60                initRtaTraceSupport
                0x48055970                etasIdleProcess
                0x480557fc                signalStartupHookTermination
                0x48055788                apsGetPartitionId
                0x4805582c                apsJoinPartition
                0x480557cc                signalShutdownHookTermination
                0x48055794                getSysLoad
                0x4805573c                etasInstallIdleHook
                0x48055764                etasDeInstallIdleHook
 .text          0x48056038     0x1fcc C:\Program Files (x86)\ETAS\INTECRIO5.0\Target\Etarget\ES910\libes910.a(t_l1com.o)
                0x48056038                setL1ComBufferSize
                0x48056078                l1SetBusyState
                0x480561f8                l1SignalIdleState
                0x480565a0                waitForL1Request
                0x48056b90                createL1ModelThread
                0x48056adc                serveL1Request
                0x480564e8                etasL1Process
 .text          0x48058004      0xcc4 C:\Program Files (x86)\ETAS\INTECRIO5.0\Target\Etarget\ES910\libes910.a(t_main.o)
                0x48058260                main
 .text          0x48058cc8      0x9f0 C:\Program Files (x86)\ETAS\INTECRIO5.0\Target\Etarget\ES910\libes910.a(t_mlog.o)
                0x48058cec                getDriverLogging
                0x48058cf8                getUserSeverity
                0x48058ce0                getUserLogging
                0x48058d84                mlog_setSeverityFilterUser
                0x48058d58                mlog_setSeverityFilterDrv
                0x48058d04                getDriverSeverity
                0x48059440                mlog_init
                0x48059144                mlog_updateLoggingConfiguration
                0x48058cc8                getUserLogChan
                0x48059230                mlog_startLogConfigThread
                0x48058cd4                getDrvLogChan
                0x48058d10                mlog_debugLog
 .text          0x480596b8      0xfac C:\Program Files (x86)\ETAS\INTECRIO5.0\Target\Etarget\ES910\libes910.a(t_qnxtargetutil.o)
                0x48059be4                qnxThreadJoinPartition
                0x48059914                qnxLockSetSockEnvironmentVariable
                0x4805a034                qnxPrintProcesses
                0x480596c8                qnxCheckBootFromFlash
                0x48059f64                qnxPrintCpuLoad
                0x480596e4                qnxCheckHaltedModel
                0x4805970c                qnxRestoreUnlockSockEnvironmentVariable
                0x480596b8                qnxSetBootFromFlash
                0x4805a57c                qnxPrintSavedErrorMessages
                0x480596f0                qnxSetStandalone
                0x48059f00                qnxAdjustThreadPriority
                0x480596d4                qnxSetHaltedModel
                0x48059c64                qnxGetSetRunInheritMask
                0x48059700                qnxCheckStandalone
 .text          0x4805a664      0x638 C:\Program Files (x86)\ETAS\INTECRIO5.0\Target\Etarget\ES910\libes910.a(t_targetutil.o)
                0x4805a6b4                initL2CachePerfMeas
                0x4805abdc                es910GetSerialNumber
                0x4805a664                GetSystemTimeLow
                0x4805ab84                es910GetPcbRevision
                0x4805abb8                es910PiggyGetSerialNumber
                0x4805a810                getL2CachePerf
                0x4805a918                es910PrintFwVersions
                0x4805a7bc                getL2CachePerfRaw
                0x4805a674                GetSystemTime
                0x4805ac68                es910MapCCSRMemoryRange
                0x4805a66c                GetSystemTimeHigh
                0x4805ab50                es910PiggyGetPcbRevision
                0x4805ac00                waitMicroseconds
 .text          0x4805ac9c      0x2f4 C:\Program Files (x86)\ETAS\INTECRIO5.0\Target\Etarget\ES910\libes910.a(t_watchdog.o)
                0x4805acac                wdDisableAutoService
                0x4805ad74                etasServiceWatchdog
                0x4805ad04                wdService
                0x4805adec                wdSetEventPeriod
                0x4805ac9c                wdEnableAutoService
                0x4805acbc                wdSetApplicationName
                0x4805ad44                triggerWD
                0x4805acc8                wdDisconnect
 .text          0x4805af90      0x848 C:\Program Files (x86)\ETAS\INTECRIO5.0\Target\Etarget\ES910\libes910.a(p_chario.o)
                0x4805b544                IOWrite
                0x4805af90                IOIsLogOn
                0x4805af9c                IOLogOff
                0x4805aff8                IOLogOn
                0x4805b2c4                IOPrintf
 .text          0x4805b7d8      0x31c C:\Program Files (x86)\ETAS\INTECRIO5.0\Target\Etarget\ES910\libes910.a(t_hwTimeSync.o)
                0x4805b7d8                es9xxTimeSyncGetTimerValue
                0x4805b8cc                es9xxTimeSyncGetTimerStatus
                0x4805ba20                es9xxTimeSyncInit
                0x4805b85c                getLocalSystemTime
 .text          0x4805baf4      0x224 C:\Program Files (x86)\ETAS\INTECRIO5.0\Target\Etarget\ES910\libes910.a(t_led.o)
                0x4805baf4                userLed2Off
                0x4805bb8c                userLed2Toggle
                0x4805bc98                ledsOff
                0x4805bc60                userLed1Toggle
                0x4805bc14                userLed1On
                0x4805bbc4                userLed1Off
                0x4805bb40                userLed2On
 .text          0x4805bd18     0x2178 C:\Program Files (x86)\ETAS\INTECRIO5.0\Target\Etarget\ES910\libtarget.a(a_dacqui.o)
                0x4805d36c                asdSimPreCall
                0x4805de20                asdSimPostCall
                0x4805d3f0                getDacqTimeFor
                0x4805dd18                storeMeasureDataForGroup
                0x4805d568                applicationStartUserMode
                0x4805d540                resetLogSimulationTime
                0x4805bfd0                etasAscetLoggingBufferFillLevel
                0x4805d4b4                getLogSimulationTime
                0x4805c004                etasAscetLoggingOverflowCounter
                0x4805c048                asdDisableUserDefinedTime
                0x4805d4dc                getSimulationTime
                0x4805bf6c                setSimulationTime
                0x4805c038                asdEnableUserDefinedTime
                0x4805d0a8                checkForBufferOverflow
                0x4805d508                resetDacqTimeFor
                0x4805bf40                setLogSimulationTime
                0x4805bf38                setDacqTimeFor
                0x4805bd18                applicationStopUserMode
                0x4805d648                timeMeasurementStop
                0x4805bf9c                etasAscetLoggingBufferSize
                0x4805d6f0                logDataForChannel
                0x4805db3c                storeLogDataForGroup
                0x4805d69c                timeMeasurementStart
                0x4805d5e8                timeInSeconds
 .text          0x4805de90       0xd8 C:\Program Files (x86)\ETAS\INTECRIO5.0\Target\Etarget\ES910\libtarget.a(a_l1pro.o)
                0x4805de90                forwardToProcess
                0x4805deec                startUpSimulation
 .text          0x4805df68     0x4c88 C:\Program Files (x86)\ETAS\INTECRIO5.0\Target\Etarget\ES910\libtarget.a(a_primit.o)
                0x480626b4                v3_initInstance_uint16
                0x4805fe0c                Vec_uint32_getAtProtected
                0x48061330                v3_initInstance_Mat_real64
                0x480609d8                v3_initInstance_Mat_bool
                0x48062330                initInstance_GroupCharTable2
                0x48061f6c                initInstance_Vec_real32
                0x4805f59c                Mat_sint16_setAtProtected
                0x4805f414                Mat_uint16_setAtProtected
                0x480610dc                v3_initInstance_Mat_sint8
                0x48061204                v3_initInstance_Mat_real32
                0x48060d5c                v3_initInstance_Mat_uint16
                0x4805fc80                Vec_qreal64_getAtProtected
                0x48062b80                delete_Mat
                0x4805e7f0                addVector
                0x48061614                v3_initInstance_Vec_bool
                0x48060e64                initInstance_Mat_uint16
                0x4806230c                initInstance_uint32
                0x480627b8                initInstance_sint16
                0x48060638                qreal64_set
                0x48062974                initInstance_real32
                0x48061d0c                initInstance_Vec_uint8
                0x48062ac0                delete_CharTable2
                0x48060198                Vec_uint8_getAtProtected
                0x48062724                initInstance_uint16
                0x4805dff4                removeMatrix
                0x4806011c                Vec_uint8_setAtProtected
                0x48060c30                v3_initInstance_Mat_sint32
                0x48061720                initInstance_Vec_bool
                0x4805ee7c                Mat_real64_getAtProtected
                0x4805ed8c                Mat_real64_setAtProtected
                0x48060ae0                initInstance_Mat_bool
                0x48061980                initInstance_Vec_sint32
                0x480627dc                v3_initInstance_uint8
                0x4806052c                Vec_qreal64_setAtProtected
                0x4805e6bc                addMatrix
                0x48060814                v3_initInstance_Mat_qreal64
                0x4805f96c                Mat_sint8_getAtProtected
                0x480624b8                initInstance_GroupCharTable1
                0x4805f668                Mat_sint16_getAtProtected
                0x48061744                v3_initInstance_Vec_uint32
                0x48060274                Vec_sint8_getAtProtected
                0x4805f358                Mat_sint32_getAtProtected
                0x480602d8                qreal64_adjust
                0x48062bb8                delete_Vec
                0x48061ad4                v3_initInstance_Vec_sint16
                0x48061be0                initInstance_Vec_sint16
                0x4805fb60                Vec_real64_setAtProtected
                0x4805ff54                Vec_uint16_setAtProtected
                0x4805fca8                Vec_real32_setAtProtected
                0x480610b8                initInstance_Mat_uint8
                0x4805f1d0                Mat_uint32_getAtProtected
                0x4805df74                getBasicType
                0x48061e5c                v3_initInstance_Vec_real32
                0x480603fc                Mat_qreal64_setAtProtected
                0x4805fafc                Vec_bool_getAtProtected
                0x48062a10                initInstance_real64
                0x480615dc                initInstance_Vec_qreal64
                0x48062b00                delete_GroupCharTable1
                0x48062620                v3_initInstance_sint32
                0x4806130c                initInstance_Mat_real32
                0x480601f8                Vec_sint8_setAtProtected
                0x4805f048                Mat_real32_getAtProtected
                0x4805fa7c                Vec_bool_setAtProtected
                0x4805e0e4                removeVector
                0x4805ecd0                Mat_bool_getAtProtected
                0x48062b40                delete_CharTable1
                0x48062690                initInstance_sint32
                0x48060b04                v3_initInstance_Mat_uint32
                0x480628e0                initInstance_sint8
                0x480623f4                initInstance_CharTable2
                0x480621d0                initInstance_qreal64
                0x4805f104                Mat_uint32_setAtProtected
                0x4805f4e0                Mat_uint16_getAtProtected
                0x48061438                initInstance_Mat_real64
                0x48062998                v3_initInstance_real64
                0x4806229c                v3_initInstance_uint32
                0x4805df80                getPrimitiveType
                0x4805eb6c                Mat_setCurSizeYProtected
                0x48061d30                v3_initInstance_Vec_sint8
                0x4806284c                initInstance_uint8
                0x480619a4                v3_initInstance_Vec_uint16
                0x4805df68                getTypeSize
                0x48060d38                initInstance_Mat_sint32
                0x48062904                v3_initInstance_real32
                0x48062a80                delete_GroupCharTable2
                0x4805ec04                Mat_bool_setAtProtected
                0x48060c0c                initInstance_Mat_uint32
                0x48062278                initInstance_bool
                0x4805fd8c                Vec_uint32_setAtProtected
                0x4806145c                v3_initInstance_Vec_qreal64
                0x48060998                initInstance_Mat_qreal64
                0x4805ef54                Mat_qreal64_getAtProtected
                0x48061c04                v3_initInstance_Vec_uint8
                0x4805fef0                Vec_sint32_getAtProtected
                0x48060f90                initInstance_Mat_sint16
                0x4805ffd4                Vec_uint16_getAtProtected
                0x4805fa28                Vec_setCurSizeProtected
                0x48062870                v3_initInstance_sint8
                0x4805fc00                Vec_real64_getAtProtected
                0x4805f724                Mat_uint8_setAtProtected
                0x48061850                initInstance_Vec_uint32
                0x48060e88                v3_initInstance_Mat_sint16
                0x4805fe70                Vec_sint32_setAtProtected
                0x48062a34                initInstance_reference
                0x480600b8                Vec_sint16_getAtProtected
                0x4805f8a4                Mat_sint8_setAtProtected
                0x4805ebb8                Mat_setCurSizeXProtected
                0x48062208                v3_initInstance_bool
                0x4806256c                initInstance_CharTable1
                0x480620c0                v3_initInstance_qreal64
                0x48060780                initInstance_quantInfo
                0x4805ef7c                Mat_real32_setAtProtected
                0x480611e0                initInstance_Mat_sint8
                0x48061874                v3_initInstance_Vec_sint32
                0x4805fd28                Vec_real32_getAtProtected
                0x4805f28c                Mat_sint32_setAtProtected
                0x48061e38                initInstance_Vec_sint8
                0x48060038                Vec_sint16_setAtProtected
                0x4805f7ec                Mat_uint8_getAtProtected
                0x48062748                v3_initInstance_sint16
                0x48060fb4                v3_initInstance_Mat_uint8
                0x48061ab0                initInstance_Vec_uint16
                0x4806209c                initInstance_Vec_real64
                0x48061f90                v3_initInstance_Vec_real64
 .text          0x48062bf0       0x20 C:\Program Files (x86)\ETAS\INTECRIO5.0\Target\Etarget\ES910\libtarget.a(a_sysver.o)
                0x48062c04                getBuildRevision
                0x48062bf0                getSystemLibVersion
                0x48062bfc                getSystemLibCid
 .text          0x48062c10     0x305c C:\Program Files (x86)\ETAS\INTECRIO5.0\Target\Etarget\ES910\libtarget.a(a_targma.o)
                0x48063b10                perfMeasStop
                0x480644e0                asdMalloc
                0x480648d4                addToActiveSimObjList
                0x48062d90                getTargetL1BufferSizeCode
                0x48064a64                asdWriteUserError
                0x48062d28                setTargetL1BufferSize
                0x4806539c                perfMeasDisplay
                0x48062cf4                getSimObjPtr
                0x48063de0                asdFree
                0x48064a38                asdClearUserError
                0x48062de8                resetPerfMeasObj
                0x480642b4                asdMallocNoInit
                0x48065254                asdWriteUserDebug
                0x48062c40                searchInActiveList
                0x4806448c                asdCalloc
                0x48062d84                getTargetL1BufferSize
                0x48062c9c                removeFromActiveSimObjList
                0x48063bb8                perfMeasStart
                0x48062c1c                instanceTreeMallocOn
                0x4806440c                createPerfMeasObj
                0x480655e4                etasInitModelProcess
                0x480635b4                getObjectsRecursive
                0x48063c24                availableMemory
                0x48062c2c                instanceTreeMallocOff
                0x48063cd8                asdFreeAll
                0x48064774                updateCTBlocks
                0x4806413c                asdRealloc
                0x480640fc                deletePerfMeasObj
                0x48062c10                getInstanceTreeMemoryConsumption
 .text          0x48065c6c     0x14ac C:\Program Files (x86)\ETAS\INTECRIO5.0\Target\Etarget\ES910\libtarget.a(i_cpyfnc.o)
                0x48065f9c                copyPlainFromFloat
                0x48066ac8                copyScalSatTypeSatFromFloat
                0x48067100                copyInt
                0x4806710c                copyDouble
                0x480670f4                copyShort
                0x48066630                copyScalFromValidFloat
                0x48066874                copyScalSatFromFloat
                0x480661bc                copySatFromFloat
                0x48065c6c                copyPlainToFloat
                0x48065ebc                copyScalSatToFloat
                0x48065e04                copyScalToFloat
                0x480670e8                copyByte
                0x48066e8c                copyBoolSatFromFloat
                0x48065d38                copySatToFloat
                0x48066400                copyScalFromFloat
 .text          0x48067118     0x530c C:\Program Files (x86)\ETAS\INTECRIO5.0\Target\Etarget\ES910\libtarget.a(i_mapfnc.o)
                0x480674b0                var2BufByteOffsetReal64
                0x48069788                var2BufBypassSint8
                0x480684ec                var2Buf64BitIntelSint32
                0x4806769c                var2BufByteOffsetBool
                0x4806a56c                var2BufIndirectMotorolaReal32
                0x4806746c                buf2VarSimpleUint8
                0x48067730                buf2VarByteOffsetSint32
                0x4806a8e0                buf2VarIndirectMotorolaSint32
                0x4806bc08                var2BufIndirectIntelSint16
                0x4806c3d0                bufGenFrameInit
                0x4806a40c                buf2VarGenFrameIntelSint32
                0x4806c124                buf2VarBypassIntelUint16
                0x48067bf0                var2Buf64BitMotorolaUint16
                0x480683d0                var2Buf64BitIntelUint32
                0x48068bd4                buf2Var64BitMotorolaReal32
                0x48069584                var2BufBypassMotorolaReal64
                0x48067c9c                var2Buf64BitMotorolaSint16
                0x480675b8                var2BufByteOffsetSint16
                0x48067424                buf2VarSimpleSint32
                0x480698c8                buf2VarBypassMotorolaSint32
                0x48067780                buf2VarByteOffsetSint8
                0x4806a630                var2BufIndirectMotorolaUint16
                0x48069898                buf2VarBypassMotorolaUint32
                0x48068ea4                buf2Var64BitMotorolaUint8
                0x4806bf60                var2BufBypassMaskedIntelBoolUint32
                0x4806a840                buf2VarIndirectMotorolaReal64
                0x4806731c                var2BufSimpleBool
                0x4806a24c                buf2VarGenFrameMotorolaSint32
                0x48068dc0                buf2Var64BitMotorolaSint32
                0x48067e98                var2Buf64BitMotorolaBool
                0x4806a3cc                buf2VarGenFrameIntelUint32
                0x4806a18c                var2BufGenFrameIntelBool
                0x4806a14c                var2BufGenFrameIntelSint8
                0x48069ecc                var2BufGenFrameMotorolaSint16
                0x4806a54c                var2BufIndirectMotorolaReal64
                0x48067604                var2BufByteOffsetUint8
                0x48067830                var2Buf64BitMotorolaUint64
                0x48069e8c                var2BufGenFrameMotorolaUint16
                0x4806c1b4                buf2VarBypassIntelUint32
                0x4806c2e8                var2BufBypassIntelSint32
                0x480673e0                buf2VarSimpleReal64
                0x48069978                buf2VarBypassIntelReal64
                0x48067744                buf2VarByteOffsetUint16
                0x48067194                var2BufSimpleSint32
                0x48069ca0                var2BufBypassMaskedUint8
                0x48069a50                var2BufBypassMaskedMotorolaUint32
                0x48067650                var2BufByteOffsetSint8
                0x48068060                var2Buf64BitIntelUint64
                0x4806a874                buf2VarIndirectMotorolaReal32
                0x48069848                buf2VarBypassMotorolaReal64
                0x48069f8c                var2BufGenFrameMotorolaBool
                0x48068608                var2Buf64BitIntelUint16
                0x480674d4                var2BufByteOffsetUint32
                0x4806bad4                buf2VarIndirectIntelUint16
                0x48067798                buf2VarByteOffsetBool
                0x4806be50                var2BufBypassMaskedIntelSint16
                0x48067384                var2BufSimpleUint8Bool
                0x4806964c                var2BufBypassMotorolaUint16
                0x4806bed8                var2BufBypassMaskedIntelUint16
                0x4806740c                buf2VarSimpleUint32
                0x48069f4c                var2BufGenFrameMotorolaSint8
                0x48067f90                var2Buf64BitIntelReal32
                0x4806aa6c                buf2VarIndirectSint8
                0x48068c1c                buf2Var64BitMotorolaUint64
                0x48069e0c                var2BufGenFrameMotorolaUint32
                0x4806aeec                var2BufGenFrameMotorolaReal64
                0x4806c348                var2BufBypassIntelUint32
                0x4806a30c                buf2VarGenFrameMotorolaUint8
                0x48068e08                buf2Var64BitMotorolaUint16
                0x480694f0                buf2Var64BitIntelSint8
                0x48069fcc                var2BufGenFrameIntelReal32
                0x48068fa4                buf2Var64BitIntelReal32
                0x48067f3c                var2Buf64BitIntelReal64
                0x48069b74                var2BufBypassMaskedMotorolaUint16
                0x48068218                var2Buf64BitIntelSint64
                0x4806a08c                var2BufGenFrameIntelUint16
                0x4806b9d4                buf2VarGenFrameIntelReal64
                0x48069698                var2BufBypassMotorolaSint16
                0x4806c1f8                buf2VarBypassIntelReal32
                0x4806c170                buf2VarBypassIntelSint32
                0x48067520                var2BufByteOffsetSint32
                0x48069114                buf2Var64BitIntelSint64
                0x4806a1cc                buf2VarGenFrameMotorolaReal32
                0x4806c3fc                bufBypassInit
                0x4806932c                buf2Var64BitIntelUint16
                0x48069b18                var2BufBypassMaskedMotorolaBoolUint32
                0x4806bd40                var2BufIndirectIntelUint32
                0x4806a2cc                buf2VarGenFrameMotorolaSint16
                0x48067d48                var2Buf64BitMotorolaUint8
                0x48069020                buf2Var64BitIntelUint64
                0x4806a48c                buf2VarGenFrameIntelSint16
                0x4806a04c                var2BufGenFrameIntelSint32
                0x4806b6c4                buf2VarGenFrameMotorolaReal64
                0x48069458                buf2Var64BitIntelUint8
                0x48069d70                var2BufBypassMaskedBoolUint8
                0x4806b5a4                buf2VarGenFrameMotorolaUint64
                0x4806a968                buf2VarIndirectMotorolaSint16
                0x4806a38c                buf2VarGenFrameIntelReal32
                0x48067aa8                var2Buf64BitMotorolaUint32
                0x4806bda8                var2BufIndirectIntelReal32
                0x480674c0                var2BufByteOffsetReal32
                0x4806bdd8                var2BufBypassMaskedIntelBoolUint16
                0x48069a18                buf2VarBypassSint8
                0x48068970                var2Buf64BitIntelSint8
                0x48067b4c                var2Buf64BitMotorolaSint32
                0x480693c4                buf2Var64BitIntelSint16
                0x48068850                var2Buf64BitIntelUint8
                0x4806ad74                var2BufGenFrameMotorolaUint64
                0x4806a28c                buf2VarGenFrameMotorolaUint16
                0x480699e0                buf2VarBypassUint8
                0x480677d4                var2Buf64BitMotorolaReal32
                0x4806a44c                buf2VarGenFrameIntelUint16
                0x48067480                buf2VarSimpleSint8
                0x4806a588                var2BufIndirectMotorolaUint32
                0x4806b850                buf2VarGenFrameIntelSint64
                0x48069938                buf2VarBypassMotorolaSint16
                0x48067144                var2BufSimpleUint32
                0x4806b480                buf2VarGenFrameMotorolaSint64
                0x480677ac                buf64BitInit
                0x4806a9b4                buf2VarIndirectIntelReal64
                0x4806bbcc                buf2VarIndirectIntelReal32
                0x48069600                var2BufBypassMotorolaSint32
                0x4806c288                var2BufBypassIntelUint16
                0x4806a34c                buf2VarGenFrameMotorolaSint8
                0x4806abfc                var2BufGenFrameMotorolaSint64
                0x48069bdc                var2BufBypassMaskedMotorolaSint16
                0x48069c44                var2BufBypassMaskedMotorolaBoolUint16
                0x4806b228                var2BufGenFrameIntelUint64
                0x48069f0c                var2BufGenFrameMotorolaUint8
                0x48067284                var2BufSimpleUint8
                0x48067708                buf2VarByteOffsetReal32
                0x4806a78c                var2BufIndirectSint8
                0x480673f4                buf2VarSimpleReal32
                0x4806bb2c                buf2VarIndirectIntelSint32
                0x4806c228                var2BufBypassIntelSint16
                0x48068d78                buf2Var64BitMotorolaUint32
                0x480695b4                var2BufBypassMotorolaUint32
                0x4806c058                var2BufBypassMaskedIntelUint32
                0x4806a6d8                var2BufIndirectIntelReal64
                0x48069d08                var2BufBypassMaskedSint8
                0x4806771c                buf2VarByteOffsetUint32
                0x4806a0cc                var2BufGenFrameIntelSint16
                0x48067498                buf2VarSimpleBool
                0x4806743c                buf2VarSimpleUint16
                0x48068ef4                buf2Var64BitMotorolaSint8
                0x48069900                buf2VarBypassMotorolaUint16
                0x480676f8                buf2VarByteOffsetReal64
                0x4806bcd8                var2BufIndirectIntelSint32
                0x4806a924                buf2VarIndirectMotorolaUint16
                0x4806b914                buf2VarGenFrameIntelUint64
                0x480696e4                var2BufBypassIntelReal64
                0x4806920c                buf2Var64BitIntelUint32
                0x48068e58                buf2Var64BitMotorolaSint16
                0x48069e4c                var2BufGenFrameMotorolaSint32
                0x48068bb0                buf2Var64BitMotorolaReal64
                0x48068cc8                buf2Var64BitMotorolaSint64
                0x48067758                buf2VarByteOffsetSint16
                0x4806a738                var2BufIndirectUint8
                0x4806a4cc                buf2VarGenFrameIntelUint8
                0x4806bc70                var2BufIndirectIntelUint16
                0x4806aa28                buf2VarIndirectUint8
                0x4806a7e0                var2BufIndirectBool
                0x4806c3a8                var2BufBypassIntelReal32
                0x4806a00c                var2BufGenFrameIntelUint32
                0x480671e4                var2BufSimpleUint16
                0x4806a5dc                var2BufIndirectMotorolaSint32
                0x4806a20c                buf2VarGenFrameMotorolaUint32
                0x4806756c                var2BufByteOffsetUint16
                0x48068f40                buf2Var64BitIntelReal64
                0x4806929c                buf2Var64BitIntelSint32
                0x48069dcc                var2BufGenFrameMotorolaReal32
                0x48067df0                var2Buf64BitMotorolaSint8
                0x4806aab0                formulaOutReal64
                0x480672d0                var2BufSimpleSint8
                0x4806a50c                buf2VarGenFrameIntelSint8
                0x4806aacc                formulaInReal64
                0x480677c0                var2Buf64BitMotorolaReal64
                0x48067234                var2BufSimpleSint16
                0x4806a10c                var2BufGenFrameIntelUint8
                0x48069874                buf2VarBypassMotorolaReal32
                0x4806a8a4                buf2VarIndirectMotorolaUint32
                0x4806b324                var2BufGenFrameIntelReal64
                0x4806a684                var2BufIndirectMotorolaSint16
                0x4806872c                var2Buf64BitIntelSint16
                0x4806973c                var2BufBypassUint8
                0x48067454                buf2VarSimpleSint16
                0x4806bb7c                buf2VarIndirectIntelUint32
                0x48069ab4                var2BufBypassMaskedMotorolaSint32
                0x4806ba7c                buf2VarIndirectIntelSint16
                0x48067118                var2BufSimpleReal64
                0x480695a0                var2BufBypassMotorolaReal32
                0x4806776c                buf2VarByteOffsetUint8
                0x4806b12c                var2BufGenFrameIntelSint64
                0x4806bfd8                var2BufBypassMaskedIntelSint32
                0x4806796c                var2Buf64BitMotorolaSint64
                0x4806c0d8                buf2VarBypassIntelSint16
                0x4806712c                var2BufSimpleReal32
                0x480697d4                var2BufBypassBool
                0x48068a90                var2Buf64BitIntelBool
 .text          0x4806c424      0xee4 C:\Program Files (x86)\ETAS\INTECRIO5.0\Target\Etarget\ES910\libtarget.a(i_osman.o)
                0x4806d10c                etasRemoveStopUserModeCallback
                0x4806c978                activateTaskWithId
                0x4806c4e0                findCurAppModeName
                0x4806c64c                getTaskIdForTask
                0x4806c750                clearMeasureGroupForTask
                0x4806c7e8                clearLogGroupForTask
                0x4806cfe8                etasInitTaskTerminationHook
                0x4806c82c                isModelStarted
                0x4806c448                getEEId
                0x4806c57c                getTaskPtrForId
                0x4806d2d0                etasAddInitTaskTerminationCallback
                0x4806c854                updateUserModeState
                0x4806d298                etasAddStopUserModeCallback
                0x4806cee4                etasStopUserModeHook
                0x4806c424                etasInitOsProcess
                0x4806c68c                findCurTaskName
                0x4806c774                setMeasureGroupForTask
                0x4806c80c                setLogGroupForTask
                0x4806d144                etasRemoveInitTaskTerminationCallback
 .text          0x4806d308     0x73e0 C:\Program Files (x86)\ETAS\INTECRIO5.0\Target\Etarget\ES910\libtarget.a(i_rtioma.o)
                0x4806d344                rtioCheckStartup
                0x4806d3a0                registerRtioDriverLockedCallback
                0x4806d394                etasRtioInitProcess
                0x48074090                rtioHook
                0x480738d8                rtioSignalDriverLock
                0x4806d39c                etasRtioExitProcess
                0x480737a4                etasRtioIntDisableProcess
                0x4806d338                rtioSetConfigState
                0x4806d420                deRegisterRtioDriverLockedCallback
                0x480737f8                rtioSignalDriverUnlock
                0x480737c4                etasRtioStartupProcess
                0x4806d32c                rtioGetConfigState
                0x4806d4a4                rtioGetDriverLockedState
                0x4806d388                rtioIsOsExpertModeActive
                0x4806d37c                rtioGetHwAbsenceBehavior
                0x4806d308                rtioSetLogPort
                0x4806d398                etasRtioIntEnableProcess
                0x4806d314                rtioSetConfigId
 .text          0x480746e8      0x550 C:\Program Files (x86)\ETAS\INTECRIO5.0\Target\Etarget\ES910\libtarget.a(i_salone.o)
                0x48074be4                crossbarPrepareReconnection
                0x480749f4                crossbarGetNextConfigResponse
                0x48074850                playbackConfigL1Records
                0x48074b90                rtioPrepareReconnection
                0x48074af8                crossbarFinishReconnection
                0x48074988                rtioGetNextConfigResponse
                0x48074a60                rtioFinishReconnection
 .text          0x48074c38     0x1830 C:\Program Files (x86)\ETAS\INTECRIO5.0\Target\Etarget\ES910\libtarget.a(t_croman.o)
                0x48074c44                crossbarSetConfigId
                0x48074c5c                crossbarGetConfigState
                0x48074c38                crossbarSetLogPort
                0x48074c68                crossbarSetConfigState
                0x480763c4                crossbarHook
 .text          0x48076468      0xcb0 C:\Program Files (x86)\ETAS\INTECRIO5.0\Target\Etarget\ES910\libtarget.a(t_crosll.o)
                0x4807673c                createCopyObjectContainer
                0x480767b8                insertObjectIntoCopyLists
                0x48076a3c                commonCreateCopyAction
                0x48076fbc                cromanExecuteObj
                0x48076468                internalDeleteCopyAction
                0x4807690c                createInsertVector
 .text          0x48077118     0x1cf0 C:\Program Files (x86)\ETAS\INTECRIO5.0\Target\Etarget\ES910\libtarget.a(t_nvram.o)
                0x4807724c                nvramClear
                0x480771fc                nvramEnableAutoUpdate
                0x48077284                nvramResetStatistics
                0x48077118                nvramSetUpdateInterval
                0x480771f0                nvramGetConsistencyLevel
                0x480783ac                nvramUpdateMemoryBackground
                0x4807880c                nvramInit
                0x48077240                nvramCheckRunningUpdate
                0x48078310                nvramManualUpdateExit
                0x480781d8                nvramManualUpdateBackground
                0x48077230                nvramCheckForAutoUpdate
                0x4807859c                nvramInitModelVars
                0x48077278                nvramCheckForInitializedVars
                0x480777a8                nvramGetUpdateAgeMs
                0x480780a4                nvramManualUpdateBlocked
                0x480771d0                nvramSetConsistencyLevel
                0x48077218                nvramDisableAutoUpdate
                0x480772e8                nvramGetStatistics
                0x4807716c                nvramGetUpdateInterval
 .text          0x48078e08      0x6ec C:\Program Files (x86)\ETAS\INTECRIO5.0\Target\Etarget\ES910\libtarget.a(t_objlis.o)
                0x480793fc                createObjList
                0x48078e08                dumpObjList
 .text          0x480794f4      0xcd8 C:\Program Files (x86)\ETAS\INTECRIO5.0\Target\Etarget\ES910\libtarget.a(t_rtcros.o)
                0x4807970c                getObjectFromDynamicInstanceTree
                0x48079500                deleteInstance_container
                0x48079bb0                removeObjectFromDynamicInstanceTree
                0x4807959c                initInstance_container
                0x48079d80                getValuePtr
                0x48079c98                addObjectToDynamicInstanceTree
                0x48079b2c                getNextFreeRefIdOfDynamicInstanceTree
                0x480794f4                rtcrosSetLogPort
                0x480796dc                createDynamicInstanceTree
                0x48079df8                processBlockCommands
 .text          0x4807a1cc     0x1b38 C:\Program Files (x86)\ETAS\INTECRIO5.0\Target\Etarget\ES910\libtarget.a(t_sgman.o)
                0x4807bbc8                sgHook
                0x4807a32c                sgGetComVarPtr
                0x4807bb8c                deleteComVarCallback
                0x4807a1cc                sgGetCurTime
                0x4807bb30                sgGetObjPtr
 .text          0x4807bd04     0x14d0 C:\Program Files (x86)\ETAS\INTECRIO5.0\Target\Etarget\ES910\libtarget.a(y_primit.o)
                0x4807c608                initInstance_columnDirMatrixWrapper
                0x4807d0c4                initInstance_charTable1Wrapper
                0x4807cb60                initInstance_columnDirGroupCharTable2Wrapper
                0x4807c76c                initInstance_matrixWrapper
                0x4807cd60                initInstance_groupCharTable1Wrapper
                0x4807ca20                initInstance_scalarWrapper
                0x4807cc60                initInstance_groupCharTable2Wrapper
                0x4807c8d0                initInstance_vectorWrapper
                0x4807cf88                initInstance_charTable2Wrapper
                0x4807ce4c                initInstance_columnDirCharTable2Wrapper
 .text          0x4807d1d4     0x19c0 C:\Program Files (x86)\ETAS\INTECRIO5.0\Target\Etarget\ES910\libtarget.a(a1b_dacq.o)
                0x4807d2c4                getA1bGroup
                0x4807e54c                instanciateA1bChannel
                0x4807da5c                getA1bChannelGroupUpdateOffline
                0x4807e974                storeA1bDataForGroup
                0x4807e010                destructA1bChannelGroup
                0x4807e348                instanciateA1bGroup
                0x4807e0e8                freeA1bMeasureBuffers
                0x4807e954                allocateA1bMeasureBuffers
                0x4807d280                addA1bChannelToA1bGroup
                0x4807ddf8                destructA1bChannel
                0x4807d360                removeA1bChannelFromA1bGroup
 .text          0x4807eb94     0x1060 C:\Program Files (x86)\ETAS\INTECRIO5.0\Target\Etarget\ES910\libtarget.a(a_contai.o)
                0x4807f2a4                dVectorRewindHeadReentrant
                0x4807f1e8                dVectorRemoveObject
                0x4807f374                dVectorCreate
                0x4807ebec                dListGetObjectForward
                0x4807eee8                dTableRemoveLastObject
                0x4807f920                dTableDelete
                0x4807f03c                dVectorGetObject
                0x4807ebd4                dListRewindTailReentrant
                0x4807f3cc                dTableCreate
                0x4807eda4                dTableGetObject
                0x4807ee40                dTableIsEmpty
                0x4807f024                dTableNofObjects
                0x4807ec44                dListGetObjectBackward
                0x4807f748                dTableAddObject
                0x4807f8ec                dTableDeleteStatic
                0x4807f150                dVectorRemoveLastObject
                0x4807f0c8                dVectorRemoveFirstObject
                0x4807ee60                dTableRemoveFirstObject
                0x4807ebc0                dListRewindTail
                0x4807f4c8                dListAddObjectHead
                0x4807fb94                dListDelete
                0x4807f964                dListRemoveObject
                0x4807ec9c                dListGetObjectAtIndex
                0x4807f5ac                dVectorAddObject
                0x4807ec70                dListGetObjectBackwardReentrant
                0x4807ed70                dTableCreateStatic
                0x4807ec18                dListGetObjectForwardReentrant
                0x4807f068                dVectorRemoveObjectAtIndex
                0x4807f2ac                dVectorGetObjectForwardReentrant
                0x4807f300                dVectorGetIndexOfLastEntry
                0x4807fa64                dListRemoveObjectTail
                0x4807f424                dListAddObjectTail
                0x4807eddc                dTableRemoveObject
                0x4807f704                dVectorDelete
                0x4807fafc                dListRemoveObjectHead
                0x4807f284                dVectorIsEmpty
                0x4807ed2c                dListIsEmpty
                0x4807f570                dListCreate
                0x4807ef80                dTableTestFunc
                0x4807f2e8                dVectorNofObjects
                0x4807eb94                dListRewindHead
                0x4807ed58                dListNofObjects
                0x4807eba8                dListRewindHeadReentrant
 .text          0x4807fbf4      0x498 C:\Program Files (x86)\ETAS\INTECRIO5.0\Target\Etarget\ES910\libtarget.a(i_transf.o)
                0x4807fe90                transferToMatrix
                0x4807fc90                transferToVector
                0x4807fbf4                transferFromVector
                0x4807fd2c                transferFromMatrix
                0x4807fff4                transferDirect
 .text          0x4808008c     0x2378 C:\Program Files (x86)\ETAS\INTECRIO5.0\Target\Etarget\ES910\libtarget.a(t_sglow.o)
                0x48080fe8                freeDataSignal
                0x48081418                makeDataSignal
                0x48080bfc                computeTimeSliceTimes
                0x480808c4                setSinewaveSignal
                0x480802b8                getIntervalNr
                0x48080efc                deleteTimeSlice
                0x48082168                freeChannel
                0x48081450                makeLinearSignal
                0x4808225c                freeStimuliSet
                0x48080a1c                setIntervalPulseSignal
                0x4808104c                freeInterval
                0x480809d0                setPulseSignal
                0x48080ba8                setTimeSlice
                0x480801f0                insertTimeSlice
                0x480812ac                makeSinewaveSignal
                0x480817e8                makeIntervalDataSignal
                0x48080674                binsearch
                0x48080f88                freeRandomSignal
                0x480805b0                getLinearSignalY
                0x480801a4                getTimeSliceNr
                0x48080ce0                getTimeSliceT
                0x480819bc                getRandomSignalY
                0x48080fa8                freePulseSignal
                0x48080adc                setRandomSignal
                0x48081eb8                getChannelY
                0x480813c8                setIntervalDataSignal
                0x48081bdc                getSinewaveSignalY
                0x48082370                makeStimuliSet
                0x480803d8                computeIntervalTimes
                0x48080518                setIntervalLinearSignal
                0x48081160                makeTimeSlice
                0x48081474                makeIntervalRandomSignal
                0x480800d8                insertChannel
                0x48080304                insertInterval
                0x48080b10                setIntervalRandomSignal
                0x4808042c                computeChannelTimes
                0x48081590                makeIntervalPulseSignal
                0x480804e4                setLinearSignal
                0x48080c64                computeStimuliSetTimes
                0x4808122c                makeFunctionSignal
                0x4808008c                getChannelNr
                0x480820f4                resetStimuliSet
                0x480810dc                deleteInterval
                0x48080d94                getT
                0x480822e8                makeChannel
                0x48081264                makeRandomSignal
                0x480803cc                resetInterval
                0x48081d08                getIntervalY
                0x48081a84                getPulseSignalY
                0x48080910                setIntervalSinewaveSignal
                0x48081288                makePulseSignal
                0x48080edc                freeTimeSlice
                0x48080be8                resetTimeSlice
                0x48080718                getDataSignalY
                0x48080fc8                freeSinewaveSignal
                0x4808102c                freeLinearSignal
                0x480821d8                deleteChannel
                0x480818a4                makeIntervalLinearSignal
                0x480812d0                setDataSignal
                0x48082024                resetChannel0
                0x480816bc                makeIntervalSinewaveSignal
 .text          0x48082404        0x0 C:\Program Files (x86)\ETAS\INTECRIO5.0\Target\Etarget\rtio\global\es910\librtio_gnu.a(comm_err.o)
 .text          0x48082404       0xa0 C:\Program Files (x86)\ETAS\INTECRIO5.0\Target\Etarget\rtio\global\es910\librtio_gnu.a(p_rtio.o)
                0x48082404                rtioSignalHwAccessEnd
                0x4808245c                rtioSignalHwAccessBegin
 .text          0x480824a4      0xd38 C:\Program Files (x86)\ETAS\INTECRIO5.0\Target\Etarget\rtio\global\es910\librtio_gnu.a(p_rtio_s.o)
                0x48083198                setupRTIO
                0x48082b88                es910IsEtherCATEnabled
                0x480824b0                getMasterId
                0x480826c8                rtioHwDetect
                0x48082c94                rtioTestBoardPresence
                0x480825a0                printDetectedHardware
                0x480824cc                rtioGetNextDetectedHwTableEntry
                0x480824a4                es910RtioGetFpgaRegsGlobal
                0x48083110                es910RtioMapFpgaRegsGlobal
                0x4808306c                es910RtioUnmapFpgaRegsGlobal
                0x480824b8                rtioRewindDetectedHwTable
                0x48082c20                es910RtioIntDisable
 .text          0x480831dc      0xe18 C:\Program Files (x86)\ETAS\INTECRIO5.0\Target\Etarget\rtio\global\es910\librtio_gnu.a(rtio_err.o)
                0x480833b8                clearErrMsgList
                0x48083314                deactivateRtioMsgLists
                0x48083280                installEtasPseudoGeoAdrBoardNames
                0x4808325c                installCommErrMessages
                0x4808328c                installUserBoardNames
                0x480831dc                initMessageTables
                0x4808334c                getNextErrMsg
                0x48083510                rtioGetBoardName
                0x48083274                installEtasAutoIdBoardNames
                0x48083c9c                rtioErr