Archive member included because of file (symbol)

Car_State1/Car_State1.a(Car_State.o)
                              Car_State0/Car_State_instances.o (Car_State_U)
Disconnections1/Disconnections1.a(Disconnections.o)
                              Disconnections0/Disconnections_instances.o (Disconnections_DW)
Ellipse1/Ellipse1.a(Ellipse.o)
                              Ellipse0/Ellipse_instances.o (Ellipse_Y)
Inverters_Action1/Inverters_Action1.a(Inverters_Action.o)
                              Inverters_Action0/Inverters_Action_instances.o (Inverters_Action_U)
Inverters_Action1/Inverters_Action1.a(Inverters_Action_data.o)
                              Inverters_Action0/Inverters_Action_instances.o (Inverters_Action_ConstB)
Inverters_Data1/Inverters_Data1.a(Inverters_Data.o)
                              Inverters_Data0/Inverters_Data_instances.o (Inverters_Data_U)
Sensors1/Sensors1.a(Sensors.o)
                              Sensors0/Sensors_instances.o (Sensors_Y)
Sensors1/Sensors1.a(Sensors_data.o)
                              Sensors0/Sensors_instances.o (Sensors_ConstB)
Synchronism1/Synchronism1.a(Synchronism.o)
                              Synchronism0/Synchronism_instances.o (Synchronism_DW)
VDCv2mk21/VDCv2mk21.a(VDCv2mk2.o)
                              VDCv2mk20/VDCv2mk2_instances.o (VDCv2mk2_DW)
matlabsharedR2023b/matlabsharedR2023b.a(rt_nonfinite.o)
                              Inverters_Action1/Inverters_Action1.a(Inverters_Action.o) (rtIsInf)
matlabsharedR2023b/matlabsharedR2023b.a(rt_powd_snf.o)
                              Inverters_Data1/Inverters_Data1.a(Inverters_Data.o) (rt_powd_snf)
matlabsharedR2023b/matlabsharedR2023b.a(const_params.o)
                              VDCv2mk21/VDCv2mk21.a(VDCv2mk2.o) (rtCP_pooled_OiY3MRzyvx26)
matlabsharedR2023b/matlabsharedR2023b.a(look1_binlxpw.o)
                              VDCv2mk21/VDCv2mk21.a(VDCv2mk2.o) (look1_binlxpw)
matlabsharedR2023b/matlabsharedR2023b.a(rtgetinf.o)
                              matlabsharedR2023b/matlabsharedR2023b.a(rt_nonfinite.o) (rtGetInf)
matlabsharedR2023b/matlabsharedR2023b.a(rtgetnan.o)
                              matlabsharedR2023b/matlabsharedR2023b.a(rt_nonfinite.o) (rtGetNaN)
OSC/TaskISRArchive.a(etasConfigTask.o)
                              OSC/osekdefs.o (osek_task_e_etasConfigTask)
OSC/TaskISRArchive.a(Sync_25ms.o)
                              OSC/osekdefs.o (osek_task_e_Sync_25ms)
OSC/TaskISRArchive.a(Timer_1000ms.o)
                              OSC/osekdefs.o (osek_task_e_Timer_1000ms)
OSC/TaskISRArchive.a(Timer_100ms.o)
                              OSC/osekdefs.o (osek_task_e_Timer_100ms)
OSC/TaskISRArchive.a(Timer_25ms.o)
                              OSC/osekdefs.o (osek_task_e_Timer_25ms)
OSC/TaskISRArchive.a(Timer_Inv.o)
                              OSC/osekdefs.o (osek_task_e_Timer_Inv)
OSC/TaskISRArchive.a(SWT_CAN1_AP_BMS_SDC.o)
                              OSC/osekdefs.o (osek_task_e_SWT_CAN1_AP_BMS_SDC)
OSC/TaskISRArchive.a(SWT_CAN1_AP_CurrentSensor.o)
                              OSC/osekdefs.o (osek_task_e_SWT_CAN1_AP_CurrentSensor)
OSC/TaskISRArchive.a(SWT_CAN1_AP_BMS_Voltages.o)
                              OSC/osekdefs.o (osek_task_e_SWT_CAN1_AP_BMS_Voltages)
OSC/TaskISRArchive.a(SWT_CAN1_AP_BMS_ChargerParameters.o)
                              OSC/osekdefs.o (osek_task_e_SWT_CAN1_AP_BMS_ChargerParameters)
OSC/TaskISRArchive.a(SWT_CAN1_AP_BMS_Temperatures.o)
                              OSC/osekdefs.o (osek_task_e_SWT_CAN1_AP_BMS_Temperatures)
OSC/TaskISRArchive.a(SWT_CAN1_AP_Inverter_R_Tx.o)
                              OSC/osekdefs.o (osek_task_e_SWT_CAN1_AP_Inverter_R_Tx)
OSC/TaskISRArchive.a(SWT_CAN1_AP_Inverter_L_Tx.o)
                              OSC/osekdefs.o (osek_task_e_SWT_CAN1_AP_Inverter_L_Tx)
OSC/TaskISRArchive.a(SWT_CAN1_AP_DASH_Mode.o)
                              OSC/osekdefs.o (osek_task_e_SWT_CAN1_AP_DASH_Mode)
OSC/TaskISRArchive.a(SWT_CAN1_NM_BMS_Keep_Alive.o)
                              OSC/osekdefs.o (osek_task_e_SWT_CAN1_NM_BMS_Keep_Alive)
OSC/TaskISRArchive.a(SWT_CAN1_AP_BMS_AIRs_State.o)
                              OSC/osekdefs.o (osek_task_e_SWT_CAN1_AP_BMS_AIRs_State)
OSC/TaskISRArchive.a(SWT_CAN1_NM_DASH_Keep_Alive.o)
                              OSC/osekdefs.o (osek_task_e_SWT_CAN1_NM_DASH_Keep_Alive)
OSC/TaskISRArchive.a(SWT_CAN1_AP_DASH_PrechargeRequest.o)
                              OSC/osekdefs.o (osek_task_e_SWT_CAN1_AP_DASH_PrechargeRequest)
OSC/TaskISRArchive.a(SWT_CAN1_AP_DASH_EnableDrive.o)
                              OSC/osekdefs.o (osek_task_e_SWT_CAN1_AP_DASH_EnableDrive)
OSC/TaskISRArchive.a(SWT_CAN2_MEAS_RECU_SDC.o)
                              OSC/osekdefs.o (osek_task_e_SWT_CAN2_MEAS_RECU_SDC)
OSC/TaskISRArchive.a(SWT_CAN2_MEAS_FECU_SDC.o)
                              OSC/osekdefs.o (osek_task_e_SWT_CAN2_MEAS_FECU_SDC)
OSC/TaskISRArchive.a(SWT_CAN2_AP_ELLIPSE_EKF_POS.o)
[...]
Memory Configuration

Name             Origin             Length             Attributes
*default*        0x00000000         0xffffffff

Linker script and memory map

LOAD C:/ETAS/Compiler/INTECRIO5.0/QNXCompiler-V6.5\target\qnx6/ppcbe-spe/lib/crt1.o
LOAD C:/ETAS/Compiler/INTECRIO5.0/QNXCompiler-V6.5\target\qnx6/ppcbe-spe/lib/crti.o
LOAD C:/ETAS/Compiler/INTECRIO5.0/QNXCompiler-V6.5\host\win32\x86/usr/lib/gcc/powerpc-unknown-nto-qnx6.5.0/4.4.2/spe/crtbegin.o
LOAD C:\ETAS\Compiler\INTECRIO5.0\QNXCompiler-V6.5\target\qnx6\ppcbe-spe\lib\gcc\4.4.2/libcpp.so
                0x00000000                PROVIDE (__stack, 0x0)
                0x00000000                PROVIDE (___stack, 0x0)
                0x48040000                PROVIDE (__executable_start, 0x48040000)
                0x480400f4                . = (0x48040000 + SIZEOF_HEADERS)

.interp         0x480400f4       0x14
 *(.interp)
 .interp        0x480400f4       0x14 C:/ETAS/Compiler/INTECRIO5.0/QNXCompiler-V6.5\target\qnx6/ppcbe-spe/lib/crt1.o

.note           0x48040110       0x18
 .note          0x48040110       0x18 C:/ETAS/Compiler/INTECRIO5.0/QNXCompiler-V6.5\target\qnx6/ppcbe-spe/lib/crtn.o

.note.gnu.build-id
 *(.note.gnu.build-id)

.hash           0x48040128      0x6a4
 *(.hash)
 .hash          0x48040128      0x6a4 C:/ETAS/Compiler/INTECRIO5.0/QNXCompiler-V6.5\target\qnx6/ppcbe-spe/lib/crt1.o

.gnu.hash
 *(.gnu.hash)

.dynsym         0x480407cc      0xe20
 *(.dynsym)
 .dynsym        0x480407cc      0xe20 C:/ETAS/Compiler/INTECRIO5.0/QNXCompiler-V6.5\target\qnx6/ppcbe-spe/lib/crt1.o

.dynstr         0x480415ec      0xbce
 *(.dynstr)
 .dynstr        0x480415ec      0xbce C:/ETAS/Compiler/INTECRIO5.0/QNXCompiler-V6.5\target\qnx6/ppcbe-spe/lib/crt1.o

.gnu.version    0x480421ba      0x1c4
 *(.gnu.version)
 .gnu.version   0x480421ba      0x1c4 C:/ETAS/Compiler/INTECRIO5.0/QNXCompiler-V6.5\target\qnx6/ppcbe-spe/lib/crt1.o

.gnu.version_d  0x48042380        0x0 load address 0x4804237e
 *(.gnu.version_d)
 .gnu.version_d
                0x00000000        0x0 C:/ETAS/Compiler/INTECRIO5.0/QNXCompiler-V6.5\target\qnx6/ppcbe-spe/lib/crt1.o

.gnu.version_r  0x48042380       0x20
 *(.gnu.version_r)
 .gnu.version_r
                0x48042380       0x20 C:/ETAS/Compiler/INTECRIO5.0/QNXCompiler-V6.5\target\qnx6/ppcbe-spe/lib/crt1.o

.rel.dyn
 *(.rel.init)
 *(.rel.text .rel.text.* .rel.gnu.linkonce.t.*)
 *(.rel.fini)
 *(.rel.rodata .rel.rodata.* .rel.gnu.linkonce.r.*)
 *(.rel.data.rel.ro* .rel.gnu.linkonce.d.rel.ro.*)
 *(.rel.data .rel.data.* .rel.gnu.linkonce.d.*)
 *(.rel.tdata .rel.tdata.* .rel.gnu.linkonce.td.*)
 *(.rel.tbss .rel.tbss.* .rel.gnu.linkonce.tb.*)
 *(.rel.ctors)
 *(.rel.dtors)
 *(.rel.got)
 *(.rel.sdata .rel.sdata.* .rel.gnu.linkonce.s.*)
 *(.rel.sbss .rel.sbss.* .rel.gnu.linkonce.sb.*)
 *(.rel.sdata2 .rel.sdata2.* .rel.gnu.linkonce.s2.*)
 *(.rel.sbss2 .rel.sbss2.* .rel.gnu.linkonce.sb2.*)
 *(.rel.bss .rel.bss.* .rel.gnu.linkonce.b.*)

.rela.dyn       0x480423a0       0x90
 *(.rela.init)
 *(.rela.text .rela.text.* .rela.gnu.linkonce.t.*)
 .rela.text     0x00000000        0x0 C:/ETAS/Compiler/INTECRIO5.0/QNXCompiler-V6.5\target\qnx6/ppcbe-spe/lib/crt1.o
 *(.rela.fini)
 *(.rela.rodata .rela.rodata.* .rela.gnu.linkonce.r.*)
 .rela.rodata   0x00000000        0x0 C:/ETAS/Compiler/INTECRIO5.0/QNXCompiler-V6.5\target\qnx6/ppcbe-spe/lib/crt1.o
 *(.rela.data .rela.data.* .rela.gnu.linkonce.d.*)
 .rela.data     0x00000000        0x0 C:/ETAS/Compiler/INTECRIO5.0/QNXCompiler-V6.5\target\qnx6/ppcbe-spe/lib/crt1.o
 *(.rela.tdata .rela.tdata.* .rela.gnu.linkonce.td.*)
 *(.rela.tbss .rela.tbss.* .rela.gnu.linkonce.tb.*)
 *(.rela.ctors)
 *(.rela.dtors)
 *(.rela.got)
 .rela.got      0x480423a0       0x30 C:/ETAS/Compiler/INTECRIO5.0/QNXCompiler-V6.5\target\qnx6/ppcbe-spe/lib/crt1.o
 *(.rela.got1)
 *(.rela.got2)
 *(.rela.sdata .rela.sdata.* .rela.gnu.linkonce.s.*)
 *(.rela.sbss .rela.sbss.* .rela.gnu.linkonce.sb.*)
 .rela.sbss     0x00000000        0x0 C:/ETAS/Compiler/INTECRIO5.0/QNXCompiler-V6.5\target\qnx6/ppcbe-spe/lib/crt1.o
 *(.rela.sdata2 .rela.sdata2.* .rela.gnu.linkonce.s2.*)
 *(.rela.sbss2 .rela.sbss2.* .rela.gnu.linkonce.sb2.*)
 *(.rela.bss .rela.bss.* .rela.gnu.linkonce.b.*)
 .rela.bss      0x480423d0       0x60 C:/ETAS/Compiler/INTECRIO5.0/QNXCompiler-V6.5\target\qnx6/ppcbe-spe/lib/crt1.o
 .rela.os_pid   0x00000000        0x0 C:/ETAS/Compiler/INTECRIO5.0/QNXCompiler-V6.5\target\qnx6/ppcbe-spe/lib/crt1.o
 .rela.os_intvec
                0x00000000        0x0 C:/ETAS/Compiler/INTECRIO5.0/QNXCompiler-V6.5\target\qnx6/ppcbe-spe/lib/crt1.o

.rel.plt
 *(.rel.plt)

.rela.plt       0x48042430      0x93c
 *(.rela.plt)
 .rela.plt      0x48042430      0x93c C:/ETAS/Compiler/INTECRIO5.0/QNXCompiler-V6.5\target\qnx6/ppcbe-spe/lib/crt1.o

.init           0x48042d6c       0x24
 *(.init)
 .init          0x48042d6c        0xc C:/ETAS/Compiler/INTECRIO5.0/QNXCompiler-V6.5\target\qnx6/ppcbe-spe/lib/crti.o
                0x48042d6c                _init
 .init          0x48042d78        0x4 C:/ETAS/Compiler/INTECRIO5.0/QNXCompiler-V6.5\host\win32\x86/usr/lib/gcc/powerpc-unknown-nto-qnx6.5.0/4.4.2/spe/crtbegin.o
 .init          0x48042d7c        0x4 C:/ETAS/Compiler/INTECRIO5.0/QNXCompiler-V6.5\host\win32\x86/usr/lib/gcc/powerpc-unknown-nto-qnx6.5.0/4.4.2/spe/crtend.o
 .init          0x48042d80       0x10 C:/ETAS/Compiler/INTECRIO5.0/QNXCompiler-V6.5\target\qnx6/ppcbe-spe/lib/crtn.o

.text           0x48042d90    0x479b0
                0x48042d90                _btext = .
 *(.text .stub .text.* .gnu.linkonce.t.*)
 .text          0x48042d90      0x118 C:/ETAS/Compiler/INTECRIO5.0/QNXCompiler-V6.5\target\qnx6/ppcbe-spe/lib/crt1.o
                0x48042d90                _start
 .text          0x48042ea8        0x0 C:/ETAS/Compiler/INTECRIO5.0/QNXCompiler-V6.5\target\qnx6/ppcbe-spe/lib/crti.o
 .text          0x48042ea8      0x1b8 C:/ETAS/Compiler/INTECRIO5.0/QNXCompiler-V6.5\host\win32\x86/usr/lib/gcc/powerpc-unknown-nto-qnx6.5.0/4.4.2/spe/crtbegin.o
 .text          0x48043060      0x234 ROOT_instances.o
                0x48043200                initializeYukonModel
                0x480430b0                getSystemTimeS
                0x48043078                getModelIdentificationString
                0x4804308c                getDeltaT
                0x48043060                getIntecrioVersionNumber
                0x48043190                os_setDeltaT
                0x48043084                getBuildEnvironment
                0x4804306c                getBuildEnvironmentVersion
 .text          0x48043294        0x0 _INT_pid.pi.o
 .text          0x48043294       0x24 userFuncProcessCanPayload.o
                0x480432a8                userCanInitHook
                0x480432b4                userCanTxHookV3
                0x480432ac                userCanExitHook
                0x48043294                userCanHookGetVersionAndCid
                0x480432b0                userCanRxHookV3
 .text          0x480432b8       0x24 userFuncProcessFlexRayPayload.o
                0x480432d8                userFlexRayPDURxHook
                0x480432d4                userFlexRayPDUTxHook
                0x480432b8                userFlexRayHookGetVersionAndCid
                0x480432cc                userFlexRayInitHook
                0x480432d0                userFlexRayExitHook
 .text          0x480432dc       0x60 OSC/i_rtawrapper.o
                0x4804331c                rtaActivateTask
                0x480432fc                rtaSchedule
                0x480432dc                rtaShutdownOS
 .text          0x4804333c      0x2c4 Car_State0/Car_State_instances.o
                0x480433e4                initClass_RTWTop_Car_State
                0x4804339c                initInstance_RTWTop_Car_State
                0x4804333c                setDeltaT_Car_State
                0x480435d4                initModel_RTWTop_Car_State
 .text          0x48043600      0xc10 Car_State1/Car_State1.a(Car_State.o)
                0x4804400c                MdlInitialize_Car_State
                0x48043614                Car_State_FALSE
                0x48043628                MdlOutputs_Car_State
                0x48043f8c                MdlUpdate_Car_State
                0x48043600                Car_State_TRUE
                0x48044010                MdlStart_Car_State
                0x48044004                MdlInitializeSizes_Car_State
                0x48044008                MdlInitializeSampleTimes_Car_State
                0x4804405c                Car_State
                0x48044058                MdlTerminate_Car_State
 .text          0x48044210      0x4d8 Disconnections0/Disconnections_instances.o
                0x48044270                initInstance_RTWTop_Disconnections
                0x480446bc                initModel_RTWTop_Disconnections
                0x48044210                setDeltaT_Disconnections
                0x480442b8                initClass_RTWTop_Disconnections
 .text          0x480446e8      0x998 Disconnections1/Disconnections1.a(Disconnections.o)
                0x48044eb4                MdlTerminate_Disconnections
                0x48044728                Disconnections_Error_Counter
                0x48044eb8                Disconnections
                0x48044e48                MdlInitializeSampleTimes_Disconnections
                0x48044e50                MdlStart_Disconnections
                0x480446e8                Disconnections_Reset_counter
                0x48044e44                MdlInitializeSizes_Disconnections
                0x48044758                MdlOutputs_Disconnections
                0x48044e4c                MdlInitialize_Disconnections
                0x480446fc                Disconnections_CAN_OK
                0x48044dcc                MdlUpdate_Disconnections
                0x48044744                Disconnections_Signal_OK
 .text          0x48045080      0x1e4 Ellipse0/Ellipse_instances.o
                0x48045128                initClass_RTWTop_Ellipse
                0x48045080                setDeltaT_Ellipse
                0x480450e0                initInstance_RTWTop_Ellipse
                0x48045238                initModel_RTWTop_Ellipse
 .text          0x48045264      0x250 Ellipse1/Ellipse1.a(Ellipse.o)
                0x48045264                MdlOutputs_Ellipse
                0x48045320                MdlInitialize_Ellipse
                0x48045318                MdlInitializeSizes_Ellipse
                0x480452a0                MdlUpdate_Ellipse
                0x48045328                MdlTerminate_Ellipse
                0x48045324                MdlStart_Ellipse
                0x4804531c                MdlInitializeSampleTimes_Ellipse
                0x4804532c                Ellipse
 .text          0x480454b4      0x3a0 Inverters_Action0/Inverters_Action_instances.o
                0x48045828                initModel_RTWTop_Inverters_Action
                0x480454b4                setDeltaT_Inverters_Action
                0x4804555c                initClass_RTWTop_Inverters_Action
                0x48045514                initInstance_RTWTop_Inverters_Action
 .text          0x48045854      0xcac Inverters_Action1/Inverters_Action1.a(Inverters_Action.o)
                0x480459ac                MdlInitializeSizes_Inverters_Action
                0x480459b4                MdlInitialize_Inverters_Action
                0x48045a04                Inverters_Action
                0x480459b8                MdlStart_Inverters_Action
                0x48045854                Inverters_Actio_EnumerationDone
                0x480458c0                Inverters_Acti_ActionnotDefined
                0x480458e8                Inverters_Action_TorqueCommand0
                0x48045918                MdlUpdate_Inverters_Action
                0x48045868                Inverte_DisableDriveEnableDrive
                0x48045904                Inverters_Acti_ResetEnumeration
                0x48045a00                MdlTerminate_Inverters_Action
                0x480459b0                MdlInitializeSampleTimes_Inverters_Action
                0x480458d8                Inverters_Action_bypass
                0x48045f08                MdlOutputs_Inverters_Action
                0x48045db0                Inverters_Action_TorqueCommand
                0x48045be0                Inverters_Ac_RegisterEnumerator
 .text          0x48046500        0x0 Inverters_Action1/Inverters_Action1.a(Inverters_Action_data.o)
 .text          0x48046500      0x284 Inverters_Data0/Inverters_Data_instances.o
                0x480465a8                initClass_RTWTop_Inverters_Data
                0x48046560                initInstance_RTWTop_Inverters_Data
                0x48046500                setDeltaT_Inverters_Data
                0x48046758                initModel_RTWTop_Inverters_Data
 .text          0x48046784      0x4a0 Inverters_Data1/Inverters_Data1.a(Inverters_Data.o)
                0x48046784                MdlUpdate_Inverters_Data
                0x48046804                MdlInitialize_Inverters_Data
                0x4804680c                MdlTerminate_Inverters_Data
                0x480469ac                MdlOutputs_Inverters_Data
                0x48046810                Inverters_Data
                0x48046808                MdlStart_Inverters_Data
                0x48046800                MdlInitializeSampleTimes_Inverters_Data
                0x480467fc                MdlInitializeSizes_Inverters_Data
 .text          0x48046c24      0x330 Sensors0/Sensors_instances.o
                0x48046c84                initInstance_RTWTop_Sensors
                0x48046f28                initModel_RTWTop_Sensors
                0x48046c24                setDeltaT_Sensors
                0x48046ccc                initClass_RTWTop_Sensors
 .text          0x48046f54      0x3b4 Sensors1/Sensors1.a(Sensors.o)
                0x48047124                MdlInitializeSampleTimes_Sensors
                0x4804714c                MdlTerminate_Sensors
                0x48046f54                MdlOutputs_Sensors
                0x480470a8                MdlUpdate_Sensors
                0x48047120                MdlInitializeSizes_Sensors
                0x48047128                MdlInitialize_Sensors
                0x4804712c                MdlStart_Sensors
                0x48047150                Sensors
 .text          0x48047308        0x0 Sensors1/Sensors1.a(Sensors_data.o)
 .text          0x48047308      0x14c Synchronism0/Synchronism_instances.o
                0x480473b0                initClass_RTWTop_Synchronism
                0x48047368                initInstance_RTWTop_Synchronism
                0x48047428                initModel_RTWTop_Synchronism
                0x48047308                setDeltaT_Synchronism
 .text          0x48047454      0x268 Synchronism1/Synchronism1.a(Synchronism.o)
                0x48047528                MdlInitializeSizes_Synchronism
                0x48047530                MdlInitialize_Synchronism
                0x48047534                MdlStart_Synchronism
                0x48047550                MdlTerminate_Synchronism
                0x48047554                Synchronism
                0x48047454                MdlOutputs_Synchronism
                0x480474b0                MdlUpdate_Synchronism
                0x4804752c                MdlInitializeSampleTimes_Synchronism
 .text          0x480476bc      0x5e0 VDCv2mk20/VDCv2mk2_instances.o
                0x480476bc                setDeltaT_VDCv2mk2
                0x4804771c                initInstance_RTWTop_VDCv2mk2
                0x48047764                initClass_RTWTop_VDCv2mk2
                0x48047c70                initModel_RTWTop_VDCv2mk2
 .text          0x48047c9c     0x1a00 VDCv2mk21/VDCv2mk21.a(VDCv2mk2.o)
                0x48047c9c                VDCv2mk2_LimitReached
                0x48047edc                VDCv2mk2
                0x48047e20                MdlStart_VDCv2mk2
                0x48047e1c                MdlInitialize_VDCv2mk2
                0x48047cb0                VDCv2m_RigidAxlewithTC2024_Init
                0x48047ed8                MdlTerminate_VDCv2mk2
                0x48047cf4                VDCv2_Torquedemandedbythedriver
                0x48047d88                VDCv2mk2_RIGIDAXLEWITHTC_Init
                0x48047cc4                VDCv2mk2_RIGIDAXLE
                0x48048218                VDCv2mk2_RigidAxlewithTC2024
                0x48047e18                MdlInitializeSampleTimes_VDCv2mk2
                0x48047e14                MdlInitializeSizes_VDCv2mk2
                0x480480b0                VDCv2mk2_RIGIDAXLEWITHTC
                0x480483e8                MdlOutputs_VDCv2mk2
                0x48047d9c                MdlUpdate_VDCv2mk2
 .text          0x4804969c      0x19c matlabsharedR2023b/matlabsharedR2023b.a(rt_nonfinite.o)
                0x480497a4                rt_InitInfAndNaN
                0x48049728                rtIsNaN
                0x4804977c                rtIsNaNF
                0x480496e8                rtIsInfF
                0x4804969c                rtIsInf
 .text          0x48049838      0x2f4 matlabsharedR2023b/matlabsharedR2023b.a(rt_powd_snf.o)
                0x48049838                rt_powd_snf
 .text          0x48049b2c        0x0 matlabsharedR2023b/matlabsharedR2023b.a(const_params.o)
 .text          0x48049b2c      0x114 matlabsharedR2023b/matlabsharedR2023b.a(look1_binlxpw.o)
                0x48049b2c                look1_binlxpw
 .text          0x48049c40       0xd0 matlabsharedR2023b/matlabsharedR2023b.a(rtgetinf.o)
                0x48049c40                rtGetInf
                0x48049ca8                rtGetMinusInf
                0x48049d04                rtGetMinusInfF
                0x48049c9c                rtGetInfF
 .text          0x48049d10       0x84 matlabsharedR2023b/matlabsharedR2023b.a(rtgetnan.o)
                0x48049d70                rtGetNaNF
                0x48049d10                rtGetNaN
 .text          0x48049d94      0x434 OSC/osekdefs.o
                0x4804a0b4                osE_ISR_CAN2
                0x48049e54                os_StartOS
                0x48049f40                os_pre_errorhook
                0x4804a110                osE_ISR_CAN1
                0x48049f60                Tick_etasCounter
                0x4804a094                osek_dispatch
                0x48049d94                osResetOS
                0x4804a16c                osE_etasL1Isr
 .text          0x4804a1c8        0x0 OSC/osgen.o
 .text          0x4804a1c8       0x4c OSC/TaskISRArchive.a(etasConfigTask.o)
                0x4804a1c8                osek_task_e_etasConfigTask
 .text          0x4804a214       0x60 OSC/TaskISRArchive.a(Sync_25ms.o)
                0x4804a214                osek_task_e_Sync_25ms
 .text          0x4804a274       0x54 OSC/TaskISRArchive.a(Timer_1000ms.o)
                0x4804a274                osek_task_e_Timer_1000ms
 .text          0x4804a2c8       0x54 OSC/TaskISRArchive.a(Timer_100ms.o)
                0x4804a2c8                osek_task_e_Timer_100ms
 .text          0x4804a31c       0xa8 OSC/TaskISRArchive.a(Timer_25ms.o)
                0x4804a31c                osek_task_e_Timer_25ms
 .text          0x4804a3c4       0x54 OSC/TaskISRArchive.a(Timer_Inv.o)
                0x4804a3c4                osek_task_e_Timer_Inv
 .text          0x4804a418       0x50 OSC/TaskISRArchive.a(SWT_CAN1_AP_BMS_SDC.o)
                0x4804a418                osek_task_e_SWT_CAN1_AP_BMS_SDC
 .text          0x4804a468       0x50 OSC/TaskISRArchive.a(SWT_CAN1_AP_CurrentSensor.o)
                0x4804a468                osek_task_e_SWT_CAN1_AP_CurrentSensor
 .text          0x4804a4b8       0x50 OSC/TaskISRArchive.a(SWT_CAN1_AP_BMS_Voltages.o)
                0x4804a4b8                osek_task_e_SWT_CAN1_AP_BMS_Voltages
 .text          0x4804a508       0x50 OSC/TaskISRArchive.a(SWT_CAN1_AP_BMS_ChargerParameters.o)
                0x4804a508                osek_task_e_SWT_CAN1_AP_BMS_ChargerParameters
 .text          0x4804a558       0x50 OSC/TaskISRArchive.a(SWT_CAN1_AP_BMS_Temperatures.o)
                0x4804a558                osek_task_e_SWT_CAN1_AP_BMS_Temperatures
 .text          0x4804a5a8       0x50 OSC/TaskISRArchive.a(SWT_CAN1_AP_Inverter_R_Tx.o)
                0x4804a5a8                osek_task_e_SWT_CAN1_AP_Inverter_R_Tx
 .text          0x4804a5f8       0x50 OSC/TaskISRArchive.a(SWT_CAN1_AP_Inverter_L_Tx.o)
                0x4804a5f8                osek_task_e_SWT_CAN1_AP_Inverter_L_Tx
 .text          0x4804a648       0x50 OSC/TaskISRArchive.a(SWT_CAN1_AP_DASH_Mode.o)
                0x4804a648                osek_task_e_SWT_CAN1_AP_DASH_Mode
 .text          0x4804a698       0x50 OSC/TaskISRArchive.a(SWT_CAN1_NM_BMS_Keep_Alive.o)
                0x4804a698                osek_task_e_SWT_CAN1_NM_BMS_Keep_Alive
 .text          0x4804a6e8       0x50 OSC/TaskISRArchive.a(SWT_CAN1_AP_BMS_AIRs_State.o)
                0x4804a6e8                osek_task_e_SWT_CAN1_AP_BMS_AIRs_State
 .text          0x4804a738       0x50 OSC/TaskISRArchive.a(SWT_CAN1_NM_DASH_Keep_Alive.o)
                0x4804a738                osek_task_e_SWT_CAN1_NM_DASH_Keep_Alive
 .text          0x4804a788       0x50 OSC/TaskISRArchive.a(SWT_CAN1_AP_DASH_PrechargeRequest.o)
                0x4804a788                osek_task_e_SWT_CAN1_AP_DASH_PrechargeRequest
 .text          0x4804a7d8       0x50 OSC/TaskISRArchive.a(SWT_CAN1_AP_DASH_EnableDrive.o)
                0x4804a7d8                osek_task_e_SWT_CAN1_AP_DASH_EnableDrive
 .text          0x4804a828       0x50 OSC/TaskISRArchive.a(SWT_CAN2_MEAS_RECU_SDC.o)
                0x4804a828                osek_task_e_SWT_CAN2_MEAS_RECU_SDC
 .text          0x4804a878       0x50 OSC/TaskISRArchive.a(SWT_CAN2_MEAS_FECU_SDC.o)
                0x4804a878                osek_task_e_SWT_CAN2_MEAS_FECU_SDC
 .text          0x4804a8c8       0x50 OSC/TaskISRArchive.a(SWT_CAN2_AP_ELLIPSE_EKF_POS.o)
                0x4804a8c8                osek_task_e_SWT_CAN2_AP_ELLIPSE_EKF_POS
 .text          0x4804a918       0x50 OSC/TaskISRArchive.a(SWT_CAN2_AP_ELLIPSE_IMU_ACCEL.o)
                0x4804a918                osek_task_e_SWT_CAN2_AP_ELLIPSE_IMU_ACCEL
 .text          0x4804a968       0x50 OSC/TaskISRArchive.a(SWT_CAN2_AP_ELLIPSE_EKF_EULER.o)
                0x4804a968                osek_task_e_SWT_CAN2_AP_ELLIPSE_EKF_EULER
 .text          0x4804a9b8       0x50 OSC/TaskISRArchive.a(SWT_CAN2_AP_ELLIPSE_EKF_VEL.o)
                0x4804a9b8                osek_task_e_SWT_CAN2_AP_ELLIPSE_EKF_VEL
 .text          0x4804aa08       0x50 OSC/TaskISRArchive.a(SWT_CAN2_NM_ELLIPSE_Status.o)
                0x4804aa08                osek_task_e_SWT_CAN2_NM_ELLIPSE_Status
 .text          0x4804aa58       0x50 OSC/TaskISRArchive.a(SWT_CAN2_AP_ELLIPSE_IMU_GYRO.o)
                0x4804aa58                osek_task_e_SWT_CAN2_AP_ELLIPSE_IMU_GYRO
 .text          0x4804aaa8       0x50 OSC/TaskISRArchive.a(SWT_CAN2_AP_ELLIPSE_SLIP_CURV.o)
                0x4804aaa8                osek_task_e_SWT_CAN2_AP_ELLIPSE_SLIP_CURV
 .text          0x4804aaf8       0x50 OSC/TaskISRArchive.a(SWT_CAN2_AP_RECU_Data.o)
                0x4804aaf8                osek_task_e_SWT_CAN2_AP_RECU_Data
 .text          0x4804ab48       0x50 OSC/TaskISRArchive.a(SWT_CAN2_NM_FECU_Keep_Alive.o)
                0x4804ab48                osek_task_e_SWT_CAN2_NM_FECU_Keep_Alive
 .text          0x4804ab98       0x50 OSC/TaskISRArchive.a(SWT_CAN2_NM_RECU_Keep_Alive.o)
                0x4804ab98                osek_task_e_SWT_CAN2_NM_RECU_Keep_Alive
 .text          0x4804abe8       0x50 OSC/TaskISRArchive.a(SWT_CAN2_AP_FECU_Data2.o)
                0x4804abe8                osek_task_e_SWT_CAN2_AP_FECU_Data2
 .text          0x4804ac38       0x50 OSC/TaskISRArchive.a(SWT_CAN2_AP_FECU_Data1.o)
                0x4804ac38                osek_task_e_SWT_CAN2_AP_FECU_Data1
 .text          0x4804ac88       0x4c OSC/TaskISRArchive.a(ISR_CAN1.o)
                0x4804ac88                osek_isr_e_ISR_CAN1
 .text          0x4804acd4       0x4c OSC/TaskISRArchive.a(ISR_CAN2.o)
                0x4804acd4                osek_isr_e_ISR_CAN2
 .text          0x4804ad20       0x40 OSC/etasActivateTaskIsr.o
                0x4804ad20                osek_isr_e_etasActivateTaskIsr
 .text          0x4804ad60       0x48 OSC/etasL1Isr.o
                0x4804ad60                osek_isr_e_etasL1Isr
 .text          0x4804ada8       0x44 OSC/etasL1Task.o
                0x4804ada8                osek_task_e_etasL1Task
 .text          0x4804adec       0x40 OSC/etasTimerIsr.o
                0x4804adec                osek_isr_e_etasTimerIsr
 .text          0x4804ae2c       0x40 OSC/etasStopOsIsr.o
                0x4804ae2c                osek_isr_e_etasStopOsIsr
 .text          0x4804ae6c      0x234 OSC/DriverThreads.o
                0x4804ae6c                etasCreateDriverThreads
 .text          0x4804b0a0        0x0 OSC/ISRFunctions.o
 .text          0x4804b0a0      0x1c4 OSC/osc_dyn.o
                0x4804b220                etasInitTasks
                0x4804b134                etasExitTasks
                0x4804b0a8                etasInactiveExitTask
                0x4804b0a4                etasStartupExitTask
                0x4804b1f8                etasStartupInitTask
                0x4804b0ac                TimersExitTask
                0x4804b0a0                etasInactiveInitTask
                0x4804b164                TimersInitTask
 .text          0x4804b264        0xc OSC/rtaInterface.o
                0x4804b264                etasGetCounterPeriodUs
                0x4804b26c                StackFaultHook
 .text          0x4804b270      0x5d0 OSC/ETCHooks.o
                0x4804b568                rtioHook_15_0
                0x4804b658                rtioHook_9_0
                0x4804b5e0                rtioHook_12_0
                0x4804b4c8                rtioHook_19_0
                0x4804b518                rtioHook_17_0
                0x4804b798                rtioHook_1_0
                0x4804b720                rtioHook_4_0
                0x4804b2c0                rtioHook_32_0
                0x4804b428                rtioHook_23_0
                0x4804b310                rtioHook_30_0
                0x4804b478                rtioHook_21_0
                0x4804b814                rtioHook_35_0
                0x4804b3b0                rtioHook_26_0
                0x4804b360                rtioHook_28_0
                0x4804b298                rtioHook_33_0
                0x4804b400                rtioHook_24_0
                0x4804b338                rtioHook_29_0
                0x4804b2e8                rtioHook_31_0
                0x4804b6a8                rtioHook_7_0
                0x4804b450                rtioHook_22_0
                0x4804b7c0                rtioHook_0_0
                0x4804b4f0                rtioHook_18_0
                0x4804b5b8                rtioHook_13_0
                0x4804b608                rtioHook_11_0
                0x4804b540                rtioHook_16_0
                0x4804b6d0                rtioHook_6_0
                0x4804b590                rtioHook_14_0
                0x4804b680                rtioHook_8_0
                0x4804b4a0                rtioHook_20_0
                0x4804b770                rtioHook_2_0
                0x4804b270                rtioHook_34_0
                0x4804b3d8                rtioHook_25_0
                0x4804b748                rtioHook_3_0
                0x4804b630                rtioHook_10_0
                0x4804b6f8                rtioHook_5_0
                0x4804b7e8                rtioHook_36_0
                0x4804b388                rtioHook_27_0
 .text          0x4804b840      0xe18 OSC/XbarHooks.o
                0x4804b840                crossbarHook_34_0
                0x4804bd90                crossbarHook_21_0
                0x4804bc00                crossbarHook_28_3
                0x4804c088                crossbarHook_2_0
                0x4804bef8                crossbarHook_12_0
                0x4804c238                crossbarHook_36_7
                0x4804c104                crossbarHook_36_14
                0x4804bbb0                crossbarHook_29_1
                0x4804bcc8                crossbarHook_26_0
                0x4804be30                crossbarHook_17_0
                0x4804bfc0                crossbarHook_7_0
                0x4804b930                crossbarHook_31_13
                0x4804c3f0                crossbarHook_35_13
                0x4804c4a0                crossbarHook_35_9
                0x4804c010                crossbarHook_5_0
                0x4804c550                crossbarHook_35_5
                0x4804c600                crossbarHook_35_1
                0x4804ba48                crossbarHook_31_6
                0x4804bae8                crossbarHook_31_2
                0x4804c36c                crossbarHook_36_0
                0x4804bd40                crossbarHook_23_0
                0x4804bea8                crossbarHook_14_0
                0x4804c2bc                crossbarHook_36_4
                0x4804c20c                crossbarHook_36_8
                0x4804bc28                crossbarHook_28_2
                0x4804c130                crossbarHook_36_13
                0x4804bd18                crossbarHook_24_0
                0x4804b958                crossbarHook_31_12
                0x4804be80                crossbarHook_15_0
                0x4804b9d0                crossbarHook_31_9
                0x4804c4cc                crossbarHook_35_8
                0x4804c3c4                crossbarHook_35_14
                0x4804c57c                crossbarHook_35_4
                0x4804c474                crossbarHook_35_10
                0x4804ba70                crossbarHook_31_5
                0x4804c62c                crossbarHook_35_0
                0x4804bd68                crossbarHook_22_0
                0x4804bed0                crossbarHook_13_0
                0x4804c340                crossbarHook_36_1
                0x4804c0b0                crossbarHook_1_0
                0x4804bb10                crossbarHook_31_1
                0x4804bca0                crossbarHook_27_0
                0x4804be08                crossbarHook_18_0
                0x4804bfe8                crossbarHook_6_0
                0x4804bcf0                crossbarHook_25_0
                0x4804be58                crossbarHook_16_0
                0x4804c290                crossbarHook_36_5
                0x4804c1e0                crossbarHook_36_9
                0x4804bc50                crossbarHook_28_1
                0x4804b8b8                crossbarHook_32_0
                0x4804bf48                crossbarHook_10_0
                0x4804c15c                crossbarHook_36_12
                0x4804bf98                crossbarHook_8_0
                0x4804bb88                crossbarHook_30_0
                0x4804b980                crossbarHook_31_11
                0x4804c4f8                crossbarHook_35_7
                0x4804c398                crossbarHook_35_15
                0x4804ba98                crossbarHook_31_4
                0x4804c448                crossbarHook_35_11
                0x4804b9f8                crossbarHook_31_8
                0x4804c5a8                crossbarHook_35_3
                0x4804c060                crossbarHook_3_0
                0x4804c314                crossbarHook_36_2
                0x4804bb38                crossbarHook_31_0
                0x4804c188                crossbarHook_36_11
                0x4804c264                crossbarHook_36_6
                0x4804b890                crossbarHook_32_1
                0x4804bc78                crossbarHook_28_0
                0x4804bde0                crossbarHook_19_0
                0x4804c0d8                crossbarHook_36_15
                0x4804b8e0                crossbarHook_31_15
                0x4804bb60                crossbarHook_30_1
                0x4804bbd8                crossbarHook_29_0
                0x4804b908                crossbarHook_31_14
                0x4804b9a8                crossbarHook_31_10
                0x4804c41c                crossbarHook_35_12
                0x4804c524                crossbarHook_35_6
                0x4804bac0                crossbarHook_31_3
                0x4804c5d4                crossbarHook_35_2
                0x4804ba20                crossbarHook_31_7
                0x4804b868                crossbarHook_33_0
                0x4804bdb8                crossbarHook_20_0
                0x4804bf20                crossbarHook_11_0
                0x4804c2e8                crossbarHook_36_3
                0x4804bf70                crossbarHook_9_0
                0x4804c1b4                crossbarHook_36_10
                0x4804c038                crossbarHook_4_0
 .text          0x4804c658        0x0 ETC/FormulaTable.o
 .text          0x4804c658        0x0 ETC/DriverTable.o
 .text          0x4804c658        0x0 ETC/MappingFunctionTable.o
 .text          0x4804c658        0x0 ETC/RtioL1RecordTable.o
 .text          0x4804c658        0x0 ETC/XCPTransportLayerFunctionsTable.o
 .text          0x4804c658        0x0 ETC/ChecksumAlgoTables.o
 .text          0x4804c658        0x0 CBC/CopyFunctionTable.o
 .text          0x4804c658        0x0 CBC/CrossbarL1RecordTable.o
 .text          0x4804c658       0x48 C:/ETAS/Compiler/INTECRIO5.0/QNXCompiler-V6.5\host\win32\x86/usr/lib/gcc/powerpc-unknown-nto-qnx6.5.0/4.4.2/spe/libgcc.a(_fixunsdfdi.o)
                0x4804c658                __fixunsdfdi
 .text          0x4804c6a0       0x40 C:/ETAS/Compiler/INTECRIO5.0/QNXCompiler-V6.5\host\win32\x86/usr/lib/gcc/powerpc-unknown-nto-qnx6.5.0/4.4.2/spe/libgcc.a(_floatundidf.o)
                0x4804c6a0                __floatundidf
 .text          0x4804c6e0       0x98 C:/ETAS/Compiler/INTECRIO5.0/QNXCompiler-V6.5\host\win32\x86/usr/lib/gcc/powerpc-unknown-nto-qnx6.5.0/4.4.2/spe/crtend.o
 .text          0x4804c778        0x0 C:/ETAS/Compiler/INTECRIO5.0/QNXCompiler-V6.5\target\qnx6/ppcbe-spe/lib/crtn.o
 .text          0x4804c778     0x23b4 C:\Program Files (x86)\ETAS\INTECRIO5.0\Target\Etarget\ES910\libes910.a(i_rtautil.o)
                0x4804caa0                etasActivateTaskViaIsr
                0x4804df9c                startTaskHookMon
                0x4804d044                ErrorHook
                0x4804c848                osTraceStopwatch
                0x4804cdbc                switchToInactiveAppMode
                0x4804c784                isAppModeSwitchPending
                0x4804dca4                etasStartIsrHookMon
                0x4804deb4                etasStartIsrHook
                0x4804c978                getModelRuntime
                0x4804cacc                restartModelProcess
                0x4804c778                GetNextAppMode
                0x4804c9f0                etasActivateTaskWithIdViaIsrHandler
                0x4804dda0                etasEndIsrHook
                0x4804c7b4                checkInterruptOccurence
                0x4804e2c8                osekThreadSuspendRtSignals
                0x4804ddd8                etasEndIsrHookMon
                0x4804cd84                getCurTaskMonitor
                0x4804cf80                GetStopwatchUncertainty
                0x4804e138                endTaskHook
                0x4804ce6c                delayInitExitTask
                0x4804c7d0                rtaInitTarget
                0x4804cfd8                OverrunHook
                0x4804ca5c                etasActivateTaskWithIdViaIsr
                0x4804e074                startTaskHook
                0x4804c8bc                etasDeInstallOsErrorHook
                0x4804e5cc                applicationModeManager
                0x4804cb8c                terminateModelProcess
                0x4804d9c4                StartupHook
                0x4804e28c                osekThreadResumeRtSignals
                0x4804cd38                lockCriticalSection
                0x4804cc50                isRtaOsekThreadContext
                0x4804c850                isInsideInitExitTask
                0x4804c87c                isInsideExitTask
                0x4804d370                ShutdownHook
                0x4804cc84                unlockCriticalSection
                0x4804c894                etasInstallOsErrorHook
                0x4804e1b0                endTaskHookMon
                0x4804c7a0                resetInterruptFlag
                0x4804c840                GetStopwatch
                0x4804c7cc                etasRTATraceInitProcess
                0x4804c834                GetDeltaT
                0x4804c8e8                SetNextAppMode
                0x4804cf34                tempMgrRegisterSigtermEvent
                0x4804c864                isInsideInitTask
                0x4804c7c0                getLastInterruptTimeTicks
 .text          0x4804eb2c     0x2058 C:\Program Files (x86)\ETAS\INTECRIO5.0\Target\Etarget\ES910\libes910.a(t_driverThreads.o)
                0x4804f918                osek_sendto
                0x4804f1b0                osek_msync
                0x4804ef10                osek_vfprintf
                0x4804ff90                osek_MsgReceive
                0x4804fcf8                osek_MsgRead
                0x4804f7a4                osek_cmsSendMessage
                0x4804ecb4                osek_malloc
                0x4804ec68                osek_free
                0x4804ebf4                osek_fsync
                0x4804f398                osek_unlink
                0x4804f050                osek_munmap
                0x4804f9f0                osek_devctl
                0x4804fbd4                osek_close
                0x4804f6b8                osek_cmsReceiveMessage
                0x4804f40c                osek_system
                0x4804fe58                osek_MsgError
                0x480501b4                osek_send
                0x4804fee0                osek_MsgReply
                0x4804efc8                osek_ftruncate
                0x4804fda8                osek_MsgWrite
                0x4804f2fc                osek_lseek
                0x48050040                osek_MsgSend
                0x4804f840                osek_recvfrom
                0x4804f24c                osek_fwrite
                0x4804ee44                osek_vslogf
                0x4804f480                osek_cmsReceiveMessageEx
                0x4804eb2c                etasSetNumberOfDriverThreads
                0x48050264                etasCreateDriverThread
                0x4804f0d8                osek_mmap
                0x4804fb38                osek_write
                0x48050104                osek_recv
                0x4804ed28                osek_etasLogCoreFeedRecordToBackends
                0x4804fa9c                osek_read
                0x4804f608                osek_cmsErrorState
                0x4804f56c                osek_cmsSendMessageEx
                0x4804fc48                osek_open
 .text          0x48050b84      0x8fc C:\Program Files (x86)\ETAS\INTECRIO5.0\Target\Etarget\ES910\libes910.a(t_idle.o)
                0x480513a8                initRtaTraceSupport
                0x48050db8                etasIdleProcess
                0x48050c44                signalStartupHookTermination
                0x48050bd0                apsGetPartitionId
                0x48050c74                apsJoinPartition
                0x48050c14                signalShutdownHookTermination
                0x48050bdc                getSysLoad
                0x48050b84                etasInstallIdleHook
                0x48050bac                etasDeInstallIdleHook
 .text          0x48051480     0x1fcc C:\Program Files (x86)\ETAS\INTECRIO5.0\Target\Etarget\ES910\libes910.a(t_l1com.o)
                0x48051480                setL1ComBufferSize
                0x480514c0                l1SetBusyState
                0x48051640                l1SignalIdleState
                0x480519e8                waitForL1Request
                0x48051fd8                createL1ModelThread
                0x48051f24                serveL1Request
                0x48051930                etasL1Process
 .text          0x4805344c      0xcc4 C:\Program Files (x86)\ETAS\INTECRIO5.0\Target\Etarget\ES910\libes910.a(t_main.o)
                0x480536a8                main
 .text          0x48054110      0x9f0 C:\Program Files (x86)\ETAS\INTECRIO5.0\Target\Etarget\ES910\libes910.a(t_mlog.o)
                0x48054134                getDriverLogging
                0x48054140                getUserSeverity
                0x48054128                getUserLogging
                0x480541cc                mlog_setSeverityFilterUser
                0x480541a0                mlog_setSeverityFilterDrv
                0x4805414c                getDriverSeverity
                0x48054888                mlog_init
                0x4805458c                mlog_updateLoggingConfiguration
                0x48054110                getUserLogChan
                0x48054678                mlog_startLogConfigThread
                0x4805411c                getDrvLogChan
                0x48054158                mlog_debugLog
 .text          0x48054b00      0xfac C:\Program Files (x86)\ETAS\INTECRIO5.0\Target\Etarget\ES910\libes910.a(t_qnxtargetutil.o)
                0x4805502c                qnxThreadJoinPartition
                0x48054d5c                qnxLockSetSockEnvironmentVariable
                0x4805547c                qnxPrintProcesses
                0x48054b10                qnxCheckBootFromFlash
                0x480553ac                qnxPrintCpuLoad
                0x48054b2c                qnxCheckHaltedModel
                0x48054b54                qnxRestoreUnlockSockEnvironmentVariable
                0x48054b00                qnxSetBootFromFlash
                0x480559c4                qnxPrintSavedErrorMessages
                0x48054b38                qnxSetStandalone
                0x48055348                qnxAdjustThreadPriority
                0x48054b1c                qnxSetHaltedModel
                0x480550ac                qnxGetSetRunInheritMask
                0x48054b48                qnxCheckStandalone
 .text          0x48055aac      0x638 C:\Program Files (x86)\ETAS\INTECRIO5.0\Target\Etarget\ES910\libes910.a(t_targetutil.o)
                0x48055afc                initL2CachePerfMeas
                0x48056024                es910GetSerialNumber
                0x48055aac                GetSystemTimeLow
                0x48055fcc                es910GetPcbRevision
                0x48056000                es910PiggyGetSerialNumber
                0x48055c58                getL2CachePerf
                0x48055d60                es910PrintFwVersions
                0x48055c04                getL2CachePerfRaw
                0x48055abc                GetSystemTime
                0x480560b0                es910MapCCSRMemoryRange
                0x48055ab4                GetSystemTimeHigh
                0x48055f98                es910PiggyGetPcbRevision
                0x48056048                waitMicroseconds
 .text          0x480560e4      0x2f4 C:\Program Files (x86)\ETAS\INTECRIO5.0\Target\Etarget\ES910\libes910.a(t_watchdog.o)
                0x480560f4                wdDisableAutoService
                0x480561bc                etasServiceWatchdog
                0x4805614c                wdService
                0x48056234                wdSetEventPeriod
                0x480560e4                wdEnableAutoService
                0x48056104                wdSetApplicationName
                0x4805618c                triggerWD
                0x48056110                wdDisconnect
 .text          0x480563d8      0x848 C:\Program Files (x86)\ETAS\INTECRIO5.0\Target\Etarget\ES910\libes910.a(p_chario.o)
                0x4805698c                IOWrite
                0x480563d8                IOIsLogOn
                0x480563e4                IOLogOff
                0x48056440                IOLogOn
                0x4805670c                IOPrintf
 .text          0x48056c20      0x31c C:\Program Files (x86)\ETAS\INTECRIO5.0\Target\Etarget\ES910\libes910.a(t_hwTimeSync.o)
                0x48056c20                es9xxTimeSyncGetTimerValue
                0x48056d14                es9xxTimeSyncGetTimerStatus
                0x48056e68                es9xxTimeSyncInit
                0x48056ca4                getLocalSystemTime
 .text          0x48056f3c      0x224 C:\Program Files (x86)\ETAS\INTECRIO5.0\Target\Etarget\ES910\libes910.a(t_led.o)
                0x48056f3c                userLed2Off
                0x48056fd4                userLed2Toggle
                0x480570e0                ledsOff
                0x480570a8                userLed1Toggle
                0x4805705c                userLed1On
                0x4805700c                userLed1Off
                0x48056f88                userLed2On
 .text          0x48057160     0x2178 C:\Program Files (x86)\ETAS\INTECRIO5.0\Target\Etarget\ES910\libtarget.a(a_dacqui.o)
                0x480587b4                asdSimPreCall
                0x48059268                asdSimPostCall
                0x48058838                getDacqTimeFor
                0x48059160                storeMeasureDataForGroup
                0x480589b0                applicationStartUserMode
                0x48058988                resetLogSimulationTime
                0x48057418                etasAscetLoggingBufferFillLevel
                0x480588fc                getLogSimulationTime
                0x4805744c                etasAscetLoggingOverflowCounter
                0x48057490                asdDisableUserDefinedTime
                0x48058924                getSimulationTime
                0x480573b4                setSimulationTime
                0x48057480                asdEnableUserDefinedTime
                0x480584f0                checkForBufferOverflow
                0x48058950                resetDacqTimeFor
                0x48057388                setLogSimulationTime
                0x48057380                setDacqTimeFor
                0x48057160                applicationStopUserMode
                0x48058a90                timeMeasurementStop
                0x480573e4                etasAscetLoggingBufferSize
                0x48058b38                logDataForChannel
                0x48058f84                storeLogDataForGroup
                0x48058ae4                timeMeasurementStart
                0x48058a30                timeInSeconds
 .text          0x480592d8       0xd8 C:\Program Files (x86)\ETAS\INTECRIO5.0\Target\Etarget\ES910\libtarget.a(a_l1pro.o)
                0x480592d8                forwardToProcess
                0x48059334                startUpSimulation
 .text          0x480593b0     0x4c88 C:\Program Files (x86)\ETAS\INTECRIO5.0\Target\Etarget\ES910\libtarget.a(a_primit.o)
                0x4805dafc                v3_initInstance_uint16
                0x4805b254                Vec_uint32_getAtProtected
                0x4805c778                v3_initInstance_Mat_real64
                0x4805be20                v3_initInstance_Mat_bool
                0x4805d778                initInstance_GroupCharTable2
                0x4805d3b4                initInstance_Vec_real32
                0x4805a9e4                Mat_sint16_setAtProtected
                0x4805a85c                Mat_uint16_setAtProtected
                0x4805c524                v3_initInstance_Mat_sint8
                0x4805c64c                v3_initInstance_Mat_real32
                0x4805c1a4                v3_initInstance_Mat_uint16
                0x4805b0c8                Vec_qreal64_getAtProtected
                0x4805dfc8                delete_Mat
                0x48059c38                addVector
                0x4805ca5c                v3_initInstance_Vec_bool
                0x4805c2ac                initInstance_Mat_uint16
                0x4805d754                initInstance_uint32
                0x4805dc00                initInstance_sint16
                0x4805ba80                qreal64_set
                0x4805ddbc                initInstance_real32
                0x4805d154                initInstance_Vec_uint8
                0x4805df08                delete_CharTable2
                0x4805b5e0                Vec_uint8_getAtProtected
                0x4805db6c                initInstance_uint16
                0x4805943c                removeMatrix
                0x4805b564                Vec_uint8_setAtProtected
                0x4805c078                v3_initInstance_Mat_sint32
                0x4805cb68                initInstance_Vec_bool
                0x4805a2c4                Mat_real64_getAtProtected
                0x4805a1d4                Mat_real64_setAtProtected
                0x4805bf28                initInstance_Mat_bool
                0x4805cdc8                initInstance_Vec_sint32
                0x4805dc24                v3_initInstance_uint8
                0x4805b974                Vec_qreal64_setAtProtected
                0x48059b04                addMatrix
                0x4805bc5c                v3_initInstance_Mat_qreal64
                0x4805adb4                Mat_sint8_getAtProtected
                0x4805d900                initInstance_GroupCharTable1
                0x4805aab0                Mat_sint16_getAtProtected
                0x4805cb8c                v3_initInstance_Vec_uint32
                0x4805b6bc                Vec_sint8_getAtProtected
                0x4805a7a0                Mat_sint32_getAtProtected
                0x4805b720                qreal64_adjust
                0x4805e000                delete_Vec
                0x4805cf1c                v3_initInstance_Vec_sint16
                0x4805d028                initInstance_Vec_sint16
                0x4805afa8                Vec_real64_setAtProtected
                0x4805b39c                Vec_uint16_setAtProtected
                0x4805b0f0                Vec_real32_setAtProtected
                0x4805c500                initInstance_Mat_uint8
                0x4805a618                Mat_uint32_getAtProtected
                0x480593bc                getBasicType
                0x4805d2a4                v3_initInstance_Vec_real32
                0x4805b844                Mat_qreal64_setAtProtected
                0x4805af44                Vec_bool_getAtProtected
                0x4805de58                initInstance_real64
                0x4805ca24                initInstance_Vec_qreal64
                0x4805df48                delete_GroupCharTable1
                0x4805da68                v3_initInstance_sint32
                0x4805c754                initInstance_Mat_real32
                0x4805b640                Vec_sint8_setAtProtected
                0x4805a490                Mat_real32_getAtProtected
                0x4805aec4                Vec_bool_setAtProtected
                0x4805952c                removeVector
                0x4805a118                Mat_bool_getAtProtected
                0x4805df88                delete_CharTable1
                0x4805dad8                initInstance_sint32
                0x4805bf4c                v3_initInstance_Mat_uint32
                0x4805dd28                initInstance_sint8
                0x4805d83c                initInstance_CharTable2
                0x4805d618                initInstance_qreal64
                0x4805a54c                Mat_uint32_setAtProtected
                0x4805a928                Mat_uint16_getAtProtected
                0x4805c880                initInstance_Mat_real64
                0x4805dde0                v3_initInstance_real64
                0x4805d6e4                v3_initInstance_uint32
                0x480593c8                getPrimitiveType
                0x48059fb4                Mat_setCurSizeYProtected
                0x4805d178                v3_initInstance_Vec_sint8
                0x4805dc94                initInstance_uint8
                0x4805cdec                v3_initInstance_Vec_uint16
                0x480593b0                getTypeSize
                0x4805c180                initInstance_Mat_sint32
                0x4805dd4c                v3_initInstance_real32
                0x4805dec8                delete_GroupCharTable2
                0x4805a04c                Mat_bool_setAtProtected
                0x4805c054                initInstance_Mat_uint32
                0x4805d6c0                initInstance_bool
                0x4805b1d4                Vec_uint32_setAtProtected
                0x4805c8a4                v3_initInstance_Vec_qreal64
                0x4805bde0                initInstance_Mat_qreal64
                0x4805a39c                Mat_qreal64_getAtProtected
                0x4805d04c                v3_initInstance_Vec_uint8
                0x4805b338                Vec_sint32_getAtProtected
                0x4805c3d8                initInstance_Mat_sint16
                0x4805b41c                Vec_uint16_getAtProtected
                0x4805ae70                Vec_setCurSizeProtected
                0x4805dcb8                v3_initInstance_sint8
                0x4805b048                Vec_real64_getAtProtected
                0x4805ab6c                Mat_uint8_setAtProtected
                0x4805cc98                initInstance_Vec_uint32
                0x4805c2d0                v3_initInstance_Mat_sint16
                0x4805b2b8                Vec_sint32_setAtProtected
                0x4805de7c                initInstance_reference
                0x4805b500                Vec_sint16_getAtProtected
                0x4805acec                Mat_sint8_setAtProtected
                0x4805a000                Mat_setCurSizeXProtected
                0x4805d650                v3_initInstance_bool
                0x4805d9b4                initInstance_CharTable1
                0x4805d508                v3_initInstance_qreal64
                0x4805bbc8                initInstance_quantInfo
                0x4805a3c4                Mat_real32_setAtProtected
                0x4805c628                initInstance_Mat_sint8
                0x4805ccbc                v3_initInstance_Vec_sint32
                0x4805b170                Vec_real32_getAtProtected
                0x4805a6d4                Mat_sint32_setAtProtected
                0x4805d280                initInstance_Vec_sint8
                0x4805b480                Vec_sint16_setAtProtected
                0x4805ac34                Mat_uint8_getAtProtected
                0x4805db90                v3_initInstance_sint16
                0x4805c3fc                v3_initInstance_Mat_uint8
                0x4805cef8                initInstance_Vec_uint16
                0x4805d4e4                initInstance_Vec_real64
                0x4805d3d8                v3_initInstance_Vec_real64
 .text          0x4805e038       0x20 C:\Program Files (x86)\ETAS\INTECRIO5.0\Target\Etarget\ES910\libtarget.a(a_sysver.o)
                0x4805e04c                getBuildRevision
                0x4805e038                getSystemLibVersion
                0x4805e044                getSystemLibCid
 .text          0x4805e058     0x305c C:\Program Files (x86)\ETAS\INTECRIO5.0\Target\Etarget\ES910\libtarget.a(a_targma.o)
                0x4805ef58                perfMeasStop
                0x4805f928                asdMalloc
                0x4805fd1c                addToActiveSimObjList
                0x4805e1d8                getTargetL1BufferSizeCode
                0x4805feac                asdWriteUserError
                0x4805e170                setTargetL1BufferSize
                0x480607e4                perfMeasDisplay
                0x4805e13c                getSimObjPtr
                0x4805f228                asdFree
                0x4805fe80                asdClearUserError
                0x4805e230                resetPerfMeasObj
                0x4805f6fc                asdMallocNoInit
                0x4806069c                asdWriteUserDebug
                0x4805e088                searchInActiveList
                0x4805f8d4                asdCalloc
                0x4805e1cc                getTargetL1BufferSize
                0x4805e0e4                removeFromActiveSimObjList
                0x4805f000                perfMeasStart
                0x4805e064                instanceTreeMallocOn
                0x4805f854                createPerfMeasObj
                0x48060a2c                etasInitModelProcess
                0x4805e9fc                getObjectsRecursive
                0x4805f06c                availableMemory
                0x4805e074                instanceTreeMallocOff
                0x4805f120                asdFreeAll
                0x4805fbbc                updateCTBlocks
                0x4805f584                asdRealloc
                0x4805f544                deletePerfMeasObj
                0x4805e058                getInstanceTreeMemoryConsumption
 .text          0x480610b4     0x14ac C:\Program Files (x86)\ETAS\INTECRIO5.0\Target\Etarget\ES910\libtarget.a(i_cpyfnc.o)
                0x480613e4                copyPlainFromFloat
                0x48061f10                copyScalSatTypeSatFromFloat
                0x48062548                copyInt
                0x48062554                copyDouble
                0x4806253c                copyShort
                0x48061a78                copyScalFromValidFloat
                0x48061cbc                copyScalSatFromFloat
                0x48061604                copySatFromFloat
                0x480610b4                copyPlainToFloat
                0x48061304                copyScalSatToFloat
                0x4806124c                copyScalToFloat
                0x48062530                copyByte
                0x480622d4                copyBoolSatFromFloat
                0x48061180                copySatToFloat
                0x48061848                copyScalFromFloat
 .text          0x48062560     0x530c C:\Program Files (x86)\ETAS\INTECRIO5.0\Target\Etarget\ES910\libtarget.a(i_mapfnc.o)
                0x480628f8                var2BufByteOffsetReal64
                0x48064bd0                var2BufBypassSint8
                0x48063934                var2Buf64BitIntelSint32
                0x48062ae4                var2BufByteOffsetBool
                0x480659b4                var2BufIndirectMotorolaReal32
                0x480628b4                buf2VarSimpleUint8
                0x48062b78                buf2VarByteOffsetSint32
                0x48065d28                buf2VarIndirectMotorolaSint32
                0x48067050                var2BufIndirectIntelSint16
                0x48067818                bufGenFrameInit
                0x48065854                buf2VarGenFrameIntelSint32
                0x4806756c                buf2VarBypassIntelUint16
                0x48063038                var2Buf64BitMotorolaUint16
                0x48063818                var2Buf64BitIntelUint32
                0x4806401c                buf2Var64BitMotorolaReal32
                0x480649cc                var2BufBypassMotorolaReal64
                0x480630e4                var2Buf64BitMotorolaSint16
                0x48062a00                var2BufByteOffsetSint16
                0x4806286c                buf2VarSimpleSint32
                0x48064d10                buf2VarBypassMotorolaSint32
                0x48062bc8                buf2VarByteOffsetSint8
                0x48065a78                var2BufIndirectMotorolaUint16
                0x48064ce0                buf2VarBypassMotorolaUint32
                0x480642ec                buf2Var64BitMotorolaUint8
                0x480673a8                var2BufBypassMaskedIntelBoolUint32
                0x48065c88                buf2VarIndirectMotorolaReal64
                0x48062764                var2BufSimpleBool
                0x48065694                buf2VarGenFrameMotorolaSint32
                0x48064208                buf2Var64BitMotorolaSint32
                0x480632e0                var2Buf64BitMotorolaBool
                0x48065814                buf2VarGenFrameIntelUint32
                0x480655d4                var2BufGenFrameIntelBool
                0x48065594                var2BufGenFrameIntelSint8
                0x48065314                var2BufGenFrameMotorolaSint16
                0x48065994                var2BufIndirectMotorolaReal64
                0x48062a4c                var2BufByteOffsetUint8
                0x48062c78                var2Buf64BitMotorolaUint64
                0x480652d4                var2BufGenFrameMotorolaUint16
                0x480675fc                buf2VarBypassIntelUint32
                0x48067730                var2BufBypassIntelSint32
                0x48062828                buf2VarSimpleReal64
                0x48064dc0                buf2VarBypassIntelReal64
                0x48062b8c                buf2VarByteOffsetUint16
                0x480625dc                var2BufSimpleSint32
                0x480650e8                var2BufBypassMaskedUint8
                0x48064e98                var2BufBypassMaskedMotorolaUint32
                0x48062a98                var2BufByteOffsetSint8
                0x480634a8                var2Buf64BitIntelUint64
                0x48065cbc                buf2VarIndirectMotorolaReal32
                0x48064c90                buf2VarBypassMotorolaReal64
                0x480653d4                var2BufGenFrameMotorolaBool
                0x48063a50                var2Buf64BitIntelUint16
                0x4806291c                var2BufByteOffsetUint32
                0x48066f1c                buf2VarIndirectIntelUint16
                0x48062be0                buf2VarByteOffsetBool
                0x48067298                var2BufBypassMaskedIntelSint16
                0x480627cc                var2BufSimpleUint8Bool
                0x48064a94                var2BufBypassMotorolaUint16
                0x48067320                var2BufBypassMaskedIntelUint16
                0x48062854                buf2VarSimpleUint32
                0x48065394                var2BufGenFrameMotorolaSint8
                0x480633d8                var2Buf64BitIntelReal32
                0x48065eb4                buf2VarIndirectSint8
                0x48064064                buf2Var64BitMotorolaUint64
                0x48065254                var2BufGenFrameMotorolaUint32
                0x48066334                var2BufGenFrameMotorolaReal64
                0x48067790                var2BufBypassIntelUint32
                0x48065754                buf2VarGenFrameMotorolaUint8
                0x48064250                buf2Var64BitMotorolaUint16
                0x48064938                buf2Var64BitIntelSint8
                0x48065414                var2BufGenFrameIntelReal32
                0x480643ec                buf2Var64BitIntelReal32
                0x48063384                var2Buf64BitIntelReal64
                0x48064fbc                var2BufBypassMaskedMotorolaUint16
                0x48063660                var2Buf64BitIntelSint64
                0x480654d4                var2BufGenFrameIntelUint16
                0x48066e1c                buf2VarGenFrameIntelReal64
                0x48064ae0                var2BufBypassMotorolaSint16
                0x48067640                buf2VarBypassIntelReal32
                0x480675b8                buf2VarBypassIntelSint32
                0x48062968                var2BufByteOffsetSint32
                0x4806455c                buf2Var64BitIntelSint64
                0x48065614                buf2VarGenFrameMotorolaReal32
                0x48067844                bufBypassInit
                0x48064774                buf2Var64BitIntelUint16
                0x48064f60                var2BufBypassMaskedMotorolaBoolUint32
                0x48067188                var2BufIndirectIntelUint32
                0x48065714                buf2VarGenFrameMotorolaSint16
                0x48063190                var2Buf64BitMotorolaUint8
                0x48064468                buf2Var64BitIntelUint64
                0x480658d4                buf2VarGenFrameIntelSint16
                0x48065494                var2BufGenFrameIntelSint32
                0x48066b0c                buf2VarGenFrameMotorolaReal64
                0x480648a0                buf2Var64BitIntelUint8
                0x480651b8                var2BufBypassMaskedBoolUint8
                0x480669ec                buf2VarGenFrameMotorolaUint64
                0x48065db0                buf2VarIndirectMotorolaSint16
                0x480657d4                buf2VarGenFrameIntelReal32
                0x48062ef0                var2Buf64BitMotorolaUint32
                0x480671f0                var2BufIndirectIntelReal32
                0x48062908                var2BufByteOffsetReal32
                0x48067220                var2BufBypassMaskedIntelBoolUint16
                0x48064e60                buf2VarBypassSint8
                0x48063db8                var2Buf64BitIntelSint8
                0x48062f94                var2Buf64BitMotorolaSint32
                0x4806480c                buf2Var64BitIntelSint16
                0x48063c98                var2Buf64BitIntelUint8
                0x480661bc                var2BufGenFrameMotorolaUint64
                0x480656d4                buf2VarGenFrameMotorolaUint16
                0x48064e28                buf2VarBypassUint8
                0x48062c1c                var2Buf64BitMotorolaReal32
                0x48065894                buf2VarGenFrameIntelUint16
                0x480628c8                buf2VarSimpleSint8
                0x480659d0                var2BufIndirectMotorolaUint32
                0x48066c98                buf2VarGenFrameIntelSint64
                0x48064d80                buf2VarBypassMotorolaSint16
                0x4806258c                var2BufSimpleUint32
                0x480668c8                buf2VarGenFrameMotorolaSint64
                0x48062bf4                buf64BitInit
                0x48065dfc                buf2VarIndirectIntelReal64
                0x48067014                buf2VarIndirectIntelReal32
                0x48064a48                var2BufBypassMotorolaSint32
                0x480676d0                var2BufBypassIntelUint16
                0x48065794                buf2VarGenFrameMotorolaSint8
                0x48066044                var2BufGenFrameMotorolaSint64
                0x48065024                var2BufBypassMaskedMotorolaSint16
                0x4806508c                var2BufBypassMaskedMotorolaBoolUint16
                0x48066670                var2BufGenFrameIntelUint64
                0x48065354                var2BufGenFrameMotorolaUint8
                0x480626cc                var2BufSimpleUint8
                0x48062b50                buf2VarByteOffsetReal32
                0x48065bd4                var2BufIndirectSint8
                0x4806283c                buf2VarSimpleReal32
                0x48066f74                buf2VarIndirectIntelSint32
                0x48067670                var2BufBypassIntelSint16
                0x480641c0                buf2Var64BitMotorolaUint32
                0x480649fc                var2BufBypassMotorolaUint32
                0x480674a0                var2BufBypassMaskedIntelUint32
                0x48065b20                var2BufIndirectIntelReal64
                0x48065150                var2BufBypassMaskedSint8
                0x48062b64                buf2VarByteOffsetUint32
                0x48065514                var2BufGenFrameIntelSint16
                0x480628e0                buf2VarSimpleBool
                0x48062884                buf2VarSimpleUint16
                0x4806433c                buf2Var64BitMotorolaSint8
                0x48064d48                buf2VarBypassMotorolaUint16
                0x48062b40                buf2VarByteOffsetReal64
                0x48067120                var2BufIndirectIntelSint32
                0x48065d6c                buf2VarIndirectMotorolaUint16
                0x48066d5c                buf2VarGenFrameIntelUint64
                0x48064b2c                var2BufBypassIntelReal64
                0x48064654                buf2Var64BitIntelUint32
                0x480642a0                buf2Var64BitMotorolaSint16
                0x48065294                var2BufGenFrameMotorolaSint32
                0x48063ff8                buf2Var64BitMotorolaReal64
                0x48064110                buf2Var64BitMotorolaSint64
                0x48062ba0                buf2VarByteOffsetSint16
                0x48065b80                var2BufIndirectUint8
                0x48065914                buf2VarGenFrameIntelUint8
                0x480670b8                var2BufIndirectIntelUint16
                0x48065e70                buf2VarIndirectUint8
                0x48065c28                var2BufIndirectBool
                0x480677f0                var2BufBypassIntelReal32
                0x48065454                var2BufGenFrameIntelUint32
                0x4806262c                var2BufSimpleUint16
                0x48065a24                var2BufIndirectMotorolaSint32
                0x48065654                buf2VarGenFrameMotorolaUint32
                0x480629b4                var2BufByteOffsetUint16
                0x48064388                buf2Var64BitIntelReal64
                0x480646e4                buf2Var64BitIntelSint32
                0x48065214                var2BufGenFrameMotorolaReal32
                0x48063238                var2Buf64BitMotorolaSint8
                0x48065ef8                formulaOutReal64
                0x48062718                var2BufSimpleSint8
                0x48065954                buf2VarGenFrameIntelSint8
                0x48065f14                formulaInReal64
                0x48062c08                var2Buf64BitMotorolaReal64
                0x4806267c                var2BufSimpleSint16
                0x48065554                var2BufGenFrameIntelUint8
                0x48064cbc                buf2VarBypassMotorolaReal32
                0x48065cec                buf2VarIndirectMotorolaUint32
                0x4806676c                var2BufGenFrameIntelReal64
                0x48065acc                var2BufIndirectMotorolaSint16
                0x48063b74                var2Buf64BitIntelSint16
                0x48064b84                var2BufBypassUint8
                0x4806289c                buf2VarSimpleSint16
                0x48066fc4                buf2VarIndirectIntelUint32
                0x48064efc                var2BufBypassMaskedMotorolaSint32
                0x48066ec4                buf2VarIndirectIntelSint16
                0x48062560                var2BufSimpleReal64
                0x480649e8                var2BufBypassMotorolaReal32
                0x48062bb4                buf2VarByteOffsetUint8
                0x48066574                var2BufGenFrameIntelSint64
                0x48067420                var2BufBypassMaskedIntelSint32
                0x48062db4                var2Buf64BitMotorolaSint64
                0x48067520                buf2VarBypassIntelSint16
                0x48062574                var2BufSimpleReal32
                0x48064c1c                var2BufBypassBool
                0x48063ed8                var2Buf64BitIntelBool
 .text          0x4806786c      0xee4 C:\Program Files (x86)\ETAS\INTECRIO5.0\Target\Etarget\ES910\libtarget.a(i_osman.o)
                0x48068554                etasRemoveStopUserModeCallback
                0x48067dc0                activateTaskWithId
                0x48067928                findCurAppModeName
                0x48067a94                getTaskIdForTask
                0x48067b98                clearMeasureGroupForTask
                0x48067c30                clearLogGroupForTask
                0x48068430                etasInitTaskTerminationHook
                0x48067c74                isModelStarted
                0x48067890                getEEId
                0x480679c4                getTaskPtrForId
                0x48068718                etasAddInitTaskTerminationCallback
                0x48067c9c                updateUserModeState
                0x480686e0                etasAddStopUserModeCallback
                0x4806832c                etasStopUserModeHook
                0x4806786c                etasInitOsProcess
                0x48067ad4                findCurTaskName
                0x48067bbc                setMeasureGroupForTask
                0x48067c54                setLogGroupForTask
                0x4806858c                etasRemoveInitTaskTerminationCallback
 .text          0x48068750     0x73e0 C:\Program Files (x86)\ETAS\INTECRIO5.0\Target\Etarget\ES910\libtarget.a(i_rtioma.o)
                0x4806878c                rtioCheckStartup
                0x480687e8                registerRtioDriverLockedCallback
                0x480687dc                etasRtioInitProcess
                0x4806f4d8                rtioHook
                0x4806ed20                rtioSignalDriverLock
                0x480687e4                etasRtioExitProcess
                0x4806ebec                etasRtioIntDisableProcess
                0x48068780                rtioSetConfigState
                0x48068868                deRegisterRtioDriverLockedCallback
                0x4806ec40                rtioSignalDriverUnlock
                0x4806ec0c                etasRtioStartupProcess
                0x48068774                rtioGetConfigState
                0x480688ec                rtioGetDriverLockedState
                0x480687d0                rtioIsOsExpertModeActive
                0x480687c4                rtioGetHwAbsenceBehavior
                0x48068750                rtioSetLogPort
                0x480687e0                etasRtioIntEnableProcess
                0x4806875c                rtioSetConfigId
 .text          0x4806fb30      0x550 C:\Program Files (x86)\ETAS\INTECRIO5.0\Target\Etarget\ES910\libtarget.a(i_salone.o)
                0x4807002c                crossbarPrepareReconnection
                0x4806fe3c                crossbarGetNextConfigResponse
                0x4806fc98                playbackConfigL1Records
                0x4806ffd8                rtioPrepareReconnection
                0x4806ff40                crossbarFinishReconnection
                0x4806fdd0                rtioGetNextConfigResponse
                0x4806fea8                rtioFinishReconnection
 .text          0x48070080     0x1830 C:\Program Files (x86)\ETAS\INTECRIO5.0\Target\Etarget\ES910\libtarget.a(t_croman.o)
                0x4807008c                crossbarSetConfigId
                0x480700a4                crossbarGetConfigState
                0x48070080                crossbarSetLogPort
                0x480700b0                crossbarSetConfigState
                0x4807180c                crossbarHook
 .text          0x480718b0      0xcb0 C:\Program Files (x86)\ETAS\INTECRIO5.0\Target\Etarget\ES910\libtarget.a(t_crosll.o)
                0x48071b84                createCopyObjectContainer
                0x48071c00                insertObjectIntoCopyLists
                0x48071e84                commonCreateCopyAction
                0x48072404                cromanExecuteObj
                0x480718b0                internalDeleteCopyAction
                0x48071d54                createInsertVector
 .text          0x48072560     0x1cf0 C:\Program Files (x86)\ETAS\INTECRIO5.0\Target\Etarget\ES910\libtarget.a(t_nvram.o)
                0x48072694                nvramClear
                0x48072644                nvramEnableAutoUpdate
                0x480726cc                nvramResetStatistics
                0x48072560                nvramSetUpdateInterval
                0x48072638                nvramGetConsistencyLevel
                0x480737f4                nvramUpdateMemoryBackground
                0x48073c54                nvramInit
                0x48072688                nvramCheckRunningUpdate
                0x48073758                nvramManualUpdateExit
                0x48073620                nvramManualUpdateBackground
                0x48072678                nvramCheckForAutoUpdate
                0x480739e4                nvramInitModelVars
                0x480726c0                nvramCheckForInitializedVars
                0x48072bf0                nvramGetUpdateAgeMs
                0x480734ec                nvramManualUpdateBlocked
                0x48072618                nvramSetConsistencyLevel
                0x48072660                nvramDisableAutoUpdate
                0x48072730                nvramGetStatistics
                0x480725b4                nvramGetUpdateInterval
 .text          0x48074250      0x6ec C:\Program Files (x86)\ETAS\INTECRIO5.0\Target\Etarget\ES910\libtarget.a(t_objlis.o)
                0x48074844                createObjList
                0x48074250                dumpObjList
 .text          0x4807493c      0xcd8 C:\Program Files (x86)\ETAS\INTECRIO5.0\Target\Etarget\ES910\libtarget.a(t_rtcros.o)
                0x48074b54                getObjectFromDynamicInstanceTree
                0x48074948                deleteInstance_container
                0x48074ff8                removeObjectFromDynamicInstanceTree
                0x480749e4                initInstance_container
                0x480751c8                getValuePtr
                0x480750e0                addObjectToDynamicInstanceTree
                0x48074f74                getNextFreeRefIdOfDynamicInstanceTree
                0x4807493c                rtcrosSetLogPort
                0x48074b24                createDynamicInstanceTree
                0x48075240                processBlockCommands
 .text          0x48075614     0x1b38 C:\Program Files (x86)\ETAS\INTECRIO5.0\Target\Etarget\ES910\libtarget.a(t_sgman.o)
                0x48077010                sgHook
                0x48075774                sgGetComVarPtr
                0x48076fd4                deleteComVarCallback
                0x48075614                sgGetCurTime
                0x48076f78                sgGetObjPtr
 .text          0x4807714c     0x14d0 C:\Program Files (x86)\ETAS\INTECRIO5.0\Target\Etarget\ES910\libtarget.a(y_primit.o)
                0x48077a50                initInstance_columnDirMatrixWrapper
                0x4807850c                initInstance_charTable1Wrapper
                0x48077fa8                initInstance_columnDirGroupCharTable2Wrapper
                0x48077bb4                initInstance_matrixWrapper
                0x480781a8                initInstance_groupCharTable1Wrapper
                0x48077e68                initInstance_scalarWrapper
                0x480780a8                initInstance_groupCharTable2Wrapper
                0x48077d18                initInstance_vectorWrapper
                0x480783d0                initInstance_charTable2Wrapper
                0x48078294                initInstance_columnDirCharTable2Wrapper
 .text          0x4807861c     0x19c0 C:\Program Files (x86)\ETAS\INTECRIO5.0\Target\Etarget\ES910\libtarget.a(a1b_dacq.o)
                0x4807870c                getA1bGroup
                0x48079994                instanciateA1bChannel
                0x48078ea4                getA1bChannelGroupUpdateOffline
                0x48079dbc                storeA1bDataForGroup
                0x48079458                destructA1bChannelGroup
                0x48079790                instanciateA1bGroup
                0x48079530                freeA1bMeasureBuffers
                0x48079d9c                allocateA1bMeasureBuffers
                0x480786c8                addA1bChannelToA1bGroup
                0x48079240                destructA1bChannel
                0x480787a8                removeA1bChannelFromA1bGroup
 .text          0x48079fdc     0x1060 C:\Program Files (x86)\ETAS\INTECRIO5.0\Target\Etarget\ES910\libtarget.a(a_contai.o)
                0x4807a6ec                dVectorRewindHeadReentrant
                0x4807a630                dVectorRemoveObject
                0x4807a7bc                dVectorCreate
                0x4807a034                dListGetObjectForward
                0x4807a330                dTableRemoveLastObject
                0x4807ad68                dTableDelete
                0x4807a484                dVectorGetObject
                0x4807a01c                dListRewindTailReentrant
                0x4807a814                dTableCreate
                0x4807a1ec                dTableGetObject
                0x4807a288                dTableIsEmpty
                0x4807a46c                dTableNofObjects
                0x4807a08c                dListGetObjectBackward
                0x4807ab90                dTableAddObject
                0x4807ad34                dTableDeleteStatic
                0x4807a598                dVectorRemoveLastObject
                0x4807a510                dVectorRemoveFirstObject
                0x4807a2a8                dTableRemoveFirstObject
                0x4807a008                dListRewindTail
                0x4807a910                dListAddObjectHead
                0x4807afdc                dListDelete
                0x4807adac                dListRemoveObject
                0x4807a0e4                dListGetObjectAtIndex
                0x4807a9f4                dVectorAddObject
                0x4807a0b8                dListGetObjectBackwardReentrant
                0x4807a1b8                dTableCreateStatic
                0x4807a060                dListGetObjectForwardReentrant
                0x4807a4b0                dVectorRemoveObjectAtIndex
                0x4807a6f4                dVectorGetObjectForwardReentrant
                0x4807a748                dVectorGetIndexOfLastEntry
                0x4807aeac                dListRemoveObjectTail
                0x4807a86c                dListAddObjectTail
                0x4807a224                dTableRemoveObject
                0x4807ab4c                dVectorDelete
                0x4807af44                dListRemoveObjectHead
                0x4807a6cc                dVectorIsEmpty
                0x4807a174                dListIsEmpty
                0x4807a9b8                dListCreate
                0x4807a3c8                dTableTestFunc
                0x4807a730                dVectorNofObjects
                0x48079fdc                dListRewindHead
                0x4807a1a0                dListNofObjects
                0x48079ff0                dListRewindHeadReentrant
 .text          0x4807b03c      0x498 C:\Program Files (x86)\ETAS\INTECRIO5.0\Target\Etarget\ES910\libtarget.a(i_transf.o)
                0x4807b2d8                transferToMatrix
                0x4807b0d8                transferToVector
                0x4807b03c                transferFromVector
                0x4807b174                transferFromMatrix
                0x4807b43c                transferDirect
 .text          0x4807b4d4     0x2378 C:\Program Files (x86)\ETAS\INTECRIO5.0\Target\Etarget\ES910\libtarget.a(t_sglow.o)
                0x4807c430                freeDataSignal
                0x4807c860                makeDataSignal
                0x4807c044                computeTimeSliceTimes
                0x4807bd0c                setSinewaveSignal
                0x4807b700                getIntervalNr
                0x4807c344                deleteTimeSlice
                0x4807d5b0                freeChannel
                0x4807c898                makeLinearSignal
                0x4807d6a4                freeStimuliSet
                0x4807be64                setIntervalPulseSignal
                0x4807c494                freeInterval
                0x4807be18                setPulseSignal
                0x4807bff0                setTimeSlice
                0x4807b638                insertTimeSlice
                0x4807c6f4                makeSinewaveSignal
                0x4807cc30                makeIntervalDataSignal
                0x4807babc                binsearch
                0x4807c3d0                freeRandomSignal
                0x4807b9f8                getLinearSignalY
                0x4807b5ec                getTimeSliceNr
                0x4807c128                getTimeSliceT
                0x4807ce04                getRandomSignalY
                0x4807c3f0                freePulseSignal
                0x4807bf24                setRandomSignal
                0x4807d300                getChannelY
                0x4807c810                setIntervalDataSignal
                0x4807d024                getSinewaveSignalY
                0x4807d7b8                makeStimuliSet
                0x4807b820                computeIntervalTimes
                0x4807b960                setIntervalLinearSignal
                0x4807c5a8                makeTimeSlice
                0x4807c8bc                makeIntervalRandomSignal
                0x4807b520                insertChannel
                0x4807b74c                insertInterval
                0x4807bf58                setIntervalRandomSignal
                0x4807b874                computeChannelTimes
                0x4807c9d8                makeIntervalPulseSignal
                0x4807b92c                setLinearSignal
                0x4807c0ac                computeStimuliSetTimes
                0x4807c674                makeFunctionSignal
                0x4807b4d4                getChannelNr
                0x4807d53c                resetStimuliSet
                0x4807c524                deleteInterval
                0x4807c1dc                getT
                0x4807d730                makeChannel
                0x4807c6ac                makeRandomSignal
                0x4807b814                resetInterval
                0x4807d150                getIntervalY
                0x4807cecc                getPulseSignalY
                0x4807bd58                setIntervalSinewaveSignal
                0x4807c6d0                makePulseSignal
                0x4807c324                freeTimeSlice
                0x4807c030                resetTimeSlice
                0x4807bb60                getDataSignalY
                0x4807c410                freeSinewaveSignal
                0x4807c474                freeLinearSignal
                0x4807d620                deleteChannel
                0x4807ccec                makeIntervalLinearSignal
                0x4807c718                setDataSignal
                0x4807d46c                resetChannel0
                0x4807cb04                makeIntervalSinewaveSignal
 .text          0x4807d84c        0x0 C:\Program Files (x86)\ETAS\INTECRIO5.0\Target\Etarget\rtio\global\es910\librtio_gnu.a(comm_err.o)
 .text          0x4807d84c       0xa0 C:\Program Files (x86)\ETAS\INTECRIO5.0\Target\Etarget\rtio\global\es910\librtio_gnu.a(p_rtio.o)
                0x4807d84c                rtioSignalHwAccessEnd
                0x4807d8a4                rtioSignalHwAccessBegin
 .text          0x4807d8ec      0xd38 C:\Program Files (x86)\ETAS\INTECRIO5.0\Target\Etarget\rtio\global\es910\librtio_gnu.a(p_rtio_s.o)
                0x4807e5e0                setupRTIO
                0x4807dfd0                es910IsEtherCATEnabled
                0x4807d8f8                getMasterId
                0x4807db10                rtioHwDetect
                0x4807e0dc                rtioTestBoardPresence
                0x4807d9e8                printDetectedHardware
                0x4807d914                rtioGetNextDetectedHwTableEntry
                0x4807d8ec                es910RtioGetFpgaRegsGlobal
                0x4807e558                es910RtioMapFpgaRegsGlobal
                0x4807e4b4                es910RtioUnmapFpgaRegsGlobal
                0x4807d900                rtioRewindDetectedHwTable
                0x4807e068                es910RtioIntDisable
 .text          0x4807e624      0xe18 C:\Program Files (x86)\ETAS\INTECRIO5.0\Target\Etarget\rtio\global\es910\librtio_gnu.a(rtio_err.o)
                0x4807e800                clearErrMsgList
                0x4807e75c                deactivateRtioMsgLists
                0x4807e6c8                installEtasPseudoGeoAdrBoardNames
                0x4807e6a4                installCommErrMessages
                0x4807e6d4                installUserBoardNames
                0x4807e624                initMessageTables
                0x4807e794                getNextErrMsg
                0x4807e958                rtioGetBoardName
                0x4807e6bc                installEtasAutoIdBoardNames
                0x4807f0e4                rtioErr
                0x4807e684                mapErrorCode
                0x4807e6e0                installEtasVirtualBoardNames
                0x4807e6ec                installMessages
                0x4807e9ec                rtio_err_v3
                0x4807e770                rewindErrMsgList
                0x4807e888                clearCurErrMsg
                0x4807e74c                activateRtioMsgLists
                0x4807ee60                rtioErrV2
                0x4807e6b0                installEtasBoardNames
 .text          0x4807f43c      0x638 C:\Program Files (x86)\ETAS\INTECRIO5.0\Target\Etarget\rtio\global\es910\librtio_gnu.a(fhc_emu.o)
                0x4807f43c                fhc_get_module_name_port_name
                0x4807f6f4                fhc_check_port_presence_rp
 .text          0x4807fa74      0x798 C:\Program Files (x86)\ETAS\INTECRIO5.0\Target\Etarget\ES910\rta_osek\librtk_s.a(ostarget.o)
                0x4807fa74                os_get_sw_int_info
                0x4807fd90                os_pre_start
                0x4807fc48                os_detach_interrupts
                0x4807fafc                os_generate_sw_int
 .text          0x4808020c       0x30 C:\Program Files (x86)\ETAS\INTECRIO5.0\Target\Etarget\ES910\rta_osek\librtk_s.a(osfptgt.o)
                0x4808020c                os_fp_save
                0x48080238                os_fp_restore_from
                0x48080220                os_fp_restore
                0x48080234                os_fp_save_to
 .text          0x4808023c       0x94 C:\Program Files (x86)\ETAS\INTECRIO5.0\Target\Etarget\ES910\rta_osek\librtk_s.a(osiwrap1.o)
                0x4808023c                os_cat1_wrapper
 .text          0x480802d0      0x288 C:\Program Files (x86)\ETAS\INTECRIO5.0\Target\Etarget\ES910\rta_osek\librtk_s.a(osxdspnf.o)
                0x480802d0                osek_dispatchN2F
 .text          0x48080558      0x10c C:\Program Files (x86)\ETAS\INTECRIO5.0\Target\Etarget\ES910\rta_osek\librtk_s.a(osysd1hf.o)
                0x48080558                os_fdispH1
 .text          0x48080664      0x2d4 C:\Program Files (x86)\ETAS\INTECRIO5.0\Target\Etarget\ES910\rta_osek\librtk_s.a(osysdfhf.o)
                0x48080664                os_fdispH2F
 .text          0x48080938      0x2cc C:\Program Files (x86)\ETAS\INTECRIO5.0\Target\Etarget\ES910\rta_osek\librtk_s.a(osysdfhi.o)
                0x48080938                os_idispH2F
 .text          0x48080c04       0x34 C:\Program Files (x86)\ETAS\INTECRIO5.0\Target\Etarget\ES910\rta_osek\librtk_s.a(ostgid.o)
                0x48080c04                GetTaskID
 .text          0x48080c38      0x174 C:\Program Files (x86)\ETAS\INTECRIO5.0\Target\Etarget\ES910\rta_osek\librtk_s.a(ostschf.o)
                0x48080c38                ScheduleSW2F
 .text          0x48080dac       0x50 C:\Program Files (x86)\ETAS\INTECRIO5.0\Target\Etarget\ES910\rta_osek\librtk_s.a(osieai.o)
                0x48080dac                EnableAllInterrupts
 .text          0x48080dfc       0x60 C:\Program Files (x86)\ETAS\INTECRIO5.0\Target\Etarget\ES910\rta_osek\librtk_s.a(osidai.o)
                0x48080dfc                DisableAllInterrupts
 .text          0x48080e5c       0x98 C:\Program Files (x86)\ETAS\INTECRIO5.0\Target\Etarget\ES910\rta_osek\librtk_s.a(osisoi.o)
                0x48080e5c                SuspendOSInterrupts
 .text          0x48080ef4       0x68 C:\Program Files (x86)\ETAS\INTECRIO5.0\Target\Etarget\ES910\rta_osek\librtk_s.a(osirai.o)
                0x48080ef4                ResumeAllInterrupts
 .text          0x48080f5c       0x84 C:\Program Files (x86)\ETAS\INTECRIO5.0\Target\Etarget\ES910\rta_osek\librtk_s.a(osisai.o)
                0x48080f5c                SuspendAllInterrupts
 .text          0x48080fe0       0x70 C:\Program Files (x86)\ETAS\INTECRIO5.0\Target\Etarget\ES910\rta_osek\librtk_s.a(osxperr2.o)
                0x48080fe0                os_pre_errorhook2
 .text          0x48081050        0x0 C:\Program Files (x86)\ETAS\INTECRIO5.0\Target\Etarget\ES910\rta_osek\librtk_s.a(osxglobs.o)
 .text          0x48081050      0x104 C:\Program Files (x86)\ETAS\INTECRIO5.0\Target\Etarget\ES910\rta_osek\librtk_s.a(osostart.o)
                0x48081050                StartOS
 .text          0x48081154       0x6c C:\Program Files (x86)\ETAS\INTECRIO5.0\Target\Etarget\ES910\rta_osek\librtk_s.a(ososhuth.o)
                0x48081154                ShutdownOSH
 .text          0x480811c0       0x34 C:\Program Files (x86)\ETAS\INTECRIO5.0\Target\Etarget\ES910\rta_osek\librtk_s.a(osttermh.o)
                0x480811c0                TerminateTaskH