Archive member included because of file (symbol)

Car_State1/Car_State1.a(Car_State.o)
                              Car_State0/Car_State_instances.o (Car_State_U)
Disconnections1/Disconnections1.a(Disconnections.o)
                              Disconnections0/Disconnections_instances.o (Disconnections_DW)
Ellipse1/Ellipse1.a(Ellipse.o)
                              Ellipse0/Ellipse_instances.o (Ellipse_Y)
Inverters_Action1/Inverters_Action1.a(Inverters_Action.o)
                              Inverters_Action0/Inverters_Action_instances.o (Inverters_Action_U)
Inverters_Action1/Inverters_Action1.a(Inverters_Action_data.o)
                              Inverters_Action0/Inverters_Action_instances.o (Inverters_Action_ConstB)
Inverters_Data1/Inverters_Data1.a(Inverters_Data.o)
                              Inverters_Data0/Inverters_Data_instances.o (Inverters_Data_U)
Racing_Modes1/Racing_Modes1.a(Racing_Modes.o)
                              Racing_Modes0/Racing_Modes_instances.o (Racing_Modes_B)
Sensors1/Sensors1.a(Sensors.o)
                              Sensors0/Sensors_instances.o (Sensors_U)
Sensors1/Sensors1.a(Sensors_data.o)
                              Sensors0/Sensors_instances.o (Sensors_ConstB)
SoC1/SoC1.a(SoC.o)            SoC0/SoC_instances.o (SoC_U)
Synchronism1/Synchronism1.a(Synchronism.o)
                              Synchronism0/Synchronism_instances.o (Synchronism_DW)
VDC1/VDC1.a(VDC.o)            VDC0/VDC_instances.o (VDC_DW)
matlabsharedR2022a/matlabsharedR2022a.a(rt_nonfinite.o)
                              Inverters_Action1/Inverters_Action1.a(Inverters_Action.o) (rtIsInf)
matlabsharedR2022a/matlabsharedR2022a.a(const_params.o)
                              SoC1/SoC1.a(SoC.o) (rtCP_pooled_AOZKK8H4A7cg)
matlabsharedR2022a/matlabsharedR2022a.a(look1_binlxpw.o)
                              SoC1/SoC1.a(SoC.o) (look1_binlxpw)
matlabsharedR2022a/matlabsharedR2022a.a(rt_powd_snf.o)
                              Inverters_Data1/Inverters_Data1.a(Inverters_Data.o) (rt_powd_snf)
matlabsharedR2022a/matlabsharedR2022a.a(rtgetinf.o)
                              matlabsharedR2022a/matlabsharedR2022a.a(rt_nonfinite.o) (rtGetInf)
matlabsharedR2022a/matlabsharedR2022a.a(rtgetnan.o)
                              matlabsharedR2022a/matlabsharedR2022a.a(rt_nonfinite.o) (rtGetNaN)
OSC/TaskISRArchive.a(etasConfigTask.o)
                              OSC/osekdefs.o (osek_task_e_etasConfigTask)
OSC/TaskISRArchive.a(Sync_25ms.o)
                              OSC/osekdefs.o (osek_task_e_Sync_25ms)
OSC/TaskISRArchive.a(Timer_1000ms.o)
                              OSC/osekdefs.o (osek_task_e_Timer_1000ms)
OSC/TaskISRArchive.a(Timer_100ms.o)
                              OSC/osekdefs.o (osek_task_e_Timer_100ms)
OSC/TaskISRArchive.a(Timer_25ms.o)
                              OSC/osekdefs.o (osek_task_e_Timer_25ms)
OSC/TaskISRArchive.a(Timer_Inv.o)
                              OSC/osekdefs.o (osek_task_e_Timer_Inv)
OSC/TaskISRArchive.a(SWT_CAN1_AP_BMS_SDC.o)
                              OSC/osekdefs.o (osek_task_e_SWT_CAN1_AP_BMS_SDC)
OSC/TaskISRArchive.a(SWT_CAN1_AP_CurrentSensor.o)
                              OSC/osekdefs.o (osek_task_e_SWT_CAN1_AP_CurrentSensor)
OSC/TaskISRArchive.a(SWT_CAN1_AP_BMS_Voltages.o)
                              OSC/osekdefs.o (osek_task_e_SWT_CAN1_AP_BMS_Voltages)
OSC/TaskISRArchive.a(SWT_CAN1_AP_BMS_ChargerParameters.o)
                              OSC/osekdefs.o (osek_task_e_SWT_CAN1_AP_BMS_ChargerParameters)
OSC/TaskISRArchive.a(SWT_CAN1_AP_BMS_BatteryTemperatures.o)
                              OSC/osekdefs.o (osek_task_e_SWT_CAN1_AP_BMS_BatteryTemperatures)
OSC/TaskISRArchive.a(SWT_CAN1_AP_Inverter_R_Tx.o)
                              OSC/osekdefs.o (osek_task_e_SWT_CAN1_AP_Inverter_R_Tx)
OSC/TaskISRArchive.a(SWT_CAN1_AP_Inverter_L_Tx.o)
                              OSC/osekdefs.o (osek_task_e_SWT_CAN1_AP_Inverter_L_Tx)
OSC/TaskISRArchive.a(SWT_CAN1_AP_DASH_CustomMode.o)
                              OSC/osekdefs.o (osek_task_e_SWT_CAN1_AP_DASH_CustomMode)
OSC/TaskISRArchive.a(SWT_CAN1_AP_DASH_Mode.o)
                              OSC/osekdefs.o (osek_task_e_SWT_CAN1_AP_DASH_Mode)
OSC/TaskISRArchive.a(SWT_CAN1_NM_BMS_Keep_Alive.o)
                              OSC/osekdefs.o (osek_task_e_SWT_CAN1_NM_BMS_Keep_Alive)
OSC/TaskISRArchive.a(SWT_CAN1_AP_BMS_AIRs_State.o)
                              OSC/osekdefs.o (osek_task_e_SWT_CAN1_AP_BMS_AIRs_State)
OSC/TaskISRArchive.a(SWT_CAN1_NM_DASH_Keep_Alive.o)
                              OSC/osekdefs.o (osek_task_e_SWT_CAN1_NM_DASH_Keep_Alive)
OSC/TaskISRArchive.a(SWT_CAN1_AP_DASH_TorqueLockOn.o)
                              OSC/osekdefs.o (osek_task_e_SWT_CAN1_AP_DASH_TorqueLockOn)
OSC/TaskISRArchive.a(SWT_CAN1_AP_DASH_PrechargeRequest.o)
                              OSC/osekdefs.o (osek_task_e_SWT_CAN1_AP_DASH_PrechargeRequest)
OSC/TaskISRArchive.a(SWT_CAN1_AP_DASH_EnableDrive.o)
[...]
Memory Configuration

Name             Origin             Length             Attributes
*default*        0x00000000         0xffffffff

Linker script and memory map

LOAD C:/ETAS/Compiler/INTECRIO5.0/QNXCompiler-V6.5\target\qnx6/ppcbe-spe/lib/crt1.o
LOAD C:/ETAS/Compiler/INTECRIO5.0/QNXCompiler-V6.5\target\qnx6/ppcbe-spe/lib/crti.o
LOAD C:/ETAS/Compiler/INTECRIO5.0/QNXCompiler-V6.5\host\win32\x86/usr/lib/gcc/powerpc-unknown-nto-qnx6.5.0/4.4.2/spe/crtbegin.o
LOAD C:\ETAS\Compiler\INTECRIO5.0\QNXCompiler-V6.5\target\qnx6\ppcbe-spe\lib\gcc\4.4.2/libcpp.so
                0x00000000                PROVIDE (__stack, 0x0)
                0x00000000                PROVIDE (___stack, 0x0)
                0x48040000                PROVIDE (__executable_start, 0x48040000)
                0x480400f4                . = (0x48040000 + SIZEOF_HEADERS)

.interp         0x480400f4       0x14
 *(.interp)
 .interp        0x480400f4       0x14 C:/ETAS/Compiler/INTECRIO5.0/QNXCompiler-V6.5\target\qnx6/ppcbe-spe/lib/crt1.o

.note           0x48040110       0x18
 .note          0x48040110       0x18 C:/ETAS/Compiler/INTECRIO5.0/QNXCompiler-V6.5\target\qnx6/ppcbe-spe/lib/crtn.o

.note.gnu.build-id
 *(.note.gnu.build-id)

.hash           0x48040128      0x6a4
 *(.hash)
 .hash          0x48040128      0x6a4 C:/ETAS/Compiler/INTECRIO5.0/QNXCompiler-V6.5\target\qnx6/ppcbe-spe/lib/crt1.o

.gnu.hash
 *(.gnu.hash)

.dynsym         0x480407cc      0xe20
 *(.dynsym)
 .dynsym        0x480407cc      0xe20 C:/ETAS/Compiler/INTECRIO5.0/QNXCompiler-V6.5\target\qnx6/ppcbe-spe/lib/crt1.o

.dynstr         0x480415ec      0xbce
 *(.dynstr)
 .dynstr        0x480415ec      0xbce C:/ETAS/Compiler/INTECRIO5.0/QNXCompiler-V6.5\target\qnx6/ppcbe-spe/lib/crt1.o

.gnu.version    0x480421ba      0x1c4
 *(.gnu.version)
 .gnu.version   0x480421ba      0x1c4 C:/ETAS/Compiler/INTECRIO5.0/QNXCompiler-V6.5\target\qnx6/ppcbe-spe/lib/crt1.o

.gnu.version_d  0x48042380        0x0 load address 0x4804237e
 *(.gnu.version_d)
 .gnu.version_d
                0x00000000        0x0 C:/ETAS/Compiler/INTECRIO5.0/QNXCompiler-V6.5\target\qnx6/ppcbe-spe/lib/crt1.o

.gnu.version_r  0x48042380       0x20
 *(.gnu.version_r)
 .gnu.version_r
                0x48042380       0x20 C:/ETAS/Compiler/INTECRIO5.0/QNXCompiler-V6.5\target\qnx6/ppcbe-spe/lib/crt1.o

.rel.dyn
 *(.rel.init)
 *(.rel.text .rel.text.* .rel.gnu.linkonce.t.*)
 *(.rel.fini)
 *(.rel.rodata .rel.rodata.* .rel.gnu.linkonce.r.*)
 *(.rel.data.rel.ro* .rel.gnu.linkonce.d.rel.ro.*)
 *(.rel.data .rel.data.* .rel.gnu.linkonce.d.*)
 *(.rel.tdata .rel.tdata.* .rel.gnu.linkonce.td.*)
 *(.rel.tbss .rel.tbss.* .rel.gnu.linkonce.tb.*)
 *(.rel.ctors)
 *(.rel.dtors)
 *(.rel.got)
 *(.rel.sdata .rel.sdata.* .rel.gnu.linkonce.s.*)
 *(.rel.sbss .rel.sbss.* .rel.gnu.linkonce.sb.*)
 *(.rel.sdata2 .rel.sdata2.* .rel.gnu.linkonce.s2.*)
 *(.rel.sbss2 .rel.sbss2.* .rel.gnu.linkonce.sb2.*)
 *(.rel.bss .rel.bss.* .rel.gnu.linkonce.b.*)

.rela.dyn       0x480423a0       0x90
 *(.rela.init)
 *(.rela.text .rela.text.* .rela.gnu.linkonce.t.*)
 .rela.text     0x00000000        0x0 C:/ETAS/Compiler/INTECRIO5.0/QNXCompiler-V6.5\target\qnx6/ppcbe-spe/lib/crt1.o
 *(.rela.fini)
 *(.rela.rodata .rela.rodata.* .rela.gnu.linkonce.r.*)
 .rela.rodata   0x00000000        0x0 C:/ETAS/Compiler/INTECRIO5.0/QNXCompiler-V6.5\target\qnx6/ppcbe-spe/lib/crt1.o
 *(.rela.data .rela.data.* .rela.gnu.linkonce.d.*)
 .rela.data     0x00000000        0x0 C:/ETAS/Compiler/INTECRIO5.0/QNXCompiler-V6.5\target\qnx6/ppcbe-spe/lib/crt1.o
 *(.rela.tdata .rela.tdata.* .rela.gnu.linkonce.td.*)
 *(.rela.tbss .rela.tbss.* .rela.gnu.linkonce.tb.*)
 *(.rela.ctors)
 *(.rela.dtors)
 *(.rela.got)
 .rela.got      0x480423a0       0x30 C:/ETAS/Compiler/INTECRIO5.0/QNXCompiler-V6.5\target\qnx6/ppcbe-spe/lib/crt1.o
 *(.rela.got1)
 *(.rela.got2)
 *(.rela.sdata .rela.sdata.* .rela.gnu.linkonce.s.*)
 *(.rela.sbss .rela.sbss.* .rela.gnu.linkonce.sb.*)
 .rela.sbss     0x00000000        0x0 C:/ETAS/Compiler/INTECRIO5.0/QNXCompiler-V6.5\target\qnx6/ppcbe-spe/lib/crt1.o
 *(.rela.sdata2 .rela.sdata2.* .rela.gnu.linkonce.s2.*)
 *(.rela.sbss2 .rela.sbss2.* .rela.gnu.linkonce.sb2.*)
 *(.rela.bss .rela.bss.* .rela.gnu.linkonce.b.*)
 .rela.bss      0x480423d0       0x60 C:/ETAS/Compiler/INTECRIO5.0/QNXCompiler-V6.5\target\qnx6/ppcbe-spe/lib/crt1.o
 .rela.os_pid   0x00000000        0x0 C:/ETAS/Compiler/INTECRIO5.0/QNXCompiler-V6.5\target\qnx6/ppcbe-spe/lib/crt1.o
 .rela.os_intvec
                0x00000000        0x0 C:/ETAS/Compiler/INTECRIO5.0/QNXCompiler-V6.5\target\qnx6/ppcbe-spe/lib/crt1.o

.rel.plt
 *(.rel.plt)

.rela.plt       0x48042430      0x93c
 *(.rela.plt)
 .rela.plt      0x48042430      0x93c C:/ETAS/Compiler/INTECRIO5.0/QNXCompiler-V6.5\target\qnx6/ppcbe-spe/lib/crt1.o

.init           0x48042d6c       0x24
 *(.init)
 .init          0x48042d6c        0xc C:/ETAS/Compiler/INTECRIO5.0/QNXCompiler-V6.5\target\qnx6/ppcbe-spe/lib/crti.o
                0x48042d6c                _init
 .init          0x48042d78        0x4 C:/ETAS/Compiler/INTECRIO5.0/QNXCompiler-V6.5\host\win32\x86/usr/lib/gcc/powerpc-unknown-nto-qnx6.5.0/4.4.2/spe/crtbegin.o
 .init          0x48042d7c        0x4 C:/ETAS/Compiler/INTECRIO5.0/QNXCompiler-V6.5\host\win32\x86/usr/lib/gcc/powerpc-unknown-nto-qnx6.5.0/4.4.2/spe/crtend.o
 .init          0x48042d80       0x10 C:/ETAS/Compiler/INTECRIO5.0/QNXCompiler-V6.5\target\qnx6/ppcbe-spe/lib/crtn.o

.text           0x48042d90    0x476d0
                0x48042d90                _btext = .
 *(.text .stub .text.* .gnu.linkonce.t.*)
 .text          0x48042d90      0x118 C:/ETAS/Compiler/INTECRIO5.0/QNXCompiler-V6.5\target\qnx6/ppcbe-spe/lib/crt1.o
                0x48042d90                _start
 .text          0x48042ea8        0x0 C:/ETAS/Compiler/INTECRIO5.0/QNXCompiler-V6.5\target\qnx6/ppcbe-spe/lib/crti.o
 .text          0x48042ea8      0x1b8 C:/ETAS/Compiler/INTECRIO5.0/QNXCompiler-V6.5\host\win32\x86/usr/lib/gcc/powerpc-unknown-nto-qnx6.5.0/4.4.2/spe/crtbegin.o
 .text          0x48043060      0x24c ROOT_instances.o
                0x48043208                initializeYukonModel
                0x480430b0                getSystemTimeS
                0x48043078                getModelIdentificationString
                0x4804308c                getDeltaT
                0x48043060                getIntecrioVersionNumber
                0x48043190                os_setDeltaT
                0x48043084                getBuildEnvironment
                0x4804306c                getBuildEnvironmentVersion
 .text          0x480432ac        0x0 _INT_pid.pi.o
 .text          0x480432ac       0x24 userFuncProcessCanPayload.o
                0x480432c0                userCanInitHook
                0x480432cc                userCanTxHookV3
                0x480432c4                userCanExitHook
                0x480432ac                userCanHookGetVersionAndCid
                0x480432c8                userCanRxHookV3
 .text          0x480432d0       0x24 userFuncProcessFlexRayPayload.o
                0x480432f0                userFlexRayPDURxHook
                0x480432ec                userFlexRayPDUTxHook
                0x480432d0                userFlexRayHookGetVersionAndCid
                0x480432e4                userFlexRayInitHook
                0x480432e8                userFlexRayExitHook
 .text          0x480432f4       0x60 OSC/i_rtawrapper.o
                0x48043334                rtaActivateTask
                0x48043314                rtaSchedule
                0x480432f4                rtaShutdownOS
 .text          0x48043354      0x2c4 Car_State0/Car_State_instances.o
                0x480433fc                initClass_RTWTop_Car_State
                0x480433b4                initInstance_RTWTop_Car_State
                0x48043354                setDeltaT_Car_State
                0x480435ec                initModel_RTWTop_Car_State
 .text          0x48043618      0xcd0 Car_State1/Car_State1.a(Car_State.o)
                0x480440e4                MdlInitialize_Car_State
                0x4804362c                Car_State_FALSE
                0x48043654                MdlOutputs_Car_State
                0x48044064                MdlUpdate_Car_State
                0x48043618                Car_State_TRUE
                0x48043640                Car_State_Failure
                0x480440e8                MdlStart_Car_State
                0x480440dc                MdlInitializeSizes_Car_State
                0x480440e0                MdlInitializeSampleTimes_Car_State
                0x48044134                Car_State
                0x48044130                MdlTerminate_Car_State
 .text          0x480442e8      0x4d8 Disconnections0/Disconnections_instances.o
                0x48044348                initInstance_RTWTop_Disconnections
                0x48044794                initModel_RTWTop_Disconnections
                0x480442e8                setDeltaT_Disconnections
                0x48044390                initClass_RTWTop_Disconnections
 .text          0x480447c0      0x974 Disconnections1/Disconnections1.a(Disconnections.o)
                0x48044f68                MdlTerminate_Disconnections
                0x48044800                Disconnections_Error_Counter
                0x48044f6c                Disconnections
                0x48044efc                MdlInitializeSampleTimes_Disconnections
                0x48044f04                MdlStart_Disconnections
                0x480447c0                Disconnections_Reset_counter
                0x48044ef8                MdlInitializeSizes_Disconnections
                0x48044830                MdlOutputs_Disconnections
                0x48044f00                MdlInitialize_Disconnections
                0x480447d4                Disconnections_CAN_OK
                0x48044e80                MdlUpdate_Disconnections
                0x4804481c                Disconnections_Signal_OK
 .text          0x48045134      0x1e4 Ellipse0/Ellipse_instances.o
                0x480451dc                initClass_RTWTop_Ellipse
                0x48045134                setDeltaT_Ellipse
                0x48045194                initInstance_RTWTop_Ellipse
                0x480452ec                initModel_RTWTop_Ellipse
 .text          0x48045318      0x250 Ellipse1/Ellipse1.a(Ellipse.o)
                0x48045318                MdlOutputs_Ellipse
                0x480453d4                MdlInitialize_Ellipse
                0x480453cc                MdlInitializeSizes_Ellipse
                0x48045354                MdlUpdate_Ellipse
                0x480453dc                MdlTerminate_Ellipse
                0x480453d8                MdlStart_Ellipse
                0x480453d0                MdlInitializeSampleTimes_Ellipse
                0x480453e0                Ellipse
 .text          0x48045568      0x3a0 Inverters_Action0/Inverters_Action_instances.o
                0x480458dc                initModel_RTWTop_Inverters_Action
                0x48045568                setDeltaT_Inverters_Action
                0x48045610                initClass_RTWTop_Inverters_Action
                0x480455c8                initInstance_RTWTop_Inverters_Action
 .text          0x48045908      0xcc8 Inverters_Action1/Inverters_Action1.a(Inverters_Action.o)
                0x48045a60                MdlInitializeSizes_Inverters_Action
                0x48045a68                MdlInitialize_Inverters_Action
                0x48045ab8                Inverters_Action
                0x48045a6c                MdlStart_Inverters_Action
                0x48045908                Inverters_Actio_EnumerationDone
                0x48045974                Inverters_Acti_ActionnotDefined
                0x4804599c                Inverters_Action_TorqueCommand0
                0x480459cc                MdlUpdate_Inverters_Action
                0x4804591c                Inverte_DisableDriveEnableDrive
                0x480459b8                Inverters_Acti_ResetEnumeration
                0x48045ab4                MdlTerminate_Inverters_Action
                0x48045a64                MdlInitializeSampleTimes_Inverters_Action
                0x4804598c                Inverters_Action_bypass
                0x48045fbc                MdlOutputs_Inverters_Action
                0x48045e64                Inverters_Action_TorqueCommand
                0x48045c94                Inverters_Ac_RegisterEnumerator
 .text          0x480465d0        0x0 Inverters_Action1/Inverters_Action1.a(Inverters_Action_data.o)
 .text          0x480465d0      0x3c4 Inverters_Data0/Inverters_Data_instances.o
                0x48046678                initClass_RTWTop_Inverters_Data
                0x48046630                initInstance_RTWTop_Inverters_Data
                0x480465d0                setDeltaT_Inverters_Data
                0x48046968                initModel_RTWTop_Inverters_Data
 .text          0x48046994      0x584 Inverters_Data1/Inverters_Data1.a(Inverters_Data.o)
                0x48046994                MdlUpdate_Inverters_Data
                0x48046a14                MdlInitialize_Inverters_Data
                0x48046a1c                MdlTerminate_Inverters_Data
                0x48046ba4                MdlOutputs_Inverters_Data
                0x48046a20                Inverters_Data
                0x48046a18                MdlStart_Inverters_Data
                0x48046a10                MdlInitializeSampleTimes_Inverters_Data
                0x48046a0c                MdlInitializeSizes_Inverters_Data
 .text          0x48046f18      0x1a8 Racing_Modes0/Racing_Modes_instances.o
                0x48046f78                initInstance_RTWTop_Racing_Modes
                0x48047094                initModel_RTWTop_Racing_Modes
                0x48046f18                setDeltaT_Racing_Modes
                0x48046fc0                initClass_RTWTop_Racing_Modes
 .text          0x480470c0      0x4e8 Racing_Modes1/Racing_Modes1.a(Racing_Modes.o)
                0x480470d4                MdlUpdate_Racing_Modes
                0x4804714c                MdlInitializeSizes_Racing_Modes
                0x48047150                MdlInitializeSampleTimes_Racing_Modes
                0x4804717c                Racing_Modes
                0x48047310                MdlOutputs_Racing_Modes
                0x48047178                MdlTerminate_Racing_Modes
                0x480470c0                Racing_Modes_WorkshopTest01
                0x48047154                MdlInitialize_Racing_Modes
                0x48047158                MdlStart_Racing_Modes
 .text          0x480475a8      0x348 Sensors0/Sensors_instances.o
                0x48047608                initInstance_RTWTop_Sensors
                0x480478c4                initModel_RTWTop_Sensors
                0x480475a8                setDeltaT_Sensors
                0x48047650                initClass_RTWTop_Sensors
 .text          0x480478f0      0x3f0 Sensors1/Sensors1.a(Sensors.o)
                0x48047b04                MdlInitializeSampleTimes_Sensors
                0x48047b2c                MdlTerminate_Sensors
                0x480478f0                MdlOutputs_Sensors
                0x48047a88                MdlUpdate_Sensors
                0x48047b00                MdlInitializeSizes_Sensors
                0x48047b08                MdlInitialize_Sensors
                0x48047b0c                MdlStart_Sensors
                0x48047b30                Sensors
 .text          0x48047ce0        0x0 Sensors1/Sensors1.a(Sensors_data.o)
 .text          0x48047ce0      0x220 SoC0/SoC_instances.o
                0x48047d40                initInstance_RTWTop_SoC
                0x48047d88                initClass_RTWTop_SoC
                0x48047ce0                setDeltaT_SoC
                0x48047ed4                initModel_RTWTop_SoC
 .text          0x48047f00      0xad0 SoC1/SoC1.a(SoC.o)
                0x480489b0                MdlUpdate_SoC
                0x48047f64                rt_ODEDestroyIntegrationData_SoC
                0x48047f60                rt_ODECreateIntegrationData_SoC
                0x48047f74                MdlInitialize_SoC
                0x48047f70                MdlInitializeSampleTimes_SoC
                0x48048670                SoC_update
                0x48047f78                MdlStart_SoC
                0x48047f68                rt_ODEUpdateContinuousStates_SoC
                0x48048650                MdlOutputs_SoC
                0x48047f5c                SoC_terminate
                0x48047f98                MdlTerminate_SoC
                0x48047f6c                MdlInitializeSizes_SoC
                0x48047f24                SoC_initialize
                0x4804821c                SoC_output
                0x48047f00                SoC_derivatives
                0x48047f9c                SoC
 .text          0x480489d0      0x14c Synchronism0/Synchronism_instances.o
                0x48048a78                initClass_RTWTop_Synchronism
                0x48048a30                initInstance_RTWTop_Synchronism
                0x48048af0                initModel_RTWTop_Synchronism
                0x480489d0                setDeltaT_Synchronism
 .text          0x48048b1c      0x268 Synchronism1/Synchronism1.a(Synchronism.o)
                0x48048bf0                MdlInitializeSizes_Synchronism
                0x48048bf8                MdlInitialize_Synchronism
                0x48048bfc                MdlStart_Synchronism
                0x48048c18                MdlTerminate_Synchronism
                0x48048c1c                Synchronism
                0x48048b1c                MdlOutputs_Synchronism
                0x48048b78                MdlUpdate_Synchronism
                0x48048bf4                MdlInitializeSampleTimes_Synchronism
 .text          0x48048d84      0x500 VDC0/VDC_instances.o
                0x48048de4                initInstance_RTWTop_VDC
                0x48048d84                setDeltaT_VDC
                0x48049258                initModel_RTWTop_VDC
                0x48048e2c                initClass_RTWTop_VDC
 .text          0x48049284      0xbd8 VDC1/VDC1.a(VDC.o)
                0x48049540                MdlOutputs_VDC
                0x48049334                MdlInitialize_VDC
                0x480492b4                MdlUpdate_VDC
                0x4804937c                VDC
                0x48049338                MdlStart_VDC
                0x48049284                VDC_LimitReached
                0x4804932c                MdlInitializeSizes_VDC
                0x48049378                MdlTerminate_VDC
                0x48049330                MdlInitializeSampleTimes_VDC
                0x48049298                VDC_AutomaticFailureMode
 .text          0x48049e5c      0x19c matlabsharedR2022a/matlabsharedR2022a.a(rt_nonfinite.o)
                0x48049f64                rt_InitInfAndNaN
                0x48049ee8                rtIsNaN
                0x48049f3c                rtIsNaNF
                0x48049ea8                rtIsInfF
                0x48049e5c                rtIsInf
 .text          0x48049ff8        0x0 matlabsharedR2022a/matlabsharedR2022a.a(const_params.o)
 .text          0x48049ff8      0x114 matlabsharedR2022a/matlabsharedR2022a.a(look1_binlxpw.o)
                0x48049ff8                look1_binlxpw
 .text          0x4804a10c      0x2f4 matlabsharedR2022a/matlabsharedR2022a.a(rt_powd_snf.o)
                0x4804a10c                rt_powd_snf
 .text          0x4804a400       0xd0 matlabsharedR2022a/matlabsharedR2022a.a(rtgetinf.o)
                0x4804a400                rtGetInf
                0x4804a468                rtGetMinusInf
                0x4804a4c4                rtGetMinusInfF
                0x4804a45c                rtGetInfF
 .text          0x4804a4d0       0x84 matlabsharedR2022a/matlabsharedR2022a.a(rtgetnan.o)
                0x4804a530                rtGetNaNF
                0x4804a4d0                rtGetNaN
 .text          0x4804a554      0x434 OSC/osekdefs.o
                0x4804a874                osE_ISR_CAN2
                0x4804a614                os_StartOS
                0x4804a700                os_pre_errorhook
                0x4804a8d0                osE_ISR_CAN1
                0x4804a720                Tick_etasCounter
                0x4804a854                osek_dispatch
                0x4804a554                osResetOS
                0x4804a92c                osE_etasL1Isr
 .text          0x4804a988        0x0 OSC/osgen.o
 .text          0x4804a988       0x4c OSC/TaskISRArchive.a(etasConfigTask.o)
                0x4804a988                osek_task_e_etasConfigTask
 .text          0x4804a9d4       0x60 OSC/TaskISRArchive.a(Sync_25ms.o)
                0x4804a9d4                osek_task_e_Sync_25ms
 .text          0x4804aa34       0x54 OSC/TaskISRArchive.a(Timer_1000ms.o)
                0x4804aa34                osek_task_e_Timer_1000ms
 .text          0x4804aa88       0x54 OSC/TaskISRArchive.a(Timer_100ms.o)
                0x4804aa88                osek_task_e_Timer_100ms
 .text          0x4804aadc       0xa8 OSC/TaskISRArchive.a(Timer_25ms.o)
                0x4804aadc                osek_task_e_Timer_25ms
 .text          0x4804ab84       0x6c OSC/TaskISRArchive.a(Timer_Inv.o)
                0x4804ab84                osek_task_e_Timer_Inv
 .text          0x4804abf0       0x50 OSC/TaskISRArchive.a(SWT_CAN1_AP_BMS_SDC.o)
                0x4804abf0                osek_task_e_SWT_CAN1_AP_BMS_SDC
 .text          0x4804ac40       0x50 OSC/TaskISRArchive.a(SWT_CAN1_AP_CurrentSensor.o)
                0x4804ac40                osek_task_e_SWT_CAN1_AP_CurrentSensor
 .text          0x4804ac90       0x50 OSC/TaskISRArchive.a(SWT_CAN1_AP_BMS_Voltages.o)
                0x4804ac90                osek_task_e_SWT_CAN1_AP_BMS_Voltages
 .text          0x4804ace0       0x50 OSC/TaskISRArchive.a(SWT_CAN1_AP_BMS_ChargerParameters.o)
                0x4804ace0                osek_task_e_SWT_CAN1_AP_BMS_ChargerParameters
 .text          0x4804ad30       0x50 OSC/TaskISRArchive.a(SWT_CAN1_AP_BMS_BatteryTemperatures.o)
                0x4804ad30                osek_task_e_SWT_CAN1_AP_BMS_BatteryTemperatures
 .text          0x4804ad80       0x50 OSC/TaskISRArchive.a(SWT_CAN1_AP_Inverter_R_Tx.o)
                0x4804ad80                osek_task_e_SWT_CAN1_AP_Inverter_R_Tx
 .text          0x4804add0       0x50 OSC/TaskISRArchive.a(SWT_CAN1_AP_Inverter_L_Tx.o)
                0x4804add0                osek_task_e_SWT_CAN1_AP_Inverter_L_Tx
 .text          0x4804ae20       0x50 OSC/TaskISRArchive.a(SWT_CAN1_AP_DASH_CustomMode.o)
                0x4804ae20                osek_task_e_SWT_CAN1_AP_DASH_CustomMode
 .text          0x4804ae70       0x50 OSC/TaskISRArchive.a(SWT_CAN1_AP_DASH_Mode.o)
                0x4804ae70                osek_task_e_SWT_CAN1_AP_DASH_Mode
 .text          0x4804aec0       0x50 OSC/TaskISRArchive.a(SWT_CAN1_NM_BMS_Keep_Alive.o)
                0x4804aec0                osek_task_e_SWT_CAN1_NM_BMS_Keep_Alive
 .text          0x4804af10       0x50 OSC/TaskISRArchive.a(SWT_CAN1_AP_BMS_AIRs_State.o)
                0x4804af10                osek_task_e_SWT_CAN1_AP_BMS_AIRs_State
 .text          0x4804af60       0x50 OSC/TaskISRArchive.a(SWT_CAN1_NM_DASH_Keep_Alive.o)
                0x4804af60                osek_task_e_SWT_CAN1_NM_DASH_Keep_Alive
 .text          0x4804afb0       0x50 OSC/TaskISRArchive.a(SWT_CAN1_AP_DASH_TorqueLockOn.o)
                0x4804afb0                osek_task_e_SWT_CAN1_AP_DASH_TorqueLockOn
 .text          0x4804b000       0x50 OSC/TaskISRArchive.a(SWT_CAN1_AP_DASH_PrechargeRequest.o)
                0x4804b000                osek_task_e_SWT_CAN1_AP_DASH_PrechargeRequest
 .text          0x4804b050       0x50 OSC/TaskISRArchive.a(SWT_CAN1_AP_DASH_EnableDrive.o)
                0x4804b050                osek_task_e_SWT_CAN1_AP_DASH_EnableDrive
 .text          0x4804b0a0       0x50 OSC/TaskISRArchive.a(SWT_CAN2_MEAS_RECU_SDC.o)
                0x4804b0a0                osek_task_e_SWT_CAN2_MEAS_RECU_SDC
 .text          0x4804b0f0       0x50 OSC/TaskISRArchive.a(SWT_CAN2_MEAS_FECU_SDC.o)
                0x4804b0f0                osek_task_e_SWT_CAN2_MEAS_FECU_SDC
 .text          0x4804b140       0x50 OSC/TaskISRArchive.a(SWT_CAN2_AP_ELLIPSE_EKF_POS.o)
                0x4804b140                osek_task_e_SWT_CAN2_AP_ELLIPSE_EKF_POS
 .text          0x4804b190       0x50 OSC/TaskISRArchive.a(SWT_CAN2_AP_ELLIPSE_IMU_ACCEL.o)
                0x4804b190                osek_task_e_SWT_CAN2_AP_ELLIPSE_IMU_ACCEL
 .text          0x4804b1e0       0x50 OSC/TaskISRArchive.a(SWT_CAN2_AP_ELLIPSE_EKF_EULER.o)
                0x4804b1e0                osek_task_e_SWT_CAN2_AP_ELLIPSE_EKF_EULER
 .text          0x4804b230       0x50 OSC/TaskISRArchive.a(SWT_CAN2_AP_ELLIPSE_EKF_VEL.o)
                0x4804b230                osek_task_e_SWT_CAN2_AP_ELLIPSE_EKF_VEL
 .text          0x4804b280       0x50 OSC/TaskISRArchive.a(SWT_CAN2_NM_ELLIPSE_Status.o)
                0x4804b280                osek_task_e_SWT_CAN2_NM_ELLIPSE_Status
 .text          0x4804b2d0       0x50 OSC/TaskISRArchive.a(SWT_CAN2_AP_ELLIPSE_IMU_GYRO.o)
                0x4804b2d0                osek_task_e_SWT_CAN2_AP_ELLIPSE_IMU_GYRO
 .text          0x4804b320       0x50 OSC/TaskISRArchive.a(SWT_CAN2_AP_ELLIPSE_SLIP_CURV.o)
                0x4804b320                osek_task_e_SWT_CAN2_AP_ELLIPSE_SLIP_CURV
 .text          0x4804b370       0x50 OSC/TaskISRArchive.a(SWT_CAN2_AP_RECU_Data.o)
                0x4804b370                osek_task_e_SWT_CAN2_AP_RECU_Data
 .text          0x4804b3c0       0x50 OSC/TaskISRArchive.a(SWT_CAN2_NM_FECU_Keep_Alive.o)
                0x4804b3c0                osek_task_e_SWT_CAN2_NM_FECU_Keep_Alive
 .text          0x4804b410       0x50 OSC/TaskISRArchive.a(SWT_CAN2_NM_RECU_Keep_Alive.o)
                0x4804b410                osek_task_e_SWT_CAN2_NM_RECU_Keep_Alive
 .text          0x4804b460       0x50 OSC/TaskISRArchive.a(SWT_CAN2_AP_FECU_Data2.o)
                0x4804b460                osek_task_e_SWT_CAN2_AP_FECU_Data2
 .text          0x4804b4b0       0x50 OSC/TaskISRArchive.a(SWT_CAN2_AP_FECU_Data1.o)
                0x4804b4b0                osek_task_e_SWT_CAN2_AP_FECU_Data1
 .text          0x4804b500       0x4c OSC/TaskISRArchive.a(ISR_CAN1.o)
                0x4804b500                osek_isr_e_ISR_CAN1
 .text          0x4804b54c       0x4c OSC/TaskISRArchive.a(ISR_CAN2.o)
                0x4804b54c                osek_isr_e_ISR_CAN2
 .text          0x4804b598       0x40 OSC/etasActivateTaskIsr.o
                0x4804b598                osek_isr_e_etasActivateTaskIsr
 .text          0x4804b5d8       0x48 OSC/etasL1Isr.o
                0x4804b5d8                osek_isr_e_etasL1Isr
 .text          0x4804b620       0x44 OSC/etasL1Task.o
                0x4804b620                osek_task_e_etasL1Task
 .text          0x4804b664       0x40 OSC/etasTimerIsr.o
                0x4804b664                osek_isr_e_etasTimerIsr
 .text          0x4804b6a4       0x40 OSC/etasStopOsIsr.o
                0x4804b6a4                osek_isr_e_etasStopOsIsr
 .text          0x4804b6e4      0x254 OSC/DriverThreads.o
                0x4804b6e4                etasCreateDriverThreads
 .text          0x4804b938        0x0 OSC/ISRFunctions.o
 .text          0x4804b938      0x1f4 OSC/osc_dyn.o
                0x4804bae8                etasInitTasks
                0x4804b9e4                etasExitTasks
                0x4804b940                etasInactiveExitTask
                0x4804b93c                etasStartupExitTask
                0x4804bac0                etasStartupInitTask
                0x4804b944                TimersExitTask
                0x4804b938                etasInactiveInitTask
                0x4804ba14                TimersInitTask
 .text          0x4804bb2c        0xc OSC/rtaInterface.o
                0x4804bb2c                etasGetCounterPeriodUs
                0x4804bb34                StackFaultHook
 .text          0x4804bb38      0x620 OSC/ETCHooks.o
                0x4804be80                rtioHook_15_0
                0x4804bf70                rtioHook_9_0
                0x4804bef8                rtioHook_12_0
                0x4804bde0                rtioHook_19_0
                0x4804be30                rtioHook_17_0
                0x4804c0b0                rtioHook_1_0
                0x4804c038                rtioHook_4_0
                0x4804bbd8                rtioHook_32_0
                0x4804bd40                rtioHook_23_0
                0x4804bc28                rtioHook_30_0
                0x4804bd90                rtioHook_21_0
                0x4804bb60                rtioHook_35_0
                0x4804bcc8                rtioHook_26_0
                0x4804c12c                rtioHook_37_0
                0x4804bc78                rtioHook_28_0
                0x4804bbb0                rtioHook_33_0
                0x4804bd18                rtioHook_24_0
                0x4804c100                rtioHook_38_0
                0x4804bc50                rtioHook_29_0
                0x4804bc00                rtioHook_31_0
                0x4804bfc0                rtioHook_7_0
                0x4804bd68                rtioHook_22_0
                0x4804c0d8                rtioHook_0_0
                0x4804be08                rtioHook_18_0
                0x4804bed0                rtioHook_13_0
                0x4804bf20                rtioHook_11_0
                0x4804be58                rtioHook_16_0
                0x4804bfe8                rtioHook_6_0
                0x4804bea8                rtioHook_14_0
                0x4804bf98                rtioHook_8_0
                0x4804bdb8                rtioHook_20_0
                0x4804c088                rtioHook_2_0
                0x4804bb88                rtioHook_34_0
                0x4804bcf0                rtioHook_25_0
                0x4804c060                rtioHook_3_0
                0x4804bf48                rtioHook_10_0
                0x4804c010                rtioHook_5_0
                0x4804bb38                rtioHook_36_0
                0x4804bca0                rtioHook_27_0
 .text          0x4804c158     0x1068 OSC/XbarHooks.o
                0x4804c1d0                crossbarHook_34_4
                0x4804c270                crossbarHook_34_0
                0x4804c798                crossbarHook_21_0
                0x4804ca90                crossbarHook_2_0
                0x4804c900                crossbarHook_12_0
                0x4804cbe8                crossbarHook_38_13
                0x4804c5e0                crossbarHook_30_2
                0x4804cea8                crossbarHook_37_17
                0x4804c6d0                crossbarHook_26_0
                0x4804d008                crossbarHook_37_9
                0x4804c838                crossbarHook_17_0
                0x4804cf58                crossbarHook_37_13
                0x4804c9c8                crossbarHook_7_0
                0x4804c3d8                crossbarHook_33_7
                0x4804d0b8                crossbarHook_37_5
                0x4804d168                crossbarHook_37_1
                0x4804ca18                crossbarHook_5_0
                0x4804c478                crossbarHook_33_3
                0x4804ccf0                crossbarHook_38_7
                0x4804c158                crossbarHook_36_0
                0x4804c748                crossbarHook_23_0
                0x4804c8b0                crossbarHook_14_0
                0x4804cda0                crossbarHook_38_3
                0x4804c310                crossbarHook_33_12
                0x4804c1a8                crossbarHook_34_5
                0x4804cb38                crossbarHook_38_17
                0x4804c248                crossbarHook_34_1
                0x4804c298                crossbarHook_33_15
                0x4804cbbc                crossbarHook_38_14
                0x4804cc6c                crossbarHook_38_10
                0x4804c5b8                crossbarHook_30_3
                0x4804cf2c                crossbarHook_37_14
                0x4804cfdc                crossbarHook_37_10
                0x4804d034                crossbarHook_37_8
                0x4804c400                crossbarHook_33_6
                0x4804d0e4                crossbarHook_37_4
                0x4804d194                crossbarHook_37_0
                0x4804c720                crossbarHook_24_0
                0x4804c888                crossbarHook_15_0
                0x4804c180                crossbarHook_35_0
                0x4804c770                crossbarHook_22_0
                0x4804c4a0                crossbarHook_33_2
                0x4804c8d8                crossbarHook_13_0
                0x4804cab8                crossbarHook_1_0
                0x4804c568                crossbarHook_31_1
                0x4804c6a8                crossbarHook_27_0
                0x4804c810                crossbarHook_18_0
                0x4804ccc4                crossbarHook_38_8
                0x4804cd74                crossbarHook_38_4
                0x4804c9f0                crossbarHook_6_0
                0x4804c6f8                crossbarHook_25_0
                0x4804c338                crossbarHook_33_11
                0x4804ce24                crossbarHook_38_0
                0x4804c860                crossbarHook_16_0
                0x4804c360                crossbarHook_33_10
                0x4804c220                crossbarHook_34_2
                0x4804cb0c                crossbarHook_38_18
                0x4804c2c0                crossbarHook_33_14
                0x4804cb90                crossbarHook_38_15
                0x4804c540                crossbarHook_32_0
                0x4804ce7c                crossbarHook_37_18
                0x4804cc40                crossbarHook_38_11
                0x4804c950                crossbarHook_10_0
                0x4804cf00                crossbarHook_37_15
                0x4804c9a0                crossbarHook_8_0
                0x4804cfb0                crossbarHook_37_11
                0x4804c630                crossbarHook_30_0
                0x4804d060                crossbarHook_37_7
                0x4804d110                crossbarHook_37_3
                0x4804c388                crossbarHook_33_9
                0x4804c428                crossbarHook_33_5
                0x4804ca68                crossbarHook_3_0
                0x4804c4c8                crossbarHook_33_1
                0x4804c590                crossbarHook_31_0
                0x4804cc98                crossbarHook_38_9
                0x4804cd48                crossbarHook_38_5
                0x4804cdf8                crossbarHook_38_1
                0x4804cae0                crossbarHook_38_19
                0x4804c1f8                crossbarHook_34_3
                0x4804c2e8                crossbarHook_33_13
                0x4804c518                crossbarHook_32_1
                0x4804c680                crossbarHook_28_0
                0x4804c7e8                crossbarHook_19_0
                0x4804cb64                crossbarHook_38_16
                0x4804ce50                crossbarHook_37_19
                0x4804cc14                crossbarHook_38_12
                0x4804c608                crossbarHook_30_1
                0x4804c658                crossbarHook_29_0
                0x4804ced4                crossbarHook_37_16
                0x4804cf84                crossbarHook_37_12
                0x4804d08c                crossbarHook_37_6
                0x4804c3b0                crossbarHook_33_8
                0x4804d13c                crossbarHook_37_2
                0x4804c450                crossbarHook_33_4
                0x4804c4f0                crossbarHook_33_0
                0x4804c7c0                crossbarHook_20_0
                0x4804c928                crossbarHook_11_0
                0x4804cd1c                crossbarHook_38_6
                0x4804cdcc                crossbarHook_38_2
                0x4804c978                crossbarHook_9_0
                0x4804ca40                crossbarHook_4_0
 .text          0x4804d1c0        0x0 ETC/FormulaTable.o
 .text          0x4804d1c0        0x0 ETC/DriverTable.o
 .text          0x4804d1c0        0x0 ETC/MappingFunctionTable.o
 .text          0x4804d1c0        0x0 ETC/RtioL1RecordTable.o
 .text          0x4804d1c0        0x0 ETC/XCPTransportLayerFunctionsTable.o
 .text          0x4804d1c0        0x0 ETC/ChecksumAlgoTables.o
 .text          0x4804d1c0        0x0 CBC/CopyFunctionTable.o
 .text          0x4804d1c0        0x0 CBC/CrossbarL1RecordTable.o
 .text          0x4804d1c0       0x48 C:/ETAS/Compiler/INTECRIO5.0/QNXCompiler-V6.5\host\win32\x86/usr/lib/gcc/powerpc-unknown-nto-qnx6.5.0/4.4.2/spe/libgcc.a(_fixunsdfdi.o)
                0x4804d1c0                __fixunsdfdi
 .text          0x4804d208       0x40 C:/ETAS/Compiler/INTECRIO5.0/QNXCompiler-V6.5\host\win32\x86/usr/lib/gcc/powerpc-unknown-nto-qnx6.5.0/4.4.2/spe/libgcc.a(_floatundidf.o)
                0x4804d208                __floatundidf
 .text          0x4804d248       0x98 C:/ETAS/Compiler/INTECRIO5.0/QNXCompiler-V6.5\host\win32\x86/usr/lib/gcc/powerpc-unknown-nto-qnx6.5.0/4.4.2/spe/crtend.o
 .text          0x4804d2e0        0x0 C:/ETAS/Compiler/INTECRIO5.0/QNXCompiler-V6.5\target\qnx6/ppcbe-spe/lib/crtn.o
 .text          0x4804d2e0     0x23b4 C:\Program Files (x86)\ETAS\INTECRIO5.0\Target\Etarget\ES910\libes910.a(i_rtautil.o)
                0x4804d608                etasActivateTaskViaIsr
                0x4804eb04                startTaskHookMon
                0x4804dbac                ErrorHook
                0x4804d3b0                osTraceStopwatch
                0x4804d924                switchToInactiveAppMode
                0x4804d2ec                isAppModeSwitchPending
                0x4804e80c                etasStartIsrHookMon
                0x4804ea1c                etasStartIsrHook
                0x4804d4e0                getModelRuntime
                0x4804d634                restartModelProcess
                0x4804d2e0                GetNextAppMode
                0x4804d558                etasActivateTaskWithIdViaIsrHandler
                0x4804e908                etasEndIsrHook
                0x4804d31c                checkInterruptOccurence
                0x4804ee30                osekThreadSuspendRtSignals
                0x4804e940                etasEndIsrHookMon
                0x4804d8ec                getCurTaskMonitor
                0x4804dae8                GetStopwatchUncertainty
                0x4804eca0                endTaskHook
                0x4804d9d4                delayInitExitTask
                0x4804d338                rtaInitTarget
                0x4804db40                OverrunHook
                0x4804d5c4                etasActivateTaskWithIdViaIsr
                0x4804ebdc                startTaskHook
                0x4804d424                etasDeInstallOsErrorHook
                0x4804f134                applicationModeManager
                0x4804d6f4                terminateModelProcess
                0x4804e52c                StartupHook
                0x4804edf4                osekThreadResumeRtSignals
                0x4804d8a0                lockCriticalSection
                0x4804d7b8                isRtaOsekThreadContext
                0x4804d3b8                isInsideInitExitTask
                0x4804d3e4                isInsideExitTask
                0x4804ded8                ShutdownHook
                0x4804d7ec                unlockCriticalSection
                0x4804d3fc                etasInstallOsErrorHook
                0x4804ed18                endTaskHookMon
                0x4804d308                resetInterruptFlag
                0x4804d3a8                GetStopwatch
                0x4804d334                etasRTATraceInitProcess
                0x4804d39c                GetDeltaT
                0x4804d450                SetNextAppMode
                0x4804da9c                tempMgrRegisterSigtermEvent
                0x4804d3cc                isInsideInitTask
                0x4804d328                getLastInterruptTimeTicks
 .text          0x4804f694     0x2058 C:\Program Files (x86)\ETAS\INTECRIO5.0\Target\Etarget\ES910\libes910.a(t_driverThreads.o)
                0x48050480                osek_sendto
                0x4804fd18                osek_msync
                0x4804fa78                osek_vfprintf
                0x48050af8                osek_MsgReceive
                0x48050860                osek_MsgRead
                0x4805030c                osek_cmsSendMessage
                0x4804f81c                osek_malloc
                0x4804f7d0                osek_free
                0x4804f75c                osek_fsync
                0x4804ff00                osek_unlink
                0x4804fbb8                osek_munmap
                0x48050558                osek_devctl
                0x4805073c                osek_close
                0x48050220                osek_cmsReceiveMessage
                0x4804ff74                osek_system
                0x480509c0                osek_MsgError
                0x48050d1c                osek_send
                0x48050a48                osek_MsgReply
                0x4804fb30                osek_ftruncate
                0x48050910                osek_MsgWrite
                0x4804fe64                osek_lseek
                0x48050ba8                osek_MsgSend
                0x480503a8                osek_recvfrom
                0x4804fdb4                osek_fwrite
                0x4804f9ac                osek_vslogf
                0x4804ffe8                osek_cmsReceiveMessageEx
                0x4804f694                etasSetNumberOfDriverThreads
                0x48050dcc                etasCreateDriverThread
                0x4804fc40                osek_mmap
                0x480506a0                osek_write
                0x48050c6c                osek_recv
                0x4804f890                osek_etasLogCoreFeedRecordToBackends
                0x48050604                osek_read
                0x48050170                osek_cmsErrorState
                0x480500d4                osek_cmsSendMessageEx
                0x480507b0                osek_open
 .text          0x480516ec      0x8fc C:\Program Files (x86)\ETAS\INTECRIO5.0\Target\Etarget\ES910\libes910.a(t_idle.o)
                0x48051f10                initRtaTraceSupport
                0x48051920                etasIdleProcess
                0x480517ac                signalStartupHookTermination
                0x48051738                apsGetPartitionId
                0x480517dc                apsJoinPartition
                0x4805177c                signalShutdownHookTermination
                0x48051744                getSysLoad
                0x480516ec                etasInstallIdleHook
                0x48051714                etasDeInstallIdleHook
 .text          0x48051fe8     0x1fcc C:\Program Files (x86)\ETAS\INTECRIO5.0\Target\Etarget\ES910\libes910.a(t_l1com.o)
                0x48051fe8                setL1ComBufferSize
                0x48052028                l1SetBusyState
                0x480521a8                l1SignalIdleState
                0x48052550                waitForL1Request
                0x48052b40                createL1ModelThread
                0x48052a8c                serveL1Request
                0x48052498                etasL1Process
 .text          0x48053fb4      0xcc4 C:\Program Files (x86)\ETAS\INTECRIO5.0\Target\Etarget\ES910\libes910.a(t_main.o)
                0x48054210                main
 .text          0x48054c78      0x9f0 C:\Program Files (x86)\ETAS\INTECRIO5.0\Target\Etarget\ES910\libes910.a(t_mlog.o)
                0x48054c9c                getDriverLogging
                0x48054ca8                getUserSeverity
                0x48054c90                getUserLogging
                0x48054d34                mlog_setSeverityFilterUser
                0x48054d08                mlog_setSeverityFilterDrv
                0x48054cb4                getDriverSeverity
                0x480553f0                mlog_init
                0x480550f4                mlog_updateLoggingConfiguration
                0x48054c78                getUserLogChan
                0x480551e0                mlog_startLogConfigThread
                0x48054c84                getDrvLogChan
                0x48054cc0                mlog_debugLog
 .text          0x48055668      0xfac C:\Program Files (x86)\ETAS\INTECRIO5.0\Target\Etarget\ES910\libes910.a(t_qnxtargetutil.o)
                0x48055b94                qnxThreadJoinPartition
                0x480558c4                qnxLockSetSockEnvironmentVariable
                0x48055fe4                qnxPrintProcesses
                0x48055678                qnxCheckBootFromFlash
                0x48055f14                qnxPrintCpuLoad
                0x48055694                qnxCheckHaltedModel
                0x480556bc                qnxRestoreUnlockSockEnvironmentVariable
                0x48055668                qnxSetBootFromFlash
                0x4805652c                qnxPrintSavedErrorMessages
                0x480556a0                qnxSetStandalone
                0x48055eb0                qnxAdjustThreadPriority
                0x48055684                qnxSetHaltedModel
                0x48055c14                qnxGetSetRunInheritMask
                0x480556b0                qnxCheckStandalone
 .text          0x48056614      0x638 C:\Program Files (x86)\ETAS\INTECRIO5.0\Target\Etarget\ES910\libes910.a(t_targetutil.o)
                0x48056664                initL2CachePerfMeas
                0x48056b8c                es910GetSerialNumber
                0x48056614                GetSystemTimeLow
                0x48056b34                es910GetPcbRevision
                0x48056b68                es910PiggyGetSerialNumber
                0x480567c0                getL2CachePerf
                0x480568c8                es910PrintFwVersions
                0x4805676c                getL2CachePerfRaw
                0x48056624                GetSystemTime
                0x48056c18                es910MapCCSRMemoryRange
                0x4805661c                GetSystemTimeHigh
                0x48056b00                es910PiggyGetPcbRevision
                0x48056bb0                waitMicroseconds
 .text          0x48056c4c      0x2f4 C:\Program Files (x86)\ETAS\INTECRIO5.0\Target\Etarget\ES910\libes910.a(t_watchdog.o)
                0x48056c5c                wdDisableAutoService
                0x48056d24                etasServiceWatchdog
                0x48056cb4                wdService
                0x48056d9c                wdSetEventPeriod
                0x48056c4c                wdEnableAutoService
                0x48056c6c                wdSetApplicationName
                0x48056cf4                triggerWD
                0x48056c78                wdDisconnect
 .text          0x48056f40      0x848 C:\Program Files (x86)\ETAS\INTECRIO5.0\Target\Etarget\ES910\libes910.a(p_chario.o)
                0x480574f4                IOWrite
                0x48056f40                IOIsLogOn
                0x48056f4c                IOLogOff
                0x48056fa8                IOLogOn
                0x48057274                IOPrintf
 .text          0x48057788      0x31c C:\Program Files (x86)\ETAS\INTECRIO5.0\Target\Etarget\ES910\libes910.a(t_hwTimeSync.o)
                0x48057788                es9xxTimeSyncGetTimerValue
                0x4805787c                es9xxTimeSyncGetTimerStatus
                0x480579d0                es9xxTimeSyncInit
                0x4805780c                getLocalSystemTime
 .text          0x48057aa4      0x224 C:\Program Files (x86)\ETAS\INTECRIO5.0\Target\Etarget\ES910\libes910.a(t_led.o)
                0x48057aa4                userLed2Off
                0x48057b3c                userLed2Toggle
                0x48057c48                ledsOff
                0x48057c10                userLed1Toggle
                0x48057bc4                userLed1On
                0x48057b74                userLed1Off
                0x48057af0                userLed2On
 .text          0x48057cc8     0x2178 C:\Program Files (x86)\ETAS\INTECRIO5.0\Target\Etarget\ES910\libtarget.a(a_dacqui.o)
                0x4805931c                asdSimPreCall
                0x48059dd0                asdSimPostCall
                0x480593a0                getDacqTimeFor
                0x48059cc8                storeMeasureDataForGroup
                0x48059518                applicationStartUserMode
                0x480594f0                resetLogSimulationTime
                0x48057f80                etasAscetLoggingBufferFillLevel
                0x48059464                getLogSimulationTime
                0x48057fb4                etasAscetLoggingOverflowCounter
                0x48057ff8                asdDisableUserDefinedTime
                0x4805948c                getSimulationTime
                0x48057f1c                setSimulationTime
                0x48057fe8                asdEnableUserDefinedTime
                0x48059058                checkForBufferOverflow
                0x480594b8                resetDacqTimeFor
                0x48057ef0                setLogSimulationTime
                0x48057ee8                setDacqTimeFor
                0x48057cc8                applicationStopUserMode
                0x480595f8                timeMeasurementStop
                0x48057f4c                etasAscetLoggingBufferSize
                0x480596a0                logDataForChannel
                0x48059aec                storeLogDataForGroup
                0x4805964c                timeMeasurementStart
                0x48059598                timeInSeconds
 .text          0x48059e40       0xd8 C:\Program Files (x86)\ETAS\INTECRIO5.0\Target\Etarget\ES910\libtarget.a(a_l1pro.o)
                0x48059e40                forwardToProcess
                0x48059e9c                startUpSimulation
 .text          0x48059f18     0x4c88 C:\Program Files (x86)\ETAS\INTECRIO5.0\Target\Etarget\ES910\libtarget.a(a_primit.o)
                0x4805e664                v3_initInstance_uint16
                0x4805bdbc                Vec_uint32_getAtProtected
                0x4805d2e0                v3_initInstance_Mat_real64
                0x4805c988                v3_initInstance_Mat_bool
                0x4805e2e0                initInstance_GroupCharTable2
                0x4805df1c                initInstance_Vec_real32
                0x4805b54c                Mat_sint16_setAtProtected
                0x4805b3c4                Mat_uint16_setAtProtected
                0x4805d08c                v3_initInstance_Mat_sint8
                0x4805d1b4                v3_initInstance_Mat_real32
                0x4805cd0c                v3_initInstance_Mat_uint16
                0x4805bc30                Vec_qreal64_getAtProtected
                0x4805eb30                delete_Mat
                0x4805a7a0                addVector
                0x4805d5c4                v3_initInstance_Vec_bool
                0x4805ce14                initInstance_Mat_uint16
                0x4805e2bc                initInstance_uint32
                0x4805e768                initInstance_sint16
                0x4805c5e8                qreal64_set
                0x4805e924                initInstance_real32
                0x4805dcbc                initInstance_Vec_uint8
                0x4805ea70                delete_CharTable2
                0x4805c148                Vec_uint8_getAtProtected
                0x4805e6d4                initInstance_uint16
                0x48059fa4                removeMatrix
                0x4805c0cc                Vec_uint8_setAtProtected
                0x4805cbe0                v3_initInstance_Mat_sint32
                0x4805d6d0                initInstance_Vec_bool
                0x4805ae2c                Mat_real64_getAtProtected
                0x4805ad3c                Mat_real64_setAtProtected
                0x4805ca90                initInstance_Mat_bool
                0x4805d930                initInstance_Vec_sint32
                0x4805e78c                v3_initInstance_uint8
                0x4805c4dc                Vec_qreal64_setAtProtected
                0x4805a66c                addMatrix
                0x4805c7c4                v3_initInstance_Mat_qreal64
                0x4805b91c                Mat_sint8_getAtProtected
                0x4805e468                initInstance_GroupCharTable1
                0x4805b618                Mat_sint16_getAtProtected
                0x4805d6f4                v3_initInstance_Vec_uint32
                0x4805c224                Vec_sint8_getAtProtected
                0x4805b308                Mat_sint32_getAtProtected
                0x4805c288                qreal64_adjust
                0x4805eb68                delete_Vec
                0x4805da84                v3_initInstance_Vec_sint16
                0x4805db90                initInstance_Vec_sint16
                0x4805bb10                Vec_real64_setAtProtected
                0x4805bf04                Vec_uint16_setAtProtected
                0x4805bc58                Vec_real32_setAtProtected
                0x4805d068                initInstance_Mat_uint8
                0x4805b180                Mat_uint32_getAtProtected
                0x48059f24                getBasicType
                0x4805de0c                v3_initInstance_Vec_real32
                0x4805c3ac                Mat_qreal64_setAtProtected
                0x4805baac                Vec_bool_getAtProtected
                0x4805e9c0                initInstance_real64
                0x4805d58c                initInstance_Vec_qreal64
                0x4805eab0                delete_GroupCharTable1
                0x4805e5d0                v3_initInstance_sint32
                0x4805d2bc                initInstance_Mat_real32
                0x4805c1a8                Vec_sint8_setAtProtected
                0x4805aff8                Mat_real32_getAtProtected
                0x4805ba2c                Vec_bool_setAtProtected
                0x4805a094                removeVector
                0x4805ac80                Mat_bool_getAtProtected
                0x4805eaf0                delete_CharTable1
                0x4805e640                initInstance_sint32
                0x4805cab4                v3_initInstance_Mat_uint32
                0x4805e890                initInstance_sint8
                0x4805e3a4                initInstance_CharTable2
                0x4805e180                initInstance_qreal64
                0x4805b0b4                Mat_uint32_setAtProtected
                0x4805b490                Mat_uint16_getAtProtected
                0x4805d3e8                initInstance_Mat_real64
                0x4805e948                v3_initInstance_real64
                0x4805e24c                v3_initInstance_uint32
                0x48059f30                getPrimitiveType
                0x4805ab1c                Mat_setCurSizeYProtected
                0x4805dce0                v3_initInstance_Vec_sint8
                0x4805e7fc                initInstance_uint8
                0x4805d954                v3_initInstance_Vec_uint16
                0x48059f18                getTypeSize
                0x4805cce8                initInstance_Mat_sint32
                0x4805e8b4                v3_initInstance_real32
                0x4805ea30                delete_GroupCharTable2
                0x4805abb4                Mat_bool_setAtProtected
                0x4805cbbc                initInstance_Mat_uint32
                0x4805e228                initInstance_bool
                0x4805bd3c                Vec_uint32_setAtProtected
                0x4805d40c                v3_initInstance_Vec_qreal64
                0x4805c948                initInstance_Mat_qreal64
                0x4805af04                Mat_qreal64_getAtProtected
                0x4805dbb4                v3_initInstance_Vec_uint8
                0x4805bea0                Vec_sint32_getAtProtected
                0x4805cf40                initInstance_Mat_sint16
                0x4805bf84                Vec_uint16_getAtProtected
                0x4805b9d8                Vec_setCurSizeProtected
                0x4805e820                v3_initInstance_sint8
                0x4805bbb0                Vec_real64_getAtProtected
                0x4805b6d4                Mat_uint8_setAtProtected
                0x4805d800                initInstance_Vec_uint32
                0x4805ce38                v3_initInstance_Mat_sint16
                0x4805be20                Vec_sint32_setAtProtected
                0x4805e9e4                initInstance_reference
                0x4805c068                Vec_sint16_getAtProtected
                0x4805b854                Mat_sint8_setAtProtected
                0x4805ab68                Mat_setCurSizeXProtected
                0x4805e1b8                v3_initInstance_bool
                0x4805e51c                initInstance_CharTable1
                0x4805e070                v3_initInstance_qreal64
                0x4805c730                initInstance_quantInfo
                0x4805af2c                Mat_real32_setAtProtected
                0x4805d190                initInstance_Mat_sint8
                0x4805d824                v3_initInstance_Vec_sint32
                0x4805bcd8                Vec_real32_getAtProtected
                0x4805b23c                Mat_sint32_setAtProtected
                0x4805dde8                initInstance_Vec_sint8
                0x4805bfe8                Vec_sint16_setAtProtected
                0x4805b79c                Mat_uint8_getAtProtected
                0x4805e6f8                v3_initInstance_sint16
                0x4805cf64                v3_initInstance_Mat_uint8
                0x4805da60                initInstance_Vec_uint16
                0x4805e04c                initInstance_Vec_real64
                0x4805df40                v3_initInstance_Vec_real64
 .text          0x4805eba0       0x20 C:\Program Files (x86)\ETAS\INTECRIO5.0\Target\Etarget\ES910\libtarget.a(a_sysver.o)
                0x4805ebb4                getBuildRevision
                0x4805eba0                getSystemLibVersion
                0x4805ebac                getSystemLibCid
 .text          0x4805ebc0     0x305c C:\Program Files (x86)\ETAS\INTECRIO5.0\Target\Etarget\ES910\libtarget.a(a_targma.o)
                0x4805fac0                perfMeasStop
                0x48060490                asdMalloc
                0x48060884                addToActiveSimObjList
                0x4805ed40                getTargetL1BufferSizeCode
                0x48060a14                asdWriteUserError
                0x4805ecd8                setTargetL1BufferSize
                0x4806134c                perfMeasDisplay
                0x4805eca4                getSimObjPtr
                0x4805fd90                asdFree
                0x480609e8                asdClearUserError
                0x4805ed98                resetPerfMeasObj
                0x48060264                asdMallocNoInit
                0x48061204                asdWriteUserDebug
                0x4805ebf0                searchInActiveList
                0x4806043c                asdCalloc
                0x4805ed34                getTargetL1BufferSize
                0x4805ec4c                removeFromActiveSimObjList
                0x4805fb68                perfMeasStart
                0x4805ebcc                instanceTreeMallocOn
                0x480603bc                createPerfMeasObj
                0x48061594                etasInitModelProcess
                0x4805f564                getObjectsRecursive
                0x4805fbd4                availableMemory
                0x4805ebdc                instanceTreeMallocOff
                0x4805fc88                asdFreeAll
                0x48060724                updateCTBlocks
                0x480600ec                asdRealloc
                0x480600ac                deletePerfMeasObj
                0x4805ebc0                getInstanceTreeMemoryConsumption
 .text          0x48061c1c     0x14ac C:\Program Files (x86)\ETAS\INTECRIO5.0\Target\Etarget\ES910\libtarget.a(i_cpyfnc.o)
                0x48061f4c                copyPlainFromFloat
                0x48062a78                copyScalSatTypeSatFromFloat
                0x480630b0                copyInt
                0x480630bc                copyDouble
                0x480630a4                copyShort
                0x480625e0                copyScalFromValidFloat
                0x48062824                copyScalSatFromFloat
                0x4806216c                copySatFromFloat
                0x48061c1c                copyPlainToFloat
                0x48061e6c                copyScalSatToFloat
                0x48061db4                copyScalToFloat
                0x48063098                copyByte
                0x48062e3c                copyBoolSatFromFloat
                0x48061ce8                copySatToFloat
                0x480623b0                copyScalFromFloat
 .text          0x480630c8     0x5394 C:\Program Files (x86)\ETAS\INTECRIO5.0\Target\Etarget\ES910\libtarget.a(i_mapfnc.o)
                0x48063518                var2BufByteOffsetReal64
                0x48065894                var2BufBypassSint8
                0x48064530                var2Buf64BitIntelSint32
                0x4806374c                var2BufByteOffsetBool
                0x480666cc                var2BufIndirectMotorolaReal32
                0x480634d4                buf2VarSimpleUint8
                0x480637e0                buf2VarByteOffsetSint32
                0x48066a40                buf2VarIndirectMotorolaSint32
                0x48067c50                var2BufIndirectIntelSint16
                0x48068408                bufGenFrameInit
                0x4806656c                buf2VarGenFrameIntelSint32
                0x4806814c                buf2VarBypassIntelUint16
                0x48063c38                var2Buf64BitMotorolaUint16
                0x480643f8                var2Buf64BitIntelUint32
                0x48064ca4                buf2Var64BitMotorolaReal32
                0x48065654                var2BufBypassMotorolaReal64
                0x48063d00                var2Buf64BitMotorolaSint16
                0x48063644                var2BufByteOffsetSint16
                0x4806348c                buf2VarSimpleSint32
                0x480659e0                buf2VarBypassMotorolaSint32
                0x48063830                buf2VarByteOffsetSint8
                0x48066790                var2BufIndirectMotorolaUint16
                0x480659b0                buf2VarBypassMotorolaUint32
                0x48064f74                buf2Var64BitMotorolaUint8
                0x48067f80                var2BufBypassMaskedIntelBoolUint32
                0x480669a0                buf2VarIndirectMotorolaReal64
                0x48063384                var2BufSimpleBool
                0x480663ac                buf2VarGenFrameMotorolaSint32
                0x48064e90                buf2Var64BitMotorolaSint32
                0x48063f50                var2Buf64BitMotorolaBool
                0x4806652c                buf2VarGenFrameIntelUint32
                0x480662ec                var2BufGenFrameIntelBool
                0x480662ac                var2BufGenFrameIntelSint8
                0x4806602c                var2BufGenFrameMotorolaSint16
                0x480666ac                var2BufIndirectMotorolaReal64
                0x4806369c                var2BufByteOffsetUint8
                0x480638e0                var2Buf64BitMotorolaUint64
                0x48065fec                var2BufGenFrameMotorolaUint16
                0x480681dc                buf2VarBypassIntelUint32
                0x48068318                var2BufBypassIntelSint32
                0x48063448                buf2VarSimpleReal64
                0x48065a90                buf2VarBypassIntelReal64
                0x480637f4                buf2VarByteOffsetUint16
                0x480631c0                var2BufSimpleSint32
                0x48065de8                var2BufBypassMaskedUint8
                0x48065b68                var2BufBypassMaskedMotorolaUint32
                0x480636f4                var2BufByteOffsetSint8
                0x48064118                var2Buf64BitIntelUint64
                0x480669d4                buf2VarIndirectMotorolaReal32
                0x48065960                buf2VarBypassMotorolaReal64
                0x480660ec                var2BufGenFrameMotorolaBool
                0x48064668                var2Buf64BitIntelUint16
                0x4806353c                var2BufByteOffsetUint32
                0x48067b1c                buf2VarIndirectIntelUint16
                0x48063848                buf2VarByteOffsetBool
                0x48067e68                var2BufBypassMaskedIntelSint16
                0x480633ec                var2BufSimpleUint8Bool
                0x48065734                var2BufBypassMotorolaUint16
                0x48067ef4                var2BufBypassMaskedIntelUint16
                0x48063474                buf2VarSimpleUint32
                0x480660ac                var2BufGenFrameMotorolaSint8
                0x48064048                var2Buf64BitIntelReal32
                0x48066bcc                buf2VarIndirectSint8
                0x48064cec                buf2Var64BitMotorolaUint64
                0x48065f6c                var2BufGenFrameMotorolaUint32
                0x48066fbc                var2BufGenFrameMotorolaReal64
                0x4806837c                var2BufBypassIntelUint32
                0x4806646c                buf2VarGenFrameMotorolaUint8
                0x48064ed8                buf2Var64BitMotorolaUint16
                0x480655c0                buf2Var64BitIntelSint8
                0x4806612c                var2BufGenFrameIntelReal32
                0x48065074                buf2Var64BitIntelReal32
                0x48063ff4                var2Buf64BitIntelReal64
                0x48065ca4                var2BufBypassMaskedMotorolaUint16
                0x48064288                var2Buf64BitIntelSint64
                0x480661ec                var2BufGenFrameIntelUint16
                0x48067a1c                buf2VarGenFrameIntelReal64
                0x4806578c                var2BufBypassMotorolaSint16
                0x48068220                buf2VarBypassIntelReal32
                0x48068198                buf2VarBypassIntelSint32
                0x48063594                var2BufByteOffsetSint32
                0x480651e4                buf2Var64BitIntelSint64
                0x4806632c                buf2VarGenFrameMotorolaReal32
                0x48068434                bufBypassInit
                0x480653fc                buf2Var64BitIntelUint16
                0x48065c48                var2BufBypassMaskedMotorolaBoolUint32
                0x48067d64                var2BufIndirectIntelUint32
                0x4806642c                buf2VarGenFrameMotorolaSint16
                0x48063dc8                var2Buf64BitMotorolaUint8
                0x480650f0                buf2Var64BitIntelUint64
                0x480665ec                buf2VarGenFrameIntelSint16
                0x480661ac                var2BufGenFrameIntelSint32
                0x4806770c                buf2VarGenFrameMotorolaReal64
                0x48065528                buf2Var64BitIntelUint8
                0x48065ed0                var2BufBypassMaskedBoolUint8
                0x480675ec                buf2VarGenFrameMotorolaUint64
                0x48066ac8                buf2VarIndirectMotorolaSint16
                0x480664ec                buf2VarGenFrameIntelReal32
                0x48063ab8                var2Buf64BitMotorolaUint32
                0x48067dc0                var2BufIndirectIntelReal32
                0x48063528                var2BufByteOffsetReal32
                0x48067df0                var2BufBypassMaskedIntelBoolUint16
                0x48065b30                buf2VarBypassSint8
                0x48064a24                var2Buf64BitIntelSint8
                0x48063b78                var2Buf64BitMotorolaSint32
                0x48065494                buf2Var64BitIntelSint16
                0x480648e8                var2Buf64BitIntelUint8
                0x48066e8c                var2BufGenFrameMotorolaUint64
                0x480663ec                buf2VarGenFrameMotorolaUint16
                0x48065af8                buf2VarBypassUint8
                0x48063884                var2Buf64BitMotorolaReal32
                0x480665ac                buf2VarGenFrameIntelUint16
                0x480634e8                buf2VarSimpleSint8
                0x480666e8                var2BufIndirectMotorolaUint32
                0x48067898                buf2VarGenFrameIntelSint64
                0x48065a50                buf2VarBypassMotorolaSint16
                0x48063164                var2BufSimpleUint32
                0x480674c8                buf2VarGenFrameMotorolaSint64
                0x4806385c                buf64BitInit
                0x48066b14                buf2VarIndirectIntelReal64
                0x48067c14                buf2VarIndirectIntelReal32
                0x480656dc                var2BufBypassMotorolaSint32
                0x480682b4                var2BufBypassIntelUint16
                0x480664ac                buf2VarGenFrameMotorolaSint8
                0x48066d5c                var2BufGenFrameMotorolaSint64
                0x48065d18                var2BufBypassMaskedMotorolaSint16
                0x48065d8c                var2BufBypassMaskedMotorolaBoolUint16
                0x480672b4                var2BufGenFrameIntelUint64
                0x4806606c                var2BufGenFrameMotorolaUint8
                0x480632d4                var2BufSimpleUint8
                0x480637b8                buf2VarByteOffsetReal32
                0x480668ec                var2BufIndirectSint8
                0x4806345c                buf2VarSimpleReal32
                0x48067b74                buf2VarIndirectIntelSint32
                0x48068250                var2BufBypassIntelSint16
                0x48064e48                buf2Var64BitMotorolaUint32
                0x48065684                var2BufBypassMotorolaUint32
                0x4806807c                var2BufBypassMaskedIntelUint32
                0x48066838                var2BufIndirectIntelReal64
                0x48065e5c                var2BufBypassMaskedSint8
                0x480637cc                buf2VarByteOffsetUint32
                0x4806622c                var2BufGenFrameIntelSint16
                0x48063500                buf2VarSimpleBool
                0x480634a4                buf2VarSimpleUint16
                0x48064fc4                buf2Var64BitMotorolaSint8
                0x48065a18                buf2VarBypassMotorolaUint16
                0x480637a8                buf2VarByteOffsetReal64
                0x48067d08                var2BufIndirectIntelSint32
                0x48066a84                buf2VarIndirectMotorolaUint16
                0x4806795c                buf2VarGenFrameIntelUint64
                0x480657e4                var2BufBypassIntelReal64
                0x480652dc                buf2Var64BitIntelUint32
                0x48064f28                buf2Var64BitMotorolaSint16
                0x48065fac                var2BufGenFrameMotorolaSint32
                0x48064c80                buf2Var64BitMotorolaReal64
                0x48064d98                buf2Var64BitMotorolaSint64
                0x48063808                buf2VarByteOffsetSint16
                0x48066898                var2BufIndirectUint8
                0x4806662c                buf2VarGenFrameIntelUint8
                0x48067cac                var2BufIndirectIntelUint16
                0x48066b88                buf2VarIndirectUint8
                0x48066940                var2BufIndirectBool
                0x480683e0                var2BufBypassIntelReal32
                0x4806616c                var2BufGenFrameIntelUint32
                0x4806321c                var2BufSimpleUint16
                0x4806673c                var2BufIndirectMotorolaSint32
                0x4806636c                buf2VarGenFrameMotorolaUint32
                0x480635ec                var2BufByteOffsetUint16
                0x48065010                buf2Var64BitIntelReal64
                0x4806536c                buf2Var64BitIntelSint32
                0x48065f2c                var2BufGenFrameMotorolaReal32
                0x48063e8c                var2Buf64BitMotorolaSint8
                0x48066c10                formulaOutReal64
                0x4806332c                var2BufSimpleSint8
                0x4806666c                buf2VarGenFrameIntelSint8
                0x48066c2c                formulaInReal64
                0x48063870                var2Buf64BitMotorolaReal64
                0x48063278                var2BufSimpleSint16
                0x4806626c                var2BufGenFrameIntelUint8
                0x4806598c                buf2VarBypassMotorolaReal32
                0x48066a04                buf2VarIndirectMotorolaUint32
                0x4806736c                var2BufGenFrameIntelReal64
                0x480667e4                var2BufIndirectMotorolaSint16
                0x480647a8                var2Buf64BitIntelSint16
                0x4806583c                var2BufBypassUint8
                0x480634bc                buf2VarSimpleSint16
                0x48067bc4                buf2VarIndirectIntelUint32
                0x48065bd8                var2BufBypassMaskedMotorolaSint32
                0x48067ac4                buf2VarIndirectIntelSint16
                0x48063138                var2BufSimpleReal64
                0x48065670                var2BufBypassMotorolaReal32
                0x4806381c                buf2VarByteOffsetUint8
                0x480671fc                var2BufGenFrameIntelSint64
                0x48067ff8                var2BufBypassMaskedIntelSint32
                0x480639cc                var2Buf64BitMotorolaSint64
                0x48068100                buf2VarBypassIntelSint16
                0x4806314c                var2BufSimpleReal32
                0x480658ec                var2BufBypassBool
                0x48064b60                var2Buf64BitIntelBool
 .text          0x4806845c      0xee4 C:\Program Files (x86)\ETAS\INTECRIO5.0\Target\Etarget\ES910\libtarget.a(i_osman.o)
                0x48069144                etasRemoveStopUserModeCallback
                0x480689b0                activateTaskWithId
                0x48068518                findCurAppModeName
                0x48068684                getTaskIdForTask
                0x48068788                clearMeasureGroupForTask
                0x48068820                clearLogGroupForTask
                0x48069020                etasInitTaskTerminationHook
                0x48068864                isModelStarted
                0x48068480                getEEId
                0x480685b4                getTaskPtrForId
                0x48069308                etasAddInitTaskTerminationCallback
                0x4806888c                updateUserModeState
                0x480692d0                etasAddStopUserModeCallback
                0x48068f1c                etasStopUserModeHook
                0x4806845c                etasInitOsProcess
                0x480686c4                findCurTaskName
                0x480687ac                setMeasureGroupForTask
                0x48068844                setLogGroupForTask
                0x4806917c                etasRemoveInitTaskTerminationCallback
 .text          0x48069340     0x71d8 C:\Program Files (x86)\ETAS\INTECRIO5.0\Target\Etarget\ES910\libtarget.a(i_rtioma.o)
                0x4806937c                rtioCheckStartup
                0x480693d8                registerRtioDriverLockedCallback
                0x480693cc                etasRtioInitProcess
                0x4806fcac                rtioHook
                0x4806f588                rtioSignalDriverLock
                0x480693d4                etasRtioExitProcess
                0x4806f454                etasRtioIntDisableProcess
                0x48069370                rtioSetConfigState
                0x48069458                deRegisterRtioDriverLockedCallback
                0x4806f4a8                rtioSignalDriverUnlock
                0x4806f474                etasRtioStartupProcess
                0x48069364                rtioGetConfigState
                0x480694dc                rtioGetDriverLockedState
                0x480693c0                rtioIsOsExpertModeActive
                0x480693b4                rtioGetHwAbsenceBehavior
                0x48069340                rtioSetLogPort
                0x480693d0                etasRtioIntEnableProcess
                0x4806934c                rtioSetConfigId
 .text          0x48070518      0x550 C:\Program Files (x86)\ETAS\INTECRIO5.0\Target\Etarget\ES910\libtarget.a(i_salone.o)
                0x48070a14                crossbarPrepareReconnection
                0x48070824                crossbarGetNextConfigResponse
                0x48070680                playbackConfigL1Records
                0x480709c0                rtioPrepareReconnection
                0x48070928                crossbarFinishReconnection
                0x480707b8                rtioGetNextConfigResponse
                0x48070890                rtioFinishReconnection
 .text          0x48070a68     0x13e0 C:\Program Files (x86)\ETAS\INTECRIO5.0\Target\Etarget\ES910\libtarget.a(t_croman.o)
                0x48070a74                crossbarSetConfigId
                0x48070a8c                crossbarGetConfigState
                0x48070a68                crossbarSetLogPort
                0x48070a98                crossbarSetConfigState
                0x48071d8c                crossbarHook
 .text          0x48071e48     0x1cf0 C:\Program Files (x86)\ETAS\INTECRIO5.0\Target\Etarget\ES910\libtarget.a(t_nvram.o)
                0x48071f7c                nvramClear
                0x48071f2c                nvramEnableAutoUpdate
                0x48071fb4                nvramResetStatistics
                0x48071e48                nvramSetUpdateInterval
                0x48071f20                nvramGetConsistencyLevel
                0x480730dc                nvramUpdateMemoryBackground
                0x4807353c                nvramInit
                0x48071f70                nvramCheckRunningUpdate
                0x48073040                nvramManualUpdateExit
                0x48072f08                nvramManualUpdateBackground
                0x48071f60                nvramCheckForAutoUpdate
                0x480732cc                nvramInitModelVars
                0x48071fa8                nvramCheckForInitializedVars
                0x480724d8                nvramGetUpdateAgeMs
                0x48072dd4                nvramManualUpdateBlocked
                0x48071f00                nvramSetConsistencyLevel
                0x48071f48                nvramDisableAutoUpdate
                0x48072018                nvramGetStatistics
                0x48071e9c                nvramGetUpdateInterval
 .text          0x48073b38      0x6ec C:\Program Files (x86)\ETAS\INTECRIO5.0\Target\Etarget\ES910\libtarget.a(t_objlis.o)
                0x4807412c                createObjList
                0x48073b38                dumpObjList
 .text          0x48074224      0xcf8 C:\Program Files (x86)\ETAS\INTECRIO5.0\Target\Etarget\ES910\libtarget.a(t_rtcros.o)
                0x4807443c                getObjectFromDynamicInstanceTree
                0x48074230                deleteInstance_container
                0x480748e0                removeObjectFromDynamicInstanceTree
                0x480742cc                initInstance_container
                0x48074ab0                getValuePtr
                0x480749c8                addObjectToDynamicInstanceTree
                0x4807485c                getNextFreeRefIdOfDynamicInstanceTree
                0x48074224                rtcrosSetLogPort
                0x4807440c                createDynamicInstanceTree
                0x48074b28                processBlockCommands
 .text          0x48074f1c     0x1b38 C:\Program Files (x86)\ETAS\INTECRIO5.0\Target\Etarget\ES910\libtarget.a(t_sgman.o)
                0x48076918                sgHook
                0x4807507c                sgGetComVarPtr
                0x480768dc                deleteComVarCallback
                0x48074f1c                sgGetCurTime
                0x48076880                sgGetObjPtr
 .text          0x48076a54     0x14d0 C:\Program Files (x86)\ETAS\INTECRIO5.0\Target\Etarget\ES910\libtarget.a(y_primit.o)
                0x48077358                initInstance_columnDirMatrixWrapper
                0x48077e14                initInstance_charTable1Wrapper
                0x480778b0                initInstance_columnDirGroupCharTable2Wrapper
                0x480774bc                initInstance_matrixWrapper
                0x48077ab0                initInstance_groupCharTable1Wrapper
                0x48077770                initInstance_scalarWrapper
                0x480779b0                initInstance_groupCharTable2Wrapper
                0x48077620                initInstance_vectorWrapper
                0x48077cd8                initInstance_charTable2Wrapper
                0x48077b9c                initInstance_columnDirCharTable2Wrapper
 .text          0x48077f24     0x19c0 C:\Program Files (x86)\ETAS\INTECRIO5.0\Target\Etarget\ES910\libtarget.a(a1b_dacq.o)
                0x48078014                getA1bGroup
                0x4807929c                instanciateA1bChannel
                0x480787ac                getA1bChannelGroupUpdateOffline
                0x480796c4                storeA1bDataForGroup
                0x48078d60                destructA1bChannelGroup
                0x48079098                instanciateA1bGroup
                0x48078e38                freeA1bMeasureBuffers
                0x480796a4                allocateA1bMeasureBuffers
                0x48077fd0                addA1bChannelToA1bGroup
                0x48078b48                destructA1bChannel
                0x480780b0                removeA1bChannelFromA1bGroup
 .text          0x480798e4     0x1060 C:\Program Files (x86)\ETAS\INTECRIO5.0\Target\Etarget\ES910\libtarget.a(a_contai.o)
                0x48079ff4                dVectorRewindHeadReentrant
                0x48079f38                dVectorRemoveObject
                0x4807a0c4                dVectorCreate
                0x4807993c                dListGetObjectForward
                0x48079c38                dTableRemoveLastObject
                0x4807a670                dTableDelete
                0x48079d8c                dVectorGetObject
                0x48079924                dListRewindTailReentrant
                0x4807a11c                dTableCreate
                0x48079af4                dTableGetObject
                0x48079b90                dTableIsEmpty
                0x48079d74                dTableNofObjects
                0x48079994                dListGetObjectBackward
                0x4807a498                dTableAddObject
                0x4807a63c                dTableDeleteStatic
                0x48079ea0                dVectorRemoveLastObject
                0x48079e18                dVectorRemoveFirstObject
                0x48079bb0                dTableRemoveFirstObject
                0x48079910                dListRewindTail
                0x4807a218                dListAddObjectHead
                0x4807a8e4                dListDelete
                0x4807a6b4                dListRemoveObject
                0x480799ec                dListGetObjectAtIndex
                0x4807a2fc                dVectorAddObject
                0x480799c0                dListGetObjectBackwardReentrant
                0x48079ac0                dTableCreateStatic
                0x48079968                dListGetObjectForwardReentrant
                0x48079db8                dVectorRemoveObjectAtIndex
                0x48079ffc                dVectorGetObjectForwardReentrant
                0x4807a050                dVectorGetIndexOfLastEntry
                0x4807a7b4                dListRemoveObjectTail
                0x4807a174                dListAddObjectTail
                0x48079b2c                dTableRemoveObject
                0x4807a454                dVectorDelete
                0x4807a84c                dListRemoveObjectHead
                0x48079fd4                dVectorIsEmpty
                0x48079a7c                dListIsEmpty
                0x4807a2c0                dListCreate
                0x48079cd0                dTableTestFunc
                0x4807a038                dVectorNofObjects
                0x480798e4                dListRewindHead
                0x48079aa8                dListNofObjects
                0x480798f8                dListRewindHeadReentrant
 .text          0x4807a944     0x2378 C:\Program Files (x86)\ETAS\INTECRIO5.0\Target\Etarget\ES910\libtarget.a(t_sglow.o)
                0x4807b8a0                freeDataSignal
                0x4807bcd0                makeDataSignal
                0x4807b4b4                computeTimeSliceTimes
                0x4807b17c                setSinewaveSignal
                0x4807ab70                getIntervalNr
                0x4807b7b4                deleteTimeSlice
                0x4807ca20                freeChannel
                0x4807bd08                makeLinearSignal
                0x4807cb14                freeStimuliSet
                0x4807b2d4                setIntervalPulseSignal
                0x4807b904                freeInterval
                0x4807b288                setPulseSignal
                0x4807b460                setTimeSlice
                0x4807aaa8                insertTimeSlice
                0x4807bb64                makeSinewaveSignal
                0x4807c0a0                makeIntervalDataSignal
                0x4807af2c                binsearch
                0x4807b840                freeRandomSignal
                0x4807ae68                getLinearSignalY
                0x4807aa5c                getTimeSliceNr
                0x4807b598                getTimeSliceT
                0x4807c274                getRandomSignalY
                0x4807b860                freePulseSignal
                0x4807b394                setRandomSignal
                0x4807c770                getChannelY
                0x4807bc80                setIntervalDataSignal
                0x4807c494                getSinewaveSignalY
                0x4807cc28                makeStimuliSet
                0x4807ac90                computeIntervalTimes
                0x4807add0                setIntervalLinearSignal
                0x4807ba18                makeTimeSlice
                0x4807bd2c                makeIntervalRandomSignal
                0x4807a990                insertChannel
                0x4807abbc                insertInterval
                0x4807b3c8                setIntervalRandomSignal
                0x4807ace4                computeChannelTimes
                0x4807be48                makeIntervalPulseSignal
                0x4807ad9c                setLinearSignal
                0x4807b51c                computeStimuliSetTimes
                0x4807bae4                makeFunctionSignal
                0x4807a944                getChannelNr
                0x4807c9ac                resetStimuliSet
                0x4807b994                deleteInterval
                0x4807b64c                getT
                0x4807cba0                makeChannel
                0x4807bb1c                makeRandomSignal
                0x4807ac84                resetInterval
                0x4807c5c0                getIntervalY
                0x4807c33c                getPulseSignalY
                0x4807b1c8                setIntervalSinewaveSignal
                0x4807bb40                makePulseSignal
                0x4807b794                freeTimeSlice
                0x4807b4a0                resetTimeSlice
                0x4807afd0                getDataSignalY
                0x4807b880                freeSinewaveSignal
                0x4807b8e4                freeLinearSignal
                0x4807ca90                deleteChannel
                0x4807c15c                makeIntervalLinearSignal
                0x4807bb88                setDataSignal
                0x4807c8dc                resetChannel0
                0x4807bf74                makeIntervalSinewaveSignal
 .text          0x4807ccbc        0x0 C:\Program Files (x86)\ETAS\INTECRIO5.0\Target\Etarget\rtio\global\es910\librtio_gnu.a(comm_err.o)
 .text          0x4807ccbc       0xa0 C:\Program Files (x86)\ETAS\INTECRIO5.0\Target\Etarget\rtio\global\es910\librtio_gnu.a(p_rtio.o)
                0x4807ccbc                rtioSignalHwAccessEnd
                0x4807cd14                rtioSignalHwAccessBegin
 .text          0x4807cd5c      0xd38 C:\Program Files (x86)\ETAS\INTECRIO5.0\Target\Etarget\rtio\global\es910\librtio_gnu.a(p_rtio_s.o)
                0x4807da50                setupRTIO
                0x4807d440                es910IsEtherCATEnabled
                0x4807cd68                getMasterId
                0x4807cf80                rtioHwDetect
                0x4807d54c                rtioTestBoardPresence
                0x4807ce58                printDetectedHardware
                0x4807cd84                rtioGetNextDetectedHwTableEntry
                0x4807cd5c                es910RtioGetFpgaRegsGlobal
                0x4807d9c8                es910RtioMapFpgaRegsGlobal
                0x4807d924                es910RtioUnmapFpgaRegsGlobal
                0x4807cd70                rtioRewindDetectedHwTable
                0x4807d4d8                es910RtioIntDisable
 .text          0x4807da94      0xe18 C:\Program Files (x86)\ETAS\INTECRIO5.0\Target\Etarget\rtio\global\es910\librtio_gnu.a(rtio_err.o)
                0x4807dc70                clearErrMsgList
                0x4807dbcc                deactivateRtioMsgLists
                0x4807db38                installEtasPseudoGeoAdrBoardNames
                0x4807db14                installCommErrMessages
                0x4807db44                installUserBoardNames
                0x4807da94                initMessageTables
                0x4807dc04                getNextErrMsg
                0x4807ddc8                rtioGetBoardName
                0x4807db2c                installEtasAutoIdBoardNames
                0x4807e554                rtioErr
                0x4807daf4                mapErrorCode
                0x4807db50                installEtasVirtualBoardNames
                0x4807db5c                installMessages
                0x4807de5c                rtio_err_v3
                0x4807dbe0                rewindErrMsgList
                0x4807dcf8                clearCurErrMsg
                0x4807dbbc                activateRtioMsgLists
                0x4807e2d0                rtioErrV2
                0x4807db20                installEtasBoardNames
 .text          0x4807e8ac      0x638 C:\Program Files (x86)\ETAS\INTECRIO5.0\Target\Etarget\rtio\global\es910\librtio_gnu.a(fhc_emu.o)
                0x4807e8ac                fhc_get_module_name_port_name
                0x4807eb64                fhc_check_port_presence_rp
 .text          0x4807eee4      0x798 C:\Program Files (x86)\ETAS\INTECRIO5.0\Target\Etarget\ES910\rta_osek\librtk_s.a(ostarget.o)
                0x4807eee4                os_get_sw_int_info
                0x4807f200                os_pre_start
                0x4807f0b8                os_detach_interrupts
                0x4807ef6c                os_generate_sw_int
 .text          0x4807f67c       0x30 C:\Program Files (x86)\ETAS\INTECRIO5.0\Target\Etarget\ES910\rta_osek\librtk_s.a(osfptgt.o)
                0x4807f67c                os_fp_save
                0x4807f6a8                os_fp_restore_from
                0x4807f690                os_fp_restore
                0x4807f6a4                os_fp_save_to
 .text          0x4807f6ac       0x94 C:\Program Files (x86)\ETAS\INTECRIO5.0\Target\Etarget\ES910\rta_osek\librtk_s.a(osiwrap1.o)
                0x4807f6ac                os_cat1_wrapper
 .text          0x4807f740      0x288 C:\Program Files (x86)\ETAS\INTECRIO5.0\Target\Etarget\ES910\rta_osek\librtk_s.a(osxdspnf.o)
                0x4807f740                osek_dispatchN2F
 .text          0x4807f9c8      0x10c C:\Program Files (x86)\ETAS\INTECRIO5.0\Target\Etarget\ES910\rta_osek\librtk_s.a(osysd1hf.o)
                0x4807f9c8                os_fdispH1
 .text          0x4807fad4      0x2d4 C:\Program Files (x86)\ETAS\INTECRIO5.0\Target\Etarget\ES910\rta_osek\librtk_s.a(osysdfhf.o)
                0x4807fad4                os_fdispH2F