Archive member included because of file (symbol)

Car_State1/Car_State1.a(Car_State.o)
                              Car_State0/Car_State_instances.o (Car_State_U)
Disconnections1/Disconnections1.a(Disconnections.o)
                              Disconnections0/Disconnections_instances.o (Disconnections_DW)
Ellipse1/Ellipse1.a(Ellipse.o)
                              Ellipse0/Ellipse_instances.o (Ellipse_Y)
Inverters_Action1/Inverters_Action1.a(Inverters_Action.o)
                              Inverters_Action0/Inverters_Action_instances.o (Inverters_Action_U)
Inverters_Action1/Inverters_Action1.a(Inverters_Action_data.o)
                              Inverters_Action0/Inverters_Action_instances.o (Inverters_Action_ConstB)
Inverters_Data1/Inverters_Data1.a(Inverters_Data.o)
                              Inverters_Data0/Inverters_Data_instances.o (Inverters_Data_U)
Racing_Modes1/Racing_Modes1.a(Racing_Modes.o)
                              Racing_Modes0/Racing_Modes_instances.o (Racing_Modes_B)
Sensors1/Sensors1.a(Sensors.o)
                              Sensors0/Sensors_instances.o (Sensors_U)
Sensors1/Sensors1.a(Sensors_data.o)
                              Sensors0/Sensors_instances.o (Sensors_ConstB)
SoC1/SoC1.a(SoC.o)            SoC0/SoC_instances.o (SoC_B)
SoC1/SoC1.a(SoC_data.o)       SoC0/SoC_instances.o (SoC_ConstB)
Synchronism1/Synchronism1.a(Synchronism.o)
                              Synchronism0/Synchronism_instances.o (Synchronism_DW)
VDC1/VDC1.a(VDC.o)            VDC0/VDC_instances.o (VDC_DW)
matlabsharedR2023b/matlabsharedR2023b.a(rt_nonfinite.o)
                              Inverters_Action1/Inverters_Action1.a(Inverters_Action.o) (rtIsInf)
matlabsharedR2023b/matlabsharedR2023b.a(rt_powd_snf.o)
                              Inverters_Data1/Inverters_Data1.a(Inverters_Data.o) (rt_powd_snf)
matlabsharedR2023b/matlabsharedR2023b.a(const_params.o)
                              SoC1/SoC1.a(SoC.o) (rtCP_pooled_7uQrBQO0lhJL)
matlabsharedR2023b/matlabsharedR2023b.a(look1_binlxpw.o)
                              SoC1/SoC1.a(SoC.o) (look1_binlxpw)
matlabsharedR2023b/matlabsharedR2023b.a(look2_binlxpw.o)
                              SoC1/SoC1.a(SoC.o) (look2_binlxpw)
matlabsharedR2023b/matlabsharedR2023b.a(rtgetinf.o)
                              matlabsharedR2023b/matlabsharedR2023b.a(rt_nonfinite.o) (rtGetInf)
matlabsharedR2023b/matlabsharedR2023b.a(rtgetnan.o)
                              matlabsharedR2023b/matlabsharedR2023b.a(rt_nonfinite.o) (rtGetNaN)
OSC/TaskISRArchive.a(etasConfigTask.o)
                              OSC/osekdefs.o (osek_task_e_etasConfigTask)
OSC/TaskISRArchive.a(Sync_25ms.o)
                              OSC/osekdefs.o (osek_task_e_Sync_25ms)
OSC/TaskISRArchive.a(Timer_1000ms.o)
                              OSC/osekdefs.o (osek_task_e_Timer_1000ms)
OSC/TaskISRArchive.a(Timer_100ms.o)
                              OSC/osekdefs.o (osek_task_e_Timer_100ms)
OSC/TaskISRArchive.a(Timer_25ms.o)
                              OSC/osekdefs.o (osek_task_e_Timer_25ms)
OSC/TaskISRArchive.a(Timer_Inv.o)
                              OSC/osekdefs.o (osek_task_e_Timer_Inv)
OSC/TaskISRArchive.a(SWT_CAN1_2024_AP_BMS_SDC.o)
                              OSC/osekdefs.o (osek_task_e_SWT_CAN1_2024_AP_BMS_SDC)
OSC/TaskISRArchive.a(SWT_CAN1_2024_AP_CurrentSensor.o)
                              OSC/osekdefs.o (osek_task_e_SWT_CAN1_2024_AP_CurrentSensor)
OSC/TaskISRArchive.a(SWT_CAN1_2024_AP_BMS_Voltages.o)
                              OSC/osekdefs.o (osek_task_e_SWT_CAN1_2024_AP_BMS_Voltages)
OSC/TaskISRArchive.a(SWT_CAN1_2024_AP_BMS_ChargerParameters.o)
                              OSC/osekdefs.o (osek_task_e_SWT_CAN1_2024_AP_BMS_ChargerParameters)
OSC/TaskISRArchive.a(SWT_CAN1_2024_AP_BMS_BatteryTemperature.o)
                              OSC/osekdefs.o (osek_task_e_SWT_CAN1_2024_AP_BMS_BatteryTemperature)
OSC/TaskISRArchive.a(SWT_CAN1_2024_AP_Inverter_R_Tx.o)
                              OSC/osekdefs.o (osek_task_e_SWT_CAN1_2024_AP_Inverter_R_Tx)
OSC/TaskISRArchive.a(SWT_CAN1_2024_AP_Inverter_L_Tx.o)
                              OSC/osekdefs.o (osek_task_e_SWT_CAN1_2024_AP_Inverter_L_Tx)
OSC/TaskISRArchive.a(SWT_CAN1_2024_AP_DASH_CustomMode.o)
                              OSC/osekdefs.o (osek_task_e_SWT_CAN1_2024_AP_DASH_CustomMode)
OSC/TaskISRArchive.a(SWT_CAN1_2024_AP_DASH_Mode.o)
                              OSC/osekdefs.o (osek_task_e_SWT_CAN1_2024_AP_DASH_Mode)
OSC/TaskISRArchive.a(SWT_CAN1_2024_NM_BMS_Keep_Alive.o)
                              OSC/osekdefs.o (osek_task_e_SWT_CAN1_2024_NM_BMS_Keep_Alive)
OSC/TaskISRArchive.a(SWT_CAN1_2024_AP_BMS_AIRs_State.o)
                              OSC/osekdefs.o (osek_task_e_SWT_CAN1_2024_AP_BMS_AIRs_State)
OSC/TaskISRArchive.a(SWT_CAN1_2024_NM_DASH_Keep_Alive.o)
                              OSC/osekdefs.o (osek_task_e_SWT_CAN1_2024_NM_DASH_Keep_Alive)
OSC/TaskISRArchive.a(SWT_CAN1_2024_AP_DASH_TorqueLockOn.o)
[...]
Memory Configuration

Name             Origin             Length             Attributes
*default*        0x00000000         0xffffffff

Linker script and memory map

LOAD C:/ETAS/Compiler/INTECRIO5.0/QNXCompiler-V6.5\target\qnx6/ppcbe-spe/lib/crt1.o
LOAD C:/ETAS/Compiler/INTECRIO5.0/QNXCompiler-V6.5\target\qnx6/ppcbe-spe/lib/crti.o
LOAD C:/ETAS/Compiler/INTECRIO5.0/QNXCompiler-V6.5\host\win32\x86/usr/lib/gcc/powerpc-unknown-nto-qnx6.5.0/4.4.2/spe/crtbegin.o
LOAD C:\ETAS\Compiler\INTECRIO5.0\QNXCompiler-V6.5\target\qnx6\ppcbe-spe\lib\gcc\4.4.2/libcpp.so
                0x00000000                PROVIDE (__stack, 0x0)
                0x00000000                PROVIDE (___stack, 0x0)
                0x48040000                PROVIDE (__executable_start, 0x48040000)
                0x480400f4                . = (0x48040000 + SIZEOF_HEADERS)

.interp         0x480400f4       0x14
 *(.interp)
 .interp        0x480400f4       0x14 C:/ETAS/Compiler/INTECRIO5.0/QNXCompiler-V6.5\target\qnx6/ppcbe-spe/lib/crt1.o

.note           0x48040110       0x18
 .note          0x48040110       0x18 C:/ETAS/Compiler/INTECRIO5.0/QNXCompiler-V6.5\target\qnx6/ppcbe-spe/lib/crtn.o

.note.gnu.build-id
 *(.note.gnu.build-id)

.hash           0x48040128      0x6a8
 *(.hash)
 .hash          0x48040128      0x6a8 C:/ETAS/Compiler/INTECRIO5.0/QNXCompiler-V6.5\target\qnx6/ppcbe-spe/lib/crt1.o

.gnu.hash
 *(.gnu.hash)

.dynsym         0x480407d0      0xe30
 *(.dynsym)
 .dynsym        0x480407d0      0xe30 C:/ETAS/Compiler/INTECRIO5.0/QNXCompiler-V6.5\target\qnx6/ppcbe-spe/lib/crt1.o

.dynstr         0x48041600      0xbd2
 *(.dynstr)
 .dynstr        0x48041600      0xbd2 C:/ETAS/Compiler/INTECRIO5.0/QNXCompiler-V6.5\target\qnx6/ppcbe-spe/lib/crt1.o

.gnu.version    0x480421d2      0x1c6
 *(.gnu.version)
 .gnu.version   0x480421d2      0x1c6 C:/ETAS/Compiler/INTECRIO5.0/QNXCompiler-V6.5\target\qnx6/ppcbe-spe/lib/crt1.o

.gnu.version_d  0x48042398        0x0
 *(.gnu.version_d)
 .gnu.version_d
                0x00000000        0x0 C:/ETAS/Compiler/INTECRIO5.0/QNXCompiler-V6.5\target\qnx6/ppcbe-spe/lib/crt1.o

.gnu.version_r  0x48042398       0x20
 *(.gnu.version_r)
 .gnu.version_r
                0x48042398       0x20 C:/ETAS/Compiler/INTECRIO5.0/QNXCompiler-V6.5\target\qnx6/ppcbe-spe/lib/crt1.o

.rel.dyn
 *(.rel.init)
 *(.rel.text .rel.text.* .rel.gnu.linkonce.t.*)
 *(.rel.fini)
 *(.rel.rodata .rel.rodata.* .rel.gnu.linkonce.r.*)
 *(.rel.data.rel.ro* .rel.gnu.linkonce.d.rel.ro.*)
 *(.rel.data .rel.data.* .rel.gnu.linkonce.d.*)
 *(.rel.tdata .rel.tdata.* .rel.gnu.linkonce.td.*)
 *(.rel.tbss .rel.tbss.* .rel.gnu.linkonce.tb.*)
 *(.rel.ctors)
 *(.rel.dtors)
 *(.rel.got)
 *(.rel.sdata .rel.sdata.* .rel.gnu.linkonce.s.*)
 *(.rel.sbss .rel.sbss.* .rel.gnu.linkonce.sb.*)
 *(.rel.sdata2 .rel.sdata2.* .rel.gnu.linkonce.s2.*)
 *(.rel.sbss2 .rel.sbss2.* .rel.gnu.linkonce.sb2.*)
 *(.rel.bss .rel.bss.* .rel.gnu.linkonce.b.*)

.rela.dyn       0x480423b8       0x90
 *(.rela.init)
 *(.rela.text .rela.text.* .rela.gnu.linkonce.t.*)
 .rela.text     0x00000000        0x0 C:/ETAS/Compiler/INTECRIO5.0/QNXCompiler-V6.5\target\qnx6/ppcbe-spe/lib/crt1.o
 *(.rela.fini)
 *(.rela.rodata .rela.rodata.* .rela.gnu.linkonce.r.*)
 .rela.rodata   0x00000000        0x0 C:/ETAS/Compiler/INTECRIO5.0/QNXCompiler-V6.5\target\qnx6/ppcbe-spe/lib/crt1.o
 *(.rela.data .rela.data.* .rela.gnu.linkonce.d.*)
 .rela.data     0x00000000        0x0 C:/ETAS/Compiler/INTECRIO5.0/QNXCompiler-V6.5\target\qnx6/ppcbe-spe/lib/crt1.o
 *(.rela.tdata .rela.tdata.* .rela.gnu.linkonce.td.*)
 *(.rela.tbss .rela.tbss.* .rela.gnu.linkonce.tb.*)
 *(.rela.ctors)
 *(.rela.dtors)
 *(.rela.got)
 .rela.got      0x480423b8       0x30 C:/ETAS/Compiler/INTECRIO5.0/QNXCompiler-V6.5\target\qnx6/ppcbe-spe/lib/crt1.o
 *(.rela.got1)
 *(.rela.got2)
 *(.rela.sdata .rela.sdata.* .rela.gnu.linkonce.s.*)
 *(.rela.sbss .rela.sbss.* .rela.gnu.linkonce.sb.*)
 .rela.sbss     0x00000000        0x0 C:/ETAS/Compiler/INTECRIO5.0/QNXCompiler-V6.5\target\qnx6/ppcbe-spe/lib/crt1.o
 *(.rela.sdata2 .rela.sdata2.* .rela.gnu.linkonce.s2.*)
 *(.rela.sbss2 .rela.sbss2.* .rela.gnu.linkonce.sb2.*)
 *(.rela.bss .rela.bss.* .rela.gnu.linkonce.b.*)
 .rela.bss      0x480423e8       0x60 C:/ETAS/Compiler/INTECRIO5.0/QNXCompiler-V6.5\target\qnx6/ppcbe-spe/lib/crt1.o
 .rela.os_pid   0x00000000        0x0 C:/ETAS/Compiler/INTECRIO5.0/QNXCompiler-V6.5\target\qnx6/ppcbe-spe/lib/crt1.o
 .rela.os_intvec
                0x00000000        0x0 C:/ETAS/Compiler/INTECRIO5.0/QNXCompiler-V6.5\target\qnx6/ppcbe-spe/lib/crt1.o

.rel.plt
 *(.rel.plt)

.rela.plt       0x48042448      0x948
 *(.rela.plt)
 .rela.plt      0x48042448      0x948 C:/ETAS/Compiler/INTECRIO5.0/QNXCompiler-V6.5\target\qnx6/ppcbe-spe/lib/crt1.o

.init           0x48042d90       0x24
 *(.init)
 .init          0x48042d90        0xc C:/ETAS/Compiler/INTECRIO5.0/QNXCompiler-V6.5\target\qnx6/ppcbe-spe/lib/crti.o
                0x48042d90                _init
 .init          0x48042d9c        0x4 C:/ETAS/Compiler/INTECRIO5.0/QNXCompiler-V6.5\host\win32\x86/usr/lib/gcc/powerpc-unknown-nto-qnx6.5.0/4.4.2/spe/crtbegin.o
 .init          0x48042da0        0x4 C:/ETAS/Compiler/INTECRIO5.0/QNXCompiler-V6.5\host\win32\x86/usr/lib/gcc/powerpc-unknown-nto-qnx6.5.0/4.4.2/spe/crtend.o
 .init          0x48042da4       0x10 C:/ETAS/Compiler/INTECRIO5.0/QNXCompiler-V6.5\target\qnx6/ppcbe-spe/lib/crtn.o

.text           0x48042db4    0x495e8
                0x48042db4                _btext = .
 *(.text .stub .text.* .gnu.linkonce.t.*)
 .text          0x48042db4      0x118 C:/ETAS/Compiler/INTECRIO5.0/QNXCompiler-V6.5\target\qnx6/ppcbe-spe/lib/crt1.o
                0x48042db4                _start
 .text          0x48042ecc        0x0 C:/ETAS/Compiler/INTECRIO5.0/QNXCompiler-V6.5\target\qnx6/ppcbe-spe/lib/crti.o
 .text          0x48042ecc      0x1b8 C:/ETAS/Compiler/INTECRIO5.0/QNXCompiler-V6.5\host\win32\x86/usr/lib/gcc/powerpc-unknown-nto-qnx6.5.0/4.4.2/spe/crtbegin.o
 .text          0x48043084      0x24c ROOT_instances.o
                0x4804322c                initializeYukonModel
                0x480430d4                getSystemTimeS
                0x4804309c                getModelIdentificationString
                0x480430b0                getDeltaT
                0x48043084                getIntecrioVersionNumber
                0x480431b4                os_setDeltaT
                0x480430a8                getBuildEnvironment
                0x48043090                getBuildEnvironmentVersion
 .text          0x480432d0        0x0 _INT_pid.pi.o
 .text          0x480432d0       0x24 userFuncProcessCanPayload.o
                0x480432e4                userCanInitHook
                0x480432f0                userCanTxHookV3
                0x480432e8                userCanExitHook
                0x480432d0                userCanHookGetVersionAndCid
                0x480432ec                userCanRxHookV3
 .text          0x480432f4       0x24 userFuncProcessFlexRayPayload.o
                0x48043314                userFlexRayPDURxHook
                0x48043310                userFlexRayPDUTxHook
                0x480432f4                userFlexRayHookGetVersionAndCid
                0x48043308                userFlexRayInitHook
                0x4804330c                userFlexRayExitHook
 .text          0x48043318       0x60 OSC/i_rtawrapper.o
                0x48043358                rtaActivateTask
                0x48043338                rtaSchedule
                0x48043318                rtaShutdownOS
 .text          0x48043378      0x2d8 Car_State0/Car_State_instances.o
                0x48043420                initClass_RTWTop_Car_State
                0x480433d8                initInstance_RTWTop_Car_State
                0x48043378                setDeltaT_Car_State
                0x48043624                initModel_RTWTop_Car_State
 .text          0x48043650      0xd00 Car_State1/Car_State1.a(Car_State.o)
                0x48044150                MdlInitialize_Car_State
                0x48043664                Car_State_FALSE
                0x4804368c                MdlOutputs_Car_State
                0x480440d0                MdlUpdate_Car_State
                0x48043650                Car_State_TRUE
                0x48043678                Car_State_Failure
                0x48044154                MdlStart_Car_State
                0x48044148                MdlInitializeSizes_Car_State
                0x4804414c                MdlInitializeSampleTimes_Car_State
                0x480441a0                Car_State
                0x4804419c                MdlTerminate_Car_State
 .text          0x48044350      0x4d8 Disconnections0/Disconnections_instances.o
                0x480443b0                initInstance_RTWTop_Disconnections
                0x480447fc                initModel_RTWTop_Disconnections
                0x48044350                setDeltaT_Disconnections
                0x480443f8                initClass_RTWTop_Disconnections
 .text          0x48044828      0x998 Disconnections1/Disconnections1.a(Disconnections.o)
                0x48044ff4                MdlTerminate_Disconnections
                0x48044868                Disconnections_Error_Counter
                0x48044ff8                Disconnections
                0x48044f88                MdlInitializeSampleTimes_Disconnections
                0x48044f90                MdlStart_Disconnections
                0x48044828                Disconnections_Reset_counter
                0x48044f84                MdlInitializeSizes_Disconnections
                0x48044898                MdlOutputs_Disconnections
                0x48044f8c                MdlInitialize_Disconnections
                0x4804483c                Disconnections_CAN_OK
                0x48044f0c                MdlUpdate_Disconnections
                0x48044884                Disconnections_Signal_OK
 .text          0x480451c0      0x1e4 Ellipse0/Ellipse_instances.o
                0x48045268                initClass_RTWTop_Ellipse
                0x480451c0                setDeltaT_Ellipse
                0x48045220                initInstance_RTWTop_Ellipse
                0x48045378                initModel_RTWTop_Ellipse
 .text          0x480453a4      0x250 Ellipse1/Ellipse1.a(Ellipse.o)
                0x480453a4                MdlOutputs_Ellipse
                0x48045460                MdlInitialize_Ellipse
                0x48045458                MdlInitializeSizes_Ellipse
                0x480453e0                MdlUpdate_Ellipse
                0x48045468                MdlTerminate_Ellipse
                0x48045464                MdlStart_Ellipse
                0x4804545c                MdlInitializeSampleTimes_Ellipse
                0x4804546c                Ellipse
 .text          0x480455f4      0x3a0 Inverters_Action0/Inverters_Action_instances.o
                0x48045968                initModel_RTWTop_Inverters_Action
                0x480455f4                setDeltaT_Inverters_Action
                0x4804569c                initClass_RTWTop_Inverters_Action
                0x48045654                initInstance_RTWTop_Inverters_Action
 .text          0x48045994      0xcac Inverters_Action1/Inverters_Action1.a(Inverters_Action.o)
                0x48045aec                MdlInitializeSizes_Inverters_Action
                0x48045af4                MdlInitialize_Inverters_Action
                0x48045b44                Inverters_Action
                0x48045af8                MdlStart_Inverters_Action
                0x48045994                Inverters_Actio_EnumerationDone
                0x48045a00                Inverters_Acti_ActionnotDefined
                0x48045a28                Inverters_Action_TorqueCommand0
                0x48045a58                MdlUpdate_Inverters_Action
                0x480459a8                Inverte_DisableDriveEnableDrive
                0x48045a44                Inverters_Acti_ResetEnumeration
                0x48045b40                MdlTerminate_Inverters_Action
                0x48045af0                MdlInitializeSampleTimes_Inverters_Action
                0x48045a18                Inverters_Action_bypass
                0x48046048                MdlOutputs_Inverters_Action
                0x48045ef0                Inverters_Action_TorqueCommand
                0x48045d20                Inverters_Ac_RegisterEnumerator
 .text          0x48046640        0x0 Inverters_Action1/Inverters_Action1.a(Inverters_Action_data.o)
 .text          0x48046640      0x39c Inverters_Data0/Inverters_Data_instances.o
                0x480466e8                initClass_RTWTop_Inverters_Data
                0x480466a0                initInstance_RTWTop_Inverters_Data
                0x48046640                setDeltaT_Inverters_Data
                0x480469b0                initModel_RTWTop_Inverters_Data
 .text          0x480469dc      0x544 Inverters_Data1/Inverters_Data1.a(Inverters_Data.o)
                0x480469dc                MdlUpdate_Inverters_Data
                0x48046a5c                MdlInitialize_Inverters_Data
                0x48046a64                MdlTerminate_Inverters_Data
                0x48046bec                MdlOutputs_Inverters_Data
                0x48046a68                Inverters_Data
                0x48046a60                MdlStart_Inverters_Data
                0x48046a58                MdlInitializeSampleTimes_Inverters_Data
                0x48046a54                MdlInitializeSizes_Inverters_Data
 .text          0x48046f20      0x1a8 Racing_Modes0/Racing_Modes_instances.o
                0x48046f80                initInstance_RTWTop_Racing_Modes
                0x4804709c                initModel_RTWTop_Racing_Modes
                0x48046f20                setDeltaT_Racing_Modes
                0x48046fc8                initClass_RTWTop_Racing_Modes
 .text          0x480470c8      0x4e8 Racing_Modes1/Racing_Modes1.a(Racing_Modes.o)
                0x480470dc                MdlUpdate_Racing_Modes
                0x48047154                MdlInitializeSizes_Racing_Modes
                0x48047158                MdlInitializeSampleTimes_Racing_Modes
                0x48047184                Racing_Modes
                0x48047318                MdlOutputs_Racing_Modes
                0x48047180                MdlTerminate_Racing_Modes
                0x480470c8                Racing_Modes_WorkshopTest01
                0x4804715c                MdlInitialize_Racing_Modes
                0x48047160                MdlStart_Racing_Modes
 .text          0x480475b0      0x348 Sensors0/Sensors_instances.o
                0x48047610                initInstance_RTWTop_Sensors
                0x480478cc                initModel_RTWTop_Sensors
                0x480475b0                setDeltaT_Sensors
                0x48047658                initClass_RTWTop_Sensors
 .text          0x480478f8      0x3f0 Sensors1/Sensors1.a(Sensors.o)
                0x48047b0c                MdlInitializeSampleTimes_Sensors
                0x48047b34                MdlTerminate_Sensors
                0x480478f8                MdlOutputs_Sensors
                0x48047a90                MdlUpdate_Sensors
                0x48047b08                MdlInitializeSizes_Sensors
                0x48047b10                MdlInitialize_Sensors
                0x48047b14                MdlStart_Sensors
                0x48047b38                Sensors
 .text          0x48047ce8        0x0 Sensors1/Sensors1.a(Sensors_data.o)
 .text          0x48047ce8      0x2e0 SoC0/SoC_instances.o
                0x48047d48                initInstance_RTWTop_SoC
                0x48047d90                initClass_RTWTop_SoC
                0x48047ce8                setDeltaT_SoC
                0x48047f9c                initModel_RTWTop_SoC
 .text          0x48047fc8      0xdcc SoC1/SoC1.a(SoC.o)
                0x48047fc8                MdlUpdate_SoC
                0x48048204                MdlInitialize_SoC
                0x48048200                MdlInitializeSampleTimes_SoC
                0x48048208                MdlStart_SoC
                0x480484d8                MdlOutputs_SoC
                0x480482d4                MdlTerminate_SoC
                0x480481fc                MdlInitializeSizes_SoC
                0x480482d8                SoC
 .text          0x48048d94        0x0 SoC1/SoC1.a(SoC_data.o)
 .text          0x48048d94      0x14c Synchronism0/Synchronism_instances.o
                0x48048e3c                initClass_RTWTop_Synchronism
                0x48048df4                initInstance_RTWTop_Synchronism
                0x48048eb4                initModel_RTWTop_Synchronism
                0x48048d94                setDeltaT_Synchronism
 .text          0x48048ee0      0x268 Synchronism1/Synchronism1.a(Synchronism.o)
                0x48048fb4                MdlInitializeSizes_Synchronism
                0x48048fbc                MdlInitialize_Synchronism
                0x48048fc0                MdlStart_Synchronism
                0x48048fdc                MdlTerminate_Synchronism
                0x48048fe0                Synchronism
                0x48048ee0                MdlOutputs_Synchronism
                0x48048f3c                MdlUpdate_Synchronism
                0x48048fb8                MdlInitializeSampleTimes_Synchronism
 .text          0x48049148      0x504 VDC0/VDC_instances.o
                0x480491a8                initInstance_RTWTop_VDC
                0x48049148                setDeltaT_VDC
                0x48049620                initModel_RTWTop_VDC
                0x480491f0                initClass_RTWTop_VDC
 .text          0x4804964c      0xe58 VDC1/VDC1.a(VDC.o)
                0x48049908                MdlOutputs_VDC
                0x480496fc                MdlInitialize_VDC
                0x4804967c                MdlUpdate_VDC
                0x48049744                VDC
                0x48049700                MdlStart_VDC
                0x4804964c                VDC_LimitReached
                0x480496f4                MdlInitializeSizes_VDC
                0x48049740                MdlTerminate_VDC
                0x480496f8                MdlInitializeSampleTimes_VDC
                0x48049660                VDC_AutomaticFailureMode
 .text          0x4804a4a4      0x19c matlabsharedR2023b/matlabsharedR2023b.a(rt_nonfinite.o)
                0x4804a5ac                rt_InitInfAndNaN
                0x4804a530                rtIsNaN
                0x4804a584                rtIsNaNF
                0x4804a4f0                rtIsInfF
                0x4804a4a4                rtIsInf
 .text          0x4804a640      0x2f4 matlabsharedR2023b/matlabsharedR2023b.a(rt_powd_snf.o)
                0x4804a640                rt_powd_snf
 .text          0x4804a934        0x0 matlabsharedR2023b/matlabsharedR2023b.a(const_params.o)
 .text          0x4804a934      0x114 matlabsharedR2023b/matlabsharedR2023b.a(look1_binlxpw.o)
                0x4804a934                look1_binlxpw
 .text          0x4804aa48      0x220 matlabsharedR2023b/matlabsharedR2023b.a(look2_binlxpw.o)
                0x4804aa48                look2_binlxpw
 .text          0x4804ac68       0xd0 matlabsharedR2023b/matlabsharedR2023b.a(rtgetinf.o)
                0x4804ac68                rtGetInf
                0x4804acd0                rtGetMinusInf
                0x4804ad2c                rtGetMinusInfF
                0x4804acc4                rtGetInfF
 .text          0x4804ad38       0x84 matlabsharedR2023b/matlabsharedR2023b.a(rtgetnan.o)
                0x4804ad98                rtGetNaNF
                0x4804ad38                rtGetNaN
 .text          0x4804adbc      0x434 OSC/osekdefs.o
                0x4804ae7c                os_StartOS
                0x4804b138                osE_ISR_CAN1_2024
                0x4804af68                os_pre_errorhook
                0x4804af88                Tick_etasCounter
                0x4804b0bc                osek_dispatch
                0x4804adbc                osResetOS
                0x4804b194                osE_etasL1Isr
                0x4804b0dc                osE_ISR_CAN2_2024
 .text          0x4804b1f0        0x0 OSC/osgen.o
 .text          0x4804b1f0       0x4c OSC/TaskISRArchive.a(etasConfigTask.o)
                0x4804b1f0                osek_task_e_etasConfigTask
 .text          0x4804b23c       0x60 OSC/TaskISRArchive.a(Sync_25ms.o)
                0x4804b23c                osek_task_e_Sync_25ms
 .text          0x4804b29c       0x54 OSC/TaskISRArchive.a(Timer_1000ms.o)
                0x4804b29c                osek_task_e_Timer_1000ms
 .text          0x4804b2f0       0x54 OSC/TaskISRArchive.a(Timer_100ms.o)
                0x4804b2f0                osek_task_e_Timer_100ms
 .text          0x4804b344       0xa8 OSC/TaskISRArchive.a(Timer_25ms.o)
                0x4804b344                osek_task_e_Timer_25ms
 .text          0x4804b3ec       0x6c OSC/TaskISRArchive.a(Timer_Inv.o)
                0x4804b3ec                osek_task_e_Timer_Inv
 .text          0x4804b458       0x50 OSC/TaskISRArchive.a(SWT_CAN1_2024_AP_BMS_SDC.o)
                0x4804b458                osek_task_e_SWT_CAN1_2024_AP_BMS_SDC
 .text          0x4804b4a8       0x50 OSC/TaskISRArchive.a(SWT_CAN1_2024_AP_CurrentSensor.o)
                0x4804b4a8                osek_task_e_SWT_CAN1_2024_AP_CurrentSensor
 .text          0x4804b4f8       0x50 OSC/TaskISRArchive.a(SWT_CAN1_2024_AP_BMS_Voltages.o)
                0x4804b4f8                osek_task_e_SWT_CAN1_2024_AP_BMS_Voltages
 .text          0x4804b548       0x50 OSC/TaskISRArchive.a(SWT_CAN1_2024_AP_BMS_ChargerParameters.o)
                0x4804b548                osek_task_e_SWT_CAN1_2024_AP_BMS_ChargerParameters
 .text          0x4804b598       0x50 OSC/TaskISRArchive.a(SWT_CAN1_2024_AP_BMS_BatteryTemperature.o)
                0x4804b598                osek_task_e_SWT_CAN1_2024_AP_BMS_BatteryTemperature
 .text          0x4804b5e8       0x50 OSC/TaskISRArchive.a(SWT_CAN1_2024_AP_Inverter_R_Tx.o)
                0x4804b5e8                osek_task_e_SWT_CAN1_2024_AP_Inverter_R_Tx
 .text          0x4804b638       0x50 OSC/TaskISRArchive.a(SWT_CAN1_2024_AP_Inverter_L_Tx.o)
                0x4804b638                osek_task_e_SWT_CAN1_2024_AP_Inverter_L_Tx
 .text          0x4804b688       0x50 OSC/TaskISRArchive.a(SWT_CAN1_2024_AP_DASH_CustomMode.o)
                0x4804b688                osek_task_e_SWT_CAN1_2024_AP_DASH_CustomMode
 .text          0x4804b6d8       0x50 OSC/TaskISRArchive.a(SWT_CAN1_2024_AP_DASH_Mode.o)
                0x4804b6d8                osek_task_e_SWT_CAN1_2024_AP_DASH_Mode
 .text          0x4804b728       0x50 OSC/TaskISRArchive.a(SWT_CAN1_2024_NM_BMS_Keep_Alive.o)
                0x4804b728                osek_task_e_SWT_CAN1_2024_NM_BMS_Keep_Alive
 .text          0x4804b778       0x50 OSC/TaskISRArchive.a(SWT_CAN1_2024_AP_BMS_AIRs_State.o)
                0x4804b778                osek_task_e_SWT_CAN1_2024_AP_BMS_AIRs_State
 .text          0x4804b7c8       0x50 OSC/TaskISRArchive.a(SWT_CAN1_2024_NM_DASH_Keep_Alive.o)
                0x4804b7c8                osek_task_e_SWT_CAN1_2024_NM_DASH_Keep_Alive
 .text          0x4804b818       0x50 OSC/TaskISRArchive.a(SWT_CAN1_2024_AP_DASH_TorqueLockOn.o)
                0x4804b818                osek_task_e_SWT_CAN1_2024_AP_DASH_TorqueLockOn
 .text          0x4804b868       0x50 OSC/TaskISRArchive.a(SWT_CAN1_2024_AP_DASH_PrechargeRequest.o)
                0x4804b868                osek_task_e_SWT_CAN1_2024_AP_DASH_PrechargeRequest
 .text          0x4804b8b8       0x50 OSC/TaskISRArchive.a(SWT_CAN1_2024_AP_DASH_EnableDrive.o)
                0x4804b8b8                osek_task_e_SWT_CAN1_2024_AP_DASH_EnableDrive
 .text          0x4804b908       0x50 OSC/TaskISRArchive.a(SWT_CAN2_2024_MEAS_RECU_SDC.o)
                0x4804b908                osek_task_e_SWT_CAN2_2024_MEAS_RECU_SDC
 .text          0x4804b958       0x50 OSC/TaskISRArchive.a(SWT_CAN2_2024_MEAS_FECU_SDC.o)
                0x4804b958                osek_task_e_SWT_CAN2_2024_MEAS_FECU_SDC
 .text          0x4804b9a8       0x50 OSC/TaskISRArchive.a(SWT_CAN2_2024_AP_ELLIPSE_EKF_POS.o)
                0x4804b9a8                osek_task_e_SWT_CAN2_2024_AP_ELLIPSE_EKF_POS
 .text          0x4804b9f8       0x50 OSC/TaskISRArchive.a(SWT_CAN2_2024_AP_ELLIPSE_IMU_ACCEL.o)
                0x4804b9f8                osek_task_e_SWT_CAN2_2024_AP_ELLIPSE_IMU_ACCEL
 .text          0x4804ba48       0x50 OSC/TaskISRArchive.a(SWT_CAN2_2024_AP_ELLIPSE_EKF_EULER.o)
                0x4804ba48                osek_task_e_SWT_CAN2_2024_AP_ELLIPSE_EKF_EULER
 .text          0x4804ba98       0x50 OSC/TaskISRArchive.a(SWT_CAN2_2024_AP_ELLIPSE_EKF_VEL.o)
                0x4804ba98                osek_task_e_SWT_CAN2_2024_AP_ELLIPSE_EKF_VEL
 .text          0x4804bae8       0x50 OSC/TaskISRArchive.a(SWT_CAN2_2024_NM_ELLIPSE_Status.o)
                0x4804bae8                osek_task_e_SWT_CAN2_2024_NM_ELLIPSE_Status
 .text          0x4804bb38       0x50 OSC/TaskISRArchive.a(SWT_CAN2_2024_AP_ELLIPSE_IMU_GYRO.o)
                0x4804bb38                osek_task_e_SWT_CAN2_2024_AP_ELLIPSE_IMU_GYRO
 .text          0x4804bb88       0x50 OSC/TaskISRArchive.a(SWT_CAN2_2024_AP_ELLIPSE_SLIP_CURV.o)
                0x4804bb88                osek_task_e_SWT_CAN2_2024_AP_ELLIPSE_SLIP_CURV
 .text          0x4804bbd8       0x50 OSC/TaskISRArchive.a(SWT_CAN2_2024_AP_RECU_Data.o)
                0x4804bbd8                osek_task_e_SWT_CAN2_2024_AP_RECU_Data
 .text          0x4804bc28       0x50 OSC/TaskISRArchive.a(SWT_CAN2_2024_NM_FECU_Keep_Alive.o)
                0x4804bc28                osek_task_e_SWT_CAN2_2024_NM_FECU_Keep_Alive
 .text          0x4804bc78       0x50 OSC/TaskISRArchive.a(SWT_CAN2_2024_NM_RECU_Keep_Alive.o)
                0x4804bc78                osek_task_e_SWT_CAN2_2024_NM_RECU_Keep_Alive
 .text          0x4804bcc8       0x50 OSC/TaskISRArchive.a(SWT_CAN2_2024_AP_FECU_Data2.o)
                0x4804bcc8                osek_task_e_SWT_CAN2_2024_AP_FECU_Data2
 .text          0x4804bd18       0x50 OSC/TaskISRArchive.a(SWT_CAN2_2024_AP_FECU_Data1.o)
                0x4804bd18                osek_task_e_SWT_CAN2_2024_AP_FECU_Data1
 .text          0x4804bd68       0x4c OSC/TaskISRArchive.a(ISR_CAN1_2024.o)
                0x4804bd68                osek_isr_e_ISR_CAN1_2024
 .text          0x4804bdb4       0x4c OSC/TaskISRArchive.a(ISR_CAN2_2024.o)
                0x4804bdb4                osek_isr_e_ISR_CAN2_2024
 .text          0x4804be00       0x40 OSC/etasActivateTaskIsr.o
                0x4804be00                osek_isr_e_etasActivateTaskIsr
 .text          0x4804be40       0x48 OSC/etasL1Isr.o
                0x4804be40                osek_isr_e_etasL1Isr
 .text          0x4804be88       0x44 OSC/etasL1Task.o
                0x4804be88                osek_task_e_etasL1Task
 .text          0x4804becc       0x40 OSC/etasTimerIsr.o
                0x4804becc                osek_isr_e_etasTimerIsr
 .text          0x4804bf0c       0x40 OSC/etasStopOsIsr.o
                0x4804bf0c                osek_isr_e_etasStopOsIsr
 .text          0x4804bf4c      0x254 OSC/DriverThreads.o
                0x4804bf4c                etasCreateDriverThreads
 .text          0x4804c1a0        0x0 OSC/ISRFunctions.o
 .text          0x4804c1a0      0x1f4 OSC/osc_dyn.o
                0x4804c350                etasInitTasks
                0x4804c24c                etasExitTasks
                0x4804c1a8                etasInactiveExitTask
                0x4804c1a4                etasStartupExitTask
                0x4804c328                etasStartupInitTask
                0x4804c1ac                TimersExitTask
                0x4804c1a0                etasInactiveInitTask
                0x4804c27c                TimersInitTask
 .text          0x4804c394        0xc OSC/rtaInterface.o
                0x4804c394                etasGetCounterPeriodUs
                0x4804c39c                StackFaultHook
 .text          0x4804c3a0      0x620 OSC/ETCHooks.o
                0x4804c6e8                rtioHook_15_0
                0x4804c7d8                rtioHook_9_0
                0x4804c760                rtioHook_12_0
                0x4804c648                rtioHook_19_0
                0x4804c698                rtioHook_17_0
                0x4804c918                rtioHook_1_0
                0x4804c8a0                rtioHook_4_0
                0x4804c440                rtioHook_32_0
                0x4804c5a8                rtioHook_23_0
                0x4804c490                rtioHook_30_0
                0x4804c5f8                rtioHook_21_0
                0x4804c3c8                rtioHook_35_0
                0x4804c530                rtioHook_26_0
                0x4804c994                rtioHook_37_0
                0x4804c4e0                rtioHook_28_0
                0x4804c418                rtioHook_33_0
                0x4804c580                rtioHook_24_0
                0x4804c968                rtioHook_38_0
                0x4804c4b8                rtioHook_29_0
                0x4804c468                rtioHook_31_0
                0x4804c828                rtioHook_7_0
                0x4804c5d0                rtioHook_22_0
                0x4804c940                rtioHook_0_0
                0x4804c670                rtioHook_18_0
                0x4804c738                rtioHook_13_0
                0x4804c788                rtioHook_11_0
                0x4804c6c0                rtioHook_16_0
                0x4804c850                rtioHook_6_0
                0x4804c710                rtioHook_14_0
                0x4804c800                rtioHook_8_0
                0x4804c620                rtioHook_20_0
                0x4804c8f0                rtioHook_2_0
                0x4804c3f0                rtioHook_34_0
                0x4804c558                rtioHook_25_0
                0x4804c8c8                rtioHook_3_0
                0x4804c7b0                rtioHook_10_0
                0x4804c878                rtioHook_5_0
                0x4804c3a0                rtioHook_36_0
                0x4804c508                rtioHook_27_0
 .text          0x4804c9c0     0x1068 OSC/XbarHooks.o
                0x4804ca38                crossbarHook_34_4
                0x4804cad8                crossbarHook_34_0
                0x4804d000                crossbarHook_21_0
                0x4804d2f8                crossbarHook_2_0
                0x4804d168                crossbarHook_12_0
                0x4804d450                crossbarHook_38_13
                0x4804ce48                crossbarHook_30_2
                0x4804d710                crossbarHook_37_17
                0x4804cf38                crossbarHook_26_0
                0x4804d870                crossbarHook_37_9
                0x4804d0a0                crossbarHook_17_0
                0x4804d7c0                crossbarHook_37_13
                0x4804d230                crossbarHook_7_0
                0x4804cc40                crossbarHook_33_7
                0x4804d920                crossbarHook_37_5
                0x4804d9d0                crossbarHook_37_1
                0x4804d280                crossbarHook_5_0
                0x4804cce0                crossbarHook_33_3
                0x4804d558                crossbarHook_38_7
                0x4804c9c0                crossbarHook_36_0
                0x4804cfb0                crossbarHook_23_0
                0x4804d118                crossbarHook_14_0
                0x4804d608                crossbarHook_38_3
                0x4804cb78                crossbarHook_33_12
                0x4804ca10                crossbarHook_34_5
                0x4804d3a0                crossbarHook_38_17
                0x4804cab0                crossbarHook_34_1
                0x4804cb00                crossbarHook_33_15
                0x4804d424                crossbarHook_38_14
                0x4804d4d4                crossbarHook_38_10
                0x4804ce20                crossbarHook_30_3
                0x4804d794                crossbarHook_37_14
                0x4804d844                crossbarHook_37_10
                0x4804d89c                crossbarHook_37_8
                0x4804cc68                crossbarHook_33_6
                0x4804d94c                crossbarHook_37_4
                0x4804d9fc                crossbarHook_37_0
                0x4804cf88                crossbarHook_24_0
                0x4804d0f0                crossbarHook_15_0
                0x4804c9e8                crossbarHook_35_0
                0x4804cfd8                crossbarHook_22_0
                0x4804cd08                crossbarHook_33_2
                0x4804d140                crossbarHook_13_0
                0x4804d320                crossbarHook_1_0
                0x4804cdd0                crossbarHook_31_1
                0x4804cf10                crossbarHook_27_0
                0x4804d078                crossbarHook_18_0
                0x4804d52c                crossbarHook_38_8
                0x4804d5dc                crossbarHook_38_4
                0x4804d258                crossbarHook_6_0
                0x4804cf60                crossbarHook_25_0
                0x4804cba0                crossbarHook_33_11
                0x4804d68c                crossbarHook_38_0
                0x4804d0c8                crossbarHook_16_0
                0x4804cbc8                crossbarHook_33_10
                0x4804ca88                crossbarHook_34_2
                0x4804d374                crossbarHook_38_18
                0x4804cb28                crossbarHook_33_14
                0x4804d3f8                crossbarHook_38_15
                0x4804cda8                crossbarHook_32_0
                0x4804d6e4                crossbarHook_37_18
                0x4804d4a8                crossbarHook_38_11
                0x4804d1b8                crossbarHook_10_0
                0x4804d768                crossbarHook_37_15
                0x4804d208                crossbarHook_8_0
                0x4804d818                crossbarHook_37_11
                0x4804ce98                crossbarHook_30_0
                0x4804d8c8                crossbarHook_37_7
                0x4804d978                crossbarHook_37_3
                0x4804cbf0                crossbarHook_33_9
                0x4804cc90                crossbarHook_33_5
                0x4804d2d0                crossbarHook_3_0
                0x4804cd30                crossbarHook_33_1
                0x4804cdf8                crossbarHook_31_0
                0x4804d500                crossbarHook_38_9
                0x4804d5b0                crossbarHook_38_5
                0x4804d660                crossbarHook_38_1
                0x4804d348                crossbarHook_38_19
                0x4804ca60                crossbarHook_34_3
                0x4804cb50                crossbarHook_33_13
                0x4804cd80                crossbarHook_32_1
                0x4804cee8                crossbarHook_28_0
                0x4804d050                crossbarHook_19_0
                0x4804d3cc                crossbarHook_38_16
                0x4804d6b8                crossbarHook_37_19
                0x4804d47c                crossbarHook_38_12
                0x4804ce70                crossbarHook_30_1
                0x4804cec0                crossbarHook_29_0
                0x4804d73c                crossbarHook_37_16
                0x4804d7ec                crossbarHook_37_12
                0x4804d8f4                crossbarHook_37_6
                0x4804cc18                crossbarHook_33_8
                0x4804d9a4                crossbarHook_37_2
                0x4804ccb8                crossbarHook_33_4
                0x4804cd58                crossbarHook_33_0
                0x4804d028                crossbarHook_20_0
                0x4804d190                crossbarHook_11_0
                0x4804d584                crossbarHook_38_6
                0x4804d634                crossbarHook_38_2
                0x4804d1e0                crossbarHook_9_0
                0x4804d2a8                crossbarHook_4_0
 .text          0x4804da28        0x0 ETC/FormulaTable.o
 .text          0x4804da28        0x0 ETC/DriverTable.o
 .text          0x4804da28        0x0 ETC/MappingFunctionTable.o
 .text          0x4804da28        0x0 ETC/RtioL1RecordTable.o
 .text          0x4804da28        0x0 ETC/XCPTransportLayerFunctionsTable.o
 .text          0x4804da28        0x0 ETC/ChecksumAlgoTables.o
 .text          0x4804da28        0x0 CBC/CopyFunctionTable.o
 .text          0x4804da28        0x0 CBC/CrossbarL1RecordTable.o
 .text          0x4804da28       0x48 C:/ETAS/Compiler/INTECRIO5.0/QNXCompiler-V6.5\host\win32\x86/usr/lib/gcc/powerpc-unknown-nto-qnx6.5.0/4.4.2/spe/libgcc.a(_fixunsdfdi.o)
                0x4804da28                __fixunsdfdi
 .text          0x4804da70       0x40 C:/ETAS/Compiler/INTECRIO5.0/QNXCompiler-V6.5\host\win32\x86/usr/lib/gcc/powerpc-unknown-nto-qnx6.5.0/4.4.2/spe/libgcc.a(_floatundidf.o)
                0x4804da70                __floatundidf
 .text          0x4804dab0       0x98 C:/ETAS/Compiler/INTECRIO5.0/QNXCompiler-V6.5\host\win32\x86/usr/lib/gcc/powerpc-unknown-nto-qnx6.5.0/4.4.2/spe/crtend.o
 .text          0x4804db48        0x0 C:/ETAS/Compiler/INTECRIO5.0/QNXCompiler-V6.5\target\qnx6/ppcbe-spe/lib/crtn.o
 .text          0x4804db48     0x23b4 C:\Program Files (x86)\ETAS\INTECRIO5.0\Target\Etarget\ES910\libes910.a(i_rtautil.o)
                0x4804de70                etasActivateTaskViaIsr
                0x4804f36c                startTaskHookMon
                0x4804e414                ErrorHook
                0x4804dc18                osTraceStopwatch
                0x4804e18c                switchToInactiveAppMode
                0x4804db54                isAppModeSwitchPending
                0x4804f074                etasStartIsrHookMon
                0x4804f284                etasStartIsrHook
                0x4804dd48                getModelRuntime
                0x4804de9c                restartModelProcess
                0x4804db48                GetNextAppMode
                0x4804ddc0                etasActivateTaskWithIdViaIsrHandler
                0x4804f170                etasEndIsrHook
                0x4804db84                checkInterruptOccurence
                0x4804f698                osekThreadSuspendRtSignals
                0x4804f1a8                etasEndIsrHookMon
                0x4804e154                getCurTaskMonitor
                0x4804e350                GetStopwatchUncertainty
                0x4804f508                endTaskHook
                0x4804e23c                delayInitExitTask
                0x4804dba0                rtaInitTarget
                0x4804e3a8                OverrunHook
                0x4804de2c                etasActivateTaskWithIdViaIsr
                0x4804f444                startTaskHook
                0x4804dc8c                etasDeInstallOsErrorHook
                0x4804f99c                applicationModeManager
                0x4804df5c                terminateModelProcess
                0x4804ed94                StartupHook
                0x4804f65c                osekThreadResumeRtSignals
                0x4804e108                lockCriticalSection
                0x4804e020                isRtaOsekThreadContext
                0x4804dc20                isInsideInitExitTask
                0x4804dc4c                isInsideExitTask
                0x4804e740                ShutdownHook
                0x4804e054                unlockCriticalSection
                0x4804dc64                etasInstallOsErrorHook
                0x4804f580                endTaskHookMon
                0x4804db70                resetInterruptFlag
                0x4804dc10                GetStopwatch
                0x4804db9c                etasRTATraceInitProcess
                0x4804dc04                GetDeltaT
                0x4804dcb8                SetNextAppMode
                0x4804e304                tempMgrRegisterSigtermEvent
                0x4804dc34                isInsideInitTask
                0x4804db90                getLastInterruptTimeTicks
 .text          0x4804fefc     0x2058 C:\Program Files (x86)\ETAS\INTECRIO5.0\Target\Etarget\ES910\libes910.a(t_driverThreads.o)
                0x48050ce8                osek_sendto
                0x48050580                osek_msync
                0x480502e0                osek_vfprintf
                0x48051360                osek_MsgReceive
                0x480510c8                osek_MsgRead
                0x48050b74                osek_cmsSendMessage
                0x48050084                osek_malloc
                0x48050038                osek_free
                0x4804ffc4                osek_fsync
                0x48050768                osek_unlink
                0x48050420                osek_munmap
                0x48050dc0                osek_devctl
                0x48050fa4                osek_close
                0x48050a88                osek_cmsReceiveMessage
                0x480507dc                osek_system
                0x48051228                osek_MsgError
                0x48051584                osek_send
                0x480512b0                osek_MsgReply
                0x48050398                osek_ftruncate
                0x48051178                osek_MsgWrite
                0x480506cc                osek_lseek
                0x48051410                osek_MsgSend
                0x48050c10                osek_recvfrom
                0x4805061c                osek_fwrite
                0x48050214                osek_vslogf
                0x48050850                osek_cmsReceiveMessageEx
                0x4804fefc                etasSetNumberOfDriverThreads
                0x48051634                etasCreateDriverThread
                0x480504a8                osek_mmap
                0x48050f08                osek_write
                0x480514d4                osek_recv
                0x480500f8                osek_etasLogCoreFeedRecordToBackends
                0x48050e6c                osek_read
                0x480509d8                osek_cmsErrorState
                0x4805093c                osek_cmsSendMessageEx
                0x48051018                osek_open
 .text          0x48051f54      0x8fc C:\Program Files (x86)\ETAS\INTECRIO5.0\Target\Etarget\ES910\libes910.a(t_idle.o)
                0x48052778                initRtaTraceSupport
                0x48052188                etasIdleProcess
                0x48052014                signalStartupHookTermination
                0x48051fa0                apsGetPartitionId
                0x48052044                apsJoinPartition
                0x48051fe4                signalShutdownHookTermination
                0x48051fac                getSysLoad
                0x48051f54                etasInstallIdleHook
                0x48051f7c                etasDeInstallIdleHook
 .text          0x48052850     0x1fcc C:\Program Files (x86)\ETAS\INTECRIO5.0\Target\Etarget\ES910\libes910.a(t_l1com.o)
                0x48052850                setL1ComBufferSize
                0x48052890                l1SetBusyState
                0x48052a10                l1SignalIdleState
                0x48052db8                waitForL1Request
                0x480533a8                createL1ModelThread
                0x480532f4                serveL1Request
                0x48052d00                etasL1Process
 .text          0x4805481c      0xcc4 C:\Program Files (x86)\ETAS\INTECRIO5.0\Target\Etarget\ES910\libes910.a(t_main.o)
                0x48054a78                main
 .text          0x480554e0      0x9f0 C:\Program Files (x86)\ETAS\INTECRIO5.0\Target\Etarget\ES910\libes910.a(t_mlog.o)
                0x48055504                getDriverLogging
                0x48055510                getUserSeverity
                0x480554f8                getUserLogging
                0x4805559c                mlog_setSeverityFilterUser
                0x48055570                mlog_setSeverityFilterDrv
                0x4805551c                getDriverSeverity
                0x48055c58                mlog_init
                0x4805595c                mlog_updateLoggingConfiguration
                0x480554e0                getUserLogChan
                0x48055a48                mlog_startLogConfigThread
                0x480554ec                getDrvLogChan
                0x48055528                mlog_debugLog
 .text          0x48055ed0      0xfac C:\Program Files (x86)\ETAS\INTECRIO5.0\Target\Etarget\ES910\libes910.a(t_qnxtargetutil.o)
                0x480563fc                qnxThreadJoinPartition
                0x4805612c                qnxLockSetSockEnvironmentVariable
                0x4805684c                qnxPrintProcesses
                0x48055ee0                qnxCheckBootFromFlash
                0x4805677c                qnxPrintCpuLoad
                0x48055efc                qnxCheckHaltedModel
                0x48055f24                qnxRestoreUnlockSockEnvironmentVariable
                0x48055ed0                qnxSetBootFromFlash
                0x48056d94                qnxPrintSavedErrorMessages
                0x48055f08                qnxSetStandalone
                0x48056718                qnxAdjustThreadPriority
                0x48055eec                qnxSetHaltedModel
                0x4805647c                qnxGetSetRunInheritMask
                0x48055f18                qnxCheckStandalone
 .text          0x48056e7c      0x638 C:\Program Files (x86)\ETAS\INTECRIO5.0\Target\Etarget\ES910\libes910.a(t_targetutil.o)
                0x48056ecc                initL2CachePerfMeas
                0x480573f4                es910GetSerialNumber
                0x48056e7c                GetSystemTimeLow
                0x4805739c                es910GetPcbRevision
                0x480573d0                es910PiggyGetSerialNumber
                0x48057028                getL2CachePerf
                0x48057130                es910PrintFwVersions
                0x48056fd4                getL2CachePerfRaw
                0x48056e8c                GetSystemTime
                0x48057480                es910MapCCSRMemoryRange
                0x48056e84                GetSystemTimeHigh
                0x48057368                es910PiggyGetPcbRevision
                0x48057418                waitMicroseconds
 .text          0x480574b4      0x2f4 C:\Program Files (x86)\ETAS\INTECRIO5.0\Target\Etarget\ES910\libes910.a(t_watchdog.o)
                0x480574c4                wdDisableAutoService
                0x4805758c                etasServiceWatchdog
                0x4805751c                wdService
                0x48057604                wdSetEventPeriod
                0x480574b4                wdEnableAutoService
                0x480574d4                wdSetApplicationName
                0x4805755c                triggerWD
                0x480574e0                wdDisconnect
 .text          0x480577a8      0x848 C:\Program Files (x86)\ETAS\INTECRIO5.0\Target\Etarget\ES910\libes910.a(p_chario.o)
                0x48057d5c                IOWrite
                0x480577a8                IOIsLogOn
                0x480577b4                IOLogOff
                0x48057810                IOLogOn
                0x48057adc                IOPrintf
 .text          0x48057ff0      0x31c C:\Program Files (x86)\ETAS\INTECRIO5.0\Target\Etarget\ES910\libes910.a(t_hwTimeSync.o)
                0x48057ff0                es9xxTimeSyncGetTimerValue
                0x480580e4                es9xxTimeSyncGetTimerStatus
                0x48058238                es9xxTimeSyncInit
                0x48058074                getLocalSystemTime
 .text          0x4805830c      0x224 C:\Program Files (x86)\ETAS\INTECRIO5.0\Target\Etarget\ES910\libes910.a(t_led.o)
                0x4805830c                userLed2Off
                0x480583a4                userLed2Toggle
                0x480584b0                ledsOff
                0x48058478                userLed1Toggle
                0x4805842c                userLed1On
                0x480583dc                userLed1Off
                0x48058358                userLed2On
 .text          0x48058530     0x2178 C:\Program Files (x86)\ETAS\INTECRIO5.0\Target\Etarget\ES910\libtarget.a(a_dacqui.o)
                0x48059b84                asdSimPreCall
                0x4805a638                asdSimPostCall
                0x48059c08                getDacqTimeFor
                0x4805a530                storeMeasureDataForGroup
                0x48059d80                applicationStartUserMode
                0x48059d58                resetLogSimulationTime
                0x480587e8                etasAscetLoggingBufferFillLevel
                0x48059ccc                getLogSimulationTime
                0x4805881c                etasAscetLoggingOverflowCounter
                0x48058860                asdDisableUserDefinedTime
                0x48059cf4                getSimulationTime
                0x48058784                setSimulationTime
                0x48058850                asdEnableUserDefinedTime
                0x480598c0                checkForBufferOverflow
                0x48059d20                resetDacqTimeFor
                0x48058758                setLogSimulationTime
                0x48058750                setDacqTimeFor
                0x48058530                applicationStopUserMode
                0x48059e60                timeMeasurementStop
                0x480587b4                etasAscetLoggingBufferSize
                0x48059f08                logDataForChannel
                0x4805a354                storeLogDataForGroup
                0x48059eb4                timeMeasurementStart
                0x48059e00                timeInSeconds
 .text          0x4805a6a8       0xd8 C:\Program Files (x86)\ETAS\INTECRIO5.0\Target\Etarget\ES910\libtarget.a(a_l1pro.o)
                0x4805a6a8                forwardToProcess
                0x4805a704                startUpSimulation
 .text          0x4805a780     0x4c88 C:\Program Files (x86)\ETAS\INTECRIO5.0\Target\Etarget\ES910\libtarget.a(a_primit.o)
                0x4805eecc                v3_initInstance_uint16
                0x4805c624                Vec_uint32_getAtProtected
                0x4805db48                v3_initInstance_Mat_real64
                0x4805d1f0                v3_initInstance_Mat_bool
                0x4805eb48                initInstance_GroupCharTable2
                0x4805e784                initInstance_Vec_real32
                0x4805bdb4                Mat_sint16_setAtProtected
                0x4805bc2c                Mat_uint16_setAtProtected
                0x4805d8f4                v3_initInstance_Mat_sint8
                0x4805da1c                v3_initInstance_Mat_real32
                0x4805d574                v3_initInstance_Mat_uint16
                0x4805c498                Vec_qreal64_getAtProtected
                0x4805f398                delete_Mat
                0x4805b008                addVector
                0x4805de2c                v3_initInstance_Vec_bool
                0x4805d67c                initInstance_Mat_uint16
                0x4805eb24                initInstance_uint32
                0x4805efd0                initInstance_sint16
                0x4805ce50                qreal64_set
                0x4805f18c                initInstance_real32
                0x4805e524                initInstance_Vec_uint8
                0x4805f2d8                delete_CharTable2
                0x4805c9b0                Vec_uint8_getAtProtected
                0x4805ef3c                initInstance_uint16
                0x4805a80c                removeMatrix
                0x4805c934                Vec_uint8_setAtProtected
                0x4805d448                v3_initInstance_Mat_sint32
                0x4805df38                initInstance_Vec_bool
                0x4805b694                Mat_real64_getAtProtected
                0x4805b5a4                Mat_real64_setAtProtected
                0x4805d2f8                initInstance_Mat_bool
                0x4805e198                initInstance_Vec_sint32
                0x4805eff4                v3_initInstance_uint8
                0x4805cd44                Vec_qreal64_setAtProtected
                0x4805aed4                addMatrix
                0x4805d02c                v3_initInstance_Mat_qreal64
                0x4805c184                Mat_sint8_getAtProtected
                0x4805ecd0                initInstance_GroupCharTable1
                0x4805be80                Mat_sint16_getAtProtected
                0x4805df5c                v3_initInstance_Vec_uint32
                0x4805ca8c                Vec_sint8_getAtProtected
                0x4805bb70                Mat_sint32_getAtProtected
                0x4805caf0                qreal64_adjust
                0x4805f3d0                delete_Vec
                0x4805e2ec                v3_initInstance_Vec_sint16
                0x4805e3f8                initInstance_Vec_sint16
                0x4805c378                Vec_real64_setAtProtected
                0x4805c76c                Vec_uint16_setAtProtected
                0x4805c4c0                Vec_real32_setAtProtected
                0x4805d8d0                initInstance_Mat_uint8
                0x4805b9e8                Mat_uint32_getAtProtected
                0x4805a78c                getBasicType
                0x4805e674                v3_initInstance_Vec_real32
                0x4805cc14                Mat_qreal64_setAtProtected
                0x4805c314                Vec_bool_getAtProtected
                0x4805f228                initInstance_real64
                0x4805ddf4                initInstance_Vec_qreal64
                0x4805f318                delete_GroupCharTable1
                0x4805ee38                v3_initInstance_sint32
                0x4805db24                initInstance_Mat_real32
                0x4805ca10                Vec_sint8_setAtProtected
                0x4805b860                Mat_real32_getAtProtected
                0x4805c294                Vec_bool_setAtProtected
                0x4805a8fc                removeVector
                0x4805b4e8                Mat_bool_getAtProtected
                0x4805f358                delete_CharTable1
                0x4805eea8                initInstance_sint32
                0x4805d31c                v3_initInstance_Mat_uint32
                0x4805f0f8                initInstance_sint8
                0x4805ec0c                initInstance_CharTable2
                0x4805e9e8                initInstance_qreal64
                0x4805b91c                Mat_uint32_setAtProtected
                0x4805bcf8                Mat_uint16_getAtProtected
                0x4805dc50                initInstance_Mat_real64
                0x4805f1b0                v3_initInstance_real64
                0x4805eab4                v3_initInstance_uint32
                0x4805a798                getPrimitiveType
                0x4805b384                Mat_setCurSizeYProtected
                0x4805e548                v3_initInstance_Vec_sint8
                0x4805f064                initInstance_uint8
                0x4805e1bc                v3_initInstance_Vec_uint16
                0x4805a780                getTypeSize
                0x4805d550                initInstance_Mat_sint32
                0x4805f11c                v3_initInstance_real32
                0x4805f298                delete_GroupCharTable2
                0x4805b41c                Mat_bool_setAtProtected
                0x4805d424                initInstance_Mat_uint32
                0x4805ea90                initInstance_bool
                0x4805c5a4                Vec_uint32_setAtProtected
                0x4805dc74                v3_initInstance_Vec_qreal64
                0x4805d1b0                initInstance_Mat_qreal64
                0x4805b76c                Mat_qreal64_getAtProtected
                0x4805e41c                v3_initInstance_Vec_uint8
                0x4805c708                Vec_sint32_getAtProtected
                0x4805d7a8                initInstance_Mat_sint16
                0x4805c7ec                Vec_uint16_getAtProtected
                0x4805c240                Vec_setCurSizeProtected
                0x4805f088                v3_initInstance_sint8
                0x4805c418                Vec_real64_getAtProtected
                0x4805bf3c                Mat_uint8_setAtProtected
                0x4805e068                initInstance_Vec_uint32
                0x4805d6a0                v3_initInstance_Mat_sint16
                0x4805c688                Vec_sint32_setAtProtected
                0x4805f24c                initInstance_reference
                0x4805c8d0                Vec_sint16_getAtProtected
                0x4805c0bc                Mat_sint8_setAtProtected
                0x4805b3d0                Mat_setCurSizeXProtected
                0x4805ea20                v3_initInstance_bool
                0x4805ed84                initInstance_CharTable1
                0x4805e8d8                v3_initInstance_qreal64
                0x4805cf98                initInstance_quantInfo
                0x4805b794                Mat_real32_setAtProtected
                0x4805d9f8                initInstance_Mat_sint8
                0x4805e08c                v3_initInstance_Vec_sint32
                0x4805c540                Vec_real32_getAtProtected
                0x4805baa4                Mat_sint32_setAtProtected
                0x4805e650                initInstance_Vec_sint8
                0x4805c850                Vec_sint16_setAtProtected
                0x4805c004                Mat_uint8_getAtProtected
                0x4805ef60                v3_initInstance_sint16
                0x4805d7cc                v3_initInstance_Mat_uint8
                0x4805e2c8                initInstance_Vec_uint16
                0x4805e8b4                initInstance_Vec_real64
                0x4805e7a8                v3_initInstance_Vec_real64
 .text          0x4805f408       0x20 C:\Program Files (x86)\ETAS\INTECRIO5.0\Target\Etarget\ES910\libtarget.a(a_sysver.o)
                0x4805f41c                getBuildRevision
                0x4805f408                getSystemLibVersion
                0x4805f414                getSystemLibCid
 .text          0x4805f428     0x305c C:\Program Files (x86)\ETAS\INTECRIO5.0\Target\Etarget\ES910\libtarget.a(a_targma.o)
                0x48060328                perfMeasStop
                0x48060cf8                asdMalloc
                0x480610ec                addToActiveSimObjList
                0x4805f5a8                getTargetL1BufferSizeCode
                0x4806127c                asdWriteUserError
                0x4805f540                setTargetL1BufferSize
                0x48061bb4                perfMeasDisplay
                0x4805f50c                getSimObjPtr
                0x480605f8                asdFree
                0x48061250                asdClearUserError
                0x4805f600                resetPerfMeasObj
                0x48060acc                asdMallocNoInit
                0x48061a6c                asdWriteUserDebug
                0x4805f458                searchInActiveList
                0x48060ca4                asdCalloc
                0x4805f59c                getTargetL1BufferSize
                0x4805f4b4                removeFromActiveSimObjList
                0x480603d0                perfMeasStart
                0x4805f434                instanceTreeMallocOn
                0x48060c24                createPerfMeasObj
                0x48061dfc                etasInitModelProcess
                0x4805fdcc                getObjectsRecursive
                0x4806043c                availableMemory
                0x4805f444                instanceTreeMallocOff
                0x480604f0                asdFreeAll
                0x48060f8c                updateCTBlocks
                0x48060954                asdRealloc
                0x48060914                deletePerfMeasObj
                0x4805f428                getInstanceTreeMemoryConsumption
 .text          0x48062484     0x14ac C:\Program Files (x86)\ETAS\INTECRIO5.0\Target\Etarget\ES910\libtarget.a(i_cpyfnc.o)
                0x480627b4                copyPlainFromFloat
                0x480632e0                copyScalSatTypeSatFromFloat
                0x48063918                copyInt
                0x48063924                copyDouble
                0x4806390c                copyShort
                0x48062e48                copyScalFromValidFloat
                0x4806308c                copyScalSatFromFloat
                0x480629d4                copySatFromFloat
                0x48062484                copyPlainToFloat
                0x480626d4                copyScalSatToFloat
                0x4806261c                copyScalToFloat
                0x48063900                copyByte
                0x480636a4                copyBoolSatFromFloat
                0x48062550                copySatToFloat
                0x48062c18                copyScalFromFloat
 .text          0x48063930     0x530c C:\Program Files (x86)\ETAS\INTECRIO5.0\Target\Etarget\ES910\libtarget.a(i_mapfnc.o)
                0x48063cc8                var2BufByteOffsetReal64
                0x48065fa0                var2BufBypassSint8
                0x48064d04                var2Buf64BitIntelSint32
                0x48063eb4                var2BufByteOffsetBool
                0x48066d84                var2BufIndirectMotorolaReal32
                0x48063c84                buf2VarSimpleUint8
                0x48063f48                buf2VarByteOffsetSint32
                0x480670f8                buf2VarIndirectMotorolaSint32
                0x48068420                var2BufIndirectIntelSint16
                0x48068be8                bufGenFrameInit
                0x48066c24                buf2VarGenFrameIntelSint32
                0x4806893c                buf2VarBypassIntelUint16
                0x48064408                var2Buf64BitMotorolaUint16
                0x48064be8                var2Buf64BitIntelUint32
                0x480653ec                buf2Var64BitMotorolaReal32
                0x48065d9c                var2BufBypassMotorolaReal64
                0x480644b4                var2Buf64BitMotorolaSint16
                0x48063dd0                var2BufByteOffsetSint16
                0x48063c3c                buf2VarSimpleSint32
                0x480660e0                buf2VarBypassMotorolaSint32
                0x48063f98                buf2VarByteOffsetSint8
                0x48066e48                var2BufIndirectMotorolaUint16
                0x480660b0                buf2VarBypassMotorolaUint32
                0x480656bc                buf2Var64BitMotorolaUint8
                0x48068778                var2BufBypassMaskedIntelBoolUint32
                0x48067058                buf2VarIndirectMotorolaReal64
                0x48063b34                var2BufSimpleBool
                0x48066a64                buf2VarGenFrameMotorolaSint32
                0x480655d8                buf2Var64BitMotorolaSint32
                0x480646b0                var2Buf64BitMotorolaBool
                0x48066be4                buf2VarGenFrameIntelUint32
                0x480669a4                var2BufGenFrameIntelBool
                0x48066964                var2BufGenFrameIntelSint8
                0x480666e4                var2BufGenFrameMotorolaSint16
                0x48066d64                var2BufIndirectMotorolaReal64
                0x48063e1c                var2BufByteOffsetUint8
                0x48064048                var2Buf64BitMotorolaUint64
                0x480666a4                var2BufGenFrameMotorolaUint16
                0x480689cc                buf2VarBypassIntelUint32
                0x48068b00                var2BufBypassIntelSint32
                0x48063bf8                buf2VarSimpleReal64
                0x48066190                buf2VarBypassIntelReal64
                0x48063f5c                buf2VarByteOffsetUint16
                0x480639ac                var2BufSimpleSint32
                0x480664b8                var2BufBypassMaskedUint8
                0x48066268                var2BufBypassMaskedMotorolaUint32
                0x48063e68                var2BufByteOffsetSint8
                0x48064878                var2Buf64BitIntelUint64
                0x4806708c                buf2VarIndirectMotorolaReal32
                0x48066060                buf2VarBypassMotorolaReal64
                0x480667a4                var2BufGenFrameMotorolaBool
                0x48064e20                var2Buf64BitIntelUint16
                0x48063cec                var2BufByteOffsetUint32
                0x480682ec                buf2VarIndirectIntelUint16
                0x48063fb0                buf2VarByteOffsetBool
                0x48068668                var2BufBypassMaskedIntelSint16
                0x48063b9c                var2BufSimpleUint8Bool
                0x48065e64                var2BufBypassMotorolaUint16
                0x480686f0                var2BufBypassMaskedIntelUint16
                0x48063c24                buf2VarSimpleUint32
                0x48066764                var2BufGenFrameMotorolaSint8
                0x480647a8                var2Buf64BitIntelReal32
                0x48067284                buf2VarIndirectSint8
                0x48065434                buf2Var64BitMotorolaUint64
                0x48066624                var2BufGenFrameMotorolaUint32
                0x48067704                var2BufGenFrameMotorolaReal64
                0x48068b60                var2BufBypassIntelUint32
                0x48066b24                buf2VarGenFrameMotorolaUint8
                0x48065620                buf2Var64BitMotorolaUint16
                0x48065d08                buf2Var64BitIntelSint8
                0x480667e4                var2BufGenFrameIntelReal32
                0x480657bc                buf2Var64BitIntelReal32
                0x48064754                var2Buf64BitIntelReal64
                0x4806638c                var2BufBypassMaskedMotorolaUint16
                0x48064a30                var2Buf64BitIntelSint64
                0x480668a4                var2BufGenFrameIntelUint16
                0x480681ec                buf2VarGenFrameIntelReal64
                0x48065eb0                var2BufBypassMotorolaSint16
                0x48068a10                buf2VarBypassIntelReal32
                0x48068988                buf2VarBypassIntelSint32
                0x48063d38                var2BufByteOffsetSint32
                0x4806592c                buf2Var64BitIntelSint64
                0x480669e4                buf2VarGenFrameMotorolaReal32
                0x48068c14                bufBypassInit
                0x48065b44                buf2Var64BitIntelUint16
                0x48066330                var2BufBypassMaskedMotorolaBoolUint32
                0x48068558                var2BufIndirectIntelUint32
                0x48066ae4                buf2VarGenFrameMotorolaSint16
                0x48064560                var2Buf64BitMotorolaUint8
                0x48065838                buf2Var64BitIntelUint64
                0x48066ca4                buf2VarGenFrameIntelSint16
                0x48066864                var2BufGenFrameIntelSint32
                0x48067edc                buf2VarGenFrameMotorolaReal64
                0x48065c70                buf2Var64BitIntelUint8
                0x48066588                var2BufBypassMaskedBoolUint8
                0x48067dbc                buf2VarGenFrameMotorolaUint64
                0x48067180                buf2VarIndirectMotorolaSint16
                0x48066ba4                buf2VarGenFrameIntelReal32
                0x480642c0                var2Buf64BitMotorolaUint32
                0x480685c0                var2BufIndirectIntelReal32
                0x48063cd8                var2BufByteOffsetReal32
                0x480685f0                var2BufBypassMaskedIntelBoolUint16
                0x48066230                buf2VarBypassSint8
                0x48065188                var2Buf64BitIntelSint8
                0x48064364                var2Buf64BitMotorolaSint32
                0x48065bdc                buf2Var64BitIntelSint16
                0x48065068                var2Buf64BitIntelUint8
                0x4806758c                var2BufGenFrameMotorolaUint64
                0x48066aa4                buf2VarGenFrameMotorolaUint16
                0x480661f8                buf2VarBypassUint8
                0x48063fec                var2Buf64BitMotorolaReal32
                0x48066c64                buf2VarGenFrameIntelUint16
                0x48063c98                buf2VarSimpleSint8
                0x48066da0                var2BufIndirectMotorolaUint32
                0x48068068                buf2VarGenFrameIntelSint64
                0x48066150                buf2VarBypassMotorolaSint16
                0x4806395c                var2BufSimpleUint32
                0x48067c98                buf2VarGenFrameMotorolaSint64
                0x48063fc4                buf64BitInit
                0x480671cc                buf2VarIndirectIntelReal64
                0x480683e4                buf2VarIndirectIntelReal32
                0x48065e18                var2BufBypassMotorolaSint32
                0x48068aa0                var2BufBypassIntelUint16
                0x48066b64                buf2VarGenFrameMotorolaSint8
                0x48067414                var2BufGenFrameMotorolaSint64
                0x480663f4                var2BufBypassMaskedMotorolaSint16
                0x4806645c                var2BufBypassMaskedMotorolaBoolUint16
                0x48067a40                var2BufGenFrameIntelUint64
                0x48066724                var2BufGenFrameMotorolaUint8
                0x48063a9c                var2BufSimpleUint8
                0x48063f20                buf2VarByteOffsetReal32
                0x48066fa4                var2BufIndirectSint8
                0x48063c0c                buf2VarSimpleReal32
                0x48068344                buf2VarIndirectIntelSint32
                0x48068a40                var2BufBypassIntelSint16
                0x48065590                buf2Var64BitMotorolaUint32
                0x48065dcc                var2BufBypassMotorolaUint32
                0x48068870                var2BufBypassMaskedIntelUint32
                0x48066ef0                var2BufIndirectIntelReal64
                0x48066520                var2BufBypassMaskedSint8
                0x48063f34                buf2VarByteOffsetUint32
                0x480668e4                var2BufGenFrameIntelSint16
                0x48063cb0                buf2VarSimpleBool
                0x48063c54                buf2VarSimpleUint16
                0x4806570c                buf2Var64BitMotorolaSint8
                0x48066118                buf2VarBypassMotorolaUint16
                0x48063f10                buf2VarByteOffsetReal64
                0x480684f0                var2BufIndirectIntelSint32
                0x4806713c                buf2VarIndirectMotorolaUint16
                0x4806812c                buf2VarGenFrameIntelUint64
                0x48065efc                var2BufBypassIntelReal64
                0x48065a24                buf2Var64BitIntelUint32
                0x48065670                buf2Var64BitMotorolaSint16
                0x48066664                var2BufGenFrameMotorolaSint32
                0x480653c8                buf2Var64BitMotorolaReal64
                0x480654e0                buf2Var64BitMotorolaSint64
                0x48063f70                buf2VarByteOffsetSint16
                0x48066f50                var2BufIndirectUint8
                0x48066ce4                buf2VarGenFrameIntelUint8
                0x48068488                var2BufIndirectIntelUint16
                0x48067240                buf2VarIndirectUint8
                0x48066ff8                var2BufIndirectBool
                0x48068bc0                var2BufBypassIntelReal32
                0x48066824                var2BufGenFrameIntelUint32
                0x480639fc                var2BufSimpleUint16
                0x48066df4                var2BufIndirectMotorolaSint32
                0x48066a24                buf2VarGenFrameMotorolaUint32
                0x48063d84                var2BufByteOffsetUint16
                0x48065758                buf2Var64BitIntelReal64
                0x48065ab4                buf2Var64BitIntelSint32
                0x480665e4                var2BufGenFrameMotorolaReal32
                0x48064608                var2Buf64BitMotorolaSint8
                0x480672c8                formulaOutReal64
                0x48063ae8                var2BufSimpleSint8
                0x48066d24                buf2VarGenFrameIntelSint8
                0x480672e4                formulaInReal64
                0x48063fd8                var2Buf64BitMotorolaReal64
                0x48063a4c                var2BufSimpleSint16
                0x48066924                var2BufGenFrameIntelUint8
                0x4806608c                buf2VarBypassMotorolaReal32
                0x480670bc                buf2VarIndirectMotorolaUint32
                0x48067b3c                var2BufGenFrameIntelReal64
                0x48066e9c                var2BufIndirectMotorolaSint16
                0x48064f44                var2Buf64BitIntelSint16
                0x48065f54                var2BufBypassUint8
                0x48063c6c                buf2VarSimpleSint16
                0x48068394                buf2VarIndirectIntelUint32
                0x480662cc                var2BufBypassMaskedMotorolaSint32
                0x48068294                buf2VarIndirectIntelSint16
                0x48063930                var2BufSimpleReal64
                0x48065db8                var2BufBypassMotorolaReal32
                0x48063f84                buf2VarByteOffsetUint8
                0x48067944                var2BufGenFrameIntelSint64
                0x480687f0                var2BufBypassMaskedIntelSint32
                0x48064184                var2Buf64BitMotorolaSint64
                0x480688f0                buf2VarBypassIntelSint16
                0x48063944                var2BufSimpleReal32
                0x48065fec                var2BufBypassBool
                0x480652a8                var2Buf64BitIntelBool
 .text          0x48068c3c      0xee4 C:\Program Files (x86)\ETAS\INTECRIO5.0\Target\Etarget\ES910\libtarget.a(i_osman.o)
                0x48069924                etasRemoveStopUserModeCallback
                0x48069190                activateTaskWithId
                0x48068cf8                findCurAppModeName
                0x48068e64                getTaskIdForTask
                0x48068f68                clearMeasureGroupForTask
                0x48069000                clearLogGroupForTask
                0x48069800                etasInitTaskTerminationHook
                0x48069044                isModelStarted
                0x48068c60                getEEId
                0x48068d94                getTaskPtrForId
                0x48069ae8                etasAddInitTaskTerminationCallback
                0x4806906c                updateUserModeState
                0x48069ab0                etasAddStopUserModeCallback
                0x480696fc                etasStopUserModeHook
                0x48068c3c                etasInitOsProcess
                0x48068ea4                findCurTaskName
                0x48068f8c                setMeasureGroupForTask
                0x48069024                setLogGroupForTask
                0x4806995c                etasRemoveInitTaskTerminationCallback
 .text          0x48069b20     0x73e0 C:\Program Files (x86)\ETAS\INTECRIO5.0\Target\Etarget\ES910\libtarget.a(i_rtioma.o)
                0x48069b5c                rtioCheckStartup
                0x48069bb8                registerRtioDriverLockedCallback
                0x48069bac                etasRtioInitProcess
                0x480708a8                rtioHook
                0x480700f0                rtioSignalDriverLock
                0x48069bb4                etasRtioExitProcess
                0x4806ffbc                etasRtioIntDisableProcess
                0x48069b50                rtioSetConfigState
                0x48069c38                deRegisterRtioDriverLockedCallback
                0x48070010                rtioSignalDriverUnlock
                0x4806ffdc                etasRtioStartupProcess
                0x48069b44                rtioGetConfigState
                0x48069cbc                rtioGetDriverLockedState
                0x48069ba0                rtioIsOsExpertModeActive
                0x48069b94                rtioGetHwAbsenceBehavior
                0x48069b20                rtioSetLogPort
                0x48069bb0                etasRtioIntEnableProcess
                0x48069b2c                rtioSetConfigId
 .text          0x48070f00      0x550 C:\Program Files (x86)\ETAS\INTECRIO5.0\Target\Etarget\ES910\libtarget.a(i_salone.o)
                0x480713fc                crossbarPrepareReconnection
                0x4807120c                crossbarGetNextConfigResponse
                0x48071068                playbackConfigL1Records
                0x480713a8                rtioPrepareReconnection
                0x48071310                crossbarFinishReconnection
                0x480711a0                rtioGetNextConfigResponse
                0x48071278                rtioFinishReconnection
 .text          0x48071450     0x1830 C:\Program Files (x86)\ETAS\INTECRIO5.0\Target\Etarget\ES910\libtarget.a(t_croman.o)
                0x4807145c                crossbarSetConfigId
                0x48071474                crossbarGetConfigState
                0x48071450                crossbarSetLogPort
                0x48071480                crossbarSetConfigState
                0x48072bdc                crossbarHook
 .text          0x48072c80      0xcb0 C:\Program Files (x86)\ETAS\INTECRIO5.0\Target\Etarget\ES910\libtarget.a(t_crosll.o)
                0x48072f54                createCopyObjectContainer
                0x48072fd0                insertObjectIntoCopyLists
                0x48073254                commonCreateCopyAction
                0x480737d4                cromanExecuteObj
                0x48072c80                internalDeleteCopyAction
                0x48073124                createInsertVector
 .text          0x48073930     0x1cf0 C:\Program Files (x86)\ETAS\INTECRIO5.0\Target\Etarget\ES910\libtarget.a(t_nvram.o)
                0x48073a64                nvramClear
                0x48073a14                nvramEnableAutoUpdate
                0x48073a9c                nvramResetStatistics
                0x48073930                nvramSetUpdateInterval
                0x48073a08                nvramGetConsistencyLevel
                0x48074bc4                nvramUpdateMemoryBackground
                0x48075024                nvramInit
                0x48073a58                nvramCheckRunningUpdate
                0x48074b28                nvramManualUpdateExit
                0x480749f0                nvramManualUpdateBackground
                0x48073a48                nvramCheckForAutoUpdate
                0x48074db4                nvramInitModelVars
                0x48073a90                nvramCheckForInitializedVars
                0x48073fc0                nvramGetUpdateAgeMs
                0x480748bc                nvramManualUpdateBlocked
                0x480739e8                nvramSetConsistencyLevel
                0x48073a30                nvramDisableAutoUpdate
                0x48073b00                nvramGetStatistics
                0x48073984                nvramGetUpdateInterval
 .text          0x48075620      0x6ec C:\Program Files (x86)\ETAS\INTECRIO5.0\Target\Etarget\ES910\libtarget.a(t_objlis.o)
                0x48075c14                createObjList
                0x48075620                dumpObjList
 .text          0x48075d0c      0xcd8 C:\Program Files (x86)\ETAS\INTECRIO5.0\Target\Etarget\ES910\libtarget.a(t_rtcros.o)
                0x48075f24                getObjectFromDynamicInstanceTree
                0x48075d18                deleteInstance_container
                0x480763c8                removeObjectFromDynamicInstanceTree
                0x48075db4                initInstance_container
                0x48076598                getValuePtr
                0x480764b0                addObjectToDynamicInstanceTree
                0x48076344                getNextFreeRefIdOfDynamicInstanceTree
                0x48075d0c                rtcrosSetLogPort
                0x48075ef4                createDynamicInstanceTree
                0x48076610                processBlockCommands
 .text          0x480769e4     0x1b38 C:\Program Files (x86)\ETAS\INTECRIO5.0\Target\Etarget\ES910\libtarget.a(t_sgman.o)
                0x480783e0                sgHook
                0x48076b44                sgGetComVarPtr
                0x480783a4                deleteComVarCallback
                0x480769e4                sgGetCurTime
                0x48078348                sgGetObjPtr
 .text          0x4807851c     0x14d0 C:\Program Files (x86)\ETAS\INTECRIO5.0\Target\Etarget\ES910\libtarget.a(y_primit.o)
                0x48078e20                initInstance_columnDirMatrixWrapper
                0x480798dc                initInstance_charTable1Wrapper
                0x48079378                initInstance_columnDirGroupCharTable2Wrapper
                0x48078f84                initInstance_matrixWrapper
                0x48079578                initInstance_groupCharTable1Wrapper
                0x48079238                initInstance_scalarWrapper
                0x48079478                initInstance_groupCharTable2Wrapper
                0x480790e8                initInstance_vectorWrapper
                0x480797a0                initInstance_charTable2Wrapper
                0x48079664                initInstance_columnDirCharTable2Wrapper
 .text          0x480799ec     0x19c0 C:\Program Files (x86)\ETAS\INTECRIO5.0\Target\Etarget\ES910\libtarget.a(a1b_dacq.o)
                0x48079adc                getA1bGroup
                0x4807ad64                instanciateA1bChannel
                0x4807a274                getA1bChannelGroupUpdateOffline
                0x4807b18c                storeA1bDataForGroup
                0x4807a828                destructA1bChannelGroup
                0x4807ab60                instanciateA1bGroup
                0x4807a900                freeA1bMeasureBuffers
                0x4807b16c                allocateA1bMeasureBuffers
                0x48079a98                addA1bChannelToA1bGroup
                0x4807a610                destructA1bChannel
                0x48079b78                removeA1bChannelFromA1bGroup
 .text          0x4807b3ac     0x1060 C:\Program Files (x86)\ETAS\INTECRIO5.0\Target\Etarget\ES910\libtarget.a(a_contai.o)
                0x4807babc                dVectorRewindHeadReentrant
                0x4807ba00                dVectorRemoveObject
                0x4807bb8c                dVectorCreate
                0x4807b404                dListGetObjectForward
                0x4807b700                dTableRemoveLastObject
                0x4807c138                dTableDelete
                0x4807b854                dVectorGetObject
                0x4807b3ec                dListRewindTailReentrant
                0x4807bbe4                dTableCreate
                0x4807b5bc                dTableGetObject
                0x4807b658                dTableIsEmpty
                0x4807b83c                dTableNofObjects
                0x4807b45c                dListGetObjectBackward
                0x4807bf60                dTableAddObject
                0x4807c104                dTableDeleteStatic
                0x4807b968                dVectorRemoveLastObject
                0x4807b8e0                dVectorRemoveFirstObject
                0x4807b678                dTableRemoveFirstObject
                0x4807b3d8                dListRewindTail
                0x4807bce0                dListAddObjectHead
                0x4807c3ac                dListDelete
                0x4807c17c                dListRemoveObject
                0x4807b4b4                dListGetObjectAtIndex
                0x4807bdc4                dVectorAddObject
                0x4807b488                dListGetObjectBackwardReentrant
                0x4807b588                dTableCreateStatic
                0x4807b430                dListGetObjectForwardReentrant
                0x4807b880                dVectorRemoveObjectAtIndex
                0x4807bac4                dVectorGetObjectForwardReentrant
                0x4807bb18                dVectorGetIndexOfLastEntry
                0x4807c27c                dListRemoveObjectTail
                0x4807bc3c                dListAddObjectTail
                0x4807b5f4                dTableRemoveObject
                0x4807bf1c                dVectorDelete
                0x4807c314                dListRemoveObjectHead
                0x4807ba9c                dVectorIsEmpty
                0x4807b544                dListIsEmpty
                0x4807bd88                dListCreate
                0x4807b798                dTableTestFunc
                0x4807bb00                dVectorNofObjects
                0x4807b3ac                dListRewindHead
                0x4807b570                dListNofObjects
                0x4807b3c0                dListRewindHeadReentrant
 .text          0x4807c40c      0x498 C:\Program Files (x86)\ETAS\INTECRIO5.0\Target\Etarget\ES910\libtarget.a(i_transf.o)
                0x4807c6a8                transferToMatrix
                0x4807c4a8                transferToVector
                0x4807c40c                transferFromVector
                0x4807c544                transferFromMatrix
                0x4807c80c                transferDirect
 .text          0x4807c8a4     0x2378 C:\Program Files (x86)\ETAS\INTECRIO5.0\Target\Etarget\ES910\libtarget.a(t_sglow.o)
                0x4807d800                freeDataSignal
                0x4807dc30                makeDataSignal
                0x4807d414                computeTimeSliceTimes
                0x4807d0dc                setSinewaveSignal
                0x4807cad0                getIntervalNr
                0x4807d714                deleteTimeSlice
                0x4807e980                freeChannel
                0x4807dc68                makeLinearSignal
                0x4807ea74                freeStimuliSet
                0x4807d234                setIntervalPulseSignal
                0x4807d864                freeInterval
                0x4807d1e8                setPulseSignal
                0x4807d3c0                setTimeSlice
                0x4807ca08                insertTimeSlice
                0x4807dac4                makeSinewaveSignal
                0x4807e000                makeIntervalDataSignal
                0x4807ce8c                binsearch
                0x4807d7a0                freeRandomSignal
                0x4807cdc8                getLinearSignalY
                0x4807c9bc                getTimeSliceNr
                0x4807d4f8                getTimeSliceT
                0x4807e1d4                getRandomSignalY
                0x4807d7c0                freePulseSignal
                0x4807d2f4                setRandomSignal
                0x4807e6d0                getChannelY
                0x4807dbe0                setIntervalDataSignal
                0x4807e3f4                getSinewaveSignalY
                0x4807eb88                makeStimuliSet
                0x4807cbf0                computeIntervalTimes
                0x4807cd30                setIntervalLinearSignal
                0x4807d978                makeTimeSlice
                0x4807dc8c                makeIntervalRandomSignal
                0x4807c8f0                insertChannel
                0x4807cb1c                insertInterval
                0x4807d328                setIntervalRandomSignal
                0x4807cc44                computeChannelTimes
                0x4807dda8                makeIntervalPulseSignal
                0x4807ccfc                setLinearSignal
                0x4807d47c                computeStimuliSetTimes
                0x4807da44                makeFunctionSignal
                0x4807c8a4                getChannelNr
                0x4807e90c                resetStimuliSet
                0x4807d8f4                deleteInterval
                0x4807d5ac                getT
                0x4807eb00                makeChannel
                0x4807da7c                makeRandomSignal
                0x4807cbe4                resetInterval
                0x4807e520                getIntervalY
                0x4807e29c                getPulseSignalY
                0x4807d128                setIntervalSinewaveSignal
                0x4807daa0                makePulseSignal
                0x4807d6f4                freeTimeSlice
                0x4807d400                resetTimeSlice
                0x4807cf30                getDataSignalY
                0x4807d7e0                freeSinewaveSignal
                0x4807d844                freeLinearSignal
                0x4807e9f0                deleteChannel
                0x4807e0bc                makeIntervalLinearSignal
                0x4807dae8                setDataSignal
                0x4807e83c                resetChannel0
                0x4807ded4                makeIntervalSinewaveSignal
 .text          0x4807ec1c        0x0 C:\Program Files (x86)\ETAS\INTECRIO5.0\Target\Etarget\rtio\global\es910\librtio_gnu.a(comm_err.o)
 .text          0x4807ec1c       0xa0 C:\Program Files (x86)\ETAS\INTECRIO5.0\Target\Etarget\rtio\global\es910\librtio_gnu.a(p_rtio.o)
                0x4807ec1c                rtioSignalHwAccessEnd
                0x4807ec74                rtioSignalHwAccessBegin
 .text          0x4807ecbc      0xd38 C:\Program Files (x86)\ETAS\INTECRIO5.0\Target\Etarget\rtio\global\es910\librtio_gnu.a(p_rtio_s.o)
                0x4807f9b0                setupRTIO
                0x4807f3a0                es910IsEtherCATEnabled
                0x4807ecc8                getMasterId
                0x4807eee0                rtioHwDetect
                0x4807f4ac                rtioTestBoardPresence
                0x4807edb8                printDetectedHardware
                0x4807ece4                rtioGetNextDetectedHwTableEntry
                0x4807ecbc                es910RtioGetFpgaRegsGlobal
                0x4807f928                es910RtioMapFpgaRegsGlobal
                0x4807f884                es910RtioUnmapFpgaRegsGlobal
                0x4807ecd0                rtioRewindDetectedHwTable
                0x4807f438                es910RtioIntDisable
 .text          0x4807f9f4      0xe18 C:\Program Files (x86)\ETAS\INTECRIO5.0\Target\Etarget\rtio\global\es910\librtio_gnu.a(rtio_err.o)
                0x4807fbd0                clearErrMsgList
                0x4807fb2c                deactivateRtioMsgLists
                0x4807fa98                installEtasPseudoGeoAdrBoardNames
                0x4807fa74                installCommErrMessages
                0x4807faa4                installUserBoardNames
                0x4807f9f4                initMessageTables
                0x4807fb64                getNextErrMsg
                0x4807fd28                rtioGetBoardName
                0x4807fa8c                installEtasAutoIdBoardNames
                0x480804b4                rtioErr
                0x4807fa54                mapErrorCode
                0x4807fab0                installEtasVirtualBoardNames
                0x4807fabc                installMessages
                0x4807fdbc                rtio_err_v3
                0x4807fb40                rewindErrMsgList
                0x4807fc58                clearCurErrMsg
                0x4807fb1c                activateRtioMsgLists
                0x48080230                rtioErrV2
                0x4807fa80                installEtasBoardNames
 .text          0x4808080c      0x638 C:\Program Files (x86)\ETAS\INTECRIO5.0\Target\Etarget\rtio\global\es910\librtio_gnu.a(fhc_emu.o)
                0x4808080c                fhc_get_module_name_port_name
                0x48080ac4                fhc_check_port_presence_rp
 .text          0x48080e44      0x798 C:\Program Files (x86)\ETAS\INTECRIO5.0\Target\Etarget\ES910\rta_osek\librtk_s.a(ostarget.o)
                0x48080e44                os_get_sw_int_info
                0x48081160                os_pre_start
                0x48081018                os_detach_interrupts
                0x48080ecc                os_generate_sw_int
 .text          0x480815dc       0x30 C:\Program Files (x86)\ETAS\INTECRIO5.0\Target\Etarget\ES910\rta_osek\librtk_s.a(osfptgt.o)
                0x480815dc                os_fp_save
                0x48081608                os_fp_restore_from