Archive member included because of file (symbol)

Car_State1/Car_State1.a(Car_State.o)
                              Car_State0/Car_State_instances.o (Car_State_U)
Disconnections1/Disconnections1.a(Disconnections.o)
                              Disconnections0/Disconnections_instances.o (Disconnections_DW)
Ellipse1/Ellipse1.a(Ellipse.o)
                              Ellipse0/Ellipse_instances.o (Ellipse_Y)
Inverters_Action1/Inverters_Action1.a(Inverters_Action.o)
                              Inverters_Action0/Inverters_Action_instances.o (Inverters_Action_U)
Inverters_Action1/Inverters_Action1.a(Inverters_Action_data.o)
                              Inverters_Action0/Inverters_Action_instances.o (Inverters_Action_ConstB)
Inverters_Data1/Inverters_Data1.a(Inverters_Data.o)
                              Inverters_Data0/Inverters_Data_instances.o (Inverters_Data_U)
Sensors1/Sensors1.a(Sensors.o)
                              Sensors0/Sensors_instances.o (Sensors_Y)
Sensors1/Sensors1.a(Sensors_data.o)
                              Sensors0/Sensors_instances.o (Sensors_ConstB)
Synchronism1/Synchronism1.a(Synchronism.o)
                              Synchronism0/Synchronism_instances.o (Synchronism_DW)
Power_Control1/Power_Control1.a(Power_Control.o)
                              Power_Control0/Power_Control_instances.o (Power_Control_DW)
VDC1/VDC1.a(VDC.o)            VDC0/VDC_instances.o (VDC_DW)
matlabsharedR2023b/matlabsharedR2023b.a(rt_nonfinite.o)
                              Inverters_Action1/Inverters_Action1.a(Inverters_Action.o) (rtIsInf)
matlabsharedR2023b/matlabsharedR2023b.a(const_params.o)
                              VDC1/VDC1.a(VDC.o) (rtCP_pooled_OiY3MRzyvx26)
matlabsharedR2023b/matlabsharedR2023b.a(look1_binlxpw.o)
                              VDC1/VDC1.a(VDC.o) (look1_binlxpw)
matlabsharedR2023b/matlabsharedR2023b.a(rt_powd_snf.o)
                              Inverters_Data1/Inverters_Data1.a(Inverters_Data.o) (rt_powd_snf)
matlabsharedR2023b/matlabsharedR2023b.a(rtgetinf.o)
                              matlabsharedR2023b/matlabsharedR2023b.a(rt_nonfinite.o) (rtGetInf)
matlabsharedR2023b/matlabsharedR2023b.a(rtgetnan.o)
                              matlabsharedR2023b/matlabsharedR2023b.a(rt_nonfinite.o) (rtGetNaN)
OSC/TaskISRArchive.a(etasConfigTask.o)
                              OSC/osekdefs.o (osek_task_e_etasConfigTask)
OSC/TaskISRArchive.a(Sync_25ms.o)
                              OSC/osekdefs.o (osek_task_e_Sync_25ms)
OSC/TaskISRArchive.a(Timer_1000ms.o)
                              OSC/osekdefs.o (osek_task_e_Timer_1000ms)
OSC/TaskISRArchive.a(Timer_100ms.o)
                              OSC/osekdefs.o (osek_task_e_Timer_100ms)
OSC/TaskISRArchive.a(Timer_25ms.o)
                              OSC/osekdefs.o (osek_task_e_Timer_25ms)
OSC/TaskISRArchive.a(Timer_Inv.o)
                              OSC/osekdefs.o (osek_task_e_Timer_Inv)
OSC/TaskISRArchive.a(SWT_CAN1_AP_BMS_SDC.o)
                              OSC/osekdefs.o (osek_task_e_SWT_CAN1_AP_BMS_SDC)
OSC/TaskISRArchive.a(SWT_CAN1_AP_CurrentSensor.o)
                              OSC/osekdefs.o (osek_task_e_SWT_CAN1_AP_CurrentSensor)
OSC/TaskISRArchive.a(SWT_CAN1_AP_BMS_Voltages.o)
                              OSC/osekdefs.o (osek_task_e_SWT_CAN1_AP_BMS_Voltages)
OSC/TaskISRArchive.a(SWT_CAN1_AP_BMS_ChargerParameters.o)
                              OSC/osekdefs.o (osek_task_e_SWT_CAN1_AP_BMS_ChargerParameters)
OSC/TaskISRArchive.a(SWT_CAN1_AP_BMS_Temperatures.o)
                              OSC/osekdefs.o (osek_task_e_SWT_CAN1_AP_BMS_Temperatures)
OSC/TaskISRArchive.a(SWT_CAN1_AP_Inverter_R_Tx.o)
                              OSC/osekdefs.o (osek_task_e_SWT_CAN1_AP_Inverter_R_Tx)
OSC/TaskISRArchive.a(SWT_CAN1_AP_Inverter_L_Tx.o)
                              OSC/osekdefs.o (osek_task_e_SWT_CAN1_AP_Inverter_L_Tx)
OSC/TaskISRArchive.a(SWT_CAN1_AP_DASH_Mode.o)
                              OSC/osekdefs.o (osek_task_e_SWT_CAN1_AP_DASH_Mode)
OSC/TaskISRArchive.a(SWT_CAN1_NM_BMS_Keep_Alive.o)
                              OSC/osekdefs.o (osek_task_e_SWT_CAN1_NM_BMS_Keep_Alive)
OSC/TaskISRArchive.a(SWT_CAN1_AP_BMS_AIRs_State.o)
                              OSC/osekdefs.o (osek_task_e_SWT_CAN1_AP_BMS_AIRs_State)
OSC/TaskISRArchive.a(SWT_CAN1_NM_DASH_Keep_Alive.o)
                              OSC/osekdefs.o (osek_task_e_SWT_CAN1_NM_DASH_Keep_Alive)
OSC/TaskISRArchive.a(SWT_CAN1_AP_DASH_PrechargeRequest.o)
                              OSC/osekdefs.o (osek_task_e_SWT_CAN1_AP_DASH_PrechargeRequest)
OSC/TaskISRArchive.a(SWT_CAN1_AP_DASH_EnableDrive.o)
                              OSC/osekdefs.o (osek_task_e_SWT_CAN1_AP_DASH_EnableDrive)
OSC/TaskISRArchive.a(SWT_CAN2_MEAS_RECU_SDC.o)
                              OSC/osekdefs.o (osek_task_e_SWT_CAN2_MEAS_RECU_SDC)
OSC/TaskISRArchive.a(SWT_CAN2_MEAS_FECU_SDC.o)
                              OSC/osekdefs.o (osek_task_e_SWT_CAN2_MEAS_FECU_SDC)
[...]
Memory Configuration

Name             Origin             Length             Attributes
*default*        0x00000000         0xffffffff

Linker script and memory map

LOAD C:/ETAS/Compiler/INTECRIO5.0/QNXCompiler-V6.5\target\qnx6/ppcbe-spe/lib/crt1.o
LOAD C:/ETAS/Compiler/INTECRIO5.0/QNXCompiler-V6.5\target\qnx6/ppcbe-spe/lib/crti.o
LOAD C:/ETAS/Compiler/INTECRIO5.0/QNXCompiler-V6.5\host\win32\x86/usr/lib/gcc/powerpc-unknown-nto-qnx6.5.0/4.4.2/spe/crtbegin.o
LOAD C:\ETAS\Compiler\INTECRIO5.0\QNXCompiler-V6.5\target\qnx6\ppcbe-spe\lib\gcc\4.4.2/libcpp.so
                0x00000000                PROVIDE (__stack, 0x0)
                0x00000000                PROVIDE (___stack, 0x0)
                0x48040000                PROVIDE (__executable_start, 0x48040000)
                0x480400f4                . = (0x48040000 + SIZEOF_HEADERS)

.interp         0x480400f4       0x14
 *(.interp)
 .interp        0x480400f4       0x14 C:/ETAS/Compiler/INTECRIO5.0/QNXCompiler-V6.5\target\qnx6/ppcbe-spe/lib/crt1.o

.note           0x48040110       0x18
 .note          0x48040110       0x18 C:/ETAS/Compiler/INTECRIO5.0/QNXCompiler-V6.5\target\qnx6/ppcbe-spe/lib/crtn.o

.note.gnu.build-id
 *(.note.gnu.build-id)

.hash           0x48040128      0x6a4
 *(.hash)
 .hash          0x48040128      0x6a4 C:/ETAS/Compiler/INTECRIO5.0/QNXCompiler-V6.5\target\qnx6/ppcbe-spe/lib/crt1.o

.gnu.hash
 *(.gnu.hash)

.dynsym         0x480407cc      0xe20
 *(.dynsym)
 .dynsym        0x480407cc      0xe20 C:/ETAS/Compiler/INTECRIO5.0/QNXCompiler-V6.5\target\qnx6/ppcbe-spe/lib/crt1.o

.dynstr         0x480415ec      0xbce
 *(.dynstr)
 .dynstr        0x480415ec      0xbce C:/ETAS/Compiler/INTECRIO5.0/QNXCompiler-V6.5\target\qnx6/ppcbe-spe/lib/crt1.o

.gnu.version    0x480421ba      0x1c4
 *(.gnu.version)
 .gnu.version   0x480421ba      0x1c4 C:/ETAS/Compiler/INTECRIO5.0/QNXCompiler-V6.5\target\qnx6/ppcbe-spe/lib/crt1.o

.gnu.version_d  0x48042380        0x0 load address 0x4804237e
 *(.gnu.version_d)
 .gnu.version_d
                0x00000000        0x0 C:/ETAS/Compiler/INTECRIO5.0/QNXCompiler-V6.5\target\qnx6/ppcbe-spe/lib/crt1.o

.gnu.version_r  0x48042380       0x20
 *(.gnu.version_r)
 .gnu.version_r
                0x48042380       0x20 C:/ETAS/Compiler/INTECRIO5.0/QNXCompiler-V6.5\target\qnx6/ppcbe-spe/lib/crt1.o

.rel.dyn
 *(.rel.init)
 *(.rel.text .rel.text.* .rel.gnu.linkonce.t.*)
 *(.rel.fini)
 *(.rel.rodata .rel.rodata.* .rel.gnu.linkonce.r.*)
 *(.rel.data.rel.ro* .rel.gnu.linkonce.d.rel.ro.*)
 *(.rel.data .rel.data.* .rel.gnu.linkonce.d.*)
 *(.rel.tdata .rel.tdata.* .rel.gnu.linkonce.td.*)
 *(.rel.tbss .rel.tbss.* .rel.gnu.linkonce.tb.*)
 *(.rel.ctors)
 *(.rel.dtors)
 *(.rel.got)
 *(.rel.sdata .rel.sdata.* .rel.gnu.linkonce.s.*)
 *(.rel.sbss .rel.sbss.* .rel.gnu.linkonce.sb.*)
 *(.rel.sdata2 .rel.sdata2.* .rel.gnu.linkonce.s2.*)
 *(.rel.sbss2 .rel.sbss2.* .rel.gnu.linkonce.sb2.*)
 *(.rel.bss .rel.bss.* .rel.gnu.linkonce.b.*)

.rela.dyn       0x480423a0       0x90
 *(.rela.init)
 *(.rela.text .rela.text.* .rela.gnu.linkonce.t.*)
 .rela.text     0x00000000        0x0 C:/ETAS/Compiler/INTECRIO5.0/QNXCompiler-V6.5\target\qnx6/ppcbe-spe/lib/crt1.o
 *(.rela.fini)
 *(.rela.rodata .rela.rodata.* .rela.gnu.linkonce.r.*)
 .rela.rodata   0x00000000        0x0 C:/ETAS/Compiler/INTECRIO5.0/QNXCompiler-V6.5\target\qnx6/ppcbe-spe/lib/crt1.o
 *(.rela.data .rela.data.* .rela.gnu.linkonce.d.*)
 .rela.data     0x00000000        0x0 C:/ETAS/Compiler/INTECRIO5.0/QNXCompiler-V6.5\target\qnx6/ppcbe-spe/lib/crt1.o
 *(.rela.tdata .rela.tdata.* .rela.gnu.linkonce.td.*)
 *(.rela.tbss .rela.tbss.* .rela.gnu.linkonce.tb.*)
 *(.rela.ctors)
 *(.rela.dtors)
 *(.rela.got)
 .rela.got      0x480423a0       0x30 C:/ETAS/Compiler/INTECRIO5.0/QNXCompiler-V6.5\target\qnx6/ppcbe-spe/lib/crt1.o
 *(.rela.got1)
 *(.rela.got2)
 *(.rela.sdata .rela.sdata.* .rela.gnu.linkonce.s.*)
 *(.rela.sbss .rela.sbss.* .rela.gnu.linkonce.sb.*)
 .rela.sbss     0x00000000        0x0 C:/ETAS/Compiler/INTECRIO5.0/QNXCompiler-V6.5\target\qnx6/ppcbe-spe/lib/crt1.o
 *(.rela.sdata2 .rela.sdata2.* .rela.gnu.linkonce.s2.*)
 *(.rela.sbss2 .rela.sbss2.* .rela.gnu.linkonce.sb2.*)
 *(.rela.bss .rela.bss.* .rela.gnu.linkonce.b.*)
 .rela.bss      0x480423d0       0x60 C:/ETAS/Compiler/INTECRIO5.0/QNXCompiler-V6.5\target\qnx6/ppcbe-spe/lib/crt1.o
 .rela.os_pid   0x00000000        0x0 C:/ETAS/Compiler/INTECRIO5.0/QNXCompiler-V6.5\target\qnx6/ppcbe-spe/lib/crt1.o
 .rela.os_intvec
                0x00000000        0x0 C:/ETAS/Compiler/INTECRIO5.0/QNXCompiler-V6.5\target\qnx6/ppcbe-spe/lib/crt1.o

.rel.plt
 *(.rel.plt)

.rela.plt       0x48042430      0x93c
 *(.rela.plt)
 .rela.plt      0x48042430      0x93c C:/ETAS/Compiler/INTECRIO5.0/QNXCompiler-V6.5\target\qnx6/ppcbe-spe/lib/crt1.o

.init           0x48042d6c       0x24
 *(.init)
 .init          0x48042d6c        0xc C:/ETAS/Compiler/INTECRIO5.0/QNXCompiler-V6.5\target\qnx6/ppcbe-spe/lib/crti.o
                0x48042d6c                _init
 .init          0x48042d78        0x4 C:/ETAS/Compiler/INTECRIO5.0/QNXCompiler-V6.5\host\win32\x86/usr/lib/gcc/powerpc-unknown-nto-qnx6.5.0/4.4.2/spe/crtbegin.o
 .init          0x48042d7c        0x4 C:/ETAS/Compiler/INTECRIO5.0/QNXCompiler-V6.5\host\win32\x86/usr/lib/gcc/powerpc-unknown-nto-qnx6.5.0/4.4.2/spe/crtend.o
 .init          0x48042d80       0x10 C:/ETAS/Compiler/INTECRIO5.0/QNXCompiler-V6.5\target\qnx6/ppcbe-spe/lib/crtn.o

.text           0x48042d90    0x49524
                0x48042d90                _btext = .
 *(.text .stub .text.* .gnu.linkonce.t.*)
 .text          0x48042d90      0x118 C:/ETAS/Compiler/INTECRIO5.0/QNXCompiler-V6.5\target\qnx6/ppcbe-spe/lib/crt1.o
                0x48042d90                _start
 .text          0x48042ea8        0x0 C:/ETAS/Compiler/INTECRIO5.0/QNXCompiler-V6.5\target\qnx6/ppcbe-spe/lib/crti.o
 .text          0x48042ea8      0x1b8 C:/ETAS/Compiler/INTECRIO5.0/QNXCompiler-V6.5\host\win32\x86/usr/lib/gcc/powerpc-unknown-nto-qnx6.5.0/4.4.2/spe/crtbegin.o
 .text          0x48043060      0x240 ROOT_instances.o
                0x48043204                initializeYukonModel
                0x480430b0                getSystemTimeS
                0x48043078                getModelIdentificationString
                0x4804308c                getDeltaT
                0x48043060                getIntecrioVersionNumber
                0x48043190                os_setDeltaT
                0x48043084                getBuildEnvironment
                0x4804306c                getBuildEnvironmentVersion
 .text          0x480432a0        0x0 _INT_pid.pi.o
 .text          0x480432a0       0x24 userFuncProcessCanPayload.o
                0x480432b4                userCanInitHook
                0x480432c0                userCanTxHookV3
                0x480432b8                userCanExitHook
                0x480432a0                userCanHookGetVersionAndCid
                0x480432bc                userCanRxHookV3
 .text          0x480432c4       0x24 userFuncProcessFlexRayPayload.o
                0x480432e4                userFlexRayPDURxHook
                0x480432e0                userFlexRayPDUTxHook
                0x480432c4                userFlexRayHookGetVersionAndCid
                0x480432d8                userFlexRayInitHook
                0x480432dc                userFlexRayExitHook
 .text          0x480432e8       0x60 OSC/i_rtawrapper.o
                0x48043328                rtaActivateTask
                0x48043308                rtaSchedule
                0x480432e8                rtaShutdownOS
 .text          0x48043348      0x2c4 Car_State0/Car_State_instances.o
                0x480433f0                initClass_RTWTop_Car_State
                0x480433a8                initInstance_RTWTop_Car_State
                0x48043348                setDeltaT_Car_State
                0x480435e0                initModel_RTWTop_Car_State
 .text          0x4804360c      0xc10 Car_State1/Car_State1.a(Car_State.o)
                0x48044018                MdlInitialize_Car_State
                0x48043620                Car_State_FALSE
                0x48043634                MdlOutputs_Car_State
                0x48043f98                MdlUpdate_Car_State
                0x4804360c                Car_State_TRUE
                0x4804401c                MdlStart_Car_State
                0x48044010                MdlInitializeSizes_Car_State
                0x48044014                MdlInitializeSampleTimes_Car_State
                0x48044068                Car_State
                0x48044064                MdlTerminate_Car_State
 .text          0x4804421c      0x4d8 Disconnections0/Disconnections_instances.o
                0x4804427c                initInstance_RTWTop_Disconnections
                0x480446c8                initModel_RTWTop_Disconnections
                0x4804421c                setDeltaT_Disconnections
                0x480442c4                initClass_RTWTop_Disconnections
 .text          0x480446f4      0x998 Disconnections1/Disconnections1.a(Disconnections.o)
                0x48044ec0                MdlTerminate_Disconnections
                0x48044734                Disconnections_Error_Counter
                0x48044ec4                Disconnections
                0x48044e54                MdlInitializeSampleTimes_Disconnections
                0x48044e5c                MdlStart_Disconnections
                0x480446f4                Disconnections_Reset_counter
                0x48044e50                MdlInitializeSizes_Disconnections
                0x48044764                MdlOutputs_Disconnections
                0x48044e58                MdlInitialize_Disconnections
                0x48044708                Disconnections_CAN_OK
                0x48044dd8                MdlUpdate_Disconnections
                0x48044750                Disconnections_Signal_OK
 .text          0x4804508c      0x1e4 Ellipse0/Ellipse_instances.o
                0x48045134                initClass_RTWTop_Ellipse
                0x4804508c                setDeltaT_Ellipse
                0x480450ec                initInstance_RTWTop_Ellipse
                0x48045244                initModel_RTWTop_Ellipse
 .text          0x48045270      0x250 Ellipse1/Ellipse1.a(Ellipse.o)
                0x48045270                MdlOutputs_Ellipse
                0x4804532c                MdlInitialize_Ellipse
                0x48045324                MdlInitializeSizes_Ellipse
                0x480452ac                MdlUpdate_Ellipse
                0x48045334                MdlTerminate_Ellipse
                0x48045330                MdlStart_Ellipse
                0x48045328                MdlInitializeSampleTimes_Ellipse
                0x48045338                Ellipse
 .text          0x480454c0      0x3a0 Inverters_Action0/Inverters_Action_instances.o
                0x48045834                initModel_RTWTop_Inverters_Action
                0x480454c0                setDeltaT_Inverters_Action
                0x48045568                initClass_RTWTop_Inverters_Action
                0x48045520                initInstance_RTWTop_Inverters_Action
 .text          0x48045860      0xca0 Inverters_Action1/Inverters_Action1.a(Inverters_Action.o)
                0x480459b8                MdlInitializeSizes_Inverters_Action
                0x480459c0                MdlInitialize_Inverters_Action
                0x48045a10                Inverters_Action
                0x480459c4                MdlStart_Inverters_Action
                0x48045860                Inverters_Actio_EnumerationDone
                0x480458cc                Inverters_Acti_ActionnotDefined
                0x480458f4                Inverters_Action_TorqueCommand0
                0x48045924                MdlUpdate_Inverters_Action
                0x48045874                Inverte_DisableDriveEnableDrive
                0x48045910                Inverters_Acti_ResetEnumeration
                0x48045a0c                MdlTerminate_Inverters_Action
                0x480459bc                MdlInitializeSampleTimes_Inverters_Action
                0x480458e4                Inverters_Action_bypass
                0x48045f08                MdlOutputs_Inverters_Action
                0x48045db0                Inverters_Action_TorqueCommand
                0x48045bec                Inverters_Ac_RegisterEnumerator
 .text          0x48046500        0x0 Inverters_Action1/Inverters_Action1.a(Inverters_Action_data.o)
 .text          0x48046500      0x2ac Inverters_Data0/Inverters_Data_instances.o
                0x480465a8                initClass_RTWTop_Inverters_Data
                0x48046560                initInstance_RTWTop_Inverters_Data
                0x48046500                setDeltaT_Inverters_Data
                0x48046780                initModel_RTWTop_Inverters_Data
 .text          0x480467ac      0x4e0 Inverters_Data1/Inverters_Data1.a(Inverters_Data.o)
                0x480467ac                MdlUpdate_Inverters_Data
                0x4804682c                MdlInitialize_Inverters_Data
                0x48046834                MdlTerminate_Inverters_Data
                0x480469d4                MdlOutputs_Inverters_Data
                0x48046838                Inverters_Data
                0x48046830                MdlStart_Inverters_Data
                0x48046828                MdlInitializeSampleTimes_Inverters_Data
                0x48046824                MdlInitializeSizes_Inverters_Data
 .text          0x48046c8c      0x330 Sensors0/Sensors_instances.o
                0x48046cec                initInstance_RTWTop_Sensors
                0x48046f90                initModel_RTWTop_Sensors
                0x48046c8c                setDeltaT_Sensors
                0x48046d34                initClass_RTWTop_Sensors
 .text          0x48046fbc      0x3c8 Sensors1/Sensors1.a(Sensors.o)
                0x480471a0                MdlInitializeSampleTimes_Sensors
                0x480471c8                MdlTerminate_Sensors
                0x48046fbc                MdlOutputs_Sensors
                0x48047124                MdlUpdate_Sensors
                0x4804719c                MdlInitializeSizes_Sensors
                0x480471a4                MdlInitialize_Sensors
                0x480471a8                MdlStart_Sensors
                0x480471cc                Sensors
 .text          0x48047384        0x0 Sensors1/Sensors1.a(Sensors_data.o)
 .text          0x48047384      0x14c Synchronism0/Synchronism_instances.o
                0x4804742c                initClass_RTWTop_Synchronism
                0x480473e4                initInstance_RTWTop_Synchronism
                0x480474a4                initModel_RTWTop_Synchronism
                0x48047384                setDeltaT_Synchronism
 .text          0x480474d0      0x268 Synchronism1/Synchronism1.a(Synchronism.o)
                0x480475a4                MdlInitializeSizes_Synchronism
                0x480475ac                MdlInitialize_Synchronism
                0x480475b0                MdlStart_Synchronism
                0x480475cc                MdlTerminate_Synchronism
                0x480475d0                Synchronism
                0x480474d0                MdlOutputs_Synchronism
                0x4804752c                MdlUpdate_Synchronism
                0x480475a8                MdlInitializeSampleTimes_Synchronism
 .text          0x48047738      0x290 Power_Control0/Power_Control_instances.o
                0x48047738                setDeltaT_Power_Control
                0x48047798                initInstance_RTWTop_Power_Control
                0x480477e0                initClass_RTWTop_Power_Control
                0x4804799c                initModel_RTWTop_Power_Control
 .text          0x480479c8      0xc10 Power_Control1/Power_Control1.a(Power_Control.o)
                0x48047b1c                MdlTerminate_Power_Control
                0x48047b20                Power_Control
                0x48047ab8                MdlInitializeSampleTimes_Power_Control
                0x48047a3c                MdlUpdate_Power_Control
                0x4804833c                MdlOutputs_Power_Control
                0x48047ab4                MdlInitializeSizes_Power_Control
                0x48047d0c                Power_Co_MotorL_Temp_Limitation
                0x48047a0c                Pow_MotorL_Temp_Limitation_Init
                0x48047ac0                MdlStart_Power_Control
                0x48047abc                MdlInitialize_Power_Control
                0x480479c8                Power_Control_LimitReached
                0x48048024                Power_InverterL_Temp_Limitation
                0x480479dc                InverterL_Temp_Limitation_Init
 .text          0x480485d8      0x5c8 VDC0/VDC_instances.o
                0x48048638                initInstance_RTWTop_VDC
                0x480485d8                setDeltaT_VDC
                0x48048b74                initModel_RTWTop_VDC
                0x48048680                initClass_RTWTop_VDC
 .text          0x48048ba0     0x2108 VDC1/VDC1.a(VDC.o)
                0x480491a0                MdlOutputs_VDC
                0x48048c44                VDC_RIGIDAXLE
                0x48048d9c                MdlInitialize_VDC
                0x48048ba0                VDC_MATLABFunction
                0x48048d1c                MdlUpdate_VDC
                0x48048e58                VDC
                0x48048d08                VDC_RIGIDAXLEWITHTC_Init
                0x48048da0                MdlStart_VDC
                0x48049028                VDC_RIGIDAXLEWITHTC
                0x48048d94                MdlInitializeSizes_VDC
                0x48048e54                MdlTerminate_VDC
                0x48048d98                MdlInitializeSampleTimes_VDC
                0x48048c74                VDC_Torquedemandedbythedriver
 .text          0x4804aca8      0x19c matlabsharedR2023b/matlabsharedR2023b.a(rt_nonfinite.o)
                0x4804adb0                rt_InitInfAndNaN
                0x4804ad34                rtIsNaN
                0x4804ad88                rtIsNaNF
                0x4804acf4                rtIsInfF
                0x4804aca8                rtIsInf
 .text          0x4804ae44        0x0 matlabsharedR2023b/matlabsharedR2023b.a(const_params.o)
 .text          0x4804ae44      0x114 matlabsharedR2023b/matlabsharedR2023b.a(look1_binlxpw.o)
                0x4804ae44                look1_binlxpw
 .text          0x4804af58      0x2f4 matlabsharedR2023b/matlabsharedR2023b.a(rt_powd_snf.o)
                0x4804af58                rt_powd_snf
 .text          0x4804b24c       0xd0 matlabsharedR2023b/matlabsharedR2023b.a(rtgetinf.o)
                0x4804b24c                rtGetInf
                0x4804b2b4                rtGetMinusInf
                0x4804b310                rtGetMinusInfF
                0x4804b2a8                rtGetInfF
 .text          0x4804b31c       0x84 matlabsharedR2023b/matlabsharedR2023b.a(rtgetnan.o)
                0x4804b37c                rtGetNaNF
                0x4804b31c                rtGetNaN
 .text          0x4804b3a0      0x434 OSC/osekdefs.o
                0x4804b6c0                osE_ISR_CAN2
                0x4804b460                os_StartOS
                0x4804b54c                os_pre_errorhook
                0x4804b71c                osE_ISR_CAN1
                0x4804b56c                Tick_etasCounter
                0x4804b6a0                osek_dispatch
                0x4804b3a0                osResetOS
                0x4804b778                osE_etasL1Isr
 .text          0x4804b7d4        0x0 OSC/osgen.o
 .text          0x4804b7d4       0x4c OSC/TaskISRArchive.a(etasConfigTask.o)
                0x4804b7d4                osek_task_e_etasConfigTask
 .text          0x4804b820       0x60 OSC/TaskISRArchive.a(Sync_25ms.o)
                0x4804b820                osek_task_e_Sync_25ms
 .text          0x4804b880       0x54 OSC/TaskISRArchive.a(Timer_1000ms.o)
                0x4804b880                osek_task_e_Timer_1000ms
 .text          0x4804b8d4       0x54 OSC/TaskISRArchive.a(Timer_100ms.o)
                0x4804b8d4                osek_task_e_Timer_100ms
 .text          0x4804b928       0x9c OSC/TaskISRArchive.a(Timer_25ms.o)
                0x4804b928                osek_task_e_Timer_25ms
 .text          0x4804b9c4       0x6c OSC/TaskISRArchive.a(Timer_Inv.o)
                0x4804b9c4                osek_task_e_Timer_Inv
 .text          0x4804ba30       0x50 OSC/TaskISRArchive.a(SWT_CAN1_AP_BMS_SDC.o)
                0x4804ba30                osek_task_e_SWT_CAN1_AP_BMS_SDC
 .text          0x4804ba80       0x50 OSC/TaskISRArchive.a(SWT_CAN1_AP_CurrentSensor.o)
                0x4804ba80                osek_task_e_SWT_CAN1_AP_CurrentSensor
 .text          0x4804bad0       0x50 OSC/TaskISRArchive.a(SWT_CAN1_AP_BMS_Voltages.o)
                0x4804bad0                osek_task_e_SWT_CAN1_AP_BMS_Voltages
 .text          0x4804bb20       0x50 OSC/TaskISRArchive.a(SWT_CAN1_AP_BMS_ChargerParameters.o)
                0x4804bb20                osek_task_e_SWT_CAN1_AP_BMS_ChargerParameters
 .text          0x4804bb70       0x50 OSC/TaskISRArchive.a(SWT_CAN1_AP_BMS_Temperatures.o)
                0x4804bb70                osek_task_e_SWT_CAN1_AP_BMS_Temperatures
 .text          0x4804bbc0       0x50 OSC/TaskISRArchive.a(SWT_CAN1_AP_Inverter_R_Tx.o)
                0x4804bbc0                osek_task_e_SWT_CAN1_AP_Inverter_R_Tx
 .text          0x4804bc10       0x50 OSC/TaskISRArchive.a(SWT_CAN1_AP_Inverter_L_Tx.o)
                0x4804bc10                osek_task_e_SWT_CAN1_AP_Inverter_L_Tx
 .text          0x4804bc60       0x50 OSC/TaskISRArchive.a(SWT_CAN1_AP_DASH_Mode.o)
                0x4804bc60                osek_task_e_SWT_CAN1_AP_DASH_Mode
 .text          0x4804bcb0       0x50 OSC/TaskISRArchive.a(SWT_CAN1_NM_BMS_Keep_Alive.o)
                0x4804bcb0                osek_task_e_SWT_CAN1_NM_BMS_Keep_Alive
 .text          0x4804bd00       0x50 OSC/TaskISRArchive.a(SWT_CAN1_AP_BMS_AIRs_State.o)
                0x4804bd00                osek_task_e_SWT_CAN1_AP_BMS_AIRs_State
 .text          0x4804bd50       0x50 OSC/TaskISRArchive.a(SWT_CAN1_NM_DASH_Keep_Alive.o)
                0x4804bd50                osek_task_e_SWT_CAN1_NM_DASH_Keep_Alive
 .text          0x4804bda0       0x50 OSC/TaskISRArchive.a(SWT_CAN1_AP_DASH_PrechargeRequest.o)
                0x4804bda0                osek_task_e_SWT_CAN1_AP_DASH_PrechargeRequest
 .text          0x4804bdf0       0x50 OSC/TaskISRArchive.a(SWT_CAN1_AP_DASH_EnableDrive.o)
                0x4804bdf0                osek_task_e_SWT_CAN1_AP_DASH_EnableDrive
 .text          0x4804be40       0x50 OSC/TaskISRArchive.a(SWT_CAN2_MEAS_RECU_SDC.o)
                0x4804be40                osek_task_e_SWT_CAN2_MEAS_RECU_SDC
 .text          0x4804be90       0x50 OSC/TaskISRArchive.a(SWT_CAN2_MEAS_FECU_SDC.o)
                0x4804be90                osek_task_e_SWT_CAN2_MEAS_FECU_SDC
 .text          0x4804bee0       0x50 OSC/TaskISRArchive.a(SWT_CAN2_AP_ELLIPSE_EKF_POS.o)
                0x4804bee0                osek_task_e_SWT_CAN2_AP_ELLIPSE_EKF_POS
 .text          0x4804bf30       0x50 OSC/TaskISRArchive.a(SWT_CAN2_AP_ELLIPSE_IMU_ACCEL.o)
                0x4804bf30                osek_task_e_SWT_CAN2_AP_ELLIPSE_IMU_ACCEL
 .text          0x4804bf80       0x50 OSC/TaskISRArchive.a(SWT_CAN2_AP_ELLIPSE_EKF_EULER.o)
                0x4804bf80                osek_task_e_SWT_CAN2_AP_ELLIPSE_EKF_EULER
 .text          0x4804bfd0       0x50 OSC/TaskISRArchive.a(SWT_CAN2_AP_ELLIPSE_EKF_VEL.o)
                0x4804bfd0                osek_task_e_SWT_CAN2_AP_ELLIPSE_EKF_VEL
 .text          0x4804c020       0x50 OSC/TaskISRArchive.a(SWT_CAN2_NM_ELLIPSE_Status.o)
                0x4804c020                osek_task_e_SWT_CAN2_NM_ELLIPSE_Status
 .text          0x4804c070       0x50 OSC/TaskISRArchive.a(SWT_CAN2_AP_ELLIPSE_IMU_GYRO.o)
                0x4804c070                osek_task_e_SWT_CAN2_AP_ELLIPSE_IMU_GYRO
 .text          0x4804c0c0       0x50 OSC/TaskISRArchive.a(SWT_CAN2_AP_ELLIPSE_SLIP_CURV.o)
                0x4804c0c0                osek_task_e_SWT_CAN2_AP_ELLIPSE_SLIP_CURV
 .text          0x4804c110       0x50 OSC/TaskISRArchive.a(SWT_CAN2_AP_RECU_Data.o)
                0x4804c110                osek_task_e_SWT_CAN2_AP_RECU_Data
 .text          0x4804c160       0x50 OSC/TaskISRArchive.a(SWT_CAN2_NM_FECU_Keep_Alive.o)
                0x4804c160                osek_task_e_SWT_CAN2_NM_FECU_Keep_Alive
 .text          0x4804c1b0       0x50 OSC/TaskISRArchive.a(SWT_CAN2_NM_RECU_Keep_Alive.o)
                0x4804c1b0                osek_task_e_SWT_CAN2_NM_RECU_Keep_Alive
 .text          0x4804c200       0x50 OSC/TaskISRArchive.a(SWT_CAN2_AP_FECU_Data2.o)
                0x4804c200                osek_task_e_SWT_CAN2_AP_FECU_Data2
 .text          0x4804c250       0x50 OSC/TaskISRArchive.a(SWT_CAN2_AP_FECU_Data1.o)
                0x4804c250                osek_task_e_SWT_CAN2_AP_FECU_Data1
 .text          0x4804c2a0       0x4c OSC/TaskISRArchive.a(ISR_CAN1.o)
                0x4804c2a0                osek_isr_e_ISR_CAN1
 .text          0x4804c2ec       0x4c OSC/TaskISRArchive.a(ISR_CAN2.o)
                0x4804c2ec                osek_isr_e_ISR_CAN2
 .text          0x4804c338       0x40 OSC/etasActivateTaskIsr.o
                0x4804c338                osek_isr_e_etasActivateTaskIsr
 .text          0x4804c378       0x48 OSC/etasL1Isr.o
                0x4804c378                osek_isr_e_etasL1Isr
 .text          0x4804c3c0       0x44 OSC/etasL1Task.o
                0x4804c3c0                osek_task_e_etasL1Task
 .text          0x4804c404       0x40 OSC/etasTimerIsr.o
                0x4804c404                osek_isr_e_etasTimerIsr
 .text          0x4804c444       0x40 OSC/etasStopOsIsr.o
                0x4804c444                osek_isr_e_etasStopOsIsr
 .text          0x4804c484      0x234 OSC/DriverThreads.o
                0x4804c484                etasCreateDriverThreads
 .text          0x4804c6b8        0x0 OSC/ISRFunctions.o
 .text          0x4804c6b8      0x1dc OSC/osc_dyn.o
                0x4804c850                etasInitTasks
                0x4804c758                etasExitTasks
                0x4804c6c0                etasInactiveExitTask
                0x4804c6bc                etasStartupExitTask
                0x4804c828                etasStartupInitTask
                0x4804c6c4                TimersExitTask
                0x4804c6b8                etasInactiveInitTask
                0x4804c788                TimersInitTask
 .text          0x4804c894        0xc OSC/rtaInterface.o
                0x4804c894                etasGetCounterPeriodUs
                0x4804c89c                StackFaultHook
 .text          0x4804c8a0      0x5d0 OSC/ETCHooks.o
                0x4804cb98                rtioHook_15_0
                0x4804cc88                rtioHook_9_0
                0x4804cc10                rtioHook_12_0
                0x4804caf8                rtioHook_19_0
                0x4804cb48                rtioHook_17_0
                0x4804cdc8                rtioHook_1_0
                0x4804cd50                rtioHook_4_0
                0x4804c8f0                rtioHook_32_0
                0x4804ca58                rtioHook_23_0
                0x4804c940                rtioHook_30_0
                0x4804caa8                rtioHook_21_0
                0x4804ce44                rtioHook_35_0
                0x4804c9e0                rtioHook_26_0
                0x4804c990                rtioHook_28_0
                0x4804c8c8                rtioHook_33_0
                0x4804ca30                rtioHook_24_0
                0x4804c968                rtioHook_29_0
                0x4804c918                rtioHook_31_0
                0x4804ccd8                rtioHook_7_0
                0x4804ca80                rtioHook_22_0
                0x4804cdf0                rtioHook_0_0
                0x4804cb20                rtioHook_18_0
                0x4804cbe8                rtioHook_13_0
                0x4804cc38                rtioHook_11_0
                0x4804cb70                rtioHook_16_0
                0x4804cd00                rtioHook_6_0
                0x4804cbc0                rtioHook_14_0
                0x4804ccb0                rtioHook_8_0
                0x4804cad0                rtioHook_20_0
                0x4804cda0                rtioHook_2_0
                0x4804c8a0                rtioHook_34_0
                0x4804ca08                rtioHook_25_0
                0x4804cd78                rtioHook_3_0
                0x4804cc60                rtioHook_10_0
                0x4804cd28                rtioHook_5_0
                0x4804ce18                rtioHook_36_0
                0x4804c9b8                rtioHook_27_0
 .text          0x4804ce70      0xf18 OSC/XbarHooks.o
                0x4804ce70                crossbarHook_34_0
                0x4804d410                crossbarHook_21_0
                0x4804d280                crossbarHook_28_3
                0x4804d708                crossbarHook_2_0
                0x4804d578                crossbarHook_12_0
                0x4804d910                crossbarHook_36_7
                0x4804cf38                crossbarHook_32_2
                0x4804d7dc                crossbarHook_36_14
                0x4804d230                crossbarHook_29_1
                0x4804d348                crossbarHook_26_0
                0x4804d4b0                crossbarHook_17_0
                0x4804d640                crossbarHook_7_0
                0x4804da9c                crossbarHook_35_16
                0x4804cfb0                crossbarHook_31_13
                0x4804db20                crossbarHook_35_13
                0x4804dbd0                crossbarHook_35_9
                0x4804d690                crossbarHook_5_0
                0x4804dc80                crossbarHook_35_5
                0x4804dd30                crossbarHook_35_1
                0x4804d0c8                crossbarHook_31_6
                0x4804d168                crossbarHook_31_2
                0x4804da44                crossbarHook_36_0
                0x4804d3c0                crossbarHook_23_0
                0x4804d528                crossbarHook_14_0
                0x4804d994                crossbarHook_36_4
                0x4804d8e4                crossbarHook_36_8
                0x4804d2a8                crossbarHook_28_2
                0x4804cf10                crossbarHook_32_3
                0x4804d808                crossbarHook_36_13
                0x4804d758                crossbarHook_36_17
                0x4804da70                crossbarHook_35_17
                0x4804d398                crossbarHook_24_0
                0x4804cfd8                crossbarHook_31_12
                0x4804d500                crossbarHook_15_0
                0x4804d050                crossbarHook_31_9
                0x4804dbfc                crossbarHook_35_8
                0x4804daf4                crossbarHook_35_14
                0x4804dcac                crossbarHook_35_4
                0x4804dba4                crossbarHook_35_10
                0x4804d0f0                crossbarHook_31_5
                0x4804dd5c                crossbarHook_35_0
                0x4804d3e8                crossbarHook_22_0
                0x4804d550                crossbarHook_13_0
                0x4804da18                crossbarHook_36_1
                0x4804d730                crossbarHook_1_0
                0x4804d190                crossbarHook_31_1
                0x4804d320                crossbarHook_27_0
                0x4804d488                crossbarHook_18_0
                0x4804d668                crossbarHook_6_0
                0x4804d370                crossbarHook_25_0
                0x4804d4d8                crossbarHook_16_0
                0x4804d968                crossbarHook_36_5
                0x4804d8b8                crossbarHook_36_9
                0x4804d2d0                crossbarHook_28_1
                0x4804cee8                crossbarHook_32_4
                0x4804cf88                crossbarHook_32_0
                0x4804d5c8                crossbarHook_10_0
                0x4804d834                crossbarHook_36_12
                0x4804d618                crossbarHook_8_0
                0x4804d784                crossbarHook_36_16
                0x4804d208                crossbarHook_30_0
                0x4804d000                crossbarHook_31_11
                0x4804dc28                crossbarHook_35_7
                0x4804dac8                crossbarHook_35_15
                0x4804d118                crossbarHook_31_4
                0x4804db78                crossbarHook_35_11
                0x4804d078                crossbarHook_31_8
                0x4804dcd8                crossbarHook_35_3
                0x4804d6e0                crossbarHook_3_0
                0x4804d9ec                crossbarHook_36_2
                0x4804d1b8                crossbarHook_31_0
                0x4804d860                crossbarHook_36_11
                0x4804d93c                crossbarHook_36_6
                0x4804cec0                crossbarHook_32_5
                0x4804cf60                crossbarHook_32_1
                0x4804d2f8                crossbarHook_28_0
                0x4804d460                crossbarHook_19_0
                0x4804d7b0                crossbarHook_36_15
                0x4804d1e0                crossbarHook_30_1
                0x4804d258                crossbarHook_29_0
                0x4804d028                crossbarHook_31_10
                0x4804db4c                crossbarHook_35_12
                0x4804dc54                crossbarHook_35_6
                0x4804d140                crossbarHook_31_3
                0x4804dd04                crossbarHook_35_2
                0x4804d0a0                crossbarHook_31_7
                0x4804ce98                crossbarHook_33_0
                0x4804d438                crossbarHook_20_0
                0x4804d5a0                crossbarHook_11_0
                0x4804d9c0                crossbarHook_36_3
                0x4804d5f0                crossbarHook_9_0
                0x4804d88c                crossbarHook_36_10
                0x4804d6b8                crossbarHook_4_0
 .text          0x4804dd88        0x0 ETC/FormulaTable.o
 .text          0x4804dd88        0x0 ETC/DriverTable.o
 .text          0x4804dd88        0x0 ETC/MappingFunctionTable.o
 .text          0x4804dd88        0x0 ETC/RtioL1RecordTable.o
 .text          0x4804dd88        0x0 ETC/XCPTransportLayerFunctionsTable.o
 .text          0x4804dd88        0x0 ETC/ChecksumAlgoTables.o
 .text          0x4804dd88        0x0 CBC/CopyFunctionTable.o
 .text          0x4804dd88        0x0 CBC/CrossbarL1RecordTable.o
 .text          0x4804dd88       0x48 C:/ETAS/Compiler/INTECRIO5.0/QNXCompiler-V6.5\host\win32\x86/usr/lib/gcc/powerpc-unknown-nto-qnx6.5.0/4.4.2/spe/libgcc.a(_fixunsdfdi.o)
                0x4804dd88                __fixunsdfdi
 .text          0x4804ddd0       0x40 C:/ETAS/Compiler/INTECRIO5.0/QNXCompiler-V6.5\host\win32\x86/usr/lib/gcc/powerpc-unknown-nto-qnx6.5.0/4.4.2/spe/libgcc.a(_floatundidf.o)
                0x4804ddd0                __floatundidf
 .text          0x4804de10       0x98 C:/ETAS/Compiler/INTECRIO5.0/QNXCompiler-V6.5\host\win32\x86/usr/lib/gcc/powerpc-unknown-nto-qnx6.5.0/4.4.2/spe/crtend.o
 .text          0x4804dea8        0x0 C:/ETAS/Compiler/INTECRIO5.0/QNXCompiler-V6.5\target\qnx6/ppcbe-spe/lib/crtn.o
 .text          0x4804dea8     0x23b4 C:\Program Files (x86)\ETAS\INTECRIO5.0\Target\Etarget\ES910\libes910.a(i_rtautil.o)
                0x4804e1d0                etasActivateTaskViaIsr
                0x4804f6cc                startTaskHookMon
                0x4804e774                ErrorHook
                0x4804df78                osTraceStopwatch
                0x4804e4ec                switchToInactiveAppMode
                0x4804deb4                isAppModeSwitchPending
                0x4804f3d4                etasStartIsrHookMon
                0x4804f5e4                etasStartIsrHook
                0x4804e0a8                getModelRuntime
                0x4804e1fc                restartModelProcess
                0x4804dea8                GetNextAppMode
                0x4804e120                etasActivateTaskWithIdViaIsrHandler
                0x4804f4d0                etasEndIsrHook
                0x4804dee4                checkInterruptOccurence
                0x4804f9f8                osekThreadSuspendRtSignals
                0x4804f508                etasEndIsrHookMon
                0x4804e4b4                getCurTaskMonitor
                0x4804e6b0                GetStopwatchUncertainty
                0x4804f868                endTaskHook
                0x4804e59c                delayInitExitTask
                0x4804df00                rtaInitTarget
                0x4804e708                OverrunHook
                0x4804e18c                etasActivateTaskWithIdViaIsr
                0x4804f7a4                startTaskHook
                0x4804dfec                etasDeInstallOsErrorHook
                0x4804fcfc                applicationModeManager
                0x4804e2bc                terminateModelProcess
                0x4804f0f4                StartupHook
                0x4804f9bc                osekThreadResumeRtSignals
                0x4804e468                lockCriticalSection
                0x4804e380                isRtaOsekThreadContext
                0x4804df80                isInsideInitExitTask
                0x4804dfac                isInsideExitTask
                0x4804eaa0                ShutdownHook
                0x4804e3b4                unlockCriticalSection
                0x4804dfc4                etasInstallOsErrorHook
                0x4804f8e0                endTaskHookMon
                0x4804ded0                resetInterruptFlag
                0x4804df70                GetStopwatch
                0x4804defc                etasRTATraceInitProcess
                0x4804df64                GetDeltaT
                0x4804e018                SetNextAppMode
                0x4804e664                tempMgrRegisterSigtermEvent
                0x4804df94                isInsideInitTask
                0x4804def0                getLastInterruptTimeTicks
 .text          0x4805025c     0x2058 C:\Program Files (x86)\ETAS\INTECRIO5.0\Target\Etarget\ES910\libes910.a(t_driverThreads.o)
                0x48051048                osek_sendto
                0x480508e0                osek_msync
                0x48050640                osek_vfprintf
                0x480516c0                osek_MsgReceive
                0x48051428                osek_MsgRead
                0x48050ed4                osek_cmsSendMessage
                0x480503e4                osek_malloc
                0x48050398                osek_free
                0x48050324                osek_fsync
                0x48050ac8                osek_unlink
                0x48050780                osek_munmap
                0x48051120                osek_devctl
                0x48051304                osek_close
                0x48050de8                osek_cmsReceiveMessage
                0x48050b3c                osek_system
                0x48051588                osek_MsgError
                0x480518e4                osek_send
                0x48051610                osek_MsgReply
                0x480506f8                osek_ftruncate
                0x480514d8                osek_MsgWrite
                0x48050a2c                osek_lseek
                0x48051770                osek_MsgSend
                0x48050f70                osek_recvfrom
                0x4805097c                osek_fwrite
                0x48050574                osek_vslogf
                0x48050bb0                osek_cmsReceiveMessageEx
                0x4805025c                etasSetNumberOfDriverThreads
                0x48051994                etasCreateDriverThread
                0x48050808                osek_mmap
                0x48051268                osek_write
                0x48051834                osek_recv
                0x48050458                osek_etasLogCoreFeedRecordToBackends
                0x480511cc                osek_read
                0x48050d38                osek_cmsErrorState
                0x48050c9c                osek_cmsSendMessageEx
                0x48051378                osek_open
 .text          0x480522b4      0x8fc C:\Program Files (x86)\ETAS\INTECRIO5.0\Target\Etarget\ES910\libes910.a(t_idle.o)
                0x48052ad8                initRtaTraceSupport
                0x480524e8                etasIdleProcess
                0x48052374                signalStartupHookTermination
                0x48052300                apsGetPartitionId
                0x480523a4                apsJoinPartition
                0x48052344                signalShutdownHookTermination
                0x4805230c                getSysLoad
                0x480522b4                etasInstallIdleHook
                0x480522dc                etasDeInstallIdleHook
 .text          0x48052bb0     0x1fcc C:\Program Files (x86)\ETAS\INTECRIO5.0\Target\Etarget\ES910\libes910.a(t_l1com.o)
                0x48052bb0                setL1ComBufferSize
                0x48052bf0                l1SetBusyState
                0x48052d70                l1SignalIdleState
                0x48053118                waitForL1Request
                0x48053708                createL1ModelThread
                0x48053654                serveL1Request
                0x48053060                etasL1Process
 .text          0x48054b7c      0xcc4 C:\Program Files (x86)\ETAS\INTECRIO5.0\Target\Etarget\ES910\libes910.a(t_main.o)
                0x48054dd8                main
 .text          0x48055840      0x9f0 C:\Program Files (x86)\ETAS\INTECRIO5.0\Target\Etarget\ES910\libes910.a(t_mlog.o)
                0x48055864                getDriverLogging
                0x48055870                getUserSeverity
                0x48055858                getUserLogging
                0x480558fc                mlog_setSeverityFilterUser
                0x480558d0                mlog_setSeverityFilterDrv
                0x4805587c                getDriverSeverity
                0x48055fb8                mlog_init
                0x48055cbc                mlog_updateLoggingConfiguration
                0x48055840                getUserLogChan
                0x48055da8                mlog_startLogConfigThread
                0x4805584c                getDrvLogChan
                0x48055888                mlog_debugLog
 .text          0x48056230      0xfac C:\Program Files (x86)\ETAS\INTECRIO5.0\Target\Etarget\ES910\libes910.a(t_qnxtargetutil.o)
                0x4805675c                qnxThreadJoinPartition
                0x4805648c                qnxLockSetSockEnvironmentVariable
                0x48056bac                qnxPrintProcesses
                0x48056240                qnxCheckBootFromFlash
                0x48056adc                qnxPrintCpuLoad
                0x4805625c                qnxCheckHaltedModel
                0x48056284                qnxRestoreUnlockSockEnvironmentVariable
                0x48056230                qnxSetBootFromFlash
                0x480570f4                qnxPrintSavedErrorMessages
                0x48056268                qnxSetStandalone
                0x48056a78                qnxAdjustThreadPriority
                0x4805624c                qnxSetHaltedModel
                0x480567dc                qnxGetSetRunInheritMask
                0x48056278                qnxCheckStandalone
 .text          0x480571dc      0x638 C:\Program Files (x86)\ETAS\INTECRIO5.0\Target\Etarget\ES910\libes910.a(t_targetutil.o)
                0x4805722c                initL2CachePerfMeas
                0x48057754                es910GetSerialNumber
                0x480571dc                GetSystemTimeLow
                0x480576fc                es910GetPcbRevision
                0x48057730                es910PiggyGetSerialNumber
                0x48057388                getL2CachePerf
                0x48057490                es910PrintFwVersions
                0x48057334                getL2CachePerfRaw
                0x480571ec                GetSystemTime
                0x480577e0                es910MapCCSRMemoryRange
                0x480571e4                GetSystemTimeHigh
                0x480576c8                es910PiggyGetPcbRevision
                0x48057778                waitMicroseconds
 .text          0x48057814      0x2f4 C:\Program Files (x86)\ETAS\INTECRIO5.0\Target\Etarget\ES910\libes910.a(t_watchdog.o)
                0x48057824                wdDisableAutoService
                0x480578ec                etasServiceWatchdog
                0x4805787c                wdService
                0x48057964                wdSetEventPeriod
                0x48057814                wdEnableAutoService
                0x48057834                wdSetApplicationName
                0x480578bc                triggerWD
                0x48057840                wdDisconnect
 .text          0x48057b08      0x848 C:\Program Files (x86)\ETAS\INTECRIO5.0\Target\Etarget\ES910\libes910.a(p_chario.o)
                0x480580bc                IOWrite
                0x48057b08                IOIsLogOn
                0x48057b14                IOLogOff
                0x48057b70                IOLogOn
                0x48057e3c                IOPrintf
 .text          0x48058350      0x31c C:\Program Files (x86)\ETAS\INTECRIO5.0\Target\Etarget\ES910\libes910.a(t_hwTimeSync.o)
                0x48058350                es9xxTimeSyncGetTimerValue
                0x48058444                es9xxTimeSyncGetTimerStatus
                0x48058598                es9xxTimeSyncInit
                0x480583d4                getLocalSystemTime
 .text          0x4805866c      0x224 C:\Program Files (x86)\ETAS\INTECRIO5.0\Target\Etarget\ES910\libes910.a(t_led.o)
                0x4805866c                userLed2Off
                0x48058704                userLed2Toggle
                0x48058810                ledsOff
                0x480587d8                userLed1Toggle
                0x4805878c                userLed1On
                0x4805873c                userLed1Off
                0x480586b8                userLed2On
 .text          0x48058890     0x2178 C:\Program Files (x86)\ETAS\INTECRIO5.0\Target\Etarget\ES910\libtarget.a(a_dacqui.o)
                0x48059ee4                asdSimPreCall
                0x4805a998                asdSimPostCall
                0x48059f68                getDacqTimeFor
                0x4805a890                storeMeasureDataForGroup
                0x4805a0e0                applicationStartUserMode
                0x4805a0b8                resetLogSimulationTime
                0x48058b48                etasAscetLoggingBufferFillLevel
                0x4805a02c                getLogSimulationTime
                0x48058b7c                etasAscetLoggingOverflowCounter
                0x48058bc0                asdDisableUserDefinedTime
                0x4805a054                getSimulationTime
                0x48058ae4                setSimulationTime
                0x48058bb0                asdEnableUserDefinedTime
                0x48059c20                checkForBufferOverflow
                0x4805a080                resetDacqTimeFor
                0x48058ab8                setLogSimulationTime
                0x48058ab0                setDacqTimeFor
                0x48058890                applicationStopUserMode
                0x4805a1c0                timeMeasurementStop
                0x48058b14                etasAscetLoggingBufferSize
                0x4805a268                logDataForChannel
                0x4805a6b4                storeLogDataForGroup
                0x4805a214                timeMeasurementStart
                0x4805a160                timeInSeconds
 .text          0x4805aa08       0xd8 C:\Program Files (x86)\ETAS\INTECRIO5.0\Target\Etarget\ES910\libtarget.a(a_l1pro.o)
                0x4805aa08                forwardToProcess
                0x4805aa64                startUpSimulation
 .text          0x4805aae0     0x4c88 C:\Program Files (x86)\ETAS\INTECRIO5.0\Target\Etarget\ES910\libtarget.a(a_primit.o)
                0x4805f22c                v3_initInstance_uint16
                0x4805c984                Vec_uint32_getAtProtected
                0x4805dea8                v3_initInstance_Mat_real64
                0x4805d550                v3_initInstance_Mat_bool
                0x4805eea8                initInstance_GroupCharTable2
                0x4805eae4                initInstance_Vec_real32
                0x4805c114                Mat_sint16_setAtProtected
                0x4805bf8c                Mat_uint16_setAtProtected
                0x4805dc54                v3_initInstance_Mat_sint8
                0x4805dd7c                v3_initInstance_Mat_real32
                0x4805d8d4                v3_initInstance_Mat_uint16
                0x4805c7f8                Vec_qreal64_getAtProtected
                0x4805f6f8                delete_Mat
                0x4805b368                addVector
                0x4805e18c                v3_initInstance_Vec_bool
                0x4805d9dc                initInstance_Mat_uint16
                0x4805ee84                initInstance_uint32
                0x4805f330                initInstance_sint16
                0x4805d1b0                qreal64_set
                0x4805f4ec                initInstance_real32
                0x4805e884                initInstance_Vec_uint8
                0x4805f638                delete_CharTable2
                0x4805cd10                Vec_uint8_getAtProtected
                0x4805f29c                initInstance_uint16
                0x4805ab6c                removeMatrix
                0x4805cc94                Vec_uint8_setAtProtected
                0x4805d7a8                v3_initInstance_Mat_sint32
                0x4805e298                initInstance_Vec_bool
                0x4805b9f4                Mat_real64_getAtProtected
                0x4805b904                Mat_real64_setAtProtected
                0x4805d658                initInstance_Mat_bool
                0x4805e4f8                initInstance_Vec_sint32
                0x4805f354                v3_initInstance_uint8
                0x4805d0a4                Vec_qreal64_setAtProtected
                0x4805b234                addMatrix
                0x4805d38c                v3_initInstance_Mat_qreal64
                0x4805c4e4                Mat_sint8_getAtProtected
                0x4805f030                initInstance_GroupCharTable1
                0x4805c1e0                Mat_sint16_getAtProtected
                0x4805e2bc                v3_initInstance_Vec_uint32
                0x4805cdec                Vec_sint8_getAtProtected
                0x4805bed0                Mat_sint32_getAtProtected
                0x4805ce50                qreal64_adjust
                0x4805f730                delete_Vec
                0x4805e64c                v3_initInstance_Vec_sint16
                0x4805e758                initInstance_Vec_sint16
                0x4805c6d8                Vec_real64_setAtProtected
                0x4805cacc                Vec_uint16_setAtProtected
                0x4805c820                Vec_real32_setAtProtected
                0x4805dc30                initInstance_Mat_uint8
                0x4805bd48                Mat_uint32_getAtProtected
                0x4805aaec                getBasicType
                0x4805e9d4                v3_initInstance_Vec_real32
                0x4805cf74                Mat_qreal64_setAtProtected
                0x4805c674                Vec_bool_getAtProtected
                0x4805f588                initInstance_real64
                0x4805e154                initInstance_Vec_qreal64
                0x4805f678                delete_GroupCharTable1
                0x4805f198                v3_initInstance_sint32
                0x4805de84                initInstance_Mat_real32
                0x4805cd70                Vec_sint8_setAtProtected
                0x4805bbc0                Mat_real32_getAtProtected
                0x4805c5f4                Vec_bool_setAtProtected
                0x4805ac5c                removeVector
                0x4805b848                Mat_bool_getAtProtected
                0x4805f6b8                delete_CharTable1
                0x4805f208                initInstance_sint32
                0x4805d67c                v3_initInstance_Mat_uint32
                0x4805f458                initInstance_sint8
                0x4805ef6c                initInstance_CharTable2
                0x4805ed48                initInstance_qreal64
                0x4805bc7c                Mat_uint32_setAtProtected
                0x4805c058                Mat_uint16_getAtProtected
                0x4805dfb0                initInstance_Mat_real64
                0x4805f510                v3_initInstance_real64
                0x4805ee14                v3_initInstance_uint32
                0x4805aaf8                getPrimitiveType
                0x4805b6e4                Mat_setCurSizeYProtected
                0x4805e8a8                v3_initInstance_Vec_sint8
                0x4805f3c4                initInstance_uint8
                0x4805e51c                v3_initInstance_Vec_uint16
                0x4805aae0                getTypeSize
                0x4805d8b0                initInstance_Mat_sint32
                0x4805f47c                v3_initInstance_real32
                0x4805f5f8                delete_GroupCharTable2
                0x4805b77c                Mat_bool_setAtProtected
                0x4805d784                initInstance_Mat_uint32
                0x4805edf0                initInstance_bool
                0x4805c904                Vec_uint32_setAtProtected
                0x4805dfd4                v3_initInstance_Vec_qreal64
                0x4805d510                initInstance_Mat_qreal64
                0x4805bacc                Mat_qreal64_getAtProtected
                0x4805e77c                v3_initInstance_Vec_uint8
                0x4805ca68                Vec_sint32_getAtProtected
                0x4805db08                initInstance_Mat_sint16
                0x4805cb4c                Vec_uint16_getAtProtected
                0x4805c5a0                Vec_setCurSizeProtected
                0x4805f3e8                v3_initInstance_sint8
                0x4805c778                Vec_real64_getAtProtected
                0x4805c29c                Mat_uint8_setAtProtected
                0x4805e3c8                initInstance_Vec_uint32
                0x4805da00                v3_initInstance_Mat_sint16
                0x4805c9e8                Vec_sint32_setAtProtected
                0x4805f5ac                initInstance_reference
                0x4805cc30                Vec_sint16_getAtProtected
                0x4805c41c                Mat_sint8_setAtProtected
                0x4805b730                Mat_setCurSizeXProtected
                0x4805ed80                v3_initInstance_bool
                0x4805f0e4                initInstance_CharTable1
                0x4805ec38                v3_initInstance_qreal64
                0x4805d2f8                initInstance_quantInfo
                0x4805baf4                Mat_real32_setAtProtected
                0x4805dd58                initInstance_Mat_sint8
                0x4805e3ec                v3_initInstance_Vec_sint32
                0x4805c8a0                Vec_real32_getAtProtected
                0x4805be04                Mat_sint32_setAtProtected
                0x4805e9b0                initInstance_Vec_sint8
                0x4805cbb0                Vec_sint16_setAtProtected
                0x4805c364                Mat_uint8_getAtProtected
                0x4805f2c0                v3_initInstance_sint16
                0x4805db2c                v3_initInstance_Mat_uint8
                0x4805e628                initInstance_Vec_uint16
                0x4805ec14                initInstance_Vec_real64
                0x4805eb08                v3_initInstance_Vec_real64
 .text          0x4805f768       0x20 C:\Program Files (x86)\ETAS\INTECRIO5.0\Target\Etarget\ES910\libtarget.a(a_sysver.o)
                0x4805f77c                getBuildRevision
                0x4805f768                getSystemLibVersion
                0x4805f774                getSystemLibCid
 .text          0x4805f788     0x305c C:\Program Files (x86)\ETAS\INTECRIO5.0\Target\Etarget\ES910\libtarget.a(a_targma.o)
                0x48060688                perfMeasStop
                0x48061058                asdMalloc
                0x4806144c                addToActiveSimObjList
                0x4805f908                getTargetL1BufferSizeCode
                0x480615dc                asdWriteUserError
                0x4805f8a0                setTargetL1BufferSize
                0x48061f14                perfMeasDisplay
                0x4805f86c                getSimObjPtr
                0x48060958                asdFree
                0x480615b0                asdClearUserError
                0x4805f960                resetPerfMeasObj
                0x48060e2c                asdMallocNoInit
                0x48061dcc                asdWriteUserDebug
                0x4805f7b8                searchInActiveList
                0x48061004                asdCalloc
                0x4805f8fc                getTargetL1BufferSize
                0x4805f814                removeFromActiveSimObjList
                0x48060730                perfMeasStart
                0x4805f794                instanceTreeMallocOn
                0x48060f84                createPerfMeasObj
                0x4806215c                etasInitModelProcess
                0x4806012c                getObjectsRecursive
                0x4806079c                availableMemory
                0x4805f7a4                instanceTreeMallocOff
                0x48060850                asdFreeAll
                0x480612ec                updateCTBlocks
                0x48060cb4                asdRealloc
                0x48060c74                deletePerfMeasObj
                0x4805f788                getInstanceTreeMemoryConsumption
 .text          0x480627e4     0x14ac C:\Program Files (x86)\ETAS\INTECRIO5.0\Target\Etarget\ES910\libtarget.a(i_cpyfnc.o)
                0x48062b14                copyPlainFromFloat
                0x48063640                copyScalSatTypeSatFromFloat
                0x48063c78                copyInt
                0x48063c84                copyDouble
                0x48063c6c                copyShort
                0x480631a8                copyScalFromValidFloat
                0x480633ec                copyScalSatFromFloat
                0x48062d34                copySatFromFloat
                0x480627e4                copyPlainToFloat
                0x48062a34                copyScalSatToFloat
                0x4806297c                copyScalToFloat
                0x48063c60                copyByte
                0x48063a04                copyBoolSatFromFloat
                0x480628b0                copySatToFloat
                0x48062f78                copyScalFromFloat
 .text          0x48063c90     0x530c C:\Program Files (x86)\ETAS\INTECRIO5.0\Target\Etarget\ES910\libtarget.a(i_mapfnc.o)
                0x48064028                var2BufByteOffsetReal64
                0x48066300                var2BufBypassSint8
                0x48065064                var2Buf64BitIntelSint32
                0x48064214                var2BufByteOffsetBool
                0x480670e4                var2BufIndirectMotorolaReal32
                0x48063fe4                buf2VarSimpleUint8
                0x480642a8                buf2VarByteOffsetSint32
                0x48067458                buf2VarIndirectMotorolaSint32
                0x48068780                var2BufIndirectIntelSint16
                0x48068f48                bufGenFrameInit
                0x48066f84                buf2VarGenFrameIntelSint32
                0x48068c9c                buf2VarBypassIntelUint16
                0x48064768                var2Buf64BitMotorolaUint16
                0x48064f48                var2Buf64BitIntelUint32
                0x4806574c                buf2Var64BitMotorolaReal32
                0x480660fc                var2BufBypassMotorolaReal64
                0x48064814                var2Buf64BitMotorolaSint16
                0x48064130                var2BufByteOffsetSint16
                0x48063f9c                buf2VarSimpleSint32
                0x48066440                buf2VarBypassMotorolaSint32
                0x480642f8                buf2VarByteOffsetSint8
                0x480671a8                var2BufIndirectMotorolaUint16
                0x48066410                buf2VarBypassMotorolaUint32
                0x48065a1c                buf2Var64BitMotorolaUint8
                0x48068ad8                var2BufBypassMaskedIntelBoolUint32
                0x480673b8                buf2VarIndirectMotorolaReal64
                0x48063e94                var2BufSimpleBool
                0x48066dc4                buf2VarGenFrameMotorolaSint32
                0x48065938                buf2Var64BitMotorolaSint32
                0x48064a10                var2Buf64BitMotorolaBool
                0x48066f44                buf2VarGenFrameIntelUint32
                0x48066d04                var2BufGenFrameIntelBool
                0x48066cc4                var2BufGenFrameIntelSint8
                0x48066a44                var2BufGenFrameMotorolaSint16
                0x480670c4                var2BufIndirectMotorolaReal64
                0x4806417c                var2BufByteOffsetUint8
                0x480643a8                var2Buf64BitMotorolaUint64
                0x48066a04                var2BufGenFrameMotorolaUint16
                0x48068d2c                buf2VarBypassIntelUint32
                0x48068e60                var2BufBypassIntelSint32
                0x48063f58                buf2VarSimpleReal64
                0x480664f0                buf2VarBypassIntelReal64
                0x480642bc                buf2VarByteOffsetUint16
                0x48063d0c                var2BufSimpleSint32
                0x48066818                var2BufBypassMaskedUint8
                0x480665c8                var2BufBypassMaskedMotorolaUint32
                0x480641c8                var2BufByteOffsetSint8
                0x48064bd8                var2Buf64BitIntelUint64
                0x480673ec                buf2VarIndirectMotorolaReal32
                0x480663c0                buf2VarBypassMotorolaReal64
                0x48066b04                var2BufGenFrameMotorolaBool
                0x48065180                var2Buf64BitIntelUint16
                0x4806404c                var2BufByteOffsetUint32
                0x4806864c                buf2VarIndirectIntelUint16
                0x48064310                buf2VarByteOffsetBool
                0x480689c8                var2BufBypassMaskedIntelSint16
                0x48063efc                var2BufSimpleUint8Bool
                0x480661c4                var2BufBypassMotorolaUint16
                0x48068a50                var2BufBypassMaskedIntelUint16
                0x48063f84                buf2VarSimpleUint32
                0x48066ac4                var2BufGenFrameMotorolaSint8
                0x48064b08                var2Buf64BitIntelReal32
                0x480675e4                buf2VarIndirectSint8
                0x48065794                buf2Var64BitMotorolaUint64
                0x48066984                var2BufGenFrameMotorolaUint32
                0x48067a64                var2BufGenFrameMotorolaReal64
                0x48068ec0                var2BufBypassIntelUint32
                0x48066e84                buf2VarGenFrameMotorolaUint8
                0x48065980                buf2Var64BitMotorolaUint16
                0x48066068                buf2Var64BitIntelSint8
                0x48066b44                var2BufGenFrameIntelReal32
                0x48065b1c                buf2Var64BitIntelReal32
                0x48064ab4                var2Buf64BitIntelReal64
                0x480666ec                var2BufBypassMaskedMotorolaUint16
                0x48064d90                var2Buf64BitIntelSint64
                0x48066c04                var2BufGenFrameIntelUint16
                0x4806854c                buf2VarGenFrameIntelReal64
                0x48066210                var2BufBypassMotorolaSint16
                0x48068d70                buf2VarBypassIntelReal32
                0x48068ce8                buf2VarBypassIntelSint32
                0x48064098                var2BufByteOffsetSint32
                0x48065c8c                buf2Var64BitIntelSint64
                0x48066d44                buf2VarGenFrameMotorolaReal32
                0x48068f74                bufBypassInit
                0x48065ea4                buf2Var64BitIntelUint16
                0x48066690                var2BufBypassMaskedMotorolaBoolUint32
                0x480688b8                var2BufIndirectIntelUint32
                0x48066e44                buf2VarGenFrameMotorolaSint16
                0x480648c0                var2Buf64BitMotorolaUint8
                0x48065b98                buf2Var64BitIntelUint64
                0x48067004                buf2VarGenFrameIntelSint16
                0x48066bc4                var2BufGenFrameIntelSint32
                0x4806823c                buf2VarGenFrameMotorolaReal64
                0x48065fd0                buf2Var64BitIntelUint8
                0x480668e8                var2BufBypassMaskedBoolUint8
                0x4806811c                buf2VarGenFrameMotorolaUint64
                0x480674e0                buf2VarIndirectMotorolaSint16
                0x48066f04                buf2VarGenFrameIntelReal32
                0x48064620                var2Buf64BitMotorolaUint32
                0x48068920                var2BufIndirectIntelReal32
                0x48064038                var2BufByteOffsetReal32
                0x48068950                var2BufBypassMaskedIntelBoolUint16
                0x48066590                buf2VarBypassSint8
                0x480654e8                var2Buf64BitIntelSint8
                0x480646c4                var2Buf64BitMotorolaSint32
                0x48065f3c                buf2Var64BitIntelSint16
                0x480653c8                var2Buf64BitIntelUint8
                0x480678ec                var2BufGenFrameMotorolaUint64
                0x48066e04                buf2VarGenFrameMotorolaUint16
                0x48066558                buf2VarBypassUint8
                0x4806434c                var2Buf64BitMotorolaReal32
                0x48066fc4                buf2VarGenFrameIntelUint16
                0x48063ff8                buf2VarSimpleSint8
                0x48067100                var2BufIndirectMotorolaUint32
                0x480683c8                buf2VarGenFrameIntelSint64
                0x480664b0                buf2VarBypassMotorolaSint16
                0x48063cbc                var2BufSimpleUint32
                0x48067ff8                buf2VarGenFrameMotorolaSint64
                0x48064324                buf64BitInit
                0x4806752c                buf2VarIndirectIntelReal64
                0x48068744                buf2VarIndirectIntelReal32
                0x48066178                var2BufBypassMotorolaSint32
                0x48068e00                var2BufBypassIntelUint16
                0x48066ec4                buf2VarGenFrameMotorolaSint8
                0x48067774                var2BufGenFrameMotorolaSint64
                0x48066754                var2BufBypassMaskedMotorolaSint16
                0x480667bc                var2BufBypassMaskedMotorolaBoolUint16
                0x48067da0                var2BufGenFrameIntelUint64
                0x48066a84                var2BufGenFrameMotorolaUint8
                0x48063dfc                var2BufSimpleUint8
                0x48064280                buf2VarByteOffsetReal32
                0x48067304                var2BufIndirectSint8
                0x48063f6c                buf2VarSimpleReal32
                0x480686a4                buf2VarIndirectIntelSint32
                0x48068da0                var2BufBypassIntelSint16
                0x480658f0                buf2Var64BitMotorolaUint32
                0x4806612c                var2BufBypassMotorolaUint32
                0x48068bd0                var2BufBypassMaskedIntelUint32
                0x48067250                var2BufIndirectIntelReal64
                0x48066880                var2BufBypassMaskedSint8
                0x48064294                buf2VarByteOffsetUint32
                0x48066c44                var2BufGenFrameIntelSint16
                0x48064010                buf2VarSimpleBool
                0x48063fb4                buf2VarSimpleUint16
                0x48065a6c                buf2Var64BitMotorolaSint8
                0x48066478                buf2VarBypassMotorolaUint16
                0x48064270                buf2VarByteOffsetReal64
                0x48068850                var2BufIndirectIntelSint32
                0x4806749c                buf2VarIndirectMotorolaUint16
                0x4806848c                buf2VarGenFrameIntelUint64
                0x4806625c                var2BufBypassIntelReal64
                0x48065d84                buf2Var64BitIntelUint32
                0x480659d0                buf2Var64BitMotorolaSint16
                0x480669c4                var2BufGenFrameMotorolaSint32
                0x48065728                buf2Var64BitMotorolaReal64
                0x48065840                buf2Var64BitMotorolaSint64
                0x480642d0                buf2VarByteOffsetSint16
                0x480672b0                var2BufIndirectUint8
                0x48067044                buf2VarGenFrameIntelUint8
                0x480687e8                var2BufIndirectIntelUint16
                0x480675a0                buf2VarIndirectUint8
                0x48067358                var2BufIndirectBool
                0x48068f20                var2BufBypassIntelReal32
                0x48066b84                var2BufGenFrameIntelUint32
                0x48063d5c                var2BufSimpleUint16
                0x48067154                var2BufIndirectMotorolaSint32
                0x48066d84                buf2VarGenFrameMotorolaUint32
                0x480640e4                var2BufByteOffsetUint16
                0x48065ab8                buf2Var64BitIntelReal64
                0x48065e14                buf2Var64BitIntelSint32
                0x48066944                var2BufGenFrameMotorolaReal32
                0x48064968                var2Buf64BitMotorolaSint8
                0x48067628                formulaOutReal64
                0x48063e48                var2BufSimpleSint8
                0x48067084                buf2VarGenFrameIntelSint8
                0x48067644                formulaInReal64
                0x48064338                var2Buf64BitMotorolaReal64
                0x48063dac                var2BufSimpleSint16
                0x48066c84                var2BufGenFrameIntelUint8
                0x480663ec                buf2VarBypassMotorolaReal32
                0x4806741c                buf2VarIndirectMotorolaUint32
                0x48067e9c                var2BufGenFrameIntelReal64
                0x480671fc                var2BufIndirectMotorolaSint16
                0x480652a4                var2Buf64BitIntelSint16
                0x480662b4                var2BufBypassUint8
                0x48063fcc                buf2VarSimpleSint16
                0x480686f4                buf2VarIndirectIntelUint32
                0x4806662c                var2BufBypassMaskedMotorolaSint32
                0x480685f4                buf2VarIndirectIntelSint16
                0x48063c90                var2BufSimpleReal64
                0x48066118                var2BufBypassMotorolaReal32
                0x480642e4                buf2VarByteOffsetUint8
                0x48067ca4                var2BufGenFrameIntelSint64
                0x48068b50                var2BufBypassMaskedIntelSint32
                0x480644e4                var2Buf64BitMotorolaSint64
                0x48068c50                buf2VarBypassIntelSint16
                0x48063ca4                var2BufSimpleReal32
                0x4806634c                var2BufBypassBool
                0x48065608                var2Buf64BitIntelBool
 .text          0x48068f9c      0xee4 C:\Program Files (x86)\ETAS\INTECRIO5.0\Target\Etarget\ES910\libtarget.a(i_osman.o)
                0x48069c84                etasRemoveStopUserModeCallback
                0x480694f0                activateTaskWithId
                0x48069058                findCurAppModeName
                0x480691c4                getTaskIdForTask
                0x480692c8                clearMeasureGroupForTask
                0x48069360                clearLogGroupForTask
                0x48069b60                etasInitTaskTerminationHook
                0x480693a4                isModelStarted
                0x48068fc0                getEEId
                0x480690f4                getTaskPtrForId
                0x48069e48                etasAddInitTaskTerminationCallback
                0x480693cc                updateUserModeState
                0x48069e10                etasAddStopUserModeCallback
                0x48069a5c                etasStopUserModeHook
                0x48068f9c                etasInitOsProcess
                0x48069204                findCurTaskName
                0x480692ec                setMeasureGroupForTask
                0x48069384                setLogGroupForTask
                0x48069cbc                etasRemoveInitTaskTerminationCallback
 .text          0x48069e80     0x73e0 C:\Program Files (x86)\ETAS\INTECRIO5.0\Target\Etarget\ES910\libtarget.a(i_rtioma.o)
                0x48069ebc                rtioCheckStartup
                0x48069f18                registerRtioDriverLockedCallback
                0x48069f0c                etasRtioInitProcess
                0x48070c08                rtioHook
                0x48070450                rtioSignalDriverLock
                0x48069f14                etasRtioExitProcess
                0x4807031c                etasRtioIntDisableProcess
                0x48069eb0                rtioSetConfigState
                0x48069f98                deRegisterRtioDriverLockedCallback
                0x48070370                rtioSignalDriverUnlock
                0x4807033c                etasRtioStartupProcess
                0x48069ea4                rtioGetConfigState
                0x4806a01c                rtioGetDriverLockedState
                0x48069f00                rtioIsOsExpertModeActive
                0x48069ef4                rtioGetHwAbsenceBehavior
                0x48069e80                rtioSetLogPort
                0x48069f10                etasRtioIntEnableProcess
                0x48069e8c                rtioSetConfigId
 .text          0x48071260      0x550 C:\Program Files (x86)\ETAS\INTECRIO5.0\Target\Etarget\ES910\libtarget.a(i_salone.o)
                0x4807175c                crossbarPrepareReconnection
                0x4807156c                crossbarGetNextConfigResponse
                0x480713c8                playbackConfigL1Records
                0x48071708                rtioPrepareReconnection
                0x48071670                crossbarFinishReconnection
                0x48071500                rtioGetNextConfigResponse
                0x480715d8                rtioFinishReconnection
 .text          0x480717b0     0x1830 C:\Program Files (x86)\ETAS\INTECRIO5.0\Target\Etarget\ES910\libtarget.a(t_croman.o)
                0x480717bc                crossbarSetConfigId
                0x480717d4                crossbarGetConfigState
                0x480717b0                crossbarSetLogPort
                0x480717e0                crossbarSetConfigState
                0x48072f3c                crossbarHook
 .text          0x48072fe0      0xcb0 C:\Program Files (x86)\ETAS\INTECRIO5.0\Target\Etarget\ES910\libtarget.a(t_crosll.o)
                0x480732b4                createCopyObjectContainer
                0x48073330                insertObjectIntoCopyLists
                0x480735b4                commonCreateCopyAction
                0x48073b34                cromanExecuteObj
                0x48072fe0                internalDeleteCopyAction
                0x48073484                createInsertVector
 .text          0x48073c90     0x1cf0 C:\Program Files (x86)\ETAS\INTECRIO5.0\Target\Etarget\ES910\libtarget.a(t_nvram.o)
                0x48073dc4                nvramClear
                0x48073d74                nvramEnableAutoUpdate
                0x48073dfc                nvramResetStatistics
                0x48073c90                nvramSetUpdateInterval
                0x48073d68                nvramGetConsistencyLevel
                0x48074f24                nvramUpdateMemoryBackground
                0x48075384                nvramInit
                0x48073db8                nvramCheckRunningUpdate
                0x48074e88                nvramManualUpdateExit
                0x48074d50                nvramManualUpdateBackground
                0x48073da8                nvramCheckForAutoUpdate
                0x48075114                nvramInitModelVars
                0x48073df0                nvramCheckForInitializedVars
                0x48074320                nvramGetUpdateAgeMs
                0x48074c1c                nvramManualUpdateBlocked
                0x48073d48                nvramSetConsistencyLevel
                0x48073d90                nvramDisableAutoUpdate
                0x48073e60                nvramGetStatistics
                0x48073ce4                nvramGetUpdateInterval
 .text          0x48075980      0x6ec C:\Program Files (x86)\ETAS\INTECRIO5.0\Target\Etarget\ES910\libtarget.a(t_objlis.o)
                0x48075f74                createObjList
                0x48075980                dumpObjList
 .text          0x4807606c      0xcd8 C:\Program Files (x86)\ETAS\INTECRIO5.0\Target\Etarget\ES910\libtarget.a(t_rtcros.o)
                0x48076284                getObjectFromDynamicInstanceTree
                0x48076078                deleteInstance_container
                0x48076728                removeObjectFromDynamicInstanceTree
                0x48076114                initInstance_container
                0x480768f8                getValuePtr
                0x48076810                addObjectToDynamicInstanceTree
                0x480766a4                getNextFreeRefIdOfDynamicInstanceTree
                0x4807606c                rtcrosSetLogPort
                0x48076254                createDynamicInstanceTree
                0x48076970                processBlockCommands
 .text          0x48076d44     0x1b38 C:\Program Files (x86)\ETAS\INTECRIO5.0\Target\Etarget\ES910\libtarget.a(t_sgman.o)
                0x48078740                sgHook
                0x48076ea4                sgGetComVarPtr
                0x48078704                deleteComVarCallback
                0x48076d44                sgGetCurTime
                0x480786a8                sgGetObjPtr
 .text          0x4807887c     0x14d0 C:\Program Files (x86)\ETAS\INTECRIO5.0\Target\Etarget\ES910\libtarget.a(y_primit.o)
                0x48079180                initInstance_columnDirMatrixWrapper
                0x48079c3c                initInstance_charTable1Wrapper
                0x480796d8                initInstance_columnDirGroupCharTable2Wrapper
                0x480792e4                initInstance_matrixWrapper
                0x480798d8                initInstance_groupCharTable1Wrapper
                0x48079598                initInstance_scalarWrapper
                0x480797d8                initInstance_groupCharTable2Wrapper
                0x48079448                initInstance_vectorWrapper
                0x48079b00                initInstance_charTable2Wrapper
                0x480799c4                initInstance_columnDirCharTable2Wrapper
 .text          0x48079d4c     0x19c0 C:\Program Files (x86)\ETAS\INTECRIO5.0\Target\Etarget\ES910\libtarget.a(a1b_dacq.o)
                0x48079e3c                getA1bGroup
                0x4807b0c4                instanciateA1bChannel
                0x4807a5d4                getA1bChannelGroupUpdateOffline
                0x4807b4ec                storeA1bDataForGroup
                0x4807ab88                destructA1bChannelGroup
                0x4807aec0                instanciateA1bGroup
                0x4807ac60                freeA1bMeasureBuffers
                0x4807b4cc                allocateA1bMeasureBuffers
                0x48079df8                addA1bChannelToA1bGroup
                0x4807a970                destructA1bChannel
                0x48079ed8                removeA1bChannelFromA1bGroup
 .text          0x4807b70c     0x1060 C:\Program Files (x86)\ETAS\INTECRIO5.0\Target\Etarget\ES910\libtarget.a(a_contai.o)
                0x4807be1c                dVectorRewindHeadReentrant
                0x4807bd60                dVectorRemoveObject
                0x4807beec                dVectorCreate
                0x4807b764                dListGetObjectForward
                0x4807ba60                dTableRemoveLastObject
                0x4807c498                dTableDelete
                0x4807bbb4                dVectorGetObject
                0x4807b74c                dListRewindTailReentrant
                0x4807bf44                dTableCreate
                0x4807b91c                dTableGetObject
                0x4807b9b8                dTableIsEmpty
                0x4807bb9c                dTableNofObjects
                0x4807b7bc                dListGetObjectBackward
                0x4807c2c0                dTableAddObject
                0x4807c464                dTableDeleteStatic
                0x4807bcc8                dVectorRemoveLastObject
                0x4807bc40                dVectorRemoveFirstObject
                0x4807b9d8                dTableRemoveFirstObject
                0x4807b738                dListRewindTail
                0x4807c040                dListAddObjectHead
                0x4807c70c                dListDelete
                0x4807c4dc                dListRemoveObject
                0x4807b814                dListGetObjectAtIndex
                0x4807c124                dVectorAddObject
                0x4807b7e8                dListGetObjectBackwardReentrant
                0x4807b8e8                dTableCreateStatic
                0x4807b790                dListGetObjectForwardReentrant
                0x4807bbe0                dVectorRemoveObjectAtIndex
                0x4807be24                dVectorGetObjectForwardReentrant
                0x4807be78                dVectorGetIndexOfLastEntry
                0x4807c5dc                dListRemoveObjectTail
                0x4807bf9c                dListAddObjectTail
                0x4807b954                dTableRemoveObject
                0x4807c27c                dVectorDelete
                0x4807c674                dListRemoveObjectHead
                0x4807bdfc                dVectorIsEmpty
                0x4807b8a4                dListIsEmpty
                0x4807c0e8                dListCreate
                0x4807baf8                dTableTestFunc
                0x4807be60                dVectorNofObjects
                0x4807b70c                dListRewindHead
                0x4807b8d0                dListNofObjects
                0x4807b720                dListRewindHeadReentrant
 .text          0x4807c76c      0x498 C:\Program Files (x86)\ETAS\INTECRIO5.0\Target\Etarget\ES910\libtarget.a(i_transf.o)
                0x4807ca08                transferToMatrix
                0x4807c808                transferToVector
                0x4807c76c                transferFromVector
                0x4807c8a4                transferFromMatrix
                0x4807cb6c                transferDirect
 .text          0x4807cc04     0x2378 C:\Program Files (x86)\ETAS\INTECRIO5.0\Target\Etarget\ES910\libtarget.a(t_sglow.o)
                0x4807db60                freeDataSignal
                0x4807df90                makeDataSignal
                0x4807d774                computeTimeSliceTimes
                0x4807d43c                setSinewaveSignal
                0x4807ce30                getIntervalNr
                0x4807da74                deleteTimeSlice
                0x4807ece0                freeChannel
                0x4807dfc8                makeLinearSignal
                0x4807edd4                freeStimuliSet
                0x4807d594                setIntervalPulseSignal
                0x4807dbc4                freeInterval
                0x4807d548                setPulseSignal
                0x4807d720                setTimeSlice
                0x4807cd68                insertTimeSlice
                0x4807de24                makeSinewaveSignal
                0x4807e360                makeIntervalDataSignal
                0x4807d1ec                binsearch
                0x4807db00                freeRandomSignal
                0x4807d128                getLinearSignalY
                0x4807cd1c                getTimeSliceNr
                0x4807d858                getTimeSliceT
                0x4807e534                getRandomSignalY
                0x4807db20                freePulseSignal
                0x4807d654                setRandomSignal
                0x4807ea30                getChannelY
                0x4807df40                setIntervalDataSignal
                0x4807e754                getSinewaveSignalY
                0x4807eee8                makeStimuliSet
                0x4807cf50                computeIntervalTimes
                0x4807d090                setIntervalLinearSignal
                0x4807dcd8                makeTimeSlice
                0x4807dfec                makeIntervalRandomSignal
                0x4807cc50                insertChannel
                0x4807ce7c                insertInterval
                0x4807d688                setIntervalRandomSignal
                0x4807cfa4                computeChannelTimes
                0x4807e108                makeIntervalPulseSignal
                0x4807d05c                setLinearSignal
                0x4807d7dc                computeStimuliSetTimes
                0x4807dda4                makeFunctionSignal
                0x4807cc04                getChannelNr
                0x4807ec6c                resetStimuliSet
                0x4807dc54                deleteInterval
                0x4807d90c                getT
                0x4807ee60                makeChannel
                0x4807dddc                makeRandomSignal
                0x4807cf44                resetInterval
                0x4807e880                getIntervalY
                0x4807e5fc                getPulseSignalY
                0x4807d488                setIntervalSinewaveSignal
                0x4807de00                makePulseSignal
                0x4807da54                freeTimeSlice
                0x4807d760                resetTimeSlice
                0x4807d290                getDataSignalY
                0x4807db40                freeSinewaveSignal
                0x4807dba4                freeLinearSignal
                0x4807ed50                deleteChannel
                0x4807e41c                makeIntervalLinearSignal
                0x4807de48                setDataSignal
                0x4807eb9c                resetChannel0
                0x4807e234                makeIntervalSinewaveSignal
 .text          0x4807ef7c        0x0 C:\Program Files (x86)\ETAS\INTECRIO5.0\Target\Etarget\rtio\global\es910\librtio_gnu.a(comm_err.o)
 .text          0x4807ef7c       0xa0 C:\Program Files (x86)\ETAS\INTECRIO5.0\Target\Etarget\rtio\global\es910\librtio_gnu.a(p_rtio.o)
                0x4807ef7c                rtioSignalHwAccessEnd
                0x4807efd4                rtioSignalHwAccessBegin
 .text          0x4807f01c      0xd38 C:\Program Files (x86)\ETAS\INTECRIO5.0\Target\Etarget\rtio\global\es910\librtio_gnu.a(p_rtio_s.o)
                0x4807fd10                setupRTIO
                0x4807f700                es910IsEtherCATEnabled
                0x4807f028                getMasterId
                0x4807f240                rtioHwDetect
                0x4807f80c                rtioTestBoardPresence
                0x4807f118                printDetectedHardware
                0x4807f044                rtioGetNextDetectedHwTableEntry
                0x4807f01c                es910RtioGetFpgaRegsGlobal
                0x4807fc88                es910RtioMapFpgaRegsGlobal
                0x4807fbe4                es910RtioUnmapFpgaRegsGlobal
                0x4807f030                rtioRewindDetectedHwTable
                0x4807f798                es910RtioIntDisable
 .text          0x4807fd54      0xe18 C:\Program Files (x86)\ETAS\INTECRIO5.0\Target\Etarget\rtio\global\es910\librtio_gnu.a(rtio_err.o)
                0x4807ff30                clearErrMsgList
                0x4807fe8c                deactivateRtioMsgLists
                0x4807fdf8                installEtasPseudoGeoAdrBoardNames
                0x4807fdd4                installCommErrMessages
                0x4807fe04                installUserBoardNames
                0x4807fd54                initMessageTables
                0x4807fec4                getNextErrMsg
                0x48080088                rtioGetBoardName
                0x4807fdec                installEtasAutoIdBoardNames
                0x48080814                rtioErr
                0x4807fdb4                mapErrorCode
                0x4807fe10                installEtasVirtualBoardNames
                0x4807fe1c                installMessages
                0x4808011c                rtio_err_v3
                0x4807fea0                rewindErrMsgList
                0x4807ffb8                clearCurErrMsg
                0x4807fe7c                activateRtioMsgLists
                0x48080590                rtioErrV2
                0x4807fde0                installEtasBoardNames
 .text          0x48080b6c      0x638 C:\Program Files (x86)\ETAS\INTECRIO5.0\Target\Etarget\rtio\global\es910\librtio_gnu.a(fhc_emu.o)
                0x48080b6c                fhc_get_module_name_port_name
                0x48080e24                fhc_check_port_presence_rp
 .text          0x480811a4      0x798 C:\Program Files (x86)\ETAS\INTECRIO5.0\Target\Etarget\ES910\rta_osek\librtk_s.a(ostarget.o)
                0x480811a4                os_get_sw_int_info
                0x480814c0                os_pre_start
                0x48081378                os_detach_interrupts
                0x4808122c                os_generate_sw_int
 .text          0x4808193c       0x30 C:\Program Files (x86)\ETAS\INTECRIO5.0\Target\Etarget\ES910\rta_osek\librtk_s.a(osfptgt.o)
                0x4808193c                os_fp_save
                0x48081968                os_fp_restore_from
                0x48081950                os_fp_restore
                0x48081964                os_fp_save_to
 .text          0x4808196c       0x94 C:\Program Files (x86)\ETAS\INTECRIO5.0\Target\Etarget\ES910\rta_osek\librtk_s.a(osiwrap1.o)
                0x4808196c                os_cat1_wrapper
 .text          0x48081a00      0x288 C:\Program Files (x86)\ETAS\INTECRIO5.0\Target\Etarget\ES910\rta_osek\librtk_s.a(osxdspnf.o)
                0x48081a00                osek_dispatchN2F
 .text          0x48081c88      0x10c C:\Program Files (x86)\ETAS\INTECRIO5.0\Target\Etarget\ES910\rta_osek\librtk_s.a(osysd1hf.o)
                0x48081c88                os_fdispH1
 .text          0x48081d94      0x2d4 C:\Program Files (x86)\ETAS\INTECRIO5.0\Target\Etarget\ES910\rta_osek\librtk_s.a(osysdfhf.o)
                0x48081d94                os_fdispH2F
 .text          0x48082068      0x2cc C:\Program Files (x86)\ETAS\INTECRIO5.0\Target\Etarget\ES910\rta_osek\librtk_s.a(osysdfhi.o)
                0x48082068                os_idispH2F
 .text          0x48082334       0x34 C:\Program Files (x86)\ETAS\INTECRIO5.0\Target\Etarget\ES910\rta_osek\librtk_s.a(ostgid.o)
                0x48082334                GetTaskID
 .text          0x48082368      0x174 C:\Program Files (x86)\ETAS\INTECRIO5.0\Target\Etarget\ES910\rta_osek\librtk_s.a(ostschf.o)
                0x48082368                ScheduleSW2F
 .text          0x480824dc       0x50 C:\Program Files (x86)\ETAS\INTECRIO5.0\Target\Etarget\ES910\rta_osek\librtk_s.a(osieai.o)
                0x480824dc                EnableAllInterrupts
 .text          0x4808252c       0x60 C:\Program Files (x86)\ETAS\INTECRIO5.0\Target\Etarget\ES910\rta_osek\librtk_s.a(osidai.o)
                0x4808252c                DisableAllInterrupts