Archive member included because of file (symbol)

Car_State1/Car_State1.a(Car_State.o)
                              Car_State0/Car_State_instances.o (Car_State_U)
Disconnections1/Disconnections1.a(Disconnections.o)
                              Disconnections0/Disconnections_instances.o (Disconnections_DW)
Ellipse1/Ellipse1.a(Ellipse.o)
                              Ellipse0/Ellipse_instances.o (Ellipse_Y)
Inverters_Action1/Inverters_Action1.a(Inverters_Action.o)
                              Inverters_Action0/Inverters_Action_instances.o (Inverters_Action_U)
Inverters_Action1/Inverters_Action1.a(Inverters_Action_data.o)
                              Inverters_Action0/Inverters_Action_instances.o (Inverters_Action_ConstB)
Inverters_Data1/Inverters_Data1.a(Inverters_Data.o)
                              Inverters_Data0/Inverters_Data_instances.o (Inverters_Data_U)
Sensors1/Sensors1.a(Sensors.o)
                              Sensors0/Sensors_instances.o (Sensors_Y)
Sensors1/Sensors1.a(Sensors_data.o)
                              Sensors0/Sensors_instances.o (Sensors_ConstB)
Synchronism1/Synchronism1.a(Synchronism.o)
                              Synchronism0/Synchronism_instances.o (Synchronism_DW)
Power_Control1/Power_Control1.a(Power_Control.o)
                              Power_Control0/Power_Control_instances.o (Power_Control_DW)
VDC1/VDC1.a(VDC.o)            VDC0/VDC_instances.o (VDC_DW)
matlabsharedR2023b/matlabsharedR2023b.a(const_params.o)
                              VDC1/VDC1.a(VDC.o) (rtCP_pooled_OiY3MRzyvx26)
matlabsharedR2023b/matlabsharedR2023b.a(look1_binlxpw.o)
                              VDC1/VDC1.a(VDC.o) (look1_binlxpw)
matlabsharedR2023b/matlabsharedR2023b.a(rt_nonfinite.o)
                              Inverters_Action1/Inverters_Action1.a(Inverters_Action.o) (rtIsInf)
matlabsharedR2023b/matlabsharedR2023b.a(rt_powd_snf.o)
                              Inverters_Data1/Inverters_Data1.a(Inverters_Data.o) (rt_powd_snf)
matlabsharedR2023b/matlabsharedR2023b.a(rtgetinf.o)
                              matlabsharedR2023b/matlabsharedR2023b.a(rt_nonfinite.o) (rtGetInf)
matlabsharedR2023b/matlabsharedR2023b.a(rtgetnan.o)
                              matlabsharedR2023b/matlabsharedR2023b.a(rt_nonfinite.o) (rtGetNaN)
OSC/TaskISRArchive.a(etasConfigTask.o)
                              OSC/osekdefs.o (osek_task_e_etasConfigTask)
OSC/TaskISRArchive.a(Sync_25ms.o)
                              OSC/osekdefs.o (osek_task_e_Sync_25ms)
OSC/TaskISRArchive.a(Timer_1000ms.o)
                              OSC/osekdefs.o (osek_task_e_Timer_1000ms)
OSC/TaskISRArchive.a(Timer_100ms.o)
                              OSC/osekdefs.o (osek_task_e_Timer_100ms)
OSC/TaskISRArchive.a(Timer_25ms.o)
                              OSC/osekdefs.o (osek_task_e_Timer_25ms)
OSC/TaskISRArchive.a(Timer_Inv.o)
                              OSC/osekdefs.o (osek_task_e_Timer_Inv)
OSC/TaskISRArchive.a(SWT_CAN1_AP_BMS_SDC.o)
                              OSC/osekdefs.o (osek_task_e_SWT_CAN1_AP_BMS_SDC)
OSC/TaskISRArchive.a(SWT_CAN1_AP_CurrentSensor.o)
                              OSC/osekdefs.o (osek_task_e_SWT_CAN1_AP_CurrentSensor)
OSC/TaskISRArchive.a(SWT_CAN1_AP_BMS_Voltages.o)
                              OSC/osekdefs.o (osek_task_e_SWT_CAN1_AP_BMS_Voltages)
OSC/TaskISRArchive.a(SWT_CAN1_AP_BMS_ChargerParameters.o)
                              OSC/osekdefs.o (osek_task_e_SWT_CAN1_AP_BMS_ChargerParameters)
OSC/TaskISRArchive.a(SWT_CAN1_AP_BMS_Temperatures.o)
                              OSC/osekdefs.o (osek_task_e_SWT_CAN1_AP_BMS_Temperatures)
OSC/TaskISRArchive.a(SWT_CAN1_AP_Inverter_R_Tx.o)
                              OSC/osekdefs.o (osek_task_e_SWT_CAN1_AP_Inverter_R_Tx)
OSC/TaskISRArchive.a(SWT_CAN1_AP_Inverter_L_Tx.o)
                              OSC/osekdefs.o (osek_task_e_SWT_CAN1_AP_Inverter_L_Tx)
OSC/TaskISRArchive.a(SWT_CAN1_AP_DASH_Mode.o)
                              OSC/osekdefs.o (osek_task_e_SWT_CAN1_AP_DASH_Mode)
OSC/TaskISRArchive.a(SWT_CAN1_NM_BMS_Keep_Alive.o)
                              OSC/osekdefs.o (osek_task_e_SWT_CAN1_NM_BMS_Keep_Alive)
OSC/TaskISRArchive.a(SWT_CAN1_AP_BMS_AIRs_State.o)
                              OSC/osekdefs.o (osek_task_e_SWT_CAN1_AP_BMS_AIRs_State)
OSC/TaskISRArchive.a(SWT_CAN1_NM_DASH_Keep_Alive.o)
                              OSC/osekdefs.o (osek_task_e_SWT_CAN1_NM_DASH_Keep_Alive)
OSC/TaskISRArchive.a(SWT_CAN1_AP_DASH_PrechargeRequest.o)
                              OSC/osekdefs.o (osek_task_e_SWT_CAN1_AP_DASH_PrechargeRequest)
OSC/TaskISRArchive.a(SWT_CAN1_AP_DASH_EnableDrive.o)
                              OSC/osekdefs.o (osek_task_e_SWT_CAN1_AP_DASH_EnableDrive)
OSC/TaskISRArchive.a(SWT_CAN2_MEAS_RECU_SDC.o)
                              OSC/osekdefs.o (osek_task_e_SWT_CAN2_MEAS_RECU_SDC)
OSC/TaskISRArchive.a(SWT_CAN2_MEAS_FECU_SDC.o)
                              OSC/osekdefs.o (osek_task_e_SWT_CAN2_MEAS_FECU_SDC)
[...]
Memory Configuration

Name             Origin             Length             Attributes
*default*        0x00000000         0xffffffff

Linker script and memory map

LOAD C:/ETAS/Compiler/INTECRIO5.0/QNXCompiler-V6.5\target\qnx6/ppcbe-spe/lib/crt1.o
LOAD C:/ETAS/Compiler/INTECRIO5.0/QNXCompiler-V6.5\target\qnx6/ppcbe-spe/lib/crti.o
LOAD C:/ETAS/Compiler/INTECRIO5.0/QNXCompiler-V6.5\host\win32\x86/usr/lib/gcc/powerpc-unknown-nto-qnx6.5.0/4.4.2/spe/crtbegin.o
LOAD C:\ETAS\Compiler\INTECRIO5.0\QNXCompiler-V6.5\target\qnx6\ppcbe-spe\lib\gcc\4.4.2/libcpp.so
                0x00000000                PROVIDE (__stack, 0x0)
                0x00000000                PROVIDE (___stack, 0x0)
                0x48040000                PROVIDE (__executable_start, 0x48040000)
                0x480400f4                . = (0x48040000 + SIZEOF_HEADERS)

.interp         0x480400f4       0x14
 *(.interp)
 .interp        0x480400f4       0x14 C:/ETAS/Compiler/INTECRIO5.0/QNXCompiler-V6.5\target\qnx6/ppcbe-spe/lib/crt1.o

.note           0x48040110       0x18
 .note          0x48040110       0x18 C:/ETAS/Compiler/INTECRIO5.0/QNXCompiler-V6.5\target\qnx6/ppcbe-spe/lib/crtn.o

.note.gnu.build-id
 *(.note.gnu.build-id)

.hash           0x48040128      0x6a4
 *(.hash)
 .hash          0x48040128      0x6a4 C:/ETAS/Compiler/INTECRIO5.0/QNXCompiler-V6.5\target\qnx6/ppcbe-spe/lib/crt1.o

.gnu.hash
 *(.gnu.hash)

.dynsym         0x480407cc      0xe20
 *(.dynsym)
 .dynsym        0x480407cc      0xe20 C:/ETAS/Compiler/INTECRIO5.0/QNXCompiler-V6.5\target\qnx6/ppcbe-spe/lib/crt1.o

.dynstr         0x480415ec      0xbce
 *(.dynstr)
 .dynstr        0x480415ec      0xbce C:/ETAS/Compiler/INTECRIO5.0/QNXCompiler-V6.5\target\qnx6/ppcbe-spe/lib/crt1.o

.gnu.version    0x480421ba      0x1c4
 *(.gnu.version)
 .gnu.version   0x480421ba      0x1c4 C:/ETAS/Compiler/INTECRIO5.0/QNXCompiler-V6.5\target\qnx6/ppcbe-spe/lib/crt1.o

.gnu.version_d  0x48042380        0x0 load address 0x4804237e
 *(.gnu.version_d)
 .gnu.version_d
                0x00000000        0x0 C:/ETAS/Compiler/INTECRIO5.0/QNXCompiler-V6.5\target\qnx6/ppcbe-spe/lib/crt1.o

.gnu.version_r  0x48042380       0x20
 *(.gnu.version_r)
 .gnu.version_r
                0x48042380       0x20 C:/ETAS/Compiler/INTECRIO5.0/QNXCompiler-V6.5\target\qnx6/ppcbe-spe/lib/crt1.o

.rel.dyn
 *(.rel.init)
 *(.rel.text .rel.text.* .rel.gnu.linkonce.t.*)
 *(.rel.fini)
 *(.rel.rodata .rel.rodata.* .rel.gnu.linkonce.r.*)
 *(.rel.data.rel.ro* .rel.gnu.linkonce.d.rel.ro.*)
 *(.rel.data .rel.data.* .rel.gnu.linkonce.d.*)
 *(.rel.tdata .rel.tdata.* .rel.gnu.linkonce.td.*)
 *(.rel.tbss .rel.tbss.* .rel.gnu.linkonce.tb.*)
 *(.rel.ctors)
 *(.rel.dtors)
 *(.rel.got)
 *(.rel.sdata .rel.sdata.* .rel.gnu.linkonce.s.*)
 *(.rel.sbss .rel.sbss.* .rel.gnu.linkonce.sb.*)
 *(.rel.sdata2 .rel.sdata2.* .rel.gnu.linkonce.s2.*)
 *(.rel.sbss2 .rel.sbss2.* .rel.gnu.linkonce.sb2.*)
 *(.rel.bss .rel.bss.* .rel.gnu.linkonce.b.*)

.rela.dyn       0x480423a0       0x90
 *(.rela.init)
 *(.rela.text .rela.text.* .rela.gnu.linkonce.t.*)
 .rela.text     0x00000000        0x0 C:/ETAS/Compiler/INTECRIO5.0/QNXCompiler-V6.5\target\qnx6/ppcbe-spe/lib/crt1.o
 *(.rela.fini)
 *(.rela.rodata .rela.rodata.* .rela.gnu.linkonce.r.*)
 .rela.rodata   0x00000000        0x0 C:/ETAS/Compiler/INTECRIO5.0/QNXCompiler-V6.5\target\qnx6/ppcbe-spe/lib/crt1.o
 *(.rela.data .rela.data.* .rela.gnu.linkonce.d.*)
 .rela.data     0x00000000        0x0 C:/ETAS/Compiler/INTECRIO5.0/QNXCompiler-V6.5\target\qnx6/ppcbe-spe/lib/crt1.o
 *(.rela.tdata .rela.tdata.* .rela.gnu.linkonce.td.*)
 *(.rela.tbss .rela.tbss.* .rela.gnu.linkonce.tb.*)
 *(.rela.ctors)
 *(.rela.dtors)
 *(.rela.got)
 .rela.got      0x480423a0       0x30 C:/ETAS/Compiler/INTECRIO5.0/QNXCompiler-V6.5\target\qnx6/ppcbe-spe/lib/crt1.o
 *(.rela.got1)
 *(.rela.got2)
 *(.rela.sdata .rela.sdata.* .rela.gnu.linkonce.s.*)
 *(.rela.sbss .rela.sbss.* .rela.gnu.linkonce.sb.*)
 .rela.sbss     0x00000000        0x0 C:/ETAS/Compiler/INTECRIO5.0/QNXCompiler-V6.5\target\qnx6/ppcbe-spe/lib/crt1.o
 *(.rela.sdata2 .rela.sdata2.* .rela.gnu.linkonce.s2.*)
 *(.rela.sbss2 .rela.sbss2.* .rela.gnu.linkonce.sb2.*)
 *(.rela.bss .rela.bss.* .rela.gnu.linkonce.b.*)
 .rela.bss      0x480423d0       0x60 C:/ETAS/Compiler/INTECRIO5.0/QNXCompiler-V6.5\target\qnx6/ppcbe-spe/lib/crt1.o
 .rela.os_pid   0x00000000        0x0 C:/ETAS/Compiler/INTECRIO5.0/QNXCompiler-V6.5\target\qnx6/ppcbe-spe/lib/crt1.o
 .rela.os_intvec
                0x00000000        0x0 C:/ETAS/Compiler/INTECRIO5.0/QNXCompiler-V6.5\target\qnx6/ppcbe-spe/lib/crt1.o

.rel.plt
 *(.rel.plt)

.rela.plt       0x48042430      0x93c
 *(.rela.plt)
 .rela.plt      0x48042430      0x93c C:/ETAS/Compiler/INTECRIO5.0/QNXCompiler-V6.5\target\qnx6/ppcbe-spe/lib/crt1.o

.init           0x48042d6c       0x24
 *(.init)
 .init          0x48042d6c        0xc C:/ETAS/Compiler/INTECRIO5.0/QNXCompiler-V6.5\target\qnx6/ppcbe-spe/lib/crti.o
                0x48042d6c                _init
 .init          0x48042d78        0x4 C:/ETAS/Compiler/INTECRIO5.0/QNXCompiler-V6.5\host\win32\x86/usr/lib/gcc/powerpc-unknown-nto-qnx6.5.0/4.4.2/spe/crtbegin.o
 .init          0x48042d7c        0x4 C:/ETAS/Compiler/INTECRIO5.0/QNXCompiler-V6.5\host\win32\x86/usr/lib/gcc/powerpc-unknown-nto-qnx6.5.0/4.4.2/spe/crtend.o
 .init          0x48042d80       0x10 C:/ETAS/Compiler/INTECRIO5.0/QNXCompiler-V6.5\target\qnx6/ppcbe-spe/lib/crtn.o

.text           0x48042d90    0x49528
                0x48042d90                _btext = .
 *(.text .stub .text.* .gnu.linkonce.t.*)
 .text          0x48042d90      0x118 C:/ETAS/Compiler/INTECRIO5.0/QNXCompiler-V6.5\target\qnx6/ppcbe-spe/lib/crt1.o
                0x48042d90                _start
 .text          0x48042ea8        0x0 C:/ETAS/Compiler/INTECRIO5.0/QNXCompiler-V6.5\target\qnx6/ppcbe-spe/lib/crti.o
 .text          0x48042ea8      0x1b8 C:/ETAS/Compiler/INTECRIO5.0/QNXCompiler-V6.5\host\win32\x86/usr/lib/gcc/powerpc-unknown-nto-qnx6.5.0/4.4.2/spe/crtbegin.o
 .text          0x48043060      0x240 ROOT_instances.o
                0x48043204                initializeYukonModel
                0x480430b0                getSystemTimeS
                0x48043078                getModelIdentificationString
                0x4804308c                getDeltaT
                0x48043060                getIntecrioVersionNumber
                0x48043190                os_setDeltaT
                0x48043084                getBuildEnvironment
                0x4804306c                getBuildEnvironmentVersion
 .text          0x480432a0        0x0 _INT_pid.pi.o
 .text          0x480432a0       0x24 userFuncProcessCanPayload.o
                0x480432b4                userCanInitHook
                0x480432c0                userCanTxHookV3
                0x480432b8                userCanExitHook
                0x480432a0                userCanHookGetVersionAndCid
                0x480432bc                userCanRxHookV3
 .text          0x480432c4       0x24 userFuncProcessFlexRayPayload.o
                0x480432e4                userFlexRayPDURxHook
                0x480432e0                userFlexRayPDUTxHook
                0x480432c4                userFlexRayHookGetVersionAndCid
                0x480432d8                userFlexRayInitHook
                0x480432dc                userFlexRayExitHook
 .text          0x480432e8       0x60 OSC/i_rtawrapper.o
                0x48043328                rtaActivateTask
                0x48043308                rtaSchedule
                0x480432e8                rtaShutdownOS
 .text          0x48043348      0x2c4 Car_State0/Car_State_instances.o
                0x480433f0                initClass_RTWTop_Car_State
                0x480433a8                initInstance_RTWTop_Car_State
                0x48043348                setDeltaT_Car_State
                0x480435e0                initModel_RTWTop_Car_State
 .text          0x4804360c      0xc10 Car_State1/Car_State1.a(Car_State.o)
                0x48044018                MdlInitialize_Car_State
                0x48043620                Car_State_FALSE
                0x48043634                MdlOutputs_Car_State
                0x48043f98                MdlUpdate_Car_State
                0x4804360c                Car_State_TRUE
                0x4804401c                MdlStart_Car_State
                0x48044010                MdlInitializeSizes_Car_State
                0x48044014                MdlInitializeSampleTimes_Car_State
                0x48044068                Car_State
                0x48044064                MdlTerminate_Car_State
 .text          0x4804421c      0x4d8 Disconnections0/Disconnections_instances.o
                0x4804427c                initInstance_RTWTop_Disconnections
                0x480446c8                initModel_RTWTop_Disconnections
                0x4804421c                setDeltaT_Disconnections
                0x480442c4                initClass_RTWTop_Disconnections
 .text          0x480446f4      0x998 Disconnections1/Disconnections1.a(Disconnections.o)
                0x48044ec0                MdlTerminate_Disconnections
                0x48044734                Disconnections_Error_Counter
                0x48044ec4                Disconnections
                0x48044e54                MdlInitializeSampleTimes_Disconnections
                0x48044e5c                MdlStart_Disconnections
                0x480446f4                Disconnections_Reset_counter
                0x48044e50                MdlInitializeSizes_Disconnections
                0x48044764                MdlOutputs_Disconnections
                0x48044e58                MdlInitialize_Disconnections
                0x48044708                Disconnections_CAN_OK
                0x48044dd8                MdlUpdate_Disconnections
                0x48044750                Disconnections_Signal_OK
 .text          0x4804508c      0x1e4 Ellipse0/Ellipse_instances.o
                0x48045134                initClass_RTWTop_Ellipse
                0x4804508c                setDeltaT_Ellipse
                0x480450ec                initInstance_RTWTop_Ellipse
                0x48045244                initModel_RTWTop_Ellipse
 .text          0x48045270      0x250 Ellipse1/Ellipse1.a(Ellipse.o)
                0x48045270                MdlOutputs_Ellipse
                0x4804532c                MdlInitialize_Ellipse
                0x48045324                MdlInitializeSizes_Ellipse
                0x480452ac                MdlUpdate_Ellipse
                0x48045334                MdlTerminate_Ellipse
                0x48045330                MdlStart_Ellipse
                0x48045328                MdlInitializeSampleTimes_Ellipse
                0x48045338                Ellipse
 .text          0x480454c0      0x3a0 Inverters_Action0/Inverters_Action_instances.o
                0x48045834                initModel_RTWTop_Inverters_Action
                0x480454c0                setDeltaT_Inverters_Action
                0x48045568                initClass_RTWTop_Inverters_Action
                0x48045520                initInstance_RTWTop_Inverters_Action
 .text          0x48045860      0xca0 Inverters_Action1/Inverters_Action1.a(Inverters_Action.o)
                0x480459b8                MdlInitializeSizes_Inverters_Action
                0x480459c0                MdlInitialize_Inverters_Action
                0x48045a10                Inverters_Action
                0x480459c4                MdlStart_Inverters_Action
                0x48045860                Inverters_Actio_EnumerationDone
                0x480458cc                Inverters_Acti_ActionnotDefined
                0x480458f4                Inverters_Action_TorqueCommand0
                0x48045924                MdlUpdate_Inverters_Action
                0x48045874                Inverte_DisableDriveEnableDrive
                0x48045910                Inverters_Acti_ResetEnumeration
                0x48045a0c                MdlTerminate_Inverters_Action
                0x480459bc                MdlInitializeSampleTimes_Inverters_Action
                0x480458e4                Inverters_Action_bypass
                0x48045f08                MdlOutputs_Inverters_Action
                0x48045db0                Inverters_Action_TorqueCommand
                0x48045bec                Inverters_Ac_RegisterEnumerator
 .text          0x48046500        0x0 Inverters_Action1/Inverters_Action1.a(Inverters_Action_data.o)
 .text          0x48046500      0x2ac Inverters_Data0/Inverters_Data_instances.o
                0x480465a8                initClass_RTWTop_Inverters_Data
                0x48046560                initInstance_RTWTop_Inverters_Data
                0x48046500                setDeltaT_Inverters_Data
                0x48046780                initModel_RTWTop_Inverters_Data
 .text          0x480467ac      0x4e0 Inverters_Data1/Inverters_Data1.a(Inverters_Data.o)
                0x480467ac                MdlUpdate_Inverters_Data
                0x4804682c                MdlInitialize_Inverters_Data
                0x48046834                MdlTerminate_Inverters_Data
                0x480469d4                MdlOutputs_Inverters_Data
                0x48046838                Inverters_Data
                0x48046830                MdlStart_Inverters_Data
                0x48046828                MdlInitializeSampleTimes_Inverters_Data
                0x48046824                MdlInitializeSizes_Inverters_Data
 .text          0x48046c8c      0x330 Sensors0/Sensors_instances.o
                0x48046cec                initInstance_RTWTop_Sensors
                0x48046f90                initModel_RTWTop_Sensors
                0x48046c8c                setDeltaT_Sensors
                0x48046d34                initClass_RTWTop_Sensors
 .text          0x48046fbc      0x3cc Sensors1/Sensors1.a(Sensors.o)
                0x480471a4                MdlInitializeSampleTimes_Sensors
                0x480471cc                MdlTerminate_Sensors
                0x48046fbc                MdlOutputs_Sensors
                0x48047128                MdlUpdate_Sensors
                0x480471a0                MdlInitializeSizes_Sensors
                0x480471a8                MdlInitialize_Sensors
                0x480471ac                MdlStart_Sensors
                0x480471d0                Sensors
 .text          0x48047388        0x0 Sensors1/Sensors1.a(Sensors_data.o)
 .text          0x48047388      0x14c Synchronism0/Synchronism_instances.o
                0x48047430                initClass_RTWTop_Synchronism
                0x480473e8                initInstance_RTWTop_Synchronism
                0x480474a8                initModel_RTWTop_Synchronism
                0x48047388                setDeltaT_Synchronism
 .text          0x480474d4      0x268 Synchronism1/Synchronism1.a(Synchronism.o)
                0x480475a8                MdlInitializeSizes_Synchronism
                0x480475b0                MdlInitialize_Synchronism
                0x480475b4                MdlStart_Synchronism
                0x480475d0                MdlTerminate_Synchronism
                0x480475d4                Synchronism
                0x480474d4                MdlOutputs_Synchronism
                0x48047530                MdlUpdate_Synchronism
                0x480475ac                MdlInitializeSampleTimes_Synchronism
 .text          0x4804773c      0x290 Power_Control0/Power_Control_instances.o
                0x4804773c                setDeltaT_Power_Control
                0x4804779c                initInstance_RTWTop_Power_Control
                0x480477e4                initClass_RTWTop_Power_Control
                0x480479a0                initModel_RTWTop_Power_Control
 .text          0x480479cc      0xc10 Power_Control1/Power_Control1.a(Power_Control.o)
                0x48047b20                MdlTerminate_Power_Control
                0x48047b24                Power_Control
                0x48047abc                MdlInitializeSampleTimes_Power_Control
                0x48047a40                MdlUpdate_Power_Control
                0x48048340                MdlOutputs_Power_Control
                0x48047ab8                MdlInitializeSizes_Power_Control
                0x48047d10                Power_Co_MotorL_Temp_Limitation
                0x48047a10                Pow_MotorL_Temp_Limitation_Init
                0x48047ac4                MdlStart_Power_Control
                0x48047ac0                MdlInitialize_Power_Control
                0x480479cc                Power_Control_LimitReached
                0x48048028                Power_InverterL_Temp_Limitation
                0x480479e0                InverterL_Temp_Limitation_Init
 .text          0x480485dc      0x5c8 VDC0/VDC_instances.o
                0x4804863c                initInstance_RTWTop_VDC
                0x480485dc                setDeltaT_VDC
                0x48048b78                initModel_RTWTop_VDC
                0x48048684                initClass_RTWTop_VDC
 .text          0x48048ba4     0x2108 VDC1/VDC1.a(VDC.o)
                0x480491a4                MdlOutputs_VDC
                0x48048c48                VDC_RIGIDAXLE
                0x48048da0                MdlInitialize_VDC
                0x48048ba4                VDC_MATLABFunction
                0x48048d20                MdlUpdate_VDC
                0x48048e5c                VDC
                0x48048d0c                VDC_RIGIDAXLEWITHTC_Init
                0x48048da4                MdlStart_VDC
                0x4804902c                VDC_RIGIDAXLEWITHTC
                0x48048d98                MdlInitializeSizes_VDC
                0x48048e58                MdlTerminate_VDC
                0x48048d9c                MdlInitializeSampleTimes_VDC
                0x48048c78                VDC_Torquedemandedbythedriver
 .text          0x4804acac        0x0 matlabsharedR2023b/matlabsharedR2023b.a(const_params.o)
 .text          0x4804acac      0x114 matlabsharedR2023b/matlabsharedR2023b.a(look1_binlxpw.o)
                0x4804acac                look1_binlxpw
 .text          0x4804adc0      0x19c matlabsharedR2023b/matlabsharedR2023b.a(rt_nonfinite.o)
                0x4804aec8                rt_InitInfAndNaN
                0x4804ae4c                rtIsNaN
                0x4804aea0                rtIsNaNF
                0x4804ae0c                rtIsInfF
                0x4804adc0                rtIsInf
 .text          0x4804af5c      0x2f4 matlabsharedR2023b/matlabsharedR2023b.a(rt_powd_snf.o)
                0x4804af5c                rt_powd_snf
 .text          0x4804b250       0xd0 matlabsharedR2023b/matlabsharedR2023b.a(rtgetinf.o)
                0x4804b250                rtGetInf
                0x4804b2b8                rtGetMinusInf
                0x4804b314                rtGetMinusInfF
                0x4804b2ac                rtGetInfF
 .text          0x4804b320       0x84 matlabsharedR2023b/matlabsharedR2023b.a(rtgetnan.o)
                0x4804b380                rtGetNaNF
                0x4804b320                rtGetNaN
 .text          0x4804b3a4      0x434 OSC/osekdefs.o
                0x4804b6c4                osE_ISR_CAN2
                0x4804b464                os_StartOS
                0x4804b550                os_pre_errorhook
                0x4804b720                osE_ISR_CAN1
                0x4804b570                Tick_etasCounter
                0x4804b6a4                osek_dispatch
                0x4804b3a4                osResetOS
                0x4804b77c                osE_etasL1Isr
 .text          0x4804b7d8        0x0 OSC/osgen.o
 .text          0x4804b7d8       0x4c OSC/TaskISRArchive.a(etasConfigTask.o)
                0x4804b7d8                osek_task_e_etasConfigTask
 .text          0x4804b824       0x60 OSC/TaskISRArchive.a(Sync_25ms.o)
                0x4804b824                osek_task_e_Sync_25ms
 .text          0x4804b884       0x54 OSC/TaskISRArchive.a(Timer_1000ms.o)
                0x4804b884                osek_task_e_Timer_1000ms
 .text          0x4804b8d8       0x54 OSC/TaskISRArchive.a(Timer_100ms.o)
                0x4804b8d8                osek_task_e_Timer_100ms
 .text          0x4804b92c       0x9c OSC/TaskISRArchive.a(Timer_25ms.o)
                0x4804b92c                osek_task_e_Timer_25ms
 .text          0x4804b9c8       0x6c OSC/TaskISRArchive.a(Timer_Inv.o)
                0x4804b9c8                osek_task_e_Timer_Inv
 .text          0x4804ba34       0x50 OSC/TaskISRArchive.a(SWT_CAN1_AP_BMS_SDC.o)
                0x4804ba34                osek_task_e_SWT_CAN1_AP_BMS_SDC
 .text          0x4804ba84       0x50 OSC/TaskISRArchive.a(SWT_CAN1_AP_CurrentSensor.o)
                0x4804ba84                osek_task_e_SWT_CAN1_AP_CurrentSensor
 .text          0x4804bad4       0x50 OSC/TaskISRArchive.a(SWT_CAN1_AP_BMS_Voltages.o)
                0x4804bad4                osek_task_e_SWT_CAN1_AP_BMS_Voltages
 .text          0x4804bb24       0x50 OSC/TaskISRArchive.a(SWT_CAN1_AP_BMS_ChargerParameters.o)
                0x4804bb24                osek_task_e_SWT_CAN1_AP_BMS_ChargerParameters
 .text          0x4804bb74       0x50 OSC/TaskISRArchive.a(SWT_CAN1_AP_BMS_Temperatures.o)
                0x4804bb74                osek_task_e_SWT_CAN1_AP_BMS_Temperatures
 .text          0x4804bbc4       0x50 OSC/TaskISRArchive.a(SWT_CAN1_AP_Inverter_R_Tx.o)
                0x4804bbc4                osek_task_e_SWT_CAN1_AP_Inverter_R_Tx
 .text          0x4804bc14       0x50 OSC/TaskISRArchive.a(SWT_CAN1_AP_Inverter_L_Tx.o)
                0x4804bc14                osek_task_e_SWT_CAN1_AP_Inverter_L_Tx
 .text          0x4804bc64       0x50 OSC/TaskISRArchive.a(SWT_CAN1_AP_DASH_Mode.o)
                0x4804bc64                osek_task_e_SWT_CAN1_AP_DASH_Mode
 .text          0x4804bcb4       0x50 OSC/TaskISRArchive.a(SWT_CAN1_NM_BMS_Keep_Alive.o)
                0x4804bcb4                osek_task_e_SWT_CAN1_NM_BMS_Keep_Alive
 .text          0x4804bd04       0x50 OSC/TaskISRArchive.a(SWT_CAN1_AP_BMS_AIRs_State.o)
                0x4804bd04                osek_task_e_SWT_CAN1_AP_BMS_AIRs_State
 .text          0x4804bd54       0x50 OSC/TaskISRArchive.a(SWT_CAN1_NM_DASH_Keep_Alive.o)
                0x4804bd54                osek_task_e_SWT_CAN1_NM_DASH_Keep_Alive
 .text          0x4804bda4       0x50 OSC/TaskISRArchive.a(SWT_CAN1_AP_DASH_PrechargeRequest.o)
                0x4804bda4                osek_task_e_SWT_CAN1_AP_DASH_PrechargeRequest
 .text          0x4804bdf4       0x50 OSC/TaskISRArchive.a(SWT_CAN1_AP_DASH_EnableDrive.o)
                0x4804bdf4                osek_task_e_SWT_CAN1_AP_DASH_EnableDrive
 .text          0x4804be44       0x50 OSC/TaskISRArchive.a(SWT_CAN2_MEAS_RECU_SDC.o)
                0x4804be44                osek_task_e_SWT_CAN2_MEAS_RECU_SDC
 .text          0x4804be94       0x50 OSC/TaskISRArchive.a(SWT_CAN2_MEAS_FECU_SDC.o)
                0x4804be94                osek_task_e_SWT_CAN2_MEAS_FECU_SDC
 .text          0x4804bee4       0x50 OSC/TaskISRArchive.a(SWT_CAN2_AP_ELLIPSE_EKF_POS.o)
                0x4804bee4                osek_task_e_SWT_CAN2_AP_ELLIPSE_EKF_POS
 .text          0x4804bf34       0x50 OSC/TaskISRArchive.a(SWT_CAN2_AP_ELLIPSE_IMU_ACCEL.o)
                0x4804bf34                osek_task_e_SWT_CAN2_AP_ELLIPSE_IMU_ACCEL
 .text          0x4804bf84       0x50 OSC/TaskISRArchive.a(SWT_CAN2_AP_ELLIPSE_EKF_EULER.o)
                0x4804bf84                osek_task_e_SWT_CAN2_AP_ELLIPSE_EKF_EULER
 .text          0x4804bfd4       0x50 OSC/TaskISRArchive.a(SWT_CAN2_AP_ELLIPSE_EKF_VEL.o)
                0x4804bfd4                osek_task_e_SWT_CAN2_AP_ELLIPSE_EKF_VEL
 .text          0x4804c024       0x50 OSC/TaskISRArchive.a(SWT_CAN2_NM_ELLIPSE_Status.o)
                0x4804c024                osek_task_e_SWT_CAN2_NM_ELLIPSE_Status
 .text          0x4804c074       0x50 OSC/TaskISRArchive.a(SWT_CAN2_AP_ELLIPSE_IMU_GYRO.o)
                0x4804c074                osek_task_e_SWT_CAN2_AP_ELLIPSE_IMU_GYRO
 .text          0x4804c0c4       0x50 OSC/TaskISRArchive.a(SWT_CAN2_AP_ELLIPSE_SLIP_CURV.o)
                0x4804c0c4                osek_task_e_SWT_CAN2_AP_ELLIPSE_SLIP_CURV
 .text          0x4804c114       0x50 OSC/TaskISRArchive.a(SWT_CAN2_AP_RECU_Data.o)
                0x4804c114                osek_task_e_SWT_CAN2_AP_RECU_Data
 .text          0x4804c164       0x50 OSC/TaskISRArchive.a(SWT_CAN2_NM_FECU_Keep_Alive.o)
                0x4804c164                osek_task_e_SWT_CAN2_NM_FECU_Keep_Alive
 .text          0x4804c1b4       0x50 OSC/TaskISRArchive.a(SWT_CAN2_NM_RECU_Keep_Alive.o)
                0x4804c1b4                osek_task_e_SWT_CAN2_NM_RECU_Keep_Alive
 .text          0x4804c204       0x50 OSC/TaskISRArchive.a(SWT_CAN2_AP_FECU_Data2.o)
                0x4804c204                osek_task_e_SWT_CAN2_AP_FECU_Data2
 .text          0x4804c254       0x50 OSC/TaskISRArchive.a(SWT_CAN2_AP_FECU_Data1.o)
                0x4804c254                osek_task_e_SWT_CAN2_AP_FECU_Data1
 .text          0x4804c2a4       0x4c OSC/TaskISRArchive.a(ISR_CAN1.o)
                0x4804c2a4                osek_isr_e_ISR_CAN1
 .text          0x4804c2f0       0x4c OSC/TaskISRArchive.a(ISR_CAN2.o)
                0x4804c2f0                osek_isr_e_ISR_CAN2
 .text          0x4804c33c       0x40 OSC/etasActivateTaskIsr.o
                0x4804c33c                osek_isr_e_etasActivateTaskIsr
 .text          0x4804c37c       0x48 OSC/etasL1Isr.o
                0x4804c37c                osek_isr_e_etasL1Isr
 .text          0x4804c3c4       0x44 OSC/etasL1Task.o
                0x4804c3c4                osek_task_e_etasL1Task
 .text          0x4804c408       0x40 OSC/etasTimerIsr.o
                0x4804c408                osek_isr_e_etasTimerIsr
 .text          0x4804c448       0x40 OSC/etasStopOsIsr.o
                0x4804c448                osek_isr_e_etasStopOsIsr
 .text          0x4804c488      0x234 OSC/DriverThreads.o
                0x4804c488                etasCreateDriverThreads
 .text          0x4804c6bc        0x0 OSC/ISRFunctions.o
 .text          0x4804c6bc      0x1dc OSC/osc_dyn.o
                0x4804c854                etasInitTasks
                0x4804c75c                etasExitTasks
                0x4804c6c4                etasInactiveExitTask
                0x4804c6c0                etasStartupExitTask
                0x4804c82c                etasStartupInitTask
                0x4804c6c8                TimersExitTask
                0x4804c6bc                etasInactiveInitTask
                0x4804c78c                TimersInitTask
 .text          0x4804c898        0xc OSC/rtaInterface.o
                0x4804c898                etasGetCounterPeriodUs
                0x4804c8a0                StackFaultHook
 .text          0x4804c8a4      0x5d0 OSC/ETCHooks.o
                0x4804cb9c                rtioHook_15_0
                0x4804cc8c                rtioHook_9_0
                0x4804cc14                rtioHook_12_0
                0x4804cafc                rtioHook_19_0
                0x4804cb4c                rtioHook_17_0
                0x4804cdcc                rtioHook_1_0
                0x4804cd54                rtioHook_4_0
                0x4804c8f4                rtioHook_32_0
                0x4804ca5c                rtioHook_23_0
                0x4804c944                rtioHook_30_0
                0x4804caac                rtioHook_21_0
                0x4804ce48                rtioHook_35_0
                0x4804c9e4                rtioHook_26_0
                0x4804c994                rtioHook_28_0
                0x4804c8cc                rtioHook_33_0
                0x4804ca34                rtioHook_24_0
                0x4804c96c                rtioHook_29_0
                0x4804c91c                rtioHook_31_0
                0x4804ccdc                rtioHook_7_0
                0x4804ca84                rtioHook_22_0
                0x4804cdf4                rtioHook_0_0
                0x4804cb24                rtioHook_18_0
                0x4804cbec                rtioHook_13_0
                0x4804cc3c                rtioHook_11_0
                0x4804cb74                rtioHook_16_0
                0x4804cd04                rtioHook_6_0
                0x4804cbc4                rtioHook_14_0
                0x4804ccb4                rtioHook_8_0
                0x4804cad4                rtioHook_20_0
                0x4804cda4                rtioHook_2_0
                0x4804c8a4                rtioHook_34_0
                0x4804ca0c                rtioHook_25_0
                0x4804cd7c                rtioHook_3_0
                0x4804cc64                rtioHook_10_0
                0x4804cd2c                rtioHook_5_0
                0x4804ce1c                rtioHook_36_0
                0x4804c9bc                rtioHook_27_0
 .text          0x4804ce74      0xf18 OSC/XbarHooks.o
                0x4804ce74                crossbarHook_34_0
                0x4804d414                crossbarHook_21_0
                0x4804d284                crossbarHook_28_3
                0x4804d70c                crossbarHook_2_0
                0x4804d57c                crossbarHook_12_0
                0x4804d914                crossbarHook_36_7
                0x4804cf3c                crossbarHook_32_2
                0x4804d7e0                crossbarHook_36_14
                0x4804d234                crossbarHook_29_1
                0x4804d34c                crossbarHook_26_0
                0x4804d4b4                crossbarHook_17_0
                0x4804d644                crossbarHook_7_0
                0x4804daa0                crossbarHook_35_16
                0x4804cfb4                crossbarHook_31_13
                0x4804db24                crossbarHook_35_13
                0x4804dbd4                crossbarHook_35_9
                0x4804d694                crossbarHook_5_0
                0x4804dc84                crossbarHook_35_5
                0x4804dd34                crossbarHook_35_1
                0x4804d0cc                crossbarHook_31_6
                0x4804d16c                crossbarHook_31_2
                0x4804da48                crossbarHook_36_0
                0x4804d3c4                crossbarHook_23_0
                0x4804d52c                crossbarHook_14_0
                0x4804d998                crossbarHook_36_4
                0x4804d8e8                crossbarHook_36_8
                0x4804d2ac                crossbarHook_28_2
                0x4804cf14                crossbarHook_32_3
                0x4804d80c                crossbarHook_36_13
                0x4804d75c                crossbarHook_36_17
                0x4804da74                crossbarHook_35_17
                0x4804d39c                crossbarHook_24_0
                0x4804cfdc                crossbarHook_31_12
                0x4804d504                crossbarHook_15_0
                0x4804d054                crossbarHook_31_9
                0x4804dc00                crossbarHook_35_8
                0x4804daf8                crossbarHook_35_14
                0x4804dcb0                crossbarHook_35_4
                0x4804dba8                crossbarHook_35_10
                0x4804d0f4                crossbarHook_31_5
                0x4804dd60                crossbarHook_35_0
                0x4804d3ec                crossbarHook_22_0
                0x4804d554                crossbarHook_13_0
                0x4804da1c                crossbarHook_36_1
                0x4804d734                crossbarHook_1_0
                0x4804d194                crossbarHook_31_1
                0x4804d324                crossbarHook_27_0
                0x4804d48c                crossbarHook_18_0
                0x4804d66c                crossbarHook_6_0
                0x4804d374                crossbarHook_25_0
                0x4804d4dc                crossbarHook_16_0
                0x4804d96c                crossbarHook_36_5
                0x4804d8bc                crossbarHook_36_9
                0x4804d2d4                crossbarHook_28_1
                0x4804ceec                crossbarHook_32_4
                0x4804cf8c                crossbarHook_32_0
                0x4804d5cc                crossbarHook_10_0
                0x4804d838                crossbarHook_36_12
                0x4804d61c                crossbarHook_8_0
                0x4804d788                crossbarHook_36_16
                0x4804d20c                crossbarHook_30_0
                0x4804d004                crossbarHook_31_11
                0x4804dc2c                crossbarHook_35_7
                0x4804dacc                crossbarHook_35_15
                0x4804d11c                crossbarHook_31_4
                0x4804db7c                crossbarHook_35_11
                0x4804d07c                crossbarHook_31_8
                0x4804dcdc                crossbarHook_35_3
                0x4804d6e4                crossbarHook_3_0
                0x4804d9f0                crossbarHook_36_2
                0x4804d1bc                crossbarHook_31_0
                0x4804d864                crossbarHook_36_11
                0x4804d940                crossbarHook_36_6
                0x4804cec4                crossbarHook_32_5
                0x4804cf64                crossbarHook_32_1
                0x4804d2fc                crossbarHook_28_0
                0x4804d464                crossbarHook_19_0
                0x4804d7b4                crossbarHook_36_15
                0x4804d1e4                crossbarHook_30_1
                0x4804d25c                crossbarHook_29_0
                0x4804d02c                crossbarHook_31_10
                0x4804db50                crossbarHook_35_12
                0x4804dc58                crossbarHook_35_6
                0x4804d144                crossbarHook_31_3
                0x4804dd08                crossbarHook_35_2
                0x4804d0a4                crossbarHook_31_7
                0x4804ce9c                crossbarHook_33_0
                0x4804d43c                crossbarHook_20_0
                0x4804d5a4                crossbarHook_11_0
                0x4804d9c4                crossbarHook_36_3
                0x4804d5f4                crossbarHook_9_0
                0x4804d890                crossbarHook_36_10
                0x4804d6bc                crossbarHook_4_0
 .text          0x4804dd8c        0x0 ETC/FormulaTable.o
 .text          0x4804dd8c        0x0 ETC/DriverTable.o
 .text          0x4804dd8c        0x0 ETC/MappingFunctionTable.o
 .text          0x4804dd8c        0x0 ETC/RtioL1RecordTable.o
 .text          0x4804dd8c        0x0 ETC/XCPTransportLayerFunctionsTable.o
 .text          0x4804dd8c        0x0 ETC/ChecksumAlgoTables.o
 .text          0x4804dd8c        0x0 CBC/CopyFunctionTable.o
 .text          0x4804dd8c        0x0 CBC/CrossbarL1RecordTable.o
 .text          0x4804dd8c       0x48 C:/ETAS/Compiler/INTECRIO5.0/QNXCompiler-V6.5\host\win32\x86/usr/lib/gcc/powerpc-unknown-nto-qnx6.5.0/4.4.2/spe/libgcc.a(_fixunsdfdi.o)
                0x4804dd8c                __fixunsdfdi
 .text          0x4804ddd4       0x40 C:/ETAS/Compiler/INTECRIO5.0/QNXCompiler-V6.5\host\win32\x86/usr/lib/gcc/powerpc-unknown-nto-qnx6.5.0/4.4.2/spe/libgcc.a(_floatundidf.o)
                0x4804ddd4                __floatundidf
 .text          0x4804de14       0x98 C:/ETAS/Compiler/INTECRIO5.0/QNXCompiler-V6.5\host\win32\x86/usr/lib/gcc/powerpc-unknown-nto-qnx6.5.0/4.4.2/spe/crtend.o
 .text          0x4804deac        0x0 C:/ETAS/Compiler/INTECRIO5.0/QNXCompiler-V6.5\target\qnx6/ppcbe-spe/lib/crtn.o
 .text          0x4804deac     0x23b4 C:\Program Files (x86)\ETAS\INTECRIO5.0\Target\Etarget\ES910\libes910.a(i_rtautil.o)
                0x4804e1d4                etasActivateTaskViaIsr
                0x4804f6d0                startTaskHookMon
                0x4804e778                ErrorHook
                0x4804df7c                osTraceStopwatch
                0x4804e4f0                switchToInactiveAppMode
                0x4804deb8                isAppModeSwitchPending
                0x4804f3d8                etasStartIsrHookMon
                0x4804f5e8                etasStartIsrHook
                0x4804e0ac                getModelRuntime
                0x4804e200                restartModelProcess
                0x4804deac                GetNextAppMode
                0x4804e124                etasActivateTaskWithIdViaIsrHandler
                0x4804f4d4                etasEndIsrHook
                0x4804dee8                checkInterruptOccurence
                0x4804f9fc                osekThreadSuspendRtSignals
                0x4804f50c                etasEndIsrHookMon
                0x4804e4b8                getCurTaskMonitor
                0x4804e6b4                GetStopwatchUncertainty
                0x4804f86c                endTaskHook
                0x4804e5a0                delayInitExitTask
                0x4804df04                rtaInitTarget
                0x4804e70c                OverrunHook
                0x4804e190                etasActivateTaskWithIdViaIsr
                0x4804f7a8                startTaskHook
                0x4804dff0                etasDeInstallOsErrorHook
                0x4804fd00                applicationModeManager
                0x4804e2c0                terminateModelProcess
                0x4804f0f8                StartupHook
                0x4804f9c0                osekThreadResumeRtSignals
                0x4804e46c                lockCriticalSection
                0x4804e384                isRtaOsekThreadContext
                0x4804df84                isInsideInitExitTask
                0x4804dfb0                isInsideExitTask
                0x4804eaa4                ShutdownHook
                0x4804e3b8                unlockCriticalSection
                0x4804dfc8                etasInstallOsErrorHook
                0x4804f8e4                endTaskHookMon
                0x4804ded4                resetInterruptFlag
                0x4804df74                GetStopwatch
                0x4804df00                etasRTATraceInitProcess
                0x4804df68                GetDeltaT
                0x4804e01c                SetNextAppMode
                0x4804e668                tempMgrRegisterSigtermEvent
                0x4804df98                isInsideInitTask
                0x4804def4                getLastInterruptTimeTicks
 .text          0x48050260     0x2058 C:\Program Files (x86)\ETAS\INTECRIO5.0\Target\Etarget\ES910\libes910.a(t_driverThreads.o)
                0x4805104c                osek_sendto
                0x480508e4                osek_msync
                0x48050644                osek_vfprintf
                0x480516c4                osek_MsgReceive
                0x4805142c                osek_MsgRead
                0x48050ed8                osek_cmsSendMessage
                0x480503e8                osek_malloc
                0x4805039c                osek_free
                0x48050328                osek_fsync
                0x48050acc                osek_unlink
                0x48050784                osek_munmap
                0x48051124                osek_devctl
                0x48051308                osek_close
                0x48050dec                osek_cmsReceiveMessage
                0x48050b40                osek_system
                0x4805158c                osek_MsgError
                0x480518e8                osek_send
                0x48051614                osek_MsgReply
                0x480506fc                osek_ftruncate
                0x480514dc                osek_MsgWrite
                0x48050a30                osek_lseek
                0x48051774                osek_MsgSend
                0x48050f74                osek_recvfrom
                0x48050980                osek_fwrite
                0x48050578                osek_vslogf
                0x48050bb4                osek_cmsReceiveMessageEx
                0x48050260                etasSetNumberOfDriverThreads
                0x48051998                etasCreateDriverThread
                0x4805080c                osek_mmap
                0x4805126c                osek_write
                0x48051838                osek_recv
                0x4805045c                osek_etasLogCoreFeedRecordToBackends
                0x480511d0                osek_read
                0x48050d3c                osek_cmsErrorState
                0x48050ca0                osek_cmsSendMessageEx
                0x4805137c                osek_open
 .text          0x480522b8      0x8fc C:\Program Files (x86)\ETAS\INTECRIO5.0\Target\Etarget\ES910\libes910.a(t_idle.o)
                0x48052adc                initRtaTraceSupport
                0x480524ec                etasIdleProcess
                0x48052378                signalStartupHookTermination
                0x48052304                apsGetPartitionId
                0x480523a8                apsJoinPartition
                0x48052348                signalShutdownHookTermination
                0x48052310                getSysLoad
                0x480522b8                etasInstallIdleHook
                0x480522e0                etasDeInstallIdleHook
 .text          0x48052bb4     0x1fcc C:\Program Files (x86)\ETAS\INTECRIO5.0\Target\Etarget\ES910\libes910.a(t_l1com.o)
                0x48052bb4                setL1ComBufferSize
                0x48052bf4                l1SetBusyState
                0x48052d74                l1SignalIdleState
                0x4805311c                waitForL1Request
                0x4805370c                createL1ModelThread
                0x48053658                serveL1Request
                0x48053064                etasL1Process
 .text          0x48054b80      0xcc4 C:\Program Files (x86)\ETAS\INTECRIO5.0\Target\Etarget\ES910\libes910.a(t_main.o)
                0x48054ddc                main
 .text          0x48055844      0x9f0 C:\Program Files (x86)\ETAS\INTECRIO5.0\Target\Etarget\ES910\libes910.a(t_mlog.o)
                0x48055868                getDriverLogging
                0x48055874                getUserSeverity
                0x4805585c                getUserLogging
                0x48055900                mlog_setSeverityFilterUser
                0x480558d4                mlog_setSeverityFilterDrv
                0x48055880                getDriverSeverity
                0x48055fbc                mlog_init
                0x48055cc0                mlog_updateLoggingConfiguration
                0x48055844                getUserLogChan
                0x48055dac                mlog_startLogConfigThread
                0x48055850                getDrvLogChan
                0x4805588c                mlog_debugLog
 .text          0x48056234      0xfac C:\Program Files (x86)\ETAS\INTECRIO5.0\Target\Etarget\ES910\libes910.a(t_qnxtargetutil.o)
                0x48056760                qnxThreadJoinPartition
                0x48056490                qnxLockSetSockEnvironmentVariable
                0x48056bb0                qnxPrintProcesses
                0x48056244                qnxCheckBootFromFlash
                0x48056ae0                qnxPrintCpuLoad
                0x48056260                qnxCheckHaltedModel
                0x48056288                qnxRestoreUnlockSockEnvironmentVariable
                0x48056234                qnxSetBootFromFlash
                0x480570f8                qnxPrintSavedErrorMessages
                0x4805626c                qnxSetStandalone
                0x48056a7c                qnxAdjustThreadPriority
                0x48056250                qnxSetHaltedModel
                0x480567e0                qnxGetSetRunInheritMask
                0x4805627c                qnxCheckStandalone
 .text          0x480571e0      0x638 C:\Program Files (x86)\ETAS\INTECRIO5.0\Target\Etarget\ES910\libes910.a(t_targetutil.o)
                0x48057230                initL2CachePerfMeas
                0x48057758                es910GetSerialNumber
                0x480571e0                GetSystemTimeLow
                0x48057700                es910GetPcbRevision
                0x48057734                es910PiggyGetSerialNumber
                0x4805738c                getL2CachePerf
                0x48057494                es910PrintFwVersions
                0x48057338                getL2CachePerfRaw
                0x480571f0                GetSystemTime
                0x480577e4                es910MapCCSRMemoryRange
                0x480571e8                GetSystemTimeHigh
                0x480576cc                es910PiggyGetPcbRevision
                0x4805777c                waitMicroseconds
 .text          0x48057818      0x2f4 C:\Program Files (x86)\ETAS\INTECRIO5.0\Target\Etarget\ES910\libes910.a(t_watchdog.o)
                0x48057828                wdDisableAutoService
                0x480578f0                etasServiceWatchdog
                0x48057880                wdService
                0x48057968                wdSetEventPeriod
                0x48057818                wdEnableAutoService
                0x48057838                wdSetApplicationName
                0x480578c0                triggerWD
                0x48057844                wdDisconnect
 .text          0x48057b0c      0x848 C:\Program Files (x86)\ETAS\INTECRIO5.0\Target\Etarget\ES910\libes910.a(p_chario.o)
                0x480580c0                IOWrite
                0x48057b0c                IOIsLogOn
                0x48057b18                IOLogOff
                0x48057b74                IOLogOn
                0x48057e40                IOPrintf
 .text          0x48058354      0x31c C:\Program Files (x86)\ETAS\INTECRIO5.0\Target\Etarget\ES910\libes910.a(t_hwTimeSync.o)
                0x48058354                es9xxTimeSyncGetTimerValue
                0x48058448                es9xxTimeSyncGetTimerStatus
                0x4805859c                es9xxTimeSyncInit
                0x480583d8                getLocalSystemTime
 .text          0x48058670      0x224 C:\Program Files (x86)\ETAS\INTECRIO5.0\Target\Etarget\ES910\libes910.a(t_led.o)
                0x48058670                userLed2Off
                0x48058708                userLed2Toggle
                0x48058814                ledsOff
                0x480587dc                userLed1Toggle
                0x48058790                userLed1On
                0x48058740                userLed1Off
                0x480586bc                userLed2On
 .text          0x48058894     0x2178 C:\Program Files (x86)\ETAS\INTECRIO5.0\Target\Etarget\ES910\libtarget.a(a_dacqui.o)
                0x48059ee8                asdSimPreCall
                0x4805a99c                asdSimPostCall
                0x48059f6c                getDacqTimeFor
                0x4805a894                storeMeasureDataForGroup
                0x4805a0e4                applicationStartUserMode
                0x4805a0bc                resetLogSimulationTime
                0x48058b4c                etasAscetLoggingBufferFillLevel
                0x4805a030                getLogSimulationTime
                0x48058b80                etasAscetLoggingOverflowCounter
                0x48058bc4                asdDisableUserDefinedTime
                0x4805a058                getSimulationTime
                0x48058ae8                setSimulationTime
                0x48058bb4                asdEnableUserDefinedTime
                0x48059c24                checkForBufferOverflow
                0x4805a084                resetDacqTimeFor
                0x48058abc                setLogSimulationTime
                0x48058ab4                setDacqTimeFor
                0x48058894                applicationStopUserMode
                0x4805a1c4                timeMeasurementStop
                0x48058b18                etasAscetLoggingBufferSize
                0x4805a26c                logDataForChannel
                0x4805a6b8                storeLogDataForGroup
                0x4805a218                timeMeasurementStart
                0x4805a164                timeInSeconds
 .text          0x4805aa0c       0xd8 C:\Program Files (x86)\ETAS\INTECRIO5.0\Target\Etarget\ES910\libtarget.a(a_l1pro.o)
                0x4805aa0c                forwardToProcess
                0x4805aa68                startUpSimulation
 .text          0x4805aae4     0x4c88 C:\Program Files (x86)\ETAS\INTECRIO5.0\Target\Etarget\ES910\libtarget.a(a_primit.o)
                0x4805f230                v3_initInstance_uint16
                0x4805c988                Vec_uint32_getAtProtected
                0x4805deac                v3_initInstance_Mat_real64
                0x4805d554                v3_initInstance_Mat_bool
                0x4805eeac                initInstance_GroupCharTable2
                0x4805eae8                initInstance_Vec_real32
                0x4805c118                Mat_sint16_setAtProtected
                0x4805bf90                Mat_uint16_setAtProtected
                0x4805dc58                v3_initInstance_Mat_sint8
                0x4805dd80                v3_initInstance_Mat_real32
                0x4805d8d8                v3_initInstance_Mat_uint16
                0x4805c7fc                Vec_qreal64_getAtProtected
                0x4805f6fc                delete_Mat
                0x4805b36c                addVector
                0x4805e190                v3_initInstance_Vec_bool
                0x4805d9e0                initInstance_Mat_uint16
                0x4805ee88                initInstance_uint32
                0x4805f334                initInstance_sint16
                0x4805d1b4                qreal64_set
                0x4805f4f0                initInstance_real32
                0x4805e888                initInstance_Vec_uint8
                0x4805f63c                delete_CharTable2
                0x4805cd14                Vec_uint8_getAtProtected
                0x4805f2a0                initInstance_uint16
                0x4805ab70                removeMatrix
                0x4805cc98                Vec_uint8_setAtProtected
                0x4805d7ac                v3_initInstance_Mat_sint32
                0x4805e29c                initInstance_Vec_bool
                0x4805b9f8                Mat_real64_getAtProtected
                0x4805b908                Mat_real64_setAtProtected
                0x4805d65c                initInstance_Mat_bool
                0x4805e4fc                initInstance_Vec_sint32
                0x4805f358                v3_initInstance_uint8
                0x4805d0a8                Vec_qreal64_setAtProtected
                0x4805b238                addMatrix
                0x4805d390                v3_initInstance_Mat_qreal64
                0x4805c4e8                Mat_sint8_getAtProtected
                0x4805f034                initInstance_GroupCharTable1
                0x4805c1e4                Mat_sint16_getAtProtected
                0x4805e2c0                v3_initInstance_Vec_uint32
                0x4805cdf0                Vec_sint8_getAtProtected
                0x4805bed4                Mat_sint32_getAtProtected
                0x4805ce54                qreal64_adjust
                0x4805f734                delete_Vec
                0x4805e650                v3_initInstance_Vec_sint16
                0x4805e75c                initInstance_Vec_sint16
                0x4805c6dc                Vec_real64_setAtProtected
                0x4805cad0                Vec_uint16_setAtProtected
                0x4805c824                Vec_real32_setAtProtected
                0x4805dc34                initInstance_Mat_uint8
                0x4805bd4c                Mat_uint32_getAtProtected
                0x4805aaf0                getBasicType
                0x4805e9d8                v3_initInstance_Vec_real32
                0x4805cf78                Mat_qreal64_setAtProtected
                0x4805c678                Vec_bool_getAtProtected
                0x4805f58c                initInstance_real64
                0x4805e158                initInstance_Vec_qreal64
                0x4805f67c                delete_GroupCharTable1
                0x4805f19c                v3_initInstance_sint32
                0x4805de88                initInstance_Mat_real32
                0x4805cd74                Vec_sint8_setAtProtected
                0x4805bbc4                Mat_real32_getAtProtected
                0x4805c5f8                Vec_bool_setAtProtected
                0x4805ac60                removeVector
                0x4805b84c                Mat_bool_getAtProtected
                0x4805f6bc                delete_CharTable1
                0x4805f20c                initInstance_sint32
                0x4805d680                v3_initInstance_Mat_uint32
                0x4805f45c                initInstance_sint8
                0x4805ef70                initInstance_CharTable2
                0x4805ed4c                initInstance_qreal64
                0x4805bc80                Mat_uint32_setAtProtected
                0x4805c05c                Mat_uint16_getAtProtected
                0x4805dfb4                initInstance_Mat_real64
                0x4805f514                v3_initInstance_real64
                0x4805ee18                v3_initInstance_uint32
                0x4805aafc                getPrimitiveType
                0x4805b6e8                Mat_setCurSizeYProtected
                0x4805e8ac                v3_initInstance_Vec_sint8
                0x4805f3c8                initInstance_uint8
                0x4805e520                v3_initInstance_Vec_uint16
                0x4805aae4                getTypeSize
                0x4805d8b4                initInstance_Mat_sint32
                0x4805f480                v3_initInstance_real32
                0x4805f5fc                delete_GroupCharTable2
                0x4805b780                Mat_bool_setAtProtected
                0x4805d788                initInstance_Mat_uint32
                0x4805edf4                initInstance_bool
                0x4805c908                Vec_uint32_setAtProtected
                0x4805dfd8                v3_initInstance_Vec_qreal64
                0x4805d514                initInstance_Mat_qreal64
                0x4805bad0                Mat_qreal64_getAtProtected
                0x4805e780                v3_initInstance_Vec_uint8
                0x4805ca6c                Vec_sint32_getAtProtected
                0x4805db0c                initInstance_Mat_sint16
                0x4805cb50                Vec_uint16_getAtProtected
                0x4805c5a4                Vec_setCurSizeProtected
                0x4805f3ec                v3_initInstance_sint8
                0x4805c77c                Vec_real64_getAtProtected
                0x4805c2a0                Mat_uint8_setAtProtected
                0x4805e3cc                initInstance_Vec_uint32
                0x4805da04                v3_initInstance_Mat_sint16
                0x4805c9ec                Vec_sint32_setAtProtected
                0x4805f5b0                initInstance_reference
                0x4805cc34                Vec_sint16_getAtProtected
                0x4805c420                Mat_sint8_setAtProtected
                0x4805b734                Mat_setCurSizeXProtected
                0x4805ed84                v3_initInstance_bool
                0x4805f0e8                initInstance_CharTable1
                0x4805ec3c                v3_initInstance_qreal64
                0x4805d2fc                initInstance_quantInfo
                0x4805baf8                Mat_real32_setAtProtected
                0x4805dd5c                initInstance_Mat_sint8
                0x4805e3f0                v3_initInstance_Vec_sint32
                0x4805c8a4                Vec_real32_getAtProtected
                0x4805be08                Mat_sint32_setAtProtected
                0x4805e9b4                initInstance_Vec_sint8
                0x4805cbb4                Vec_sint16_setAtProtected
                0x4805c368                Mat_uint8_getAtProtected
                0x4805f2c4                v3_initInstance_sint16
                0x4805db30                v3_initInstance_Mat_uint8
                0x4805e62c                initInstance_Vec_uint16
                0x4805ec18                initInstance_Vec_real64
                0x4805eb0c                v3_initInstance_Vec_real64
 .text          0x4805f76c       0x20 C:\Program Files (x86)\ETAS\INTECRIO5.0\Target\Etarget\ES910\libtarget.a(a_sysver.o)
                0x4805f780                getBuildRevision
                0x4805f76c                getSystemLibVersion
                0x4805f778                getSystemLibCid
 .text          0x4805f78c     0x305c C:\Program Files (x86)\ETAS\INTECRIO5.0\Target\Etarget\ES910\libtarget.a(a_targma.o)
                0x4806068c                perfMeasStop
                0x4806105c                asdMalloc
                0x48061450                addToActiveSimObjList
                0x4805f90c                getTargetL1BufferSizeCode
                0x480615e0                asdWriteUserError
                0x4805f8a4                setTargetL1BufferSize
                0x48061f18                perfMeasDisplay
                0x4805f870                getSimObjPtr
                0x4806095c                asdFree
                0x480615b4                asdClearUserError
                0x4805f964                resetPerfMeasObj
                0x48060e30                asdMallocNoInit
                0x48061dd0                asdWriteUserDebug
                0x4805f7bc                searchInActiveList
                0x48061008                asdCalloc
                0x4805f900                getTargetL1BufferSize
                0x4805f818                removeFromActiveSimObjList
                0x48060734                perfMeasStart
                0x4805f798                instanceTreeMallocOn
                0x48060f88                createPerfMeasObj
                0x48062160                etasInitModelProcess
                0x48060130                getObjectsRecursive
                0x480607a0                availableMemory
                0x4805f7a8                instanceTreeMallocOff
                0x48060854                asdFreeAll
                0x480612f0                updateCTBlocks
                0x48060cb8                asdRealloc
                0x48060c78                deletePerfMeasObj
                0x4805f78c                getInstanceTreeMemoryConsumption
 .text          0x480627e8     0x14ac C:\Program Files (x86)\ETAS\INTECRIO5.0\Target\Etarget\ES910\libtarget.a(i_cpyfnc.o)
                0x48062b18                copyPlainFromFloat
                0x48063644                copyScalSatTypeSatFromFloat
                0x48063c7c                copyInt
                0x48063c88                copyDouble
                0x48063c70                copyShort
                0x480631ac                copyScalFromValidFloat
                0x480633f0                copyScalSatFromFloat
                0x48062d38                copySatFromFloat
                0x480627e8                copyPlainToFloat
                0x48062a38                copyScalSatToFloat
                0x48062980                copyScalToFloat
                0x48063c64                copyByte
                0x48063a08                copyBoolSatFromFloat
                0x480628b4                copySatToFloat
                0x48062f7c                copyScalFromFloat
 .text          0x48063c94     0x530c C:\Program Files (x86)\ETAS\INTECRIO5.0\Target\Etarget\ES910\libtarget.a(i_mapfnc.o)
                0x4806402c                var2BufByteOffsetReal64
                0x48066304                var2BufBypassSint8
                0x48065068                var2Buf64BitIntelSint32
                0x48064218                var2BufByteOffsetBool
                0x480670e8                var2BufIndirectMotorolaReal32
                0x48063fe8                buf2VarSimpleUint8
                0x480642ac                buf2VarByteOffsetSint32
                0x4806745c                buf2VarIndirectMotorolaSint32
                0x48068784                var2BufIndirectIntelSint16
                0x48068f4c                bufGenFrameInit
                0x48066f88                buf2VarGenFrameIntelSint32
                0x48068ca0                buf2VarBypassIntelUint16
                0x4806476c                var2Buf64BitMotorolaUint16
                0x48064f4c                var2Buf64BitIntelUint32
                0x48065750                buf2Var64BitMotorolaReal32
                0x48066100                var2BufBypassMotorolaReal64
                0x48064818                var2Buf64BitMotorolaSint16
                0x48064134                var2BufByteOffsetSint16
                0x48063fa0                buf2VarSimpleSint32
                0x48066444                buf2VarBypassMotorolaSint32
                0x480642fc                buf2VarByteOffsetSint8
                0x480671ac                var2BufIndirectMotorolaUint16
                0x48066414                buf2VarBypassMotorolaUint32
                0x48065a20                buf2Var64BitMotorolaUint8
                0x48068adc                var2BufBypassMaskedIntelBoolUint32
                0x480673bc                buf2VarIndirectMotorolaReal64
                0x48063e98                var2BufSimpleBool
                0x48066dc8                buf2VarGenFrameMotorolaSint32
                0x4806593c                buf2Var64BitMotorolaSint32
                0x48064a14                var2Buf64BitMotorolaBool
                0x48066f48                buf2VarGenFrameIntelUint32
                0x48066d08                var2BufGenFrameIntelBool
                0x48066cc8                var2BufGenFrameIntelSint8
                0x48066a48                var2BufGenFrameMotorolaSint16
                0x480670c8                var2BufIndirectMotorolaReal64
                0x48064180                var2BufByteOffsetUint8
                0x480643ac                var2Buf64BitMotorolaUint64
                0x48066a08                var2BufGenFrameMotorolaUint16
                0x48068d30                buf2VarBypassIntelUint32
                0x48068e64                var2BufBypassIntelSint32
                0x48063f5c                buf2VarSimpleReal64
                0x480664f4                buf2VarBypassIntelReal64
                0x480642c0                buf2VarByteOffsetUint16
                0x48063d10                var2BufSimpleSint32
                0x4806681c                var2BufBypassMaskedUint8
                0x480665cc                var2BufBypassMaskedMotorolaUint32
                0x480641cc                var2BufByteOffsetSint8
                0x48064bdc                var2Buf64BitIntelUint64
                0x480673f0                buf2VarIndirectMotorolaReal32
                0x480663c4                buf2VarBypassMotorolaReal64
                0x48066b08                var2BufGenFrameMotorolaBool
                0x48065184                var2Buf64BitIntelUint16
                0x48064050                var2BufByteOffsetUint32
                0x48068650                buf2VarIndirectIntelUint16
                0x48064314                buf2VarByteOffsetBool
                0x480689cc                var2BufBypassMaskedIntelSint16
                0x48063f00                var2BufSimpleUint8Bool
                0x480661c8                var2BufBypassMotorolaUint16
                0x48068a54                var2BufBypassMaskedIntelUint16
                0x48063f88                buf2VarSimpleUint32
                0x48066ac8                var2BufGenFrameMotorolaSint8
                0x48064b0c                var2Buf64BitIntelReal32
                0x480675e8                buf2VarIndirectSint8
                0x48065798                buf2Var64BitMotorolaUint64
                0x48066988                var2BufGenFrameMotorolaUint32
                0x48067a68                var2BufGenFrameMotorolaReal64
                0x48068ec4                var2BufBypassIntelUint32
                0x48066e88                buf2VarGenFrameMotorolaUint8
                0x48065984                buf2Var64BitMotorolaUint16
                0x4806606c                buf2Var64BitIntelSint8
                0x48066b48                var2BufGenFrameIntelReal32
                0x48065b20                buf2Var64BitIntelReal32
                0x48064ab8                var2Buf64BitIntelReal64
                0x480666f0                var2BufBypassMaskedMotorolaUint16
                0x48064d94                var2Buf64BitIntelSint64
                0x48066c08                var2BufGenFrameIntelUint16
                0x48068550                buf2VarGenFrameIntelReal64
                0x48066214                var2BufBypassMotorolaSint16
                0x48068d74                buf2VarBypassIntelReal32
                0x48068cec                buf2VarBypassIntelSint32
                0x4806409c                var2BufByteOffsetSint32
                0x48065c90                buf2Var64BitIntelSint64
                0x48066d48                buf2VarGenFrameMotorolaReal32
                0x48068f78                bufBypassInit
                0x48065ea8                buf2Var64BitIntelUint16
                0x48066694                var2BufBypassMaskedMotorolaBoolUint32
                0x480688bc                var2BufIndirectIntelUint32
                0x48066e48                buf2VarGenFrameMotorolaSint16
                0x480648c4                var2Buf64BitMotorolaUint8
                0x48065b9c                buf2Var64BitIntelUint64
                0x48067008                buf2VarGenFrameIntelSint16
                0x48066bc8                var2BufGenFrameIntelSint32
                0x48068240                buf2VarGenFrameMotorolaReal64
                0x48065fd4                buf2Var64BitIntelUint8
                0x480668ec                var2BufBypassMaskedBoolUint8
                0x48068120                buf2VarGenFrameMotorolaUint64
                0x480674e4                buf2VarIndirectMotorolaSint16
                0x48066f08                buf2VarGenFrameIntelReal32
                0x48064624                var2Buf64BitMotorolaUint32
                0x48068924                var2BufIndirectIntelReal32
                0x4806403c                var2BufByteOffsetReal32
                0x48068954                var2BufBypassMaskedIntelBoolUint16
                0x48066594                buf2VarBypassSint8
                0x480654ec                var2Buf64BitIntelSint8
                0x480646c8                var2Buf64BitMotorolaSint32
                0x48065f40                buf2Var64BitIntelSint16
                0x480653cc                var2Buf64BitIntelUint8
                0x480678f0                var2BufGenFrameMotorolaUint64
                0x48066e08                buf2VarGenFrameMotorolaUint16
                0x4806655c                buf2VarBypassUint8
                0x48064350                var2Buf64BitMotorolaReal32
                0x48066fc8                buf2VarGenFrameIntelUint16
                0x48063ffc                buf2VarSimpleSint8
                0x48067104                var2BufIndirectMotorolaUint32
                0x480683cc                buf2VarGenFrameIntelSint64
                0x480664b4                buf2VarBypassMotorolaSint16
                0x48063cc0                var2BufSimpleUint32
                0x48067ffc                buf2VarGenFrameMotorolaSint64
                0x48064328                buf64BitInit
                0x48067530                buf2VarIndirectIntelReal64
                0x48068748                buf2VarIndirectIntelReal32
                0x4806617c                var2BufBypassMotorolaSint32
                0x48068e04                var2BufBypassIntelUint16
                0x48066ec8                buf2VarGenFrameMotorolaSint8
                0x48067778                var2BufGenFrameMotorolaSint64
                0x48066758                var2BufBypassMaskedMotorolaSint16
                0x480667c0                var2BufBypassMaskedMotorolaBoolUint16
                0x48067da4                var2BufGenFrameIntelUint64
                0x48066a88                var2BufGenFrameMotorolaUint8
                0x48063e00                var2BufSimpleUint8
                0x48064284                buf2VarByteOffsetReal32
                0x48067308                var2BufIndirectSint8
                0x48063f70                buf2VarSimpleReal32
                0x480686a8                buf2VarIndirectIntelSint32
                0x48068da4                var2BufBypassIntelSint16
                0x480658f4                buf2Var64BitMotorolaUint32
                0x48066130                var2BufBypassMotorolaUint32
                0x48068bd4                var2BufBypassMaskedIntelUint32
                0x48067254                var2BufIndirectIntelReal64
                0x48066884                var2BufBypassMaskedSint8
                0x48064298                buf2VarByteOffsetUint32
                0x48066c48                var2BufGenFrameIntelSint16
                0x48064014                buf2VarSimpleBool
                0x48063fb8                buf2VarSimpleUint16
                0x48065a70                buf2Var64BitMotorolaSint8
                0x4806647c                buf2VarBypassMotorolaUint16
                0x48064274                buf2VarByteOffsetReal64
                0x48068854                var2BufIndirectIntelSint32
                0x480674a0                buf2VarIndirectMotorolaUint16
                0x48068490                buf2VarGenFrameIntelUint64
                0x48066260                var2BufBypassIntelReal64
                0x48065d88                buf2Var64BitIntelUint32
                0x480659d4                buf2Var64BitMotorolaSint16
                0x480669c8                var2BufGenFrameMotorolaSint32
                0x4806572c                buf2Var64BitMotorolaReal64
                0x48065844                buf2Var64BitMotorolaSint64
                0x480642d4                buf2VarByteOffsetSint16
                0x480672b4                var2BufIndirectUint8
                0x48067048                buf2VarGenFrameIntelUint8
                0x480687ec                var2BufIndirectIntelUint16
                0x480675a4                buf2VarIndirectUint8
                0x4806735c                var2BufIndirectBool
                0x48068f24                var2BufBypassIntelReal32
                0x48066b88                var2BufGenFrameIntelUint32
                0x48063d60                var2BufSimpleUint16
                0x48067158                var2BufIndirectMotorolaSint32
                0x48066d88                buf2VarGenFrameMotorolaUint32
                0x480640e8                var2BufByteOffsetUint16
                0x48065abc                buf2Var64BitIntelReal64
                0x48065e18                buf2Var64BitIntelSint32
                0x48066948                var2BufGenFrameMotorolaReal32
                0x4806496c                var2Buf64BitMotorolaSint8
                0x4806762c                formulaOutReal64
                0x48063e4c                var2BufSimpleSint8
                0x48067088                buf2VarGenFrameIntelSint8
                0x48067648                formulaInReal64
                0x4806433c                var2Buf64BitMotorolaReal64
                0x48063db0                var2BufSimpleSint16
                0x48066c88                var2BufGenFrameIntelUint8
                0x480663f0                buf2VarBypassMotorolaReal32
                0x48067420                buf2VarIndirectMotorolaUint32
                0x48067ea0                var2BufGenFrameIntelReal64
                0x48067200                var2BufIndirectMotorolaSint16
                0x480652a8                var2Buf64BitIntelSint16
                0x480662b8                var2BufBypassUint8
                0x48063fd0                buf2VarSimpleSint16
                0x480686f8                buf2VarIndirectIntelUint32
                0x48066630                var2BufBypassMaskedMotorolaSint32
                0x480685f8                buf2VarIndirectIntelSint16
                0x48063c94                var2BufSimpleReal64
                0x4806611c                var2BufBypassMotorolaReal32
                0x480642e8                buf2VarByteOffsetUint8
                0x48067ca8                var2BufGenFrameIntelSint64
                0x48068b54                var2BufBypassMaskedIntelSint32
                0x480644e8                var2Buf64BitMotorolaSint64
                0x48068c54                buf2VarBypassIntelSint16
                0x48063ca8                var2BufSimpleReal32
                0x48066350                var2BufBypassBool
                0x4806560c                var2Buf64BitIntelBool
 .text          0x48068fa0      0xee4 C:\Program Files (x86)\ETAS\INTECRIO5.0\Target\Etarget\ES910\libtarget.a(i_osman.o)
                0x48069c88                etasRemoveStopUserModeCallback
                0x480694f4                activateTaskWithId
                0x4806905c                findCurAppModeName
                0x480691c8                getTaskIdForTask
                0x480692cc                clearMeasureGroupForTask
                0x48069364                clearLogGroupForTask
                0x48069b64                etasInitTaskTerminationHook
                0x480693a8                isModelStarted
                0x48068fc4                getEEId
                0x480690f8                getTaskPtrForId
                0x48069e4c                etasAddInitTaskTerminationCallback
                0x480693d0                updateUserModeState
                0x48069e14                etasAddStopUserModeCallback
                0x48069a60                etasStopUserModeHook
                0x48068fa0                etasInitOsProcess
                0x48069208                findCurTaskName
                0x480692f0                setMeasureGroupForTask
                0x48069388                setLogGroupForTask
                0x48069cc0                etasRemoveInitTaskTerminationCallback
 .text          0x48069e84     0x73e0 C:\Program Files (x86)\ETAS\INTECRIO5.0\Target\Etarget\ES910\libtarget.a(i_rtioma.o)
                0x48069ec0                rtioCheckStartup
                0x48069f1c                registerRtioDriverLockedCallback
                0x48069f10                etasRtioInitProcess
                0x48070c0c                rtioHook
                0x48070454                rtioSignalDriverLock
                0x48069f18                etasRtioExitProcess
                0x48070320                etasRtioIntDisableProcess
                0x48069eb4                rtioSetConfigState
                0x48069f9c                deRegisterRtioDriverLockedCallback
                0x48070374                rtioSignalDriverUnlock
                0x48070340                etasRtioStartupProcess
                0x48069ea8                rtioGetConfigState
                0x4806a020                rtioGetDriverLockedState
                0x48069f04                rtioIsOsExpertModeActive
                0x48069ef8                rtioGetHwAbsenceBehavior
                0x48069e84                rtioSetLogPort
                0x48069f14                etasRtioIntEnableProcess
                0x48069e90                rtioSetConfigId
 .text          0x48071264      0x550 C:\Program Files (x86)\ETAS\INTECRIO5.0\Target\Etarget\ES910\libtarget.a(i_salone.o)
                0x48071760                crossbarPrepareReconnection
                0x48071570                crossbarGetNextConfigResponse
                0x480713cc                playbackConfigL1Records
                0x4807170c                rtioPrepareReconnection
                0x48071674                crossbarFinishReconnection
                0x48071504                rtioGetNextConfigResponse
                0x480715dc                rtioFinishReconnection
 .text          0x480717b4     0x1830 C:\Program Files (x86)\ETAS\INTECRIO5.0\Target\Etarget\ES910\libtarget.a(t_croman.o)
                0x480717c0                crossbarSetConfigId
                0x480717d8                crossbarGetConfigState
                0x480717b4                crossbarSetLogPort
                0x480717e4                crossbarSetConfigState
                0x48072f40                crossbarHook
 .text          0x48072fe4      0xcb0 C:\Program Files (x86)\ETAS\INTECRIO5.0\Target\Etarget\ES910\libtarget.a(t_crosll.o)
                0x480732b8                createCopyObjectContainer
                0x48073334                insertObjectIntoCopyLists
                0x480735b8                commonCreateCopyAction
                0x48073b38                cromanExecuteObj
                0x48072fe4                internalDeleteCopyAction
                0x48073488                createInsertVector
 .text          0x48073c94     0x1cf0 C:\Program Files (x86)\ETAS\INTECRIO5.0\Target\Etarget\ES910\libtarget.a(t_nvram.o)
                0x48073dc8                nvramClear
                0x48073d78                nvramEnableAutoUpdate
                0x48073e00                nvramResetStatistics
                0x48073c94                nvramSetUpdateInterval
                0x48073d6c                nvramGetConsistencyLevel
                0x48074f28                nvramUpdateMemoryBackground
                0x48075388                nvramInit
                0x48073dbc                nvramCheckRunningUpdate
                0x48074e8c                nvramManualUpdateExit
                0x48074d54                nvramManualUpdateBackground
                0x48073dac                nvramCheckForAutoUpdate
                0x48075118                nvramInitModelVars
                0x48073df4                nvramCheckForInitializedVars
                0x48074324                nvramGetUpdateAgeMs
                0x48074c20                nvramManualUpdateBlocked
                0x48073d4c                nvramSetConsistencyLevel
                0x48073d94                nvramDisableAutoUpdate
                0x48073e64                nvramGetStatistics
                0x48073ce8                nvramGetUpdateInterval
 .text          0x48075984      0x6ec C:\Program Files (x86)\ETAS\INTECRIO5.0\Target\Etarget\ES910\libtarget.a(t_objlis.o)
                0x48075f78                createObjList
                0x48075984                dumpObjList
 .text          0x48076070      0xcd8 C:\Program Files (x86)\ETAS\INTECRIO5.0\Target\Etarget\ES910\libtarget.a(t_rtcros.o)
                0x48076288                getObjectFromDynamicInstanceTree
                0x4807607c                deleteInstance_container
                0x4807672c                removeObjectFromDynamicInstanceTree
                0x48076118                initInstance_container
                0x480768fc                getValuePtr
                0x48076814                addObjectToDynamicInstanceTree
                0x480766a8                getNextFreeRefIdOfDynamicInstanceTree
                0x48076070                rtcrosSetLogPort
                0x48076258                createDynamicInstanceTree
                0x48076974                processBlockCommands
 .text          0x48076d48     0x1b38 C:\Program Files (x86)\ETAS\INTECRIO5.0\Target\Etarget\ES910\libtarget.a(t_sgman.o)
                0x48078744                sgHook
                0x48076ea8                sgGetComVarPtr
                0x48078708                deleteComVarCallback
                0x48076d48                sgGetCurTime
                0x480786ac                sgGetObjPtr
 .text          0x48078880     0x14d0 C:\Program Files (x86)\ETAS\INTECRIO5.0\Target\Etarget\ES910\libtarget.a(y_primit.o)
                0x48079184                initInstance_columnDirMatrixWrapper
                0x48079c40                initInstance_charTable1Wrapper
                0x480796dc                initInstance_columnDirGroupCharTable2Wrapper
                0x480792e8                initInstance_matrixWrapper
                0x480798dc                initInstance_groupCharTable1Wrapper
                0x4807959c                initInstance_scalarWrapper
                0x480797dc                initInstance_groupCharTable2Wrapper
                0x4807944c                initInstance_vectorWrapper
                0x48079b04                initInstance_charTable2Wrapper
                0x480799c8                initInstance_columnDirCharTable2Wrapper
 .text          0x48079d50     0x19c0 C:\Program Files (x86)\ETAS\INTECRIO5.0\Target\Etarget\ES910\libtarget.a(a1b_dacq.o)
                0x48079e40                getA1bGroup
                0x4807b0c8                instanciateA1bChannel
                0x4807a5d8                getA1bChannelGroupUpdateOffline
                0x4807b4f0                storeA1bDataForGroup
                0x4807ab8c                destructA1bChannelGroup
                0x4807aec4                instanciateA1bGroup
                0x4807ac64                freeA1bMeasureBuffers
                0x4807b4d0                allocateA1bMeasureBuffers
                0x48079dfc                addA1bChannelToA1bGroup
                0x4807a974                destructA1bChannel
                0x48079edc                removeA1bChannelFromA1bGroup
 .text          0x4807b710     0x1060 C:\Program Files (x86)\ETAS\INTECRIO5.0\Target\Etarget\ES910\libtarget.a(a_contai.o)
                0x4807be20                dVectorRewindHeadReentrant
                0x4807bd64                dVectorRemoveObject
                0x4807bef0                dVectorCreate
                0x4807b768                dListGetObjectForward
                0x4807ba64                dTableRemoveLastObject
                0x4807c49c                dTableDelete
                0x4807bbb8                dVectorGetObject
                0x4807b750                dListRewindTailReentrant
                0x4807bf48                dTableCreate
                0x4807b920                dTableGetObject
                0x4807b9bc                dTableIsEmpty
                0x4807bba0                dTableNofObjects
                0x4807b7c0                dListGetObjectBackward
                0x4807c2c4                dTableAddObject
                0x4807c468                dTableDeleteStatic
                0x4807bccc                dVectorRemoveLastObject
                0x4807bc44                dVectorRemoveFirstObject
                0x4807b9dc                dTableRemoveFirstObject
                0x4807b73c                dListRewindTail
                0x4807c044                dListAddObjectHead
                0x4807c710                dListDelete
                0x4807c4e0                dListRemoveObject
                0x4807b818                dListGetObjectAtIndex
                0x4807c128                dVectorAddObject
                0x4807b7ec                dListGetObjectBackwardReentrant
                0x4807b8ec                dTableCreateStatic
                0x4807b794                dListGetObjectForwardReentrant
                0x4807bbe4                dVectorRemoveObjectAtIndex
                0x4807be28                dVectorGetObjectForwardReentrant
                0x4807be7c                dVectorGetIndexOfLastEntry
                0x4807c5e0                dListRemoveObjectTail
                0x4807bfa0                dListAddObjectTail
                0x4807b958                dTableRemoveObject
                0x4807c280                dVectorDelete
                0x4807c678                dListRemoveObjectHead
                0x4807be00                dVectorIsEmpty
                0x4807b8a8                dListIsEmpty
                0x4807c0ec                dListCreate
                0x4807bafc                dTableTestFunc
                0x4807be64                dVectorNofObjects
                0x4807b710                dListRewindHead
                0x4807b8d4                dListNofObjects
                0x4807b724                dListRewindHeadReentrant
 .text          0x4807c770      0x498 C:\Program Files (x86)\ETAS\INTECRIO5.0\Target\Etarget\ES910\libtarget.a(i_transf.o)
                0x4807ca0c                transferToMatrix
                0x4807c80c                transferToVector
                0x4807c770                transferFromVector
                0x4807c8a8                transferFromMatrix
                0x4807cb70                transferDirect
 .text          0x4807cc08     0x2378 C:\Program Files (x86)\ETAS\INTECRIO5.0\Target\Etarget\ES910\libtarget.a(t_sglow.o)
                0x4807db64                freeDataSignal
                0x4807df94                makeDataSignal
                0x4807d778                computeTimeSliceTimes
                0x4807d440                setSinewaveSignal
                0x4807ce34                getIntervalNr
                0x4807da78                deleteTimeSlice
                0x4807ece4                freeChannel
                0x4807dfcc                makeLinearSignal
                0x4807edd8                freeStimuliSet
                0x4807d598                setIntervalPulseSignal
                0x4807dbc8                freeInterval
                0x4807d54c                setPulseSignal
                0x4807d724                setTimeSlice
                0x4807cd6c                insertTimeSlice
                0x4807de28                makeSinewaveSignal
                0x4807e364                makeIntervalDataSignal
                0x4807d1f0                binsearch
                0x4807db04                freeRandomSignal
                0x4807d12c                getLinearSignalY
                0x4807cd20                getTimeSliceNr
                0x4807d85c                getTimeSliceT
                0x4807e538                getRandomSignalY
                0x4807db24                freePulseSignal
                0x4807d658                setRandomSignal
                0x4807ea34                getChannelY
                0x4807df44                setIntervalDataSignal
                0x4807e758                getSinewaveSignalY
                0x4807eeec                makeStimuliSet
                0x4807cf54                computeIntervalTimes
                0x4807d094                setIntervalLinearSignal
                0x4807dcdc                makeTimeSlice
                0x4807dff0                makeIntervalRandomSignal
                0x4807cc54                insertChannel
                0x4807ce80                insertInterval
                0x4807d68c                setIntervalRandomSignal
                0x4807cfa8                computeChannelTimes
                0x4807e10c                makeIntervalPulseSignal
                0x4807d060                setLinearSignal
                0x4807d7e0                computeStimuliSetTimes
                0x4807dda8                makeFunctionSignal
                0x4807cc08                getChannelNr
                0x4807ec70                resetStimuliSet
                0x4807dc58                deleteInterval
                0x4807d910                getT
                0x4807ee64                makeChannel
                0x4807dde0                makeRandomSignal
                0x4807cf48                resetInterval
                0x4807e884                getIntervalY
                0x4807e600                getPulseSignalY
                0x4807d48c                setIntervalSinewaveSignal
                0x4807de04                makePulseSignal
                0x4807da58                freeTimeSlice
                0x4807d764                resetTimeSlice
                0x4807d294                getDataSignalY
                0x4807db44                freeSinewaveSignal
                0x4807dba8                freeLinearSignal
                0x4807ed54                deleteChannel
                0x4807e420                makeIntervalLinearSignal
                0x4807de4c                setDataSignal
                0x4807eba0                resetChannel0
                0x4807e238                makeIntervalSinewaveSignal
 .text          0x4807ef80        0x0 C:\Program Files (x86)\ETAS\INTECRIO5.0\Target\Etarget\rtio\global\es910\librtio_gnu.a(comm_err.o)
 .text          0x4807ef80       0xa0 C:\Program Files (x86)\ETAS\INTECRIO5.0\Target\Etarget\rtio\global\es910\librtio_gnu.a(p_rtio.o)
                0x4807ef80                rtioSignalHwAccessEnd
                0x4807efd8                rtioSignalHwAccessBegin
 .text          0x4807f020      0xd38 C:\Program Files (x86)\ETAS\INTECRIO5.0\Target\Etarget\rtio\global\es910\librtio_gnu.a(p_rtio_s.o)
                0x4807fd14                setupRTIO
                0x4807f704                es910IsEtherCATEnabled
                0x4807f02c                getMasterId
                0x4807f244                rtioHwDetect
                0x4807f810                rtioTestBoardPresence
                0x4807f11c                printDetectedHardware
                0x4807f048                rtioGetNextDetectedHwTableEntry
                0x4807f020                es910RtioGetFpgaRegsGlobal
                0x4807fc8c                es910RtioMapFpgaRegsGlobal
                0x4807fbe8                es910RtioUnmapFpgaRegsGlobal
                0x4807f034                rtioRewindDetectedHwTable
                0x4807f79c                es910RtioIntDisable
 .text          0x4807fd58      0xe18 C:\Program Files (x86)\ETAS\INTECRIO5.0\Target\Etarget\rtio\global\es910\librtio_gnu.a(rtio_err.o)
                0x4807ff34                clearErrMsgList
                0x4807fe90                deactivateRtioMsgLists
                0x4807fdfc                installEtasPseudoGeoAdrBoardNames
                0x4807fdd8                installCommErrMessages
                0x4807fe08                installUserBoardNames
                0x4807fd58                initMessageTables
                0x4807fec8                getNextErrMsg
                0x4808008c                rtioGetBoardName
                0x4807fdf0                installEtasAutoIdBoardNames
                0x48080818                rtioErr
                0x4807fdb8                mapErrorCode
                0x4807fe14                installEtasVirtualBoardNames
                0x4807fe20                installMessages
                0x48080120                rtio_err_v3
                0x4807fea4                rewindErrMsgList
                0x4807ffbc                clearCurErrMsg
                0x4807fe80                activateRtioMsgLists
                0x48080594                rtioErrV2
                0x4807fde4                installEtasBoardNames
 .text          0x48080b70      0x638 C:\Program Files (x86)\ETAS\INTECRIO5.0\Target\Etarget\rtio\global\es910\librtio_gnu.a(fhc_emu.o)
                0x48080b70                fhc_get_module_name_port_name
                0x48080e28                fhc_check_port_presence_rp
 .text          0x480811a8      0x798 C:\Program Files (x86)\ETAS\INTECRIO5.0\Target\Etarget\ES910\rta_osek\librtk_s.a(ostarget.o)
                0x480811a8                os_get_sw_int_info
                0x480814c4                os_pre_start
                0x4808137c                os_detach_interrupts
                0x48081230                os_generate_sw_int
 .text          0x48081940       0x30 C:\Program Files (x86)\ETAS\INTECRIO5.0\Target\Etarget\ES910\rta_osek\librtk_s.a(osfptgt.o)
                0x48081940                os_fp_save
                0x4808196c                os_fp_restore_from
                0x48081954                os_fp_restore
                0x48081968                os_fp_save_to
 .text          0x48081970       0x94 C:\Program Files (x86)\ETAS\INTECRIO5.0\Target\Etarget\ES910\rta_osek\librtk_s.a(osiwrap1.o)
                0x48081970                os_cat1_wrapper
 .text          0x48081a04      0x288 C:\Program Files (x86)\ETAS\INTECRIO5.0\Target\Etarget\ES910\rta_osek\librtk_s.a(osxdspnf.o)
                0x48081a04                osek_dispatchN2F
 .text          0x48081c8c      0x10c C:\Program Files (x86)\ETAS\INTECRIO5.0\Target\Etarget\ES910\rta_osek\librtk_s.a(osysd1hf.o)
                0x48081c8c                os_fdispH1
 .text          0x48081d98      0x2d4 C:\Program Files (x86)\ETAS\INTECRIO5.0\Target\Etarget\ES910\rta_osek\librtk_s.a(osysdfhf.o)
                0x48081d98                os_fdispH2F
 .text          0x4808206c      0x2cc C:\Program Files (x86)\ETAS\INTECRIO5.0\Target\Etarget\ES910\rta_osek\librtk_s.a(osysdfhi.o)
                0x4808206c                os_idispH2F
 .text          0x48082338       0x34 C:\Program Files (x86)\ETAS\INTECRIO5.0\Target\Etarget\ES910\rta_osek\librtk_s.a(ostgid.o)
                0x48082338                GetTaskID
 .text          0x4808236c      0x174 C:\Program Files (x86)\ETAS\INTECRIO5.0\Target\Etarget\ES910\rta_osek\librtk_s.a(ostschf.o)
                0x4808236c                ScheduleSW2F
 .text          0x480824e0       0x50 C:\Program Files (x86)\ETAS\INTECRIO5.0\Target\Etarget\ES910\rta_osek\librtk_s.a(osieai.o)
                0x480824e0                EnableAllInterrupts
 .text          0x48082530       0x60 C:\Program Files (x86)\ETAS\INTECRIO5.0\Target\Etarget\ES910\rta_osek\librtk_s.a(osidai.o)
                0x48082530                DisableAllInterrupts