Archive member included because of file (symbol)

Car_State1/Car_State1.a(Car_State.o)
                              Car_State0/Car_State_instances.o (Car_State_U)
Disconnections1/Disconnections1.a(Disconnections.o)
                              Disconnections0/Disconnections_instances.o (Disconnections_DW)
Ellipse1/Ellipse1.a(Ellipse.o)
                              Ellipse0/Ellipse_instances.o (Ellipse_B)
Inverters_Action1/Inverters_Action1.a(Inverters_Action.o)
                              Inverters_Action0/Inverters_Action_instances.o (Inverters_Action_U)
Inverters_Action1/Inverters_Action1.a(Inverters_Action_data.o)
                              Inverters_Action0/Inverters_Action_instances.o (Inverters_Action_ConstB)
Inverters_Data1/Inverters_Data1.a(Inverters_Data.o)
                              Inverters_Data0/Inverters_Data_instances.o (Inverters_Data_DW)
Power_Control1/Power_Control1.a(Power_Control.o)
                              Power_Control0/Power_Control_instances.o (Power_Control_DW)
Sensors1/Sensors1.a(Sensors.o)
                              Sensors0/Sensors_instances.o (Sensors_DW)
Sensors1/Sensors1.a(Sensors_data.o)
                              Sensors0/Sensors_instances.o (Sensors_ConstB)
Synchronism1/Synchronism1.a(Synchronism.o)
                              Synchronism0/Synchronism_instances.o (Synchronism_DW)
VDC_Winter_Testing1/VDC_Winter_Testing1.a(VDC_Winter_Testing.o)
                              VDC_Winter_Testing0/VDC_Winter_Testing_instances.o (VDC_Winter_Testing_DW)
SoC1/SoC1.a(SoC.o)            SoC0/SoC_instances.o (SoC_B)
matlabsharedR2023b/matlabsharedR2023b.a(const_params.o)
                              SoC1/SoC1.a(SoC.o) (rtCP_pooled_0U5AzDCzi3IO)
matlabsharedR2023b/matlabsharedR2023b.a(look1_binlxpw.o)
                              Inverters_Data1/Inverters_Data1.a(Inverters_Data.o) (look1_binlxpw)
matlabsharedR2023b/matlabsharedR2023b.a(look2_binlxpw.o)
                              SoC1/SoC1.a(SoC.o) (look2_binlxpw)
matlabsharedR2023b/matlabsharedR2023b.a(rt_nonfinite.o)
                              Inverters_Action1/Inverters_Action1.a(Inverters_Action.o) (rtIsInf)
matlabsharedR2023b/matlabsharedR2023b.a(rtgetinf.o)
                              matlabsharedR2023b/matlabsharedR2023b.a(rt_nonfinite.o) (rtGetInf)
matlabsharedR2023b/matlabsharedR2023b.a(rtgetnan.o)
                              matlabsharedR2023b/matlabsharedR2023b.a(rt_nonfinite.o) (rtGetNaN)
OSC/TaskISRArchive.a(etasConfigTask.o)
                              OSC/osekdefs.o (osek_task_e_etasConfigTask)
OSC/TaskISRArchive.a(Timer_1000ms.o)
                              OSC/osekdefs.o (osek_task_e_Timer_1000ms)
OSC/TaskISRArchive.a(Timer_100ms.o)
                              OSC/osekdefs.o (osek_task_e_Timer_100ms)
OSC/TaskISRArchive.a(Timer_25ms.o)
                              OSC/osekdefs.o (osek_task_e_Timer_25ms)
OSC/TaskISRArchive.a(Timer_Inv.o)
                              OSC/osekdefs.o (osek_task_e_Timer_Inv)
OSC/TaskISRArchive.a(Timer_Sync.o)
                              OSC/osekdefs.o (osek_task_e_Timer_Sync)
OSC/TaskISRArchive.a(SWT_CAN1_AP_BMS_SDC.o)
                              OSC/osekdefs.o (osek_task_e_SWT_CAN1_AP_BMS_SDC)
OSC/TaskISRArchive.a(SWT_CAN1_AP_CurrentSensor.o)
                              OSC/osekdefs.o (osek_task_e_SWT_CAN1_AP_CurrentSensor)
OSC/TaskISRArchive.a(SWT_CAN1_AP_BMS_Voltages.o)
                              OSC/osekdefs.o (osek_task_e_SWT_CAN1_AP_BMS_Voltages)
OSC/TaskISRArchive.a(SWT_CAN1_AP_BMS_ChargerParameters.o)
                              OSC/osekdefs.o (osek_task_e_SWT_CAN1_AP_BMS_ChargerParameters)
OSC/TaskISRArchive.a(SWT_CAN1_AP_BMS_Temperatures.o)
                              OSC/osekdefs.o (osek_task_e_SWT_CAN1_AP_BMS_Temperatures)
OSC/TaskISRArchive.a(SWT_CAN1_AP_Inverter_R_Tx.o)
                              OSC/osekdefs.o (osek_task_e_SWT_CAN1_AP_Inverter_R_Tx)
OSC/TaskISRArchive.a(SWT_CAN1_AP_Inverter_L_Tx.o)
                              OSC/osekdefs.o (osek_task_e_SWT_CAN1_AP_Inverter_L_Tx)
OSC/TaskISRArchive.a(SWT_CAN1_AP_DASH_Mode.o)
                              OSC/osekdefs.o (osek_task_e_SWT_CAN1_AP_DASH_Mode)
OSC/TaskISRArchive.a(SWT_CAN1_NM_BMS_Keep_Alive.o)
                              OSC/osekdefs.o (osek_task_e_SWT_CAN1_NM_BMS_Keep_Alive)
OSC/TaskISRArchive.a(SWT_CAN1_AP_BMS_AIRs_State.o)
                              OSC/osekdefs.o (osek_task_e_SWT_CAN1_AP_BMS_AIRs_State)
OSC/TaskISRArchive.a(SWT_CAN1_NM_DASH_Keep_Alive.o)
                              OSC/osekdefs.o (osek_task_e_SWT_CAN1_NM_DASH_Keep_Alive)
OSC/TaskISRArchive.a(SWT_CAN1_AP_DASH_PrechargeRequest.o)
                              OSC/osekdefs.o (osek_task_e_SWT_CAN1_AP_DASH_PrechargeRequest)
OSC/TaskISRArchive.a(SWT_CAN1_AP_DASH_EnableDrive.o)
                              OSC/osekdefs.o (osek_task_e_SWT_CAN1_AP_DASH_EnableDrive)
OSC/TaskISRArchive.a(SWT_CAN2_AP_ELLIPSE_AUTO.o)
[...]
Memory Configuration

Name             Origin             Length             Attributes
*default*        0x00000000         0xffffffff

Linker script and memory map

LOAD C:/ETAS/Compiler/INTECRIO5.0/QNXCompiler-V6.5\target\qnx6/ppcbe-spe/lib/crt1.o
LOAD C:/ETAS/Compiler/INTECRIO5.0/QNXCompiler-V6.5\target\qnx6/ppcbe-spe/lib/crti.o
LOAD C:/ETAS/Compiler/INTECRIO5.0/QNXCompiler-V6.5\host\win32\x86/usr/lib/gcc/powerpc-unknown-nto-qnx6.5.0/4.4.2/spe/crtbegin.o
LOAD C:\ETAS\Compiler\INTECRIO5.0\QNXCompiler-V6.5\target\qnx6\ppcbe-spe\lib\gcc\4.4.2/libcpp.so
                0x00000000                PROVIDE (__stack, 0x0)
                0x00000000                PROVIDE (___stack, 0x0)
                0x48040000                PROVIDE (__executable_start, 0x48040000)
                0x480400f4                . = (0x48040000 + SIZEOF_HEADERS)

.interp         0x480400f4       0x14
 *(.interp)
 .interp        0x480400f4       0x14 C:/ETAS/Compiler/INTECRIO5.0/QNXCompiler-V6.5\target\qnx6/ppcbe-spe/lib/crt1.o

.note           0x48040110       0x18
 .note          0x48040110       0x18 C:/ETAS/Compiler/INTECRIO5.0/QNXCompiler-V6.5\target\qnx6/ppcbe-spe/lib/crtn.o

.note.gnu.build-id
 *(.note.gnu.build-id)

.hash           0x48040128      0x6a0
 *(.hash)
 .hash          0x48040128      0x6a0 C:/ETAS/Compiler/INTECRIO5.0/QNXCompiler-V6.5\target\qnx6/ppcbe-spe/lib/crt1.o

.gnu.hash
 *(.gnu.hash)

.dynsym         0x480407c8      0xe10
 *(.dynsym)
 .dynsym        0x480407c8      0xe10 C:/ETAS/Compiler/INTECRIO5.0/QNXCompiler-V6.5\target\qnx6/ppcbe-spe/lib/crt1.o

.dynstr         0x480415d8      0xbc9
 *(.dynstr)
 .dynstr        0x480415d8      0xbc9 C:/ETAS/Compiler/INTECRIO5.0/QNXCompiler-V6.5\target\qnx6/ppcbe-spe/lib/crt1.o

.gnu.version    0x480421a2      0x1c2
 *(.gnu.version)
 .gnu.version   0x480421a2      0x1c2 C:/ETAS/Compiler/INTECRIO5.0/QNXCompiler-V6.5\target\qnx6/ppcbe-spe/lib/crt1.o

.gnu.version_d  0x48042364        0x0
 *(.gnu.version_d)
 .gnu.version_d
                0x00000000        0x0 C:/ETAS/Compiler/INTECRIO5.0/QNXCompiler-V6.5\target\qnx6/ppcbe-spe/lib/crt1.o

.gnu.version_r  0x48042364       0x20
 *(.gnu.version_r)
 .gnu.version_r
                0x48042364       0x20 C:/ETAS/Compiler/INTECRIO5.0/QNXCompiler-V6.5\target\qnx6/ppcbe-spe/lib/crt1.o

.rel.dyn
 *(.rel.init)
 *(.rel.text .rel.text.* .rel.gnu.linkonce.t.*)
 *(.rel.fini)
 *(.rel.rodata .rel.rodata.* .rel.gnu.linkonce.r.*)
 *(.rel.data.rel.ro* .rel.gnu.linkonce.d.rel.ro.*)
 *(.rel.data .rel.data.* .rel.gnu.linkonce.d.*)
 *(.rel.tdata .rel.tdata.* .rel.gnu.linkonce.td.*)
 *(.rel.tbss .rel.tbss.* .rel.gnu.linkonce.tb.*)
 *(.rel.ctors)
 *(.rel.dtors)
 *(.rel.got)
 *(.rel.sdata .rel.sdata.* .rel.gnu.linkonce.s.*)
 *(.rel.sbss .rel.sbss.* .rel.gnu.linkonce.sb.*)
 *(.rel.sdata2 .rel.sdata2.* .rel.gnu.linkonce.s2.*)
 *(.rel.sbss2 .rel.sbss2.* .rel.gnu.linkonce.sb2.*)
 *(.rel.bss .rel.bss.* .rel.gnu.linkonce.b.*)

.rela.dyn       0x48042384       0x90
 *(.rela.init)
 *(.rela.text .rela.text.* .rela.gnu.linkonce.t.*)
 .rela.text     0x00000000        0x0 C:/ETAS/Compiler/INTECRIO5.0/QNXCompiler-V6.5\target\qnx6/ppcbe-spe/lib/crt1.o
 *(.rela.fini)
 *(.rela.rodata .rela.rodata.* .rela.gnu.linkonce.r.*)
 .rela.rodata.cst4
                0x00000000        0x0 C:/ETAS/Compiler/INTECRIO5.0/QNXCompiler-V6.5\target\qnx6/ppcbe-spe/lib/crt1.o
 .rela.rodata   0x00000000        0x0 C:/ETAS/Compiler/INTECRIO5.0/QNXCompiler-V6.5\target\qnx6/ppcbe-spe/lib/crt1.o
 *(.rela.data .rela.data.* .rela.gnu.linkonce.d.*)
 .rela.data     0x00000000        0x0 C:/ETAS/Compiler/INTECRIO5.0/QNXCompiler-V6.5\target\qnx6/ppcbe-spe/lib/crt1.o
 *(.rela.tdata .rela.tdata.* .rela.gnu.linkonce.td.*)
 *(.rela.tbss .rela.tbss.* .rela.gnu.linkonce.tb.*)
 *(.rela.ctors)
 *(.rela.dtors)
 *(.rela.got)
 .rela.got      0x48042384       0x30 C:/ETAS/Compiler/INTECRIO5.0/QNXCompiler-V6.5\target\qnx6/ppcbe-spe/lib/crt1.o
 *(.rela.got1)
 *(.rela.got2)
 *(.rela.sdata .rela.sdata.* .rela.gnu.linkonce.s.*)
 *(.rela.sbss .rela.sbss.* .rela.gnu.linkonce.sb.*)
 .rela.sbss     0x00000000        0x0 C:/ETAS/Compiler/INTECRIO5.0/QNXCompiler-V6.5\target\qnx6/ppcbe-spe/lib/crt1.o
 *(.rela.sdata2 .rela.sdata2.* .rela.gnu.linkonce.s2.*)
 *(.rela.sbss2 .rela.sbss2.* .rela.gnu.linkonce.sb2.*)
 *(.rela.bss .rela.bss.* .rela.gnu.linkonce.b.*)
 .rela.bss      0x480423b4       0x60 C:/ETAS/Compiler/INTECRIO5.0/QNXCompiler-V6.5\target\qnx6/ppcbe-spe/lib/crt1.o
 .rela.os_pid   0x00000000        0x0 C:/ETAS/Compiler/INTECRIO5.0/QNXCompiler-V6.5\target\qnx6/ppcbe-spe/lib/crt1.o
 .rela.os_intvec
                0x00000000        0x0 C:/ETAS/Compiler/INTECRIO5.0/QNXCompiler-V6.5\target\qnx6/ppcbe-spe/lib/crt1.o

.rel.plt
 *(.rel.plt)

.rela.plt       0x48042414      0x930
 *(.rela.plt)
 .rela.plt      0x48042414      0x930 C:/ETAS/Compiler/INTECRIO5.0/QNXCompiler-V6.5\target\qnx6/ppcbe-spe/lib/crt1.o

.init           0x48042d44       0x24
 *(.init)
 .init          0x48042d44        0xc C:/ETAS/Compiler/INTECRIO5.0/QNXCompiler-V6.5\target\qnx6/ppcbe-spe/lib/crti.o
                0x48042d44                _init
 .init          0x48042d50        0x4 C:/ETAS/Compiler/INTECRIO5.0/QNXCompiler-V6.5\host\win32\x86/usr/lib/gcc/powerpc-unknown-nto-qnx6.5.0/4.4.2/spe/crtbegin.o
 .init          0x48042d54        0x4 C:/ETAS/Compiler/INTECRIO5.0/QNXCompiler-V6.5\host\win32\x86/usr/lib/gcc/powerpc-unknown-nto-qnx6.5.0/4.4.2/spe/crtend.o
 .init          0x48042d58       0x10 C:/ETAS/Compiler/INTECRIO5.0/QNXCompiler-V6.5\target\qnx6/ppcbe-spe/lib/crtn.o

.text           0x48042d68    0x4af10
                0x48042d68                _btext = .
 *(.text .stub .text.* .gnu.linkonce.t.*)
 .text          0x48042d68      0x118 C:/ETAS/Compiler/INTECRIO5.0/QNXCompiler-V6.5\target\qnx6/ppcbe-spe/lib/crt1.o
                0x48042d68                _start
 .text          0x48042e80        0x0 C:/ETAS/Compiler/INTECRIO5.0/QNXCompiler-V6.5\target\qnx6/ppcbe-spe/lib/crti.o
 .text          0x48042e80      0x1b8 C:/ETAS/Compiler/INTECRIO5.0/QNXCompiler-V6.5\host\win32\x86/usr/lib/gcc/powerpc-unknown-nto-qnx6.5.0/4.4.2/spe/crtbegin.o
 .text          0x48043038      0x24c ROOT_instances.o
                0x480431e0                initializeYukonModel
                0x48043088                getSystemTimeS
                0x48043050                getModelIdentificationString
                0x48043064                getDeltaT
                0x48043038                getIntecrioVersionNumber
                0x48043168                os_setDeltaT
                0x4804305c                getBuildEnvironment
                0x48043044                getBuildEnvironmentVersion
 .text          0x48043284        0x0 _INT_pid.pi.o
 .text          0x48043284       0x24 userFuncProcessCanPayload.o
                0x48043298                userCanInitHook
                0x480432a4                userCanTxHookV3
                0x4804329c                userCanExitHook
                0x48043284                userCanHookGetVersionAndCid
                0x480432a0                userCanRxHookV3
 .text          0x480432a8       0x24 userFuncProcessFlexRayPayload.o
                0x480432c8                userFlexRayPDURxHook
                0x480432c4                userFlexRayPDUTxHook
                0x480432a8                userFlexRayHookGetVersionAndCid
                0x480432bc                userFlexRayInitHook
                0x480432c0                userFlexRayExitHook
 .text          0x480432cc       0x60 OSC/i_rtawrapper.o
                0x4804330c                rtaActivateTask
                0x480432ec                rtaSchedule
                0x480432cc                rtaShutdownOS
 .text          0x4804332c      0x308 Car_State0/Car_State_instances.o
                0x480433d4                initClass_RTWTop_Car_State
                0x4804338c                initInstance_RTWTop_Car_State
                0x4804332c                setDeltaT_Car_State
                0x48043608                initModel_RTWTop_Car_State
 .text          0x48043634      0xd0c Car_State1/Car_State1.a(Car_State.o)
                0x48044120                MdlInitialize_Car_State
                0x48043648                Car_State_FALSE
                0x48043670                MdlOutputs_Car_State
                0x48044088                MdlUpdate_Car_State
                0x4804365c                Car_State_TqEnable
                0x48043634                Car_State_TRUE
                0x48044124                MdlStart_Car_State
                0x48044118                MdlInitializeSizes_Car_State
                0x4804411c                MdlInitializeSampleTimes_Car_State
                0x48044184                Car_State
                0x48044180                MdlTerminate_Car_State
 .text          0x48044340      0x550 Disconnections0/Disconnections_instances.o
                0x480443a0                initInstance_RTWTop_Disconnections
                0x48044864                initModel_RTWTop_Disconnections
                0x48044340                setDeltaT_Disconnections
                0x480443e8                initClass_RTWTop_Disconnections
 .text          0x48044890      0xd90 Disconnections1/Disconnections1.a(Disconnections.o)
                0x4804544c                MdlTerminate_Disconnections
                0x48045450                Disconnections
                0x48044900                Disconnectio_IfActionSubsystem3
                0x48044914                Disconnections_RigidAxle2024
                0x480453d4                MdlInitializeSampleTimes_Disconnections
                0x480448a4                Disconnections_Counting
                0x480453dc                MdlStart_Disconnections
                0x48044890                Disconnections_Reset_counter
                0x480453d0                MdlInitializeSizes_Disconnections
                0x48044928                MdlOutputs_Disconnections
                0x480453d8                MdlInitialize_Disconnections
                0x480448c0                Disconnections_CAN_OK
                0x48045358                MdlUpdate_Disconnections
                0x480448ec                Disconnection_IfActionSubsystem
 .text          0x48045620      0x298 Ellipse0/Ellipse_instances.o
                0x480456c8                initClass_RTWTop_Ellipse
                0x48045620                setDeltaT_Ellipse
                0x48045680                initInstance_RTWTop_Ellipse
                0x4804588c                initModel_RTWTop_Ellipse
 .text          0x480458b8      0x370 Ellipse1/Ellipse1.a(Ellipse.o)
                0x48045afc                MdlOutputs_Ellipse
                0x48045938                MdlInitialize_Ellipse
                0x48045930                MdlInitializeSizes_Ellipse
                0x480458b8                MdlUpdate_Ellipse
                0x48045958                MdlTerminate_Ellipse
                0x4804593c                MdlStart_Ellipse
                0x48045934                MdlInitializeSampleTimes_Ellipse
                0x4804595c                Ellipse
 .text          0x48045c28      0x3b4 Inverters_Action0/Inverters_Action_instances.o
                0x48045fb0                initModel_RTWTop_Inverters_Action
                0x48045c28                setDeltaT_Inverters_Action
                0x48045cd0                initClass_RTWTop_Inverters_Action
                0x48045c88                initInstance_RTWTop_Inverters_Action
 .text          0x48045fdc      0xd80 Inverters_Action1/Inverters_Action1.a(Inverters_Action.o)
                0x48046148                MdlInitializeSizes_Inverters_Action
                0x48046150                MdlInitialize_Inverters_Action
                0x480461a0                Inverters_Action
                0x48046154                MdlStart_Inverters_Action
                0x48045fdc                Inverters_Actio_EnumerationDone
                0x4804605c                Inverters_Acti_ActionnotDefined
                0x48046084                Inverters_Action_TorqueCommand0
                0x480460b4                MdlUpdate_Inverters_Action
                0x48046004                Inverte_DisableDriveEnableDrive
                0x480460a0                Inverters_Acti_ResetEnumeration
                0x4804619c                MdlTerminate_Inverters_Action
                0x4804614c                MdlInitializeSampleTimes_Inverters_Action
                0x48046074                Inverters_Action_bypass
                0x48046698                MdlOutputs_Inverters_Action
                0x48046540                Inverters_Action_TorqueCommand
                0x4804637c                Inverters_Ac_RegisterEnumerator
                0x48045ff0                Inverters_Action_Unsubscribe
 .text          0x48046d5c        0x0 Inverters_Action1/Inverters_Action1.a(Inverters_Action_data.o)
 .text          0x48046d5c      0x354 Inverters_Data0/Inverters_Data_instances.o
                0x48046e04                initClass_RTWTop_Inverters_Data
                0x48046dbc                initInstance_RTWTop_Inverters_Data
                0x48046d5c                setDeltaT_Inverters_Data
                0x48047084                initModel_RTWTop_Inverters_Data
 .text          0x480470b0      0x6ec Inverters_Data1/Inverters_Data1.a(Inverters_Data.o)
                0x48047120                MdlUpdate_Inverters_Data
                0x480471a0                MdlInitialize_Inverters_Data
                0x4804710c                Inverters_Data_Signal_OK
                0x480471cc                MdlTerminate_Inverters_Data
                0x480470cc                Inverters_Data_CAN_OK
                0x48047374                MdlOutputs_Inverters_Data
                0x480470f8                Inverters_Data_Signal_Failure
                0x480471d0                Inverters_Data
                0x480471a4                MdlStart_Inverters_Data
                0x4804719c                MdlInitializeSampleTimes_Inverters_Data
                0x480470b0                Inverters_Data_Error_Counter
                0x48047198                MdlInitializeSizes_Inverters_Data
 .text          0x4804779c      0x290 Power_Control0/Power_Control_instances.o
                0x4804779c                setDeltaT_Power_Control
                0x480477fc                initInstance_RTWTop_Power_Control
                0x48047844                initClass_RTWTop_Power_Control
                0x48047a00                initModel_RTWTop_Power_Control
 .text          0x48047a2c      0xc68 Power_Control1/Power_Control1.a(Power_Control.o)
                0x48047b80                MdlTerminate_Power_Control
                0x48047b84                Power_Control
                0x48047b1c                MdlInitializeSampleTimes_Power_Control
                0x48047aa0                MdlUpdate_Power_Control
                0x480483a0                MdlOutputs_Power_Control
                0x48047b18                MdlInitializeSizes_Power_Control
                0x48047d70                Power_Co_MotorL_Temp_Limitation
                0x48047a70                Pow_MotorL_Temp_Limitation_Init
                0x48047b24                MdlStart_Power_Control
                0x48047b20                MdlInitialize_Power_Control
                0x48047a2c                Power_Control_LimitReached
                0x48048088                Power_InverterL_Temp_Limitation
                0x48047a40                InverterL_Temp_Limitation_Init
 .text          0x48048694      0x3a8 Sensors0/Sensors_instances.o
                0x480486f4                initInstance_RTWTop_Sensors
                0x48048a10                initModel_RTWTop_Sensors
                0x48048694                setDeltaT_Sensors
                0x4804873c                initClass_RTWTop_Sensors
 .text          0x48048a3c      0x838 Sensors1/Sensors1.a(Sensors.o)
                0x48048a50                Sensors_IfActionSubsystem1
                0x48048ae8                MdlInitializeSampleTimes_Sensors
                0x48048b10                MdlTerminate_Sensors
                0x48048a3c                Sensors_IfActionSubsystem
                0x48048ccc                MdlOutputs_Sensors
                0x48048a6c                MdlUpdate_Sensors
                0x48048ae4                MdlInitializeSizes_Sensors
                0x48048aec                MdlInitialize_Sensors
                0x48048af0                MdlStart_Sensors
                0x48048b14                Sensors
 .text          0x48049274        0x0 Sensors1/Sensors1.a(Sensors_data.o)
 .text          0x48049274      0x14c Synchronism0/Synchronism_instances.o
                0x4804931c                initClass_RTWTop_Synchronism
                0x480492d4                initInstance_RTWTop_Synchronism
                0x48049394                initModel_RTWTop_Synchronism
                0x48049274                setDeltaT_Synchronism
 .text          0x480493c0      0x268 Synchronism1/Synchronism1.a(Synchronism.o)
                0x48049494                MdlInitializeSizes_Synchronism
                0x4804949c                MdlInitialize_Synchronism
                0x480494a0                MdlStart_Synchronism
                0x480494bc                MdlTerminate_Synchronism
                0x480494c0                Synchronism
                0x480493c0                MdlOutputs_Synchronism
                0x4804941c                MdlUpdate_Synchronism
                0x48049498                MdlInitializeSampleTimes_Synchronism
 .text          0x48049628      0x3ec VDC_Winter_Testing0/VDC_Winter_Testing_instances.o
                0x48049628                setDeltaT_VDC_Winter_Testing
                0x480499e8                initModel_RTWTop_VDC_Winter_Testing
                0x48049688                initInstance_RTWTop_VDC_Winter_Testing
                0x480496d0                initClass_RTWTop_VDC_Winter_Testing
 .text          0x48049a14      0x5fc VDC_Winter_Testing1/VDC_Winter_Testing1.a(VDC_Winter_Testing.o)
                0x48049a14                MdlUpdate_VDC_Winter_Testing
                0x48049c7c                MdlOutputs_VDC_Winter_Testing
                0x48049acc                MdlTerminate_VDC_Winter_Testing
                0x48049a90                MdlInitializeSampleTimes_VDC_Winter_Testing
                0x48049a98                MdlStart_VDC_Winter_Testing
                0x48049ad0                VDC_Winter_Testing
                0x48049a94                MdlInitialize_VDC_Winter_Testing
                0x48049a8c                MdlInitializeSizes_VDC_Winter_Testing
 .text          0x4804a010      0x340 SoC0/SoC_instances.o
                0x4804a070                initInstance_RTWTop_SoC
                0x4804a0b8                initClass_RTWTop_SoC
                0x4804a010                setDeltaT_SoC
                0x4804a324                initModel_RTWTop_SoC
 .text          0x4804a350     0x1dd8 SoC1/SoC1.a(SoC.o)
                0x4804a9e0                SoC_uRC_Cell_H
                0x4804a628                SoC_uRC_Cell_H_Update
                0x4804a6cc                MdlUpdate_SoC
                0x4804a358                MdlInitialize_SoC
                0x4804a354                MdlInitializeSampleTimes_SoC
                0x4804a884                MdlStart_SoC
                0x4804a800                SoC_uRC_Cell_H_Init
                0x4804c108                MdlOutputs_SoC
                0x4804a530                SoC_uRC_Cell_H_Start
                0x4804a35c                MdlTerminate_SoC
                0x4804a350                MdlInitializeSizes_SoC
                0x4804a360                SoC
 .text          0x4804c128        0x0 matlabsharedR2023b/matlabsharedR2023b.a(const_params.o)
 .text          0x4804c128      0x114 matlabsharedR2023b/matlabsharedR2023b.a(look1_binlxpw.o)
                0x4804c128                look1_binlxpw
 .text          0x4804c23c      0x220 matlabsharedR2023b/matlabsharedR2023b.a(look2_binlxpw.o)
                0x4804c23c                look2_binlxpw
 .text          0x4804c45c      0x19c matlabsharedR2023b/matlabsharedR2023b.a(rt_nonfinite.o)
                0x4804c564                rt_InitInfAndNaN
                0x4804c4e8                rtIsNaN
                0x4804c53c                rtIsNaNF
                0x4804c4a8                rtIsInfF
                0x4804c45c                rtIsInf
 .text          0x4804c5f8       0xd0 matlabsharedR2023b/matlabsharedR2023b.a(rtgetinf.o)
                0x4804c5f8                rtGetInf
                0x4804c660                rtGetMinusInf
                0x4804c6bc                rtGetMinusInfF
                0x4804c654                rtGetInfF
 .text          0x4804c6c8       0x84 matlabsharedR2023b/matlabsharedR2023b.a(rtgetnan.o)
                0x4804c728                rtGetNaNF
                0x4804c6c8                rtGetNaN
 .text          0x4804c74c      0x434 OSC/osekdefs.o
                0x4804ca6c                osE_ISR_CAN2
                0x4804c80c                os_StartOS
                0x4804c8f8                os_pre_errorhook
                0x4804cac8                osE_ISR_CAN1
                0x4804c918                Tick_etasCounter
                0x4804ca4c                osek_dispatch
                0x4804c74c                osResetOS
                0x4804cb24                osE_etasL1Isr
 .text          0x4804cb80        0x0 OSC/osgen.o
 .text          0x4804cb80       0x4c OSC/TaskISRArchive.a(etasConfigTask.o)
                0x4804cb80                osek_task_e_etasConfigTask
 .text          0x4804cbcc       0x54 OSC/TaskISRArchive.a(Timer_1000ms.o)
                0x4804cbcc                osek_task_e_Timer_1000ms
 .text          0x4804cc20       0x54 OSC/TaskISRArchive.a(Timer_100ms.o)
                0x4804cc20                osek_task_e_Timer_100ms
 .text          0x4804cc74       0xa8 OSC/TaskISRArchive.a(Timer_25ms.o)
                0x4804cc74                osek_task_e_Timer_25ms
 .text          0x4804cd1c       0x6c OSC/TaskISRArchive.a(Timer_Inv.o)
                0x4804cd1c                osek_task_e_Timer_Inv
 .text          0x4804cd88       0x60 OSC/TaskISRArchive.a(Timer_Sync.o)
                0x4804cd88                osek_task_e_Timer_Sync
 .text          0x4804cde8       0x50 OSC/TaskISRArchive.a(SWT_CAN1_AP_BMS_SDC.o)
                0x4804cde8                osek_task_e_SWT_CAN1_AP_BMS_SDC
 .text          0x4804ce38       0x50 OSC/TaskISRArchive.a(SWT_CAN1_AP_CurrentSensor.o)
                0x4804ce38                osek_task_e_SWT_CAN1_AP_CurrentSensor
 .text          0x4804ce88       0x50 OSC/TaskISRArchive.a(SWT_CAN1_AP_BMS_Voltages.o)
                0x4804ce88                osek_task_e_SWT_CAN1_AP_BMS_Voltages
 .text          0x4804ced8       0x50 OSC/TaskISRArchive.a(SWT_CAN1_AP_BMS_ChargerParameters.o)
                0x4804ced8                osek_task_e_SWT_CAN1_AP_BMS_ChargerParameters
 .text          0x4804cf28       0x50 OSC/TaskISRArchive.a(SWT_CAN1_AP_BMS_Temperatures.o)
                0x4804cf28                osek_task_e_SWT_CAN1_AP_BMS_Temperatures
 .text          0x4804cf78       0x50 OSC/TaskISRArchive.a(SWT_CAN1_AP_Inverter_R_Tx.o)
                0x4804cf78                osek_task_e_SWT_CAN1_AP_Inverter_R_Tx
 .text          0x4804cfc8       0x50 OSC/TaskISRArchive.a(SWT_CAN1_AP_Inverter_L_Tx.o)
                0x4804cfc8                osek_task_e_SWT_CAN1_AP_Inverter_L_Tx
 .text          0x4804d018       0x50 OSC/TaskISRArchive.a(SWT_CAN1_AP_DASH_Mode.o)
                0x4804d018                osek_task_e_SWT_CAN1_AP_DASH_Mode
 .text          0x4804d068       0x50 OSC/TaskISRArchive.a(SWT_CAN1_NM_BMS_Keep_Alive.o)
                0x4804d068                osek_task_e_SWT_CAN1_NM_BMS_Keep_Alive
 .text          0x4804d0b8       0x50 OSC/TaskISRArchive.a(SWT_CAN1_AP_BMS_AIRs_State.o)
                0x4804d0b8                osek_task_e_SWT_CAN1_AP_BMS_AIRs_State
 .text          0x4804d108       0x50 OSC/TaskISRArchive.a(SWT_CAN1_NM_DASH_Keep_Alive.o)
                0x4804d108                osek_task_e_SWT_CAN1_NM_DASH_Keep_Alive
 .text          0x4804d158       0x50 OSC/TaskISRArchive.a(SWT_CAN1_AP_DASH_PrechargeRequest.o)
                0x4804d158                osek_task_e_SWT_CAN1_AP_DASH_PrechargeRequest
 .text          0x4804d1a8       0x50 OSC/TaskISRArchive.a(SWT_CAN1_AP_DASH_EnableDrive.o)
                0x4804d1a8                osek_task_e_SWT_CAN1_AP_DASH_EnableDrive
 .text          0x4804d1f8       0x50 OSC/TaskISRArchive.a(SWT_CAN2_AP_ELLIPSE_AUTO.o)
                0x4804d1f8                osek_task_e_SWT_CAN2_AP_ELLIPSE_AUTO
 .text          0x4804d248       0x50 OSC/TaskISRArchive.a(SWT_CAN2_AP_ELLIPSE_GPS_VEL.o)
                0x4804d248                osek_task_e_SWT_CAN2_AP_ELLIPSE_GPS_VEL
 .text          0x4804d298       0x50 OSC/TaskISRArchive.a(SWT_CAN2_MEAS_RECU_SDC.o)
                0x4804d298                osek_task_e_SWT_CAN2_MEAS_RECU_SDC
 .text          0x4804d2e8       0x50 OSC/TaskISRArchive.a(SWT_CAN2_AP_ELLIPSE_EKF_POS.o)
                0x4804d2e8                osek_task_e_SWT_CAN2_AP_ELLIPSE_EKF_POS
 .text          0x4804d338       0x50 OSC/TaskISRArchive.a(SWT_CAN2_AP_ELLIPSE_IMU_ACCEL.o)
                0x4804d338                osek_task_e_SWT_CAN2_AP_ELLIPSE_IMU_ACCEL
 .text          0x4804d388       0x50 OSC/TaskISRArchive.a(SWT_CAN2_AP_ELLIPSE_EKF_EULER.o)
                0x4804d388                osek_task_e_SWT_CAN2_AP_ELLIPSE_EKF_EULER
 .text          0x4804d3d8       0x50 OSC/TaskISRArchive.a(SWT_CAN2_AP_ELLIPSE_EKF_VEL.o)
                0x4804d3d8                osek_task_e_SWT_CAN2_AP_ELLIPSE_EKF_VEL
 .text          0x4804d428       0x50 OSC/TaskISRArchive.a(SWT_CAN2_NM_ELLIPSE_Status.o)
                0x4804d428                osek_task_e_SWT_CAN2_NM_ELLIPSE_Status
 .text          0x4804d478       0x50 OSC/TaskISRArchive.a(SWT_CAN2_AP_ELLIPSE_IMU_GYRO.o)
                0x4804d478                osek_task_e_SWT_CAN2_AP_ELLIPSE_IMU_GYRO
 .text          0x4804d4c8       0x50 OSC/TaskISRArchive.a(SWT_CAN2_AP_ELLIPSE_VEL_Valid.o)
                0x4804d4c8                osek_task_e_SWT_CAN2_AP_ELLIPSE_VEL_Valid
 .text          0x4804d518       0x50 OSC/TaskISRArchive.a(SWT_CAN2_AP_RECU_Data.o)
                0x4804d518                osek_task_e_SWT_CAN2_AP_RECU_Data
 .text          0x4804d568       0x50 OSC/TaskISRArchive.a(SWT_CAN2_NM_FECU_Keep_Alive.o)
                0x4804d568                osek_task_e_SWT_CAN2_NM_FECU_Keep_Alive
 .text          0x4804d5b8       0x50 OSC/TaskISRArchive.a(SWT_CAN2_NM_RECU_Keep_Alive.o)
                0x4804d5b8                osek_task_e_SWT_CAN2_NM_RECU_Keep_Alive
 .text          0x4804d608       0x50 OSC/TaskISRArchive.a(SWT_CAN2_AP_FECU_Data2.o)
                0x4804d608                osek_task_e_SWT_CAN2_AP_FECU_Data2
 .text          0x4804d658       0x50 OSC/TaskISRArchive.a(SWT_CAN2_AP_FECU_Data1.o)
                0x4804d658                osek_task_e_SWT_CAN2_AP_FECU_Data1
 .text          0x4804d6a8       0x4c OSC/TaskISRArchive.a(ISR_CAN1.o)
                0x4804d6a8                osek_isr_e_ISR_CAN1
 .text          0x4804d6f4       0x4c OSC/TaskISRArchive.a(ISR_CAN2.o)
                0x4804d6f4                osek_isr_e_ISR_CAN2
 .text          0x4804d740       0x40 OSC/etasActivateTaskIsr.o
                0x4804d740                osek_isr_e_etasActivateTaskIsr
 .text          0x4804d780       0x48 OSC/etasL1Isr.o
                0x4804d780                osek_isr_e_etasL1Isr
 .text          0x4804d7c8       0x44 OSC/etasL1Task.o
                0x4804d7c8                osek_task_e_etasL1Task
 .text          0x4804d80c       0x40 OSC/etasTimerIsr.o
                0x4804d80c                osek_isr_e_etasTimerIsr
 .text          0x4804d84c       0x40 OSC/etasStopOsIsr.o
                0x4804d84c                osek_isr_e_etasStopOsIsr
 .text          0x4804d88c      0x244 OSC/DriverThreads.o
                0x4804d88c                etasCreateDriverThreads
 .text          0x4804dad0        0x0 OSC/ISRFunctions.o
 .text          0x4804dad0      0x1f4 OSC/osc_dyn.o
                0x4804dc80                etasInitTasks
                0x4804db7c                etasExitTasks
                0x4804dad8                etasInactiveExitTask
                0x4804dad4                etasStartupExitTask
                0x4804dc58                etasStartupInitTask
                0x4804dadc                TimersExitTask
                0x4804dad0                etasInactiveInitTask
                0x4804dbac                TimersInitTask
 .text          0x4804dcc4        0xc OSC/rtaInterface.o
                0x4804dcc4                etasGetCounterPeriodUs
                0x4804dccc                StackFaultHook
 .text          0x4804dcd0      0x5f8 OSC/ETCHooks.o
                0x4804dff0                rtioHook_15_0
                0x4804e0e0                rtioHook_9_0
                0x4804e068                rtioHook_12_0
                0x4804df50                rtioHook_19_0
                0x4804dfa0                rtioHook_17_0
                0x4804e220                rtioHook_1_0
                0x4804e1a8                rtioHook_4_0
                0x4804dd48                rtioHook_32_0
                0x4804deb0                rtioHook_23_0
                0x4804dd98                rtioHook_30_0
                0x4804df00                rtioHook_21_0
                0x4804dcd0                rtioHook_35_0
                0x4804de38                rtioHook_26_0
                0x4804e270                rtioHook_37_0
                0x4804dde8                rtioHook_28_0
                0x4804dd20                rtioHook_33_0
                0x4804de88                rtioHook_24_0
                0x4804ddc0                rtioHook_29_0
                0x4804dd70                rtioHook_31_0
                0x4804e130                rtioHook_7_0
                0x4804ded8                rtioHook_22_0
                0x4804e248                rtioHook_0_0
                0x4804df78                rtioHook_18_0
                0x4804e040                rtioHook_13_0
                0x4804e090                rtioHook_11_0
                0x4804dfc8                rtioHook_16_0
                0x4804e158                rtioHook_6_0
                0x4804e018                rtioHook_14_0
                0x4804e108                rtioHook_8_0
                0x4804df28                rtioHook_20_0
                0x4804e1f8                rtioHook_2_0
                0x4804dcf8                rtioHook_34_0
                0x4804de60                rtioHook_25_0
                0x4804e1d0                rtioHook_3_0
                0x4804e0b8                rtioHook_10_0
                0x4804e180                rtioHook_5_0
                0x4804e29c                rtioHook_36_0
                0x4804de10                rtioHook_27_0
 .text          0x4804e2c8     0x1040 OSC/XbarHooks.o
                0x4804e2f0                crossbarHook_34_0
                0x4804e8e0                crossbarHook_21_0
                0x4804ebd8                crossbarHook_2_0
                0x4804ea48                crossbarHook_12_0
                0x4804f1a8                crossbarHook_36_7
                0x4804e430                crossbarHook_32_2
                0x4804f074                crossbarHook_36_14
                0x4804efc4                crossbarHook_36_18
                0x4804e778                crossbarHook_29_1
                0x4804ec80                crossbarHook_37_17
                0x4804e818                crossbarHook_26_0
                0x4804ede0                crossbarHook_37_9
                0x4804e980                crossbarHook_17_0
                0x4804ed30                crossbarHook_37_13
                0x4804eb10                crossbarHook_7_0
                0x4804e4f8                crossbarHook_31_13
                0x4804ee90                crossbarHook_37_5
                0x4804ef40                crossbarHook_37_1
                0x4804eb60                crossbarHook_5_0
                0x4804e610                crossbarHook_31_6
                0x4804e318                crossbarHook_33_3
                0x4804e6b0                crossbarHook_31_2
                0x4804f2dc                crossbarHook_36_0
                0x4804e890                crossbarHook_23_0
                0x4804e9f8                crossbarHook_14_0
                0x4804f22c                crossbarHook_36_4
                0x4804f17c                crossbarHook_36_8
                0x4804e408                crossbarHook_32_3
                0x4804f0a0                crossbarHook_36_13
                0x4804ed04                crossbarHook_37_14
                0x4804edb4                crossbarHook_37_10
                0x4804eff0                crossbarHook_36_17
                0x4804ee0c                crossbarHook_37_8
                0x4804eebc                crossbarHook_37_4
                0x4804ef6c                crossbarHook_37_0
                0x4804e868                crossbarHook_24_0
                0x4804e520                crossbarHook_31_12
                0x4804e9d0                crossbarHook_15_0
                0x4804e598                crossbarHook_31_9
                0x4804e638                crossbarHook_31_5
                0x4804e2c8                crossbarHook_35_0
                0x4804e8b8                crossbarHook_22_0
                0x4804e340                crossbarHook_33_2
                0x4804ea20                crossbarHook_13_0
                0x4804f2b0                crossbarHook_36_1
                0x4804ec00                crossbarHook_1_0
                0x4804e6d8                crossbarHook_31_1
                0x4804e7f0                crossbarHook_27_0
                0x4804e958                crossbarHook_18_0
                0x4804eb38                crossbarHook_6_0
                0x4804e840                crossbarHook_25_0
                0x4804e9a8                crossbarHook_16_0
                0x4804f200                crossbarHook_36_5
                0x4804f150                crossbarHook_36_9
                0x4804e3e0                crossbarHook_32_4
                0x4804e480                crossbarHook_32_0
                0x4804ec54                crossbarHook_37_18
                0x4804ea98                crossbarHook_10_0
                0x4804f0cc                crossbarHook_36_12
                0x4804ecd8                crossbarHook_37_15
                0x4804eae8                crossbarHook_8_0
                0x4804ed88                crossbarHook_37_11
                0x4804f01c                crossbarHook_36_16
                0x4804e750                crossbarHook_30_0
                0x4804ee38                crossbarHook_37_7
                0x4804eee8                crossbarHook_37_3
                0x4804e548                crossbarHook_31_11
                0x4804e660                crossbarHook_31_4
                0x4804e5c0                crossbarHook_31_8
                0x4804ebb0                crossbarHook_3_0
                0x4804e368                crossbarHook_33_1
                0x4804f284                crossbarHook_36_2
                0x4804e700                crossbarHook_31_0
                0x4804f0f8                crossbarHook_36_11
                0x4804f1d4                crossbarHook_36_6
                0x4804e3b8                crossbarHook_32_5
                0x4804e458                crossbarHook_32_1
                0x4804e7c8                crossbarHook_28_0
                0x4804e930                crossbarHook_19_0
                0x4804ec28                crossbarHook_37_19
                0x4804f048                crossbarHook_36_15
                0x4804ef98                crossbarHook_36_19
                0x4804e4a8                crossbarHook_31_15
                0x4804e728                crossbarHook_30_1
                0x4804e7a0                crossbarHook_29_0
                0x4804ecac                crossbarHook_37_16
                0x4804ed5c                crossbarHook_37_12
                0x4804ee64                crossbarHook_37_6
                0x4804e4d0                crossbarHook_31_14
                0x4804e570                crossbarHook_31_10
                0x4804ef14                crossbarHook_37_2
                0x4804e688                crossbarHook_31_3
                0x4804e5e8                crossbarHook_31_7
                0x4804e390                crossbarHook_33_0
                0x4804e908                crossbarHook_20_0
                0x4804ea70                crossbarHook_11_0
                0x4804f258                crossbarHook_36_3
                0x4804eac0                crossbarHook_9_0
                0x4804f124                crossbarHook_36_10
                0x4804eb88                crossbarHook_4_0
 .text          0x4804f308        0x0 ETC/FormulaTable.o
 .text          0x4804f308        0x0 ETC/DriverTable.o
 .text          0x4804f308        0x0 ETC/MappingFunctionTable.o
 .text          0x4804f308        0x0 ETC/RtioL1RecordTable.o
 .text          0x4804f308        0x0 ETC/XCPTransportLayerFunctionsTable.o
 .text          0x4804f308        0x0 ETC/ChecksumAlgoTables.o
 .text          0x4804f308        0x0 CBC/CopyFunctionTable.o
 .text          0x4804f308        0x0 CBC/CrossbarL1RecordTable.o
 .text          0x4804f308       0x48 C:/ETAS/Compiler/INTECRIO5.0/QNXCompiler-V6.5\host\win32\x86/usr/lib/gcc/powerpc-unknown-nto-qnx6.5.0/4.4.2/spe/libgcc.a(_fixunsdfdi.o)
                0x4804f308                __fixunsdfdi
 .text          0x4804f350       0x40 C:/ETAS/Compiler/INTECRIO5.0/QNXCompiler-V6.5\host\win32\x86/usr/lib/gcc/powerpc-unknown-nto-qnx6.5.0/4.4.2/spe/libgcc.a(_floatundidf.o)
                0x4804f350                __floatundidf
 .text          0x4804f390       0x98 C:/ETAS/Compiler/INTECRIO5.0/QNXCompiler-V6.5\host\win32\x86/usr/lib/gcc/powerpc-unknown-nto-qnx6.5.0/4.4.2/spe/crtend.o
 .text          0x4804f428        0x0 C:/ETAS/Compiler/INTECRIO5.0/QNXCompiler-V6.5\target\qnx6/ppcbe-spe/lib/crtn.o
 .text          0x4804f428     0x23b4 C:\Program Files (x86)\ETAS\INTECRIO5.0\Target\Etarget\ES910\libes910.a(i_rtautil.o)
                0x4804f750                etasActivateTaskViaIsr
                0x48050c4c                startTaskHookMon
                0x4804fcf4                ErrorHook
                0x4804f4f8                osTraceStopwatch
                0x4804fa6c                switchToInactiveAppMode
                0x4804f434                isAppModeSwitchPending
                0x48050954                etasStartIsrHookMon
                0x48050b64                etasStartIsrHook
                0x4804f628                getModelRuntime
                0x4804f77c                restartModelProcess
                0x4804f428                GetNextAppMode
                0x4804f6a0                etasActivateTaskWithIdViaIsrHandler
                0x48050a50                etasEndIsrHook
                0x4804f464                checkInterruptOccurence
                0x48050f78                osekThreadSuspendRtSignals
                0x48050a88                etasEndIsrHookMon
                0x4804fa34                getCurTaskMonitor
                0x4804fc30                GetStopwatchUncertainty
                0x48050de8                endTaskHook
                0x4804fb1c                delayInitExitTask
                0x4804f480                rtaInitTarget
                0x4804fc88                OverrunHook
                0x4804f70c                etasActivateTaskWithIdViaIsr
                0x48050d24                startTaskHook
                0x4804f56c                etasDeInstallOsErrorHook
                0x4805127c                applicationModeManager
                0x4804f83c                terminateModelProcess
                0x48050674                StartupHook
                0x48050f3c                osekThreadResumeRtSignals
                0x4804f9e8                lockCriticalSection
                0x4804f900                isRtaOsekThreadContext
                0x4804f500                isInsideInitExitTask
                0x4804f52c                isInsideExitTask
                0x48050020                ShutdownHook
                0x4804f934                unlockCriticalSection
                0x4804f544                etasInstallOsErrorHook
                0x48050e60                endTaskHookMon
                0x4804f450                resetInterruptFlag
                0x4804f4f0                GetStopwatch
                0x4804f47c                etasRTATraceInitProcess
                0x4804f4e4                GetDeltaT
                0x4804f598                SetNextAppMode
                0x4804fbe4                tempMgrRegisterSigtermEvent
                0x4804f514                isInsideInitTask
                0x4804f470                getLastInterruptTimeTicks
 .text          0x480517dc     0x2058 C:\Program Files (x86)\ETAS\INTECRIO5.0\Target\Etarget\ES910\libes910.a(t_driverThreads.o)
                0x480525c8                osek_sendto
                0x48051e60                osek_msync
                0x48051bc0                osek_vfprintf
                0x48052c40                osek_MsgReceive
                0x480529a8                osek_MsgRead
                0x48052454                osek_cmsSendMessage
                0x48051964                osek_malloc
                0x48051918                osek_free
                0x480518a4                osek_fsync
                0x48052048                osek_unlink
                0x48051d00                osek_munmap
                0x480526a0                osek_devctl
                0x48052884                osek_close
                0x48052368                osek_cmsReceiveMessage
                0x480520bc                osek_system
                0x48052b08                osek_MsgError
                0x48052e64                osek_send
                0x48052b90                osek_MsgReply
                0x48051c78                osek_ftruncate
                0x48052a58                osek_MsgWrite
                0x48051fac                osek_lseek
                0x48052cf0                osek_MsgSend
                0x480524f0                osek_recvfrom
                0x48051efc                osek_fwrite
                0x48051af4                osek_vslogf
                0x48052130                osek_cmsReceiveMessageEx
                0x480517dc                etasSetNumberOfDriverThreads
                0x48052f14                etasCreateDriverThread
                0x48051d88                osek_mmap
                0x480527e8                osek_write
                0x48052db4                osek_recv
                0x480519d8                osek_etasLogCoreFeedRecordToBackends
                0x4805274c                osek_read
                0x480522b8                osek_cmsErrorState
                0x4805221c                osek_cmsSendMessageEx
                0x480528f8                osek_open
 .text          0x48053834      0x8fc C:\Program Files (x86)\ETAS\INTECRIO5.0\Target\Etarget\ES910\libes910.a(t_idle.o)
                0x48054058                initRtaTraceSupport
                0x48053a68                etasIdleProcess
                0x480538f4                signalStartupHookTermination
                0x48053880                apsGetPartitionId
                0x48053924                apsJoinPartition
                0x480538c4                signalShutdownHookTermination
                0x4805388c                getSysLoad
                0x48053834                etasInstallIdleHook
                0x4805385c                etasDeInstallIdleHook
 .text          0x48054130     0x1fcc C:\Program Files (x86)\ETAS\INTECRIO5.0\Target\Etarget\ES910\libes910.a(t_l1com.o)
                0x48054130                setL1ComBufferSize
                0x48054170                l1SetBusyState
                0x480542f0                l1SignalIdleState
                0x48054698                waitForL1Request
                0x48054c88                createL1ModelThread
                0x48054bd4                serveL1Request
                0x480545e0                etasL1Process
 .text          0x480560fc      0xcc4 C:\Program Files (x86)\ETAS\INTECRIO5.0\Target\Etarget\ES910\libes910.a(t_main.o)
                0x48056358                main
 .text          0x48056dc0      0x9f0 C:\Program Files (x86)\ETAS\INTECRIO5.0\Target\Etarget\ES910\libes910.a(t_mlog.o)
                0x48056de4                getDriverLogging
                0x48056df0                getUserSeverity
                0x48056dd8                getUserLogging
                0x48056e7c                mlog_setSeverityFilterUser
                0x48056e50                mlog_setSeverityFilterDrv
                0x48056dfc                getDriverSeverity
                0x48057538                mlog_init
                0x4805723c                mlog_updateLoggingConfiguration
                0x48056dc0                getUserLogChan
                0x48057328                mlog_startLogConfigThread
                0x48056dcc                getDrvLogChan
                0x48056e08                mlog_debugLog
 .text          0x480577b0      0xfac C:\Program Files (x86)\ETAS\INTECRIO5.0\Target\Etarget\ES910\libes910.a(t_qnxtargetutil.o)
                0x48057cdc                qnxThreadJoinPartition
                0x48057a0c                qnxLockSetSockEnvironmentVariable
                0x4805812c                qnxPrintProcesses
                0x480577c0                qnxCheckBootFromFlash
                0x4805805c                qnxPrintCpuLoad
                0x480577dc                qnxCheckHaltedModel
                0x48057804                qnxRestoreUnlockSockEnvironmentVariable
                0x480577b0                qnxSetBootFromFlash
                0x48058674                qnxPrintSavedErrorMessages
                0x480577e8                qnxSetStandalone
                0x48057ff8                qnxAdjustThreadPriority
                0x480577cc                qnxSetHaltedModel
                0x48057d5c                qnxGetSetRunInheritMask
                0x480577f8                qnxCheckStandalone
 .text          0x4805875c      0x638 C:\Program Files (x86)\ETAS\INTECRIO5.0\Target\Etarget\ES910\libes910.a(t_targetutil.o)
                0x480587ac                initL2CachePerfMeas
                0x48058cd4                es910GetSerialNumber
                0x4805875c                GetSystemTimeLow
                0x48058c7c                es910GetPcbRevision
                0x48058cb0                es910PiggyGetSerialNumber
                0x48058908                getL2CachePerf
                0x48058a10                es910PrintFwVersions
                0x480588b4                getL2CachePerfRaw
                0x4805876c                GetSystemTime
                0x48058d60                es910MapCCSRMemoryRange
                0x48058764                GetSystemTimeHigh
                0x48058c48                es910PiggyGetPcbRevision
                0x48058cf8                waitMicroseconds
 .text          0x48058d94      0x2f4 C:\Program Files (x86)\ETAS\INTECRIO5.0\Target\Etarget\ES910\libes910.a(t_watchdog.o)
                0x48058da4                wdDisableAutoService
                0x48058e6c                etasServiceWatchdog
                0x48058dfc                wdService
                0x48058ee4                wdSetEventPeriod
                0x48058d94                wdEnableAutoService
                0x48058db4                wdSetApplicationName
                0x48058e3c                triggerWD
                0x48058dc0                wdDisconnect
 .text          0x48059088      0x848 C:\Program Files (x86)\ETAS\INTECRIO5.0\Target\Etarget\ES910\libes910.a(p_chario.o)
                0x4805963c                IOWrite
                0x48059088                IOIsLogOn
                0x48059094                IOLogOff
                0x480590f0                IOLogOn
                0x480593bc                IOPrintf
 .text          0x480598d0      0x31c C:\Program Files (x86)\ETAS\INTECRIO5.0\Target\Etarget\ES910\libes910.a(t_hwTimeSync.o)
                0x480598d0                es9xxTimeSyncGetTimerValue
                0x480599c4                es9xxTimeSyncGetTimerStatus
                0x48059b18                es9xxTimeSyncInit
                0x48059954                getLocalSystemTime
 .text          0x48059bec      0x224 C:\Program Files (x86)\ETAS\INTECRIO5.0\Target\Etarget\ES910\libes910.a(t_led.o)
                0x48059bec                userLed2Off
                0x48059c84                userLed2Toggle
                0x48059d90                ledsOff
                0x48059d58                userLed1Toggle
                0x48059d0c                userLed1On
                0x48059cbc                userLed1Off
                0x48059c38                userLed2On
 .text          0x48059e10     0x2178 C:\Program Files (x86)\ETAS\INTECRIO5.0\Target\Etarget\ES910\libtarget.a(a_dacqui.o)
                0x4805b464                asdSimPreCall
                0x4805bf18                asdSimPostCall
                0x4805b4e8                getDacqTimeFor
                0x4805be10                storeMeasureDataForGroup
                0x4805b660                applicationStartUserMode
                0x4805b638                resetLogSimulationTime
                0x4805a0c8                etasAscetLoggingBufferFillLevel
                0x4805b5ac                getLogSimulationTime
                0x4805a0fc                etasAscetLoggingOverflowCounter
                0x4805a140                asdDisableUserDefinedTime
                0x4805b5d4                getSimulationTime
                0x4805a064                setSimulationTime
                0x4805a130                asdEnableUserDefinedTime
                0x4805b1a0                checkForBufferOverflow
                0x4805b600                resetDacqTimeFor
                0x4805a038                setLogSimulationTime
                0x4805a030                setDacqTimeFor
                0x48059e10                applicationStopUserMode
                0x4805b740                timeMeasurementStop
                0x4805a094                etasAscetLoggingBufferSize
                0x4805b7e8                logDataForChannel
                0x4805bc34                storeLogDataForGroup
                0x4805b794                timeMeasurementStart
                0x4805b6e0                timeInSeconds
 .text          0x4805bf88       0xd8 C:\Program Files (x86)\ETAS\INTECRIO5.0\Target\Etarget\ES910\libtarget.a(a_l1pro.o)
                0x4805bf88                forwardToProcess
                0x4805bfe4                startUpSimulation
 .text          0x4805c060     0x4c88 C:\Program Files (x86)\ETAS\INTECRIO5.0\Target\Etarget\ES910\libtarget.a(a_primit.o)
                0x480607ac                v3_initInstance_uint16
                0x4805df04                Vec_uint32_getAtProtected
                0x4805f428                v3_initInstance_Mat_real64
                0x4805ead0                v3_initInstance_Mat_bool
                0x48060428                initInstance_GroupCharTable2
                0x48060064                initInstance_Vec_real32
                0x4805d694                Mat_sint16_setAtProtected
                0x4805d50c                Mat_uint16_setAtProtected
                0x4805f1d4                v3_initInstance_Mat_sint8
                0x4805f2fc                v3_initInstance_Mat_real32
                0x4805ee54                v3_initInstance_Mat_uint16
                0x4805dd78                Vec_qreal64_getAtProtected
                0x48060c78                delete_Mat
                0x4805c8e8                addVector
                0x4805f70c                v3_initInstance_Vec_bool
                0x4805ef5c                initInstance_Mat_uint16
                0x48060404                initInstance_uint32
                0x480608b0                initInstance_sint16
                0x4805e730                qreal64_set
                0x48060a6c                initInstance_real32
                0x4805fe04                initInstance_Vec_uint8
                0x48060bb8                delete_CharTable2
                0x4805e290                Vec_uint8_getAtProtected
                0x4806081c                initInstance_uint16
                0x4805c0ec                removeMatrix
                0x4805e214                Vec_uint8_setAtProtected
                0x4805ed28                v3_initInstance_Mat_sint32
                0x4805f818                initInstance_Vec_bool
                0x4805cf74                Mat_real64_getAtProtected
                0x4805ce84                Mat_real64_setAtProtected
                0x4805ebd8                initInstance_Mat_bool
                0x4805fa78                initInstance_Vec_sint32
                0x480608d4                v3_initInstance_uint8
                0x4805e624                Vec_qreal64_setAtProtected
                0x4805c7b4                addMatrix
                0x4805e90c                v3_initInstance_Mat_qreal64
                0x4805da64                Mat_sint8_getAtProtected
                0x480605b0                initInstance_GroupCharTable1
                0x4805d760                Mat_sint16_getAtProtected
                0x4805f83c                v3_initInstance_Vec_uint32
                0x4805e36c                Vec_sint8_getAtProtected
                0x4805d450                Mat_sint32_getAtProtected
                0x4805e3d0                qreal64_adjust
                0x48060cb0                delete_Vec
                0x4805fbcc                v3_initInstance_Vec_sint16
                0x4805fcd8                initInstance_Vec_sint16
                0x4805dc58                Vec_real64_setAtProtected
                0x4805e04c                Vec_uint16_setAtProtected
                0x4805dda0                Vec_real32_setAtProtected
                0x4805f1b0                initInstance_Mat_uint8
                0x4805d2c8                Mat_uint32_getAtProtected
                0x4805c06c                getBasicType
                0x4805ff54                v3_initInstance_Vec_real32
                0x4805e4f4                Mat_qreal64_setAtProtected
                0x4805dbf4                Vec_bool_getAtProtected
                0x48060b08                initInstance_real64
                0x4805f6d4                initInstance_Vec_qreal64
                0x48060bf8                delete_GroupCharTable1
                0x48060718                v3_initInstance_sint32
                0x4805f404                initInstance_Mat_real32
                0x4805e2f0                Vec_sint8_setAtProtected
                0x4805d140                Mat_real32_getAtProtected
                0x4805db74                Vec_bool_setAtProtected
                0x4805c1dc                removeVector
                0x4805cdc8                Mat_bool_getAtProtected
                0x48060c38                delete_CharTable1
                0x48060788                initInstance_sint32
                0x4805ebfc                v3_initInstance_Mat_uint32
                0x480609d8                initInstance_sint8
                0x480604ec                initInstance_CharTable2
                0x480602c8                initInstance_qreal64
                0x4805d1fc                Mat_uint32_setAtProtected
                0x4805d5d8                Mat_uint16_getAtProtected
                0x4805f530                initInstance_Mat_real64
                0x48060a90                v3_initInstance_real64
                0x48060394                v3_initInstance_uint32
                0x4805c078                getPrimitiveType
                0x4805cc64                Mat_setCurSizeYProtected
                0x4805fe28                v3_initInstance_Vec_sint8
                0x48060944                initInstance_uint8
                0x4805fa9c                v3_initInstance_Vec_uint16
                0x4805c060                getTypeSize
                0x4805ee30                initInstance_Mat_sint32
                0x480609fc                v3_initInstance_real32
                0x48060b78                delete_GroupCharTable2
                0x4805ccfc                Mat_bool_setAtProtected
                0x4805ed04                initInstance_Mat_uint32
                0x48060370                initInstance_bool
                0x4805de84                Vec_uint32_setAtProtected
                0x4805f554                v3_initInstance_Vec_qreal64
                0x4805ea90                initInstance_Mat_qreal64
                0x4805d04c                Mat_qreal64_getAtProtected
                0x4805fcfc                v3_initInstance_Vec_uint8
                0x4805dfe8                Vec_sint32_getAtProtected
                0x4805f088                initInstance_Mat_sint16
                0x4805e0cc                Vec_uint16_getAtProtected
                0x4805db20                Vec_setCurSizeProtected
                0x48060968                v3_initInstance_sint8
                0x4805dcf8                Vec_real64_getAtProtected
                0x4805d81c                Mat_uint8_setAtProtected
                0x4805f948                initInstance_Vec_uint32
                0x4805ef80                v3_initInstance_Mat_sint16
                0x4805df68                Vec_sint32_setAtProtected
                0x48060b2c                initInstance_reference
                0x4805e1b0                Vec_sint16_getAtProtected
                0x4805d99c                Mat_sint8_setAtProtected
                0x4805ccb0                Mat_setCurSizeXProtected
                0x48060300                v3_initInstance_bool
                0x48060664                initInstance_CharTable1
                0x480601b8                v3_initInstance_qreal64
                0x4805e878                initInstance_quantInfo
                0x4805d074                Mat_real32_setAtProtected
                0x4805f2d8                initInstance_Mat_sint8
                0x4805f96c                v3_initInstance_Vec_sint32
                0x4805de20                Vec_real32_getAtProtected
                0x4805d384                Mat_sint32_setAtProtected
                0x4805ff30                initInstance_Vec_sint8
                0x4805e130                Vec_sint16_setAtProtected
                0x4805d8e4                Mat_uint8_getAtProtected
                0x48060840                v3_initInstance_sint16
                0x4805f0ac                v3_initInstance_Mat_uint8
                0x4805fba8                initInstance_Vec_uint16
                0x48060194                initInstance_Vec_real64
                0x48060088                v3_initInstance_Vec_real64
 .text          0x48060ce8       0x20 C:\Program Files (x86)\ETAS\INTECRIO5.0\Target\Etarget\ES910\libtarget.a(a_sysver.o)
                0x48060cfc                getBuildRevision
                0x48060ce8                getSystemLibVersion
                0x48060cf4                getSystemLibCid
 .text          0x48060d08     0x305c C:\Program Files (x86)\ETAS\INTECRIO5.0\Target\Etarget\ES910\libtarget.a(a_targma.o)
                0x48061c08                perfMeasStop
                0x480625d8                asdMalloc
                0x480629cc                addToActiveSimObjList
                0x48060e88                getTargetL1BufferSizeCode
                0x48062b5c                asdWriteUserError
                0x48060e20                setTargetL1BufferSize
                0x48063494                perfMeasDisplay
                0x48060dec                getSimObjPtr
                0x48061ed8                asdFree
                0x48062b30                asdClearUserError
                0x48060ee0                resetPerfMeasObj
                0x480623ac                asdMallocNoInit
                0x4806334c                asdWriteUserDebug
                0x48060d38                searchInActiveList
                0x48062584                asdCalloc
                0x48060e7c                getTargetL1BufferSize
                0x48060d94                removeFromActiveSimObjList
                0x48061cb0                perfMeasStart
                0x48060d14                instanceTreeMallocOn
                0x48062504                createPerfMeasObj
                0x480636dc                etasInitModelProcess
                0x480616ac                getObjectsRecursive
                0x48061d1c                availableMemory
                0x48060d24                instanceTreeMallocOff
                0x48061dd0                asdFreeAll
                0x4806286c                updateCTBlocks
                0x48062234                asdRealloc
                0x480621f4                deletePerfMeasObj
                0x48060d08                getInstanceTreeMemoryConsumption
 .text          0x48063d64     0x14ac C:\Program Files (x86)\ETAS\INTECRIO5.0\Target\Etarget\ES910\libtarget.a(i_cpyfnc.o)
                0x48064094                copyPlainFromFloat
                0x48064bc0                copyScalSatTypeSatFromFloat
                0x480651f8                copyInt
                0x48065204                copyDouble
                0x480651ec                copyShort
                0x48064728                copyScalFromValidFloat
                0x4806496c                copyScalSatFromFloat
                0x480642b4                copySatFromFloat
                0x48063d64                copyPlainToFloat
                0x48063fb4                copyScalSatToFloat
                0x48063efc                copyScalToFloat
                0x480651e0                copyByte
                0x48064f84                copyBoolSatFromFloat
                0x48063e30                copySatToFloat
                0x480644f8                copyScalFromFloat
 .text          0x48065210     0x530c C:\Program Files (x86)\ETAS\INTECRIO5.0\Target\Etarget\ES910\libtarget.a(i_mapfnc.o)
                0x480655a8                var2BufByteOffsetReal64
                0x48067880                var2BufBypassSint8
                0x480665e4                var2Buf64BitIntelSint32
                0x48065794                var2BufByteOffsetBool
                0x48068664                var2BufIndirectMotorolaReal32
                0x48065564                buf2VarSimpleUint8
                0x48065828                buf2VarByteOffsetSint32
                0x480689d8                buf2VarIndirectMotorolaSint32
                0x48069d00                var2BufIndirectIntelSint16
                0x4806a4c8                bufGenFrameInit
                0x48068504                buf2VarGenFrameIntelSint32
                0x4806a21c                buf2VarBypassIntelUint16
                0x48065ce8                var2Buf64BitMotorolaUint16
                0x480664c8                var2Buf64BitIntelUint32
                0x48066ccc                buf2Var64BitMotorolaReal32
                0x4806767c                var2BufBypassMotorolaReal64
                0x48065d94                var2Buf64BitMotorolaSint16
                0x480656b0                var2BufByteOffsetSint16
                0x4806551c                buf2VarSimpleSint32
                0x480679c0                buf2VarBypassMotorolaSint32
                0x48065878                buf2VarByteOffsetSint8
                0x48068728                var2BufIndirectMotorolaUint16
                0x48067990                buf2VarBypassMotorolaUint32
                0x48066f9c                buf2Var64BitMotorolaUint8
                0x4806a058                var2BufBypassMaskedIntelBoolUint32
                0x48068938                buf2VarIndirectMotorolaReal64
                0x48065414                var2BufSimpleBool
                0x48068344                buf2VarGenFrameMotorolaSint32
                0x48066eb8                buf2Var64BitMotorolaSint32
                0x48065f90                var2Buf64BitMotorolaBool
                0x480684c4                buf2VarGenFrameIntelUint32
                0x48068284                var2BufGenFrameIntelBool
                0x48068244                var2BufGenFrameIntelSint8
                0x48067fc4                var2BufGenFrameMotorolaSint16
                0x48068644                var2BufIndirectMotorolaReal64
                0x480656fc                var2BufByteOffsetUint8
                0x48065928                var2Buf64BitMotorolaUint64
                0x48067f84                var2BufGenFrameMotorolaUint16
                0x4806a2ac                buf2VarBypassIntelUint32
                0x4806a3e0                var2BufBypassIntelSint32
                0x480654d8                buf2VarSimpleReal64
                0x48067a70                buf2VarBypassIntelReal64
                0x4806583c                buf2VarByteOffsetUint16
                0x4806528c                var2BufSimpleSint32
                0x48067d98                var2BufBypassMaskedUint8
                0x48067b48                var2BufBypassMaskedMotorolaUint32
                0x48065748                var2BufByteOffsetSint8
                0x48066158                var2Buf64BitIntelUint64
                0x4806896c                buf2VarIndirectMotorolaReal32
                0x48067940                buf2VarBypassMotorolaReal64
                0x48068084                var2BufGenFrameMotorolaBool
                0x48066700                var2Buf64BitIntelUint16
                0x480655cc                var2BufByteOffsetUint32
                0x48069bcc                buf2VarIndirectIntelUint16
                0x48065890                buf2VarByteOffsetBool
                0x48069f48                var2BufBypassMaskedIntelSint16
                0x4806547c                var2BufSimpleUint8Bool
                0x48067744                var2BufBypassMotorolaUint16
                0x48069fd0                var2BufBypassMaskedIntelUint16
                0x48065504                buf2VarSimpleUint32
                0x48068044                var2BufGenFrameMotorolaSint8
                0x48066088                var2Buf64BitIntelReal32
                0x48068b64                buf2VarIndirectSint8
                0x48066d14                buf2Var64BitMotorolaUint64
                0x48067f04                var2BufGenFrameMotorolaUint32
                0x48068fe4                var2BufGenFrameMotorolaReal64
                0x4806a440                var2BufBypassIntelUint32
                0x48068404                buf2VarGenFrameMotorolaUint8
                0x48066f00                buf2Var64BitMotorolaUint16
                0x480675e8                buf2Var64BitIntelSint8
                0x480680c4                var2BufGenFrameIntelReal32
                0x4806709c                buf2Var64BitIntelReal32
                0x48066034                var2Buf64BitIntelReal64
                0x48067c6c                var2BufBypassMaskedMotorolaUint16
                0x48066310                var2Buf64BitIntelSint64
                0x48068184                var2BufGenFrameIntelUint16
                0x48069acc                buf2VarGenFrameIntelReal64
                0x48067790                var2BufBypassMotorolaSint16
                0x4806a2f0                buf2VarBypassIntelReal32
                0x4806a268                buf2VarBypassIntelSint32
                0x48065618                var2BufByteOffsetSint32
                0x4806720c                buf2Var64BitIntelSint64
                0x480682c4                buf2VarGenFrameMotorolaReal32
                0x4806a4f4                bufBypassInit
                0x48067424                buf2Var64BitIntelUint16
                0x48067c10                var2BufBypassMaskedMotorolaBoolUint32
                0x48069e38                var2BufIndirectIntelUint32
                0x480683c4                buf2VarGenFrameMotorolaSint16
                0x48065e40                var2Buf64BitMotorolaUint8
                0x48067118                buf2Var64BitIntelUint64
                0x48068584                buf2VarGenFrameIntelSint16
                0x48068144                var2BufGenFrameIntelSint32
                0x480697bc                buf2VarGenFrameMotorolaReal64
                0x48067550                buf2Var64BitIntelUint8
                0x48067e68                var2BufBypassMaskedBoolUint8
                0x4806969c                buf2VarGenFrameMotorolaUint64
                0x48068a60                buf2VarIndirectMotorolaSint16
                0x48068484                buf2VarGenFrameIntelReal32
                0x48065ba0                var2Buf64BitMotorolaUint32
                0x48069ea0                var2BufIndirectIntelReal32
                0x480655b8                var2BufByteOffsetReal32
                0x48069ed0                var2BufBypassMaskedIntelBoolUint16
                0x48067b10                buf2VarBypassSint8
                0x48066a68                var2Buf64BitIntelSint8
                0x48065c44                var2Buf64BitMotorolaSint32
                0x480674bc                buf2Var64BitIntelSint16
                0x48066948                var2Buf64BitIntelUint8
                0x48068e6c                var2BufGenFrameMotorolaUint64
                0x48068384                buf2VarGenFrameMotorolaUint16
                0x48067ad8                buf2VarBypassUint8
                0x480658cc                var2Buf64BitMotorolaReal32
                0x48068544                buf2VarGenFrameIntelUint16
                0x48065578                buf2VarSimpleSint8
                0x48068680                var2BufIndirectMotorolaUint32
                0x48069948                buf2VarGenFrameIntelSint64
                0x48067a30                buf2VarBypassMotorolaSint16
                0x4806523c                var2BufSimpleUint32
                0x48069578                buf2VarGenFrameMotorolaSint64
                0x480658a4                buf64BitInit
                0x48068aac                buf2VarIndirectIntelReal64
                0x48069cc4                buf2VarIndirectIntelReal32
                0x480676f8                var2BufBypassMotorolaSint32
                0x4806a380                var2BufBypassIntelUint16
                0x48068444                buf2VarGenFrameMotorolaSint8
                0x48068cf4                var2BufGenFrameMotorolaSint64
                0x48067cd4                var2BufBypassMaskedMotorolaSint16
                0x48067d3c                var2BufBypassMaskedMotorolaBoolUint16
                0x48069320                var2BufGenFrameIntelUint64
                0x48068004                var2BufGenFrameMotorolaUint8
                0x4806537c                var2BufSimpleUint8
                0x48065800                buf2VarByteOffsetReal32
                0x48068884                var2BufIndirectSint8
                0x480654ec                buf2VarSimpleReal32
                0x48069c24                buf2VarIndirectIntelSint32
                0x4806a320                var2BufBypassIntelSint16
                0x48066e70                buf2Var64BitMotorolaUint32
                0x480676ac                var2BufBypassMotorolaUint32
                0x4806a150                var2BufBypassMaskedIntelUint32
                0x480687d0                var2BufIndirectIntelReal64
                0x48067e00                var2BufBypassMaskedSint8
                0x48065814                buf2VarByteOffsetUint32
                0x480681c4                var2BufGenFrameIntelSint16
                0x48065590                buf2VarSimpleBool
                0x48065534                buf2VarSimpleUint16
                0x48066fec                buf2Var64BitMotorolaSint8
                0x480679f8                buf2VarBypassMotorolaUint16
                0x480657f0                buf2VarByteOffsetReal64
                0x48069dd0                var2BufIndirectIntelSint32
                0x48068a1c                buf2VarIndirectMotorolaUint16
                0x48069a0c                buf2VarGenFrameIntelUint64
                0x480677dc                var2BufBypassIntelReal64
                0x48067304                buf2Var64BitIntelUint32
                0x48066f50                buf2Var64BitMotorolaSint16
                0x48067f44                var2BufGenFrameMotorolaSint32
                0x48066ca8                buf2Var64BitMotorolaReal64
                0x48066dc0                buf2Var64BitMotorolaSint64
                0x48065850                buf2VarByteOffsetSint16
                0x48068830                var2BufIndirectUint8
                0x480685c4                buf2VarGenFrameIntelUint8
                0x48069d68                var2BufIndirectIntelUint16
                0x48068b20                buf2VarIndirectUint8
                0x480688d8                var2BufIndirectBool
                0x4806a4a0                var2BufBypassIntelReal32
                0x48068104                var2BufGenFrameIntelUint32
                0x480652dc                var2BufSimpleUint16
                0x480686d4                var2BufIndirectMotorolaSint32
                0x48068304                buf2VarGenFrameMotorolaUint32
                0x48065664                var2BufByteOffsetUint16
                0x48067038                buf2Var64BitIntelReal64
                0x48067394                buf2Var64BitIntelSint32
                0x48067ec4                var2BufGenFrameMotorolaReal32
                0x48065ee8                var2Buf64BitMotorolaSint8
                0x48068ba8                formulaOutReal64
                0x480653c8                var2BufSimpleSint8
                0x48068604                buf2VarGenFrameIntelSint8
                0x48068bc4                formulaInReal64
                0x480658b8                var2Buf64BitMotorolaReal64
                0x4806532c                var2BufSimpleSint16
                0x48068204                var2BufGenFrameIntelUint8
                0x4806796c                buf2VarBypassMotorolaReal32
                0x4806899c                buf2VarIndirectMotorolaUint32
                0x4806941c                var2BufGenFrameIntelReal64
                0x4806877c                var2BufIndirectMotorolaSint16
                0x48066824                var2Buf64BitIntelSint16
                0x48067834                var2BufBypassUint8
                0x4806554c                buf2VarSimpleSint16
                0x48069c74                buf2VarIndirectIntelUint32
                0x48067bac                var2BufBypassMaskedMotorolaSint32
                0x48069b74                buf2VarIndirectIntelSint16
                0x48065210                var2BufSimpleReal64
                0x48067698                var2BufBypassMotorolaReal32
                0x48065864                buf2VarByteOffsetUint8
                0x48069224                var2BufGenFrameIntelSint64
                0x4806a0d0                var2BufBypassMaskedIntelSint32
                0x48065a64                var2Buf64BitMotorolaSint64
                0x4806a1d0                buf2VarBypassIntelSint16
                0x48065224                var2BufSimpleReal32
                0x480678cc                var2BufBypassBool
                0x48066b88                var2Buf64BitIntelBool
 .text          0x4806a51c      0xee4 C:\Program Files (x86)\ETAS\INTECRIO5.0\Target\Etarget\ES910\libtarget.a(i_osman.o)
                0x4806b204                etasRemoveStopUserModeCallback
                0x4806aa70                activateTaskWithId
                0x4806a5d8                findCurAppModeName
                0x4806a744                getTaskIdForTask
                0x4806a848                clearMeasureGroupForTask
                0x4806a8e0                clearLogGroupForTask
                0x4806b0e0                etasInitTaskTerminationHook
                0x4806a924                isModelStarted
                0x4806a540                getEEId
                0x4806a674                getTaskPtrForId
                0x4806b3c8                etasAddInitTaskTerminationCallback
                0x4806a94c                updateUserModeState
                0x4806b390                etasAddStopUserModeCallback
                0x4806afdc                etasStopUserModeHook
                0x4806a51c                etasInitOsProcess
                0x4806a784                findCurTaskName
                0x4806a86c                setMeasureGroupForTask
                0x4806a904                setLogGroupForTask
                0x4806b23c                etasRemoveInitTaskTerminationCallback
 .text          0x4806b400     0x73e0 C:\Program Files (x86)\ETAS\INTECRIO5.0\Target\Etarget\ES910\libtarget.a(i_rtioma.o)
                0x4806b43c                rtioCheckStartup
                0x4806b498                registerRtioDriverLockedCallback
                0x4806b48c                etasRtioInitProcess
                0x48072188                rtioHook
                0x480719d0                rtioSignalDriverLock
                0x4806b494                etasRtioExitProcess
                0x4807189c                etasRtioIntDisableProcess
                0x4806b430                rtioSetConfigState
                0x4806b518                deRegisterRtioDriverLockedCallback
                0x480718f0                rtioSignalDriverUnlock
                0x480718bc                etasRtioStartupProcess
                0x4806b424                rtioGetConfigState
                0x4806b59c                rtioGetDriverLockedState
                0x4806b480                rtioIsOsExpertModeActive
                0x4806b474                rtioGetHwAbsenceBehavior
                0x4806b400                rtioSetLogPort
                0x4806b490                etasRtioIntEnableProcess
                0x4806b40c                rtioSetConfigId
 .text          0x480727e0      0x550 C:\Program Files (x86)\ETAS\INTECRIO5.0\Target\Etarget\ES910\libtarget.a(i_salone.o)
                0x48072cdc                crossbarPrepareReconnection
                0x48072aec                crossbarGetNextConfigResponse
                0x48072948                playbackConfigL1Records
                0x48072c88                rtioPrepareReconnection
                0x48072bf0                crossbarFinishReconnection
                0x48072a80                rtioGetNextConfigResponse
                0x48072b58                rtioFinishReconnection
 .text          0x48072d30     0x1830 C:\Program Files (x86)\ETAS\INTECRIO5.0\Target\Etarget\ES910\libtarget.a(t_croman.o)
                0x48072d3c                crossbarSetConfigId
                0x48072d54                crossbarGetConfigState
                0x48072d30                crossbarSetLogPort
                0x48072d60                crossbarSetConfigState
                0x480744bc                crossbarHook
 .text          0x48074560      0xcb0 C:\Program Files (x86)\ETAS\INTECRIO5.0\Target\Etarget\ES910\libtarget.a(t_crosll.o)
                0x48074834                createCopyObjectContainer
                0x480748b0                insertObjectIntoCopyLists
                0x48074b34                commonCreateCopyAction
                0x480750b4                cromanExecuteObj
                0x48074560                internalDeleteCopyAction
                0x48074a04                createInsertVector
 .text          0x48075210     0x1cf0 C:\Program Files (x86)\ETAS\INTECRIO5.0\Target\Etarget\ES910\libtarget.a(t_nvram.o)
                0x48075344                nvramClear
                0x480752f4                nvramEnableAutoUpdate
                0x4807537c                nvramResetStatistics
                0x48075210                nvramSetUpdateInterval
                0x480752e8                nvramGetConsistencyLevel
                0x480764a4                nvramUpdateMemoryBackground
                0x48076904                nvramInit
                0x48075338                nvramCheckRunningUpdate
                0x48076408                nvramManualUpdateExit
                0x480762d0                nvramManualUpdateBackground
                0x48075328                nvramCheckForAutoUpdate
                0x48076694                nvramInitModelVars
                0x48075370                nvramCheckForInitializedVars
                0x480758a0                nvramGetUpdateAgeMs
                0x4807619c                nvramManualUpdateBlocked
                0x480752c8                nvramSetConsistencyLevel
                0x48075310                nvramDisableAutoUpdate
                0x480753e0                nvramGetStatistics
                0x48075264                nvramGetUpdateInterval
 .text          0x48076f00      0x6ec C:\Program Files (x86)\ETAS\INTECRIO5.0\Target\Etarget\ES910\libtarget.a(t_objlis.o)
                0x480774f4                createObjList
                0x48076f00                dumpObjList
 .text          0x480775ec      0xcd8 C:\Program Files (x86)\ETAS\INTECRIO5.0\Target\Etarget\ES910\libtarget.a(t_rtcros.o)
                0x48077804                getObjectFromDynamicInstanceTree
                0x480775f8                deleteInstance_container
                0x48077ca8                removeObjectFromDynamicInstanceTree
                0x48077694                initInstance_container
                0x48077e78                getValuePtr
                0x48077d90                addObjectToDynamicInstanceTree
                0x48077c24                getNextFreeRefIdOfDynamicInstanceTree
                0x480775ec                rtcrosSetLogPort
                0x480777d4                createDynamicInstanceTree
                0x48077ef0                processBlockCommands
 .text          0x480782c4     0x1b38 C:\Program Files (x86)\ETAS\INTECRIO5.0\Target\Etarget\ES910\libtarget.a(t_sgman.o)
                0x48079cc0                sgHook
                0x48078424                sgGetComVarPtr
                0x48079c84                deleteComVarCallback
                0x480782c4                sgGetCurTime
                0x48079c28                sgGetObjPtr
 .text          0x48079dfc     0x14d0 C:\Program Files (x86)\ETAS\INTECRIO5.0\Target\Etarget\ES910\libtarget.a(y_primit.o)
                0x4807a700                initInstance_columnDirMatrixWrapper
                0x4807b1bc                initInstance_charTable1Wrapper
                0x4807ac58                initInstance_columnDirGroupCharTable2Wrapper
                0x4807a864                initInstance_matrixWrapper
                0x4807ae58                initInstance_groupCharTable1Wrapper
                0x4807ab18                initInstance_scalarWrapper
                0x4807ad58                initInstance_groupCharTable2Wrapper
                0x4807a9c8                initInstance_vectorWrapper
                0x4807b080                initInstance_charTable2Wrapper
                0x4807af44                initInstance_columnDirCharTable2Wrapper
 .text          0x4807b2cc     0x19c0 C:\Program Files (x86)\ETAS\INTECRIO5.0\Target\Etarget\ES910\libtarget.a(a1b_dacq.o)
                0x4807b3bc                getA1bGroup
                0x4807c644                instanciateA1bChannel
                0x4807bb54                getA1bChannelGroupUpdateOffline
                0x4807ca6c                storeA1bDataForGroup
                0x4807c108                destructA1bChannelGroup
                0x4807c440                instanciateA1bGroup
                0x4807c1e0                freeA1bMeasureBuffers
                0x4807ca4c                allocateA1bMeasureBuffers
                0x4807b378                addA1bChannelToA1bGroup
                0x4807bef0                destructA1bChannel
                0x4807b458                removeA1bChannelFromA1bGroup
 .text          0x4807cc8c     0x1060 C:\Program Files (x86)\ETAS\INTECRIO5.0\Target\Etarget\ES910\libtarget.a(a_contai.o)
                0x4807d39c                dVectorRewindHeadReentrant
                0x4807d2e0                dVectorRemoveObject
                0x4807d46c                dVectorCreate
                0x4807cce4                dListGetObjectForward
                0x4807cfe0                dTableRemoveLastObject
                0x4807da18                dTableDelete
                0x4807d134                dVectorGetObject
                0x4807cccc                dListRewindTailReentrant
                0x4807d4c4                dTableCreate
                0x4807ce9c                dTableGetObject
                0x4807cf38                dTableIsEmpty
                0x4807d11c                dTableNofObjects
                0x4807cd3c                dListGetObjectBackward
                0x4807d840                dTableAddObject
                0x4807d9e4                dTableDeleteStatic
                0x4807d248                dVectorRemoveLastObject
                0x4807d1c0                dVectorRemoveFirstObject
                0x4807cf58                dTableRemoveFirstObject
                0x4807ccb8                dListRewindTail
                0x4807d5c0                dListAddObjectHead
                0x4807dc8c                dListDelete
                0x4807da5c                dListRemoveObject
                0x4807cd94                dListGetObjectAtIndex
                0x4807d6a4                dVectorAddObject
                0x4807cd68                dListGetObjectBackwardReentrant
                0x4807ce68                dTableCreateStatic
                0x4807cd10                dListGetObjectForwardReentrant
                0x4807d160                dVectorRemoveObjectAtIndex
                0x4807d3a4                dVectorGetObjectForwardReentrant
                0x4807d3f8                dVectorGetIndexOfLastEntry
                0x4807db5c                dListRemoveObjectTail
                0x4807d51c                dListAddObjectTail
                0x4807ced4                dTableRemoveObject
                0x4807d7fc                dVectorDelete
                0x4807dbf4                dListRemoveObjectHead
                0x4807d37c                dVectorIsEmpty
                0x4807ce24                dListIsEmpty
                0x4807d668                dListCreate
                0x4807d078                dTableTestFunc
                0x4807d3e0                dVectorNofObjects
                0x4807cc8c                dListRewindHead
                0x4807ce50                dListNofObjects
                0x4807cca0                dListRewindHeadReentrant
 .text          0x4807dcec      0x498 C:\Program Files (x86)\ETAS\INTECRIO5.0\Target\Etarget\ES910\libtarget.a(i_transf.o)
                0x4807df88                transferToMatrix
                0x4807dd88                transferToVector
                0x4807dcec                transferFromVector
                0x4807de24                transferFromMatrix
                0x4807e0ec                transferDirect
 .text          0x4807e184     0x2378 C:\Program Files (x86)\ETAS\INTECRIO5.0\Target\Etarget\ES910\libtarget.a(t_sglow.o)
                0x4807f0e0                freeDataSignal
                0x4807f510                makeDataSignal
                0x4807ecf4                computeTimeSliceTimes
                0x4807e9bc                setSinewaveSignal
                0x4807e3b0                getIntervalNr
                0x4807eff4                deleteTimeSlice
                0x48080260                freeChannel
                0x4807f548                makeLinearSignal
                0x48080354                freeStimuliSet
                0x4807eb14                setIntervalPulseSignal
                0x4807f144                freeInterval
                0x4807eac8                setPulseSignal
                0x4807eca0                setTimeSlice
                0x4807e2e8                insertTimeSlice
                0x4807f3a4                makeSinewaveSignal
                0x4807f8e0                makeIntervalDataSignal
                0x4807e76c                binsearch
                0x4807f080                freeRandomSignal
                0x4807e6a8                getLinearSignalY
                0x4807e29c                getTimeSliceNr
                0x4807edd8                getTimeSliceT
                0x4807fab4                getRandomSignalY
                0x4807f0a0                freePulseSignal
                0x4807ebd4                setRandomSignal
                0x4807ffb0                getChannelY
                0x4807f4c0                setIntervalDataSignal
                0x4807fcd4                getSinewaveSignalY
                0x48080468                makeStimuliSet
                0x4807e4d0                computeIntervalTimes
                0x4807e610                setIntervalLinearSignal
                0x4807f258                makeTimeSlice
                0x4807f56c                makeIntervalRandomSignal
                0x4807e1d0                insertChannel
                0x4807e3fc                insertInterval
                0x4807ec08                setIntervalRandomSignal
                0x4807e524                computeChannelTimes
                0x4807f688                makeIntervalPulseSignal
                0x4807e5dc                setLinearSignal
                0x4807ed5c                computeStimuliSetTimes
                0x4807f324                makeFunctionSignal
                0x4807e184                getChannelNr
                0x480801ec                resetStimuliSet
                0x4807f1d4                deleteInterval
                0x4807ee8c                getT
                0x480803e0                makeChannel
                0x4807f35c                makeRandomSignal
                0x4807e4c4                resetInterval
                0x4807fe00                getIntervalY
                0x4807fb7c                getPulseSignalY
                0x4807ea08                setIntervalSinewaveSignal
                0x4807f380                makePulseSignal
                0x4807efd4                freeTimeSlice
                0x4807ece0                resetTimeSlice
                0x4807e810                getDataSignalY
                0x4807f0c0                freeSinewaveSignal
                0x4807f124                freeLinearSignal
                0x480802d0                deleteChannel
                0x4807f99c                makeIntervalLinearSignal
                0x4807f3c8                setDataSignal
                0x4808011c                resetChannel0
                0x4807f7b4                makeIntervalSinewaveSignal
 .text          0x480804fc        0x0 C:\Program Files (x86)\ETAS\INTECRIO5.0\Target\Etarget\rtio\global\es910\librtio_gnu.a(comm_err.o)
 .text          0x480804fc       0xa0 C:\Program Files (x86)\ETAS\INTECRIO5.0\Target\Etarget\rtio\global\es910\librtio_gnu.a(p_rtio.o)
                0x480804fc                rtioSignalHwAccessEnd
                0x48080554                rtioSignalHwAccessBegin
 .text          0x4808059c      0xd38 C:\Program Files (x86)\ETAS\INTECRIO5.0\Target\Etarget\rtio\global\es910\librtio_gnu.a(p_rtio_s.o)
                0x48081290                setupRTIO
                0x48080c80                es910IsEtherCATEnabled
                0x480805a8                getMasterId
                0x480807c0                rtioHwDetect
                0x48080d8c                rtioTestBoardPresence
                0x48080698                printDetectedHardware
                0x480805c4                rtioGetNextDetectedHwTableEntry
                0x4808059c                es910RtioGetFpgaRegsGlobal
                0x48081208                es910RtioMapFpgaRegsGlobal
                0x48081164                es910RtioUnmapFpgaRegsGlobal
                0x480805b0                rtioRewindDetectedHwTable
                0x48080d18                es910RtioIntDisable
 .text          0x480812d4      0xe18 C:\Program Files (x86)\ETAS\INTECRIO5.0\Target\Etarget\rtio\global\es910\librtio_gnu.a(rtio_err.o)
                0x480814b0                clearErrMsgList
                0x4808140c                deactivateRtioMsgLists
                0x48081378                installEtasPseudoGeoAdrBoardNames
                0x48081354                installCommErrMessages
                0x48081384                installUserBoardNames
                0x480812d4                initMessageTables
                0x48081444                getNextErrMsg
                0x48081608                rtioGetBoardName
                0x4808136c                installEtasAutoIdBoardNames
                0x48081d94                rtioErr
                0x48081334                mapErrorCode
                0x48081390                installEtasVirtualBoardNames
                0x4808139c                installMessages
                0x4808169c                rtio_err_v3
                0x48081420                rewindErrMsgList
                0x48081538                clearCurErrMsg
                0x480813fc                activateRtioMsgLists
                0x48081b10                rtioErrV2
                0x48081360                installEtasBoardNames
 .text          0x480820ec      0x638 C:\Program Files (x86)\ETAS\INTECRIO5.0\Target\Etarget\rtio\global\es910\librtio_gnu.a(fhc_emu.o)
                0x480820ec                fhc_get_module_name_port_name
                0x480823a4                fhc_check_port_presence_rp