Archive member included because of file (symbol)

Car_State1/Car_State1.a(Car_State.o)
                              Car_State0/Car_State_instances.o (Car_State_U)
Disconnections1/Disconnections1.a(Disconnections.o)
                              Disconnections0/Disconnections_instances.o (Disconnections_DW)
Ellipse1/Ellipse1.a(Ellipse.o)
                              Ellipse0/Ellipse_instances.o (Ellipse_B)
Inverters_Action1/Inverters_Action1.a(Inverters_Action.o)
                              Inverters_Action0/Inverters_Action_instances.o (Inverters_Action_U)
Inverters_Action1/Inverters_Action1.a(Inverters_Action_data.o)
                              Inverters_Action0/Inverters_Action_instances.o (Inverters_Action_ConstB)
Inverters_Data1/Inverters_Data1.a(Inverters_Data.o)
                              Inverters_Data0/Inverters_Data_instances.o (Inverters_Data_DW)
Power_Control1/Power_Control1.a(Power_Control.o)
                              Power_Control0/Power_Control_instances.o (Power_Control_DW)
Sensors1/Sensors1.a(Sensors.o)
                              Sensors0/Sensors_instances.o (Sensors_U)
Sensors1/Sensors1.a(Sensors_data.o)
                              Sensors0/Sensors_instances.o (Sensors_ConstB)
Synchronism1/Synchronism1.a(Synchronism.o)
                              Synchronism0/Synchronism_instances.o (Synchronism_DW)
VDC1/VDC1.a(VDC.o)            VDC0/VDC_instances.o (VDC_DW)
matlabsharedR2023b/matlabsharedR2023b.a(const_params.o)
                              Inverters_Data1/Inverters_Data1.a(Inverters_Data.o) (rtCP_pooled_JOqMvXAXZOeU)
matlabsharedR2023b/matlabsharedR2023b.a(look1_binlxpw.o)
                              Inverters_Data1/Inverters_Data1.a(Inverters_Data.o) (look1_binlxpw)
matlabsharedR2023b/matlabsharedR2023b.a(rt_nonfinite.o)
                              Inverters_Action1/Inverters_Action1.a(Inverters_Action.o) (rtIsInf)
matlabsharedR2023b/matlabsharedR2023b.a(rtgetinf.o)
                              matlabsharedR2023b/matlabsharedR2023b.a(rt_nonfinite.o) (rtGetInf)
matlabsharedR2023b/matlabsharedR2023b.a(rtgetnan.o)
                              matlabsharedR2023b/matlabsharedR2023b.a(rt_nonfinite.o) (rtGetNaN)
OSC/TaskISRArchive.a(etasConfigTask.o)
                              OSC/osekdefs.o (osek_task_e_etasConfigTask)
OSC/TaskISRArchive.a(Sync_25ms.o)
                              OSC/osekdefs.o (osek_task_e_Sync_25ms)
OSC/TaskISRArchive.a(Timer_1000ms.o)
                              OSC/osekdefs.o (osek_task_e_Timer_1000ms)
OSC/TaskISRArchive.a(Timer_100ms.o)
                              OSC/osekdefs.o (osek_task_e_Timer_100ms)
OSC/TaskISRArchive.a(Timer_25ms.o)
                              OSC/osekdefs.o (osek_task_e_Timer_25ms)
OSC/TaskISRArchive.a(Timer_Inv.o)
                              OSC/osekdefs.o (osek_task_e_Timer_Inv)
OSC/TaskISRArchive.a(SWT_CAN1_AP_BMS_SDC.o)
                              OSC/osekdefs.o (osek_task_e_SWT_CAN1_AP_BMS_SDC)
OSC/TaskISRArchive.a(SWT_CAN1_AP_CurrentSensor.o)
                              OSC/osekdefs.o (osek_task_e_SWT_CAN1_AP_CurrentSensor)
OSC/TaskISRArchive.a(SWT_CAN1_AP_BMS_Voltages.o)
                              OSC/osekdefs.o (osek_task_e_SWT_CAN1_AP_BMS_Voltages)
OSC/TaskISRArchive.a(SWT_CAN1_AP_BMS_ChargerParameters.o)
                              OSC/osekdefs.o (osek_task_e_SWT_CAN1_AP_BMS_ChargerParameters)
OSC/TaskISRArchive.a(SWT_CAN1_AP_BMS_Temperatures.o)
                              OSC/osekdefs.o (osek_task_e_SWT_CAN1_AP_BMS_Temperatures)
OSC/TaskISRArchive.a(SWT_CAN1_AP_Inverter_R_Tx.o)
                              OSC/osekdefs.o (osek_task_e_SWT_CAN1_AP_Inverter_R_Tx)
OSC/TaskISRArchive.a(SWT_CAN1_AP_Inverter_L_Tx.o)
                              OSC/osekdefs.o (osek_task_e_SWT_CAN1_AP_Inverter_L_Tx)
OSC/TaskISRArchive.a(SWT_CAN1_AP_DASH_Mode.o)
                              OSC/osekdefs.o (osek_task_e_SWT_CAN1_AP_DASH_Mode)
OSC/TaskISRArchive.a(SWT_CAN1_NM_BMS_Keep_Alive.o)
                              OSC/osekdefs.o (osek_task_e_SWT_CAN1_NM_BMS_Keep_Alive)
OSC/TaskISRArchive.a(SWT_CAN1_AP_BMS_AIRs_State.o)
                              OSC/osekdefs.o (osek_task_e_SWT_CAN1_AP_BMS_AIRs_State)
OSC/TaskISRArchive.a(SWT_CAN1_NM_DASH_Keep_Alive.o)
                              OSC/osekdefs.o (osek_task_e_SWT_CAN1_NM_DASH_Keep_Alive)
OSC/TaskISRArchive.a(SWT_CAN1_AP_DASH_PrechargeRequest.o)
                              OSC/osekdefs.o (osek_task_e_SWT_CAN1_AP_DASH_PrechargeRequest)
OSC/TaskISRArchive.a(SWT_CAN1_AP_DASH_EnableDrive.o)
                              OSC/osekdefs.o (osek_task_e_SWT_CAN1_AP_DASH_EnableDrive)
OSC/TaskISRArchive.a(SWT_CAN2_AP_ELLIPSE_GPS_VEL.o)
                              OSC/osekdefs.o (osek_task_e_SWT_CAN2_AP_ELLIPSE_GPS_VEL)
OSC/TaskISRArchive.a(SWT_CAN2_MEAS_RECU_SDC.o)
                              OSC/osekdefs.o (osek_task_e_SWT_CAN2_MEAS_RECU_SDC)
OSC/TaskISRArchive.a(SWT_CAN2_MEAS_FECU_SDC.o)
[...]
Memory Configuration

Name             Origin             Length             Attributes
*default*        0x00000000         0xffffffff

Linker script and memory map

LOAD C:/ETAS/Compiler/INTECRIO5.0/QNXCompiler-V6.5\target\qnx6/ppcbe-spe/lib/crt1.o
LOAD C:/ETAS/Compiler/INTECRIO5.0/QNXCompiler-V6.5\target\qnx6/ppcbe-spe/lib/crti.o
LOAD C:/ETAS/Compiler/INTECRIO5.0/QNXCompiler-V6.5\host\win32\x86/usr/lib/gcc/powerpc-unknown-nto-qnx6.5.0/4.4.2/spe/crtbegin.o
LOAD C:\ETAS\Compiler\INTECRIO5.0\QNXCompiler-V6.5\target\qnx6\ppcbe-spe\lib\gcc\4.4.2/libcpp.so
                0x00000000                PROVIDE (__stack, 0x0)
                0x00000000                PROVIDE (___stack, 0x0)
                0x48040000                PROVIDE (__executable_start, 0x48040000)
                0x480400f4                . = (0x48040000 + SIZEOF_HEADERS)

.interp         0x480400f4       0x14
 *(.interp)
 .interp        0x480400f4       0x14 C:/ETAS/Compiler/INTECRIO5.0/QNXCompiler-V6.5\target\qnx6/ppcbe-spe/lib/crt1.o

.note           0x48040110       0x18
 .note          0x48040110       0x18 C:/ETAS/Compiler/INTECRIO5.0/QNXCompiler-V6.5\target\qnx6/ppcbe-spe/lib/crtn.o

.note.gnu.build-id
 *(.note.gnu.build-id)

.hash           0x48040128      0x6a0
 *(.hash)
 .hash          0x48040128      0x6a0 C:/ETAS/Compiler/INTECRIO5.0/QNXCompiler-V6.5\target\qnx6/ppcbe-spe/lib/crt1.o

.gnu.hash
 *(.gnu.hash)

.dynsym         0x480407c8      0xe10
 *(.dynsym)
 .dynsym        0x480407c8      0xe10 C:/ETAS/Compiler/INTECRIO5.0/QNXCompiler-V6.5\target\qnx6/ppcbe-spe/lib/crt1.o

.dynstr         0x480415d8      0xbca
 *(.dynstr)
 .dynstr        0x480415d8      0xbca C:/ETAS/Compiler/INTECRIO5.0/QNXCompiler-V6.5\target\qnx6/ppcbe-spe/lib/crt1.o

.gnu.version    0x480421a2      0x1c2
 *(.gnu.version)
 .gnu.version   0x480421a2      0x1c2 C:/ETAS/Compiler/INTECRIO5.0/QNXCompiler-V6.5\target\qnx6/ppcbe-spe/lib/crt1.o

.gnu.version_d  0x48042364        0x0
 *(.gnu.version_d)
 .gnu.version_d
                0x00000000        0x0 C:/ETAS/Compiler/INTECRIO5.0/QNXCompiler-V6.5\target\qnx6/ppcbe-spe/lib/crt1.o

.gnu.version_r  0x48042364       0x20
 *(.gnu.version_r)
 .gnu.version_r
                0x48042364       0x20 C:/ETAS/Compiler/INTECRIO5.0/QNXCompiler-V6.5\target\qnx6/ppcbe-spe/lib/crt1.o

.rel.dyn
 *(.rel.init)
 *(.rel.text .rel.text.* .rel.gnu.linkonce.t.*)
 *(.rel.fini)
 *(.rel.rodata .rel.rodata.* .rel.gnu.linkonce.r.*)
 *(.rel.data.rel.ro* .rel.gnu.linkonce.d.rel.ro.*)
 *(.rel.data .rel.data.* .rel.gnu.linkonce.d.*)
 *(.rel.tdata .rel.tdata.* .rel.gnu.linkonce.td.*)
 *(.rel.tbss .rel.tbss.* .rel.gnu.linkonce.tb.*)
 *(.rel.ctors)
 *(.rel.dtors)
 *(.rel.got)
 *(.rel.sdata .rel.sdata.* .rel.gnu.linkonce.s.*)
 *(.rel.sbss .rel.sbss.* .rel.gnu.linkonce.sb.*)
 *(.rel.sdata2 .rel.sdata2.* .rel.gnu.linkonce.s2.*)
 *(.rel.sbss2 .rel.sbss2.* .rel.gnu.linkonce.sb2.*)
 *(.rel.bss .rel.bss.* .rel.gnu.linkonce.b.*)

.rela.dyn       0x48042384       0x90
 *(.rela.init)
 *(.rela.text .rela.text.* .rela.gnu.linkonce.t.*)
 .rela.text     0x00000000        0x0 C:/ETAS/Compiler/INTECRIO5.0/QNXCompiler-V6.5\target\qnx6/ppcbe-spe/lib/crt1.o
 *(.rela.fini)
 *(.rela.rodata .rela.rodata.* .rela.gnu.linkonce.r.*)
 .rela.rodata   0x00000000        0x0 C:/ETAS/Compiler/INTECRIO5.0/QNXCompiler-V6.5\target\qnx6/ppcbe-spe/lib/crt1.o
 *(.rela.data .rela.data.* .rela.gnu.linkonce.d.*)
 .rela.data     0x00000000        0x0 C:/ETAS/Compiler/INTECRIO5.0/QNXCompiler-V6.5\target\qnx6/ppcbe-spe/lib/crt1.o
 *(.rela.tdata .rela.tdata.* .rela.gnu.linkonce.td.*)
 *(.rela.tbss .rela.tbss.* .rela.gnu.linkonce.tb.*)
 *(.rela.ctors)
 *(.rela.dtors)
 *(.rela.got)
 .rela.got      0x48042384       0x30 C:/ETAS/Compiler/INTECRIO5.0/QNXCompiler-V6.5\target\qnx6/ppcbe-spe/lib/crt1.o
 *(.rela.got1)
 *(.rela.got2)
 *(.rela.sdata .rela.sdata.* .rela.gnu.linkonce.s.*)
 *(.rela.sbss .rela.sbss.* .rela.gnu.linkonce.sb.*)
 .rela.sbss     0x00000000        0x0 C:/ETAS/Compiler/INTECRIO5.0/QNXCompiler-V6.5\target\qnx6/ppcbe-spe/lib/crt1.o
 *(.rela.sdata2 .rela.sdata2.* .rela.gnu.linkonce.s2.*)
 *(.rela.sbss2 .rela.sbss2.* .rela.gnu.linkonce.sb2.*)
 *(.rela.bss .rela.bss.* .rela.gnu.linkonce.b.*)
 .rela.bss      0x480423b4       0x60 C:/ETAS/Compiler/INTECRIO5.0/QNXCompiler-V6.5\target\qnx6/ppcbe-spe/lib/crt1.o
 .rela.os_pid   0x00000000        0x0 C:/ETAS/Compiler/INTECRIO5.0/QNXCompiler-V6.5\target\qnx6/ppcbe-spe/lib/crt1.o
 .rela.os_intvec
                0x00000000        0x0 C:/ETAS/Compiler/INTECRIO5.0/QNXCompiler-V6.5\target\qnx6/ppcbe-spe/lib/crt1.o

.rel.plt
 *(.rel.plt)

.rela.plt       0x48042414      0x930
 *(.rela.plt)
 .rela.plt      0x48042414      0x930 C:/ETAS/Compiler/INTECRIO5.0/QNXCompiler-V6.5\target\qnx6/ppcbe-spe/lib/crt1.o

.init           0x48042d44       0x24
 *(.init)
 .init          0x48042d44        0xc C:/ETAS/Compiler/INTECRIO5.0/QNXCompiler-V6.5\target\qnx6/ppcbe-spe/lib/crti.o
                0x48042d44                _init
 .init          0x48042d50        0x4 C:/ETAS/Compiler/INTECRIO5.0/QNXCompiler-V6.5\host\win32\x86/usr/lib/gcc/powerpc-unknown-nto-qnx6.5.0/4.4.2/spe/crtbegin.o
 .init          0x48042d54        0x4 C:/ETAS/Compiler/INTECRIO5.0/QNXCompiler-V6.5\host\win32\x86/usr/lib/gcc/powerpc-unknown-nto-qnx6.5.0/4.4.2/spe/crtend.o
 .init          0x48042d58       0x10 C:/ETAS/Compiler/INTECRIO5.0/QNXCompiler-V6.5\target\qnx6/ppcbe-spe/lib/crtn.o

.text           0x48042d68    0x49d00
                0x48042d68                _btext = .
 *(.text .stub .text.* .gnu.linkonce.t.*)
 .text          0x48042d68      0x118 C:/ETAS/Compiler/INTECRIO5.0/QNXCompiler-V6.5\target\qnx6/ppcbe-spe/lib/crt1.o
                0x48042d68                _start
 .text          0x48042e80        0x0 C:/ETAS/Compiler/INTECRIO5.0/QNXCompiler-V6.5\target\qnx6/ppcbe-spe/lib/crti.o
 .text          0x48042e80      0x1b8 C:/ETAS/Compiler/INTECRIO5.0/QNXCompiler-V6.5\host\win32\x86/usr/lib/gcc/powerpc-unknown-nto-qnx6.5.0/4.4.2/spe/crtbegin.o
 .text          0x48043038      0x240 ROOT_instances.o
                0x480431dc                initializeYukonModel
                0x48043088                getSystemTimeS
                0x48043050                getModelIdentificationString
                0x48043064                getDeltaT
                0x48043038                getIntecrioVersionNumber
                0x48043168                os_setDeltaT
                0x4804305c                getBuildEnvironment
                0x48043044                getBuildEnvironmentVersion
 .text          0x48043278        0x0 _INT_pid.pi.o
 .text          0x48043278       0x24 userFuncProcessCanPayload.o
                0x4804328c                userCanInitHook
                0x48043298                userCanTxHookV3
                0x48043290                userCanExitHook
                0x48043278                userCanHookGetVersionAndCid
                0x48043294                userCanRxHookV3
 .text          0x4804329c       0x24 userFuncProcessFlexRayPayload.o
                0x480432bc                userFlexRayPDURxHook
                0x480432b8                userFlexRayPDUTxHook
                0x4804329c                userFlexRayHookGetVersionAndCid
                0x480432b0                userFlexRayInitHook
                0x480432b4                userFlexRayExitHook
 .text          0x480432c0       0x60 OSC/i_rtawrapper.o
                0x48043300                rtaActivateTask
                0x480432e0                rtaSchedule
                0x480432c0                rtaShutdownOS
 .text          0x48043320      0x2c4 Car_State0/Car_State_instances.o
                0x480433c8                initClass_RTWTop_Car_State
                0x48043380                initInstance_RTWTop_Car_State
                0x48043320                setDeltaT_Car_State
                0x480435b8                initModel_RTWTop_Car_State
 .text          0x480435e4      0xba8 Car_State1/Car_State1.a(Car_State.o)
                0x48043f88                MdlInitialize_Car_State
                0x480435f8                Car_State_FALSE
                0x4804360c                MdlOutputs_Car_State
                0x48043f08                MdlUpdate_Car_State
                0x480435e4                Car_State_TRUE
                0x48043f8c                MdlStart_Car_State
                0x48043f80                MdlInitializeSizes_Car_State
                0x48043f84                MdlInitializeSampleTimes_Car_State
                0x48043fd8                Car_State
                0x48043fd4                MdlTerminate_Car_State
 .text          0x4804418c      0x550 Disconnections0/Disconnections_instances.o
                0x480441ec                initInstance_RTWTop_Disconnections
                0x480446b0                initModel_RTWTop_Disconnections
                0x4804418c                setDeltaT_Disconnections
                0x48044234                initClass_RTWTop_Disconnections
 .text          0x480446dc      0xd90 Disconnections1/Disconnections1.a(Disconnections.o)
                0x48045298                MdlTerminate_Disconnections
                0x4804529c                Disconnections
                0x4804474c                Disconnectio_IfActionSubsystem3
                0x48044760                Disconnections_RigidAxle2024
                0x48045220                MdlInitializeSampleTimes_Disconnections
                0x480446f0                Disconnections_Counting
                0x48045228                MdlStart_Disconnections
                0x480446dc                Disconnections_Reset_counter
                0x4804521c                MdlInitializeSizes_Disconnections
                0x48044774                MdlOutputs_Disconnections
                0x48045224                MdlInitialize_Disconnections
                0x4804470c                Disconnections_CAN_OK
                0x480451a4                MdlUpdate_Disconnections
                0x48044738                Disconnection_IfActionSubsystem
 .text          0x4804546c      0x230 Ellipse0/Ellipse_instances.o
                0x48045514                initClass_RTWTop_Ellipse
                0x4804546c                setDeltaT_Ellipse
                0x480454cc                initInstance_RTWTop_Ellipse
                0x48045670                initModel_RTWTop_Ellipse
 .text          0x4804569c      0x370 Ellipse1/Ellipse1.a(Ellipse.o)
                0x480458e0                MdlOutputs_Ellipse
                0x4804571c                MdlInitialize_Ellipse
                0x48045714                MdlInitializeSizes_Ellipse
                0x4804569c                MdlUpdate_Ellipse
                0x4804573c                MdlTerminate_Ellipse
                0x48045720                MdlStart_Ellipse
                0x48045718                MdlInitializeSampleTimes_Ellipse
                0x48045740                Ellipse
 .text          0x48045a0c      0x3a0 Inverters_Action0/Inverters_Action_instances.o
                0x48045d80                initModel_RTWTop_Inverters_Action
                0x48045a0c                setDeltaT_Inverters_Action
                0x48045ab4                initClass_RTWTop_Inverters_Action
                0x48045a6c                initInstance_RTWTop_Inverters_Action
 .text          0x48045dac      0xcac Inverters_Action1/Inverters_Action1.a(Inverters_Action.o)
                0x48045f18                MdlInitializeSizes_Inverters_Action
                0x48045f20                MdlInitialize_Inverters_Action
                0x48045f70                Inverters_Action
                0x48045f24                MdlStart_Inverters_Action
                0x48045dac                Inverters_Actio_EnumerationDone
                0x48045e2c                Inverters_Acti_ActionnotDefined
                0x48045e54                Inverters_Action_TorqueCommand0
                0x48045e84                MdlUpdate_Inverters_Action
                0x48045dd4                Inverte_DisableDriveEnableDrive
                0x48045e70                Inverters_Acti_ResetEnumeration
                0x48045f6c                MdlTerminate_Inverters_Action
                0x48045f1c                MdlInitializeSampleTimes_Inverters_Action
                0x48045e44                Inverters_Action_bypass
                0x48046468                MdlOutputs_Inverters_Action
                0x48046310                Inverters_Action_TorqueCommand
                0x4804614c                Inverters_Ac_RegisterEnumerator
                0x48045dc0                Inverters_Action_Unsubscribe
 .text          0x48046a58        0x0 Inverters_Action1/Inverters_Action1.a(Inverters_Action_data.o)
 .text          0x48046a58      0x354 Inverters_Data0/Inverters_Data_instances.o
                0x48046b00                initClass_RTWTop_Inverters_Data
                0x48046ab8                initInstance_RTWTop_Inverters_Data
                0x48046a58                setDeltaT_Inverters_Data
                0x48046d80                initModel_RTWTop_Inverters_Data
 .text          0x48046dac      0x624 Inverters_Data1/Inverters_Data1.a(Inverters_Data.o)
                0x48046e1c                MdlUpdate_Inverters_Data
                0x48046e9c                MdlInitialize_Inverters_Data
                0x48046e08                Inverters_Data_Signal_OK
                0x48046ec8                MdlTerminate_Inverters_Data
                0x48046dc8                Inverters_Data_CAN_OK
                0x48047070                MdlOutputs_Inverters_Data
                0x48046df4                Inverters_Data_Signal_Failure
                0x48046ecc                Inverters_Data
                0x48046ea0                MdlStart_Inverters_Data
                0x48046e98                MdlInitializeSampleTimes_Inverters_Data
                0x48046dac                Inverters_Data_Error_Counter
                0x48046e94                MdlInitializeSizes_Inverters_Data
 .text          0x480473d0      0x290 Power_Control0/Power_Control_instances.o
                0x480473d0                setDeltaT_Power_Control
                0x48047430                initInstance_RTWTop_Power_Control
                0x48047478                initClass_RTWTop_Power_Control
                0x48047634                initModel_RTWTop_Power_Control
 .text          0x48047660      0xc68 Power_Control1/Power_Control1.a(Power_Control.o)
                0x480477b4                MdlTerminate_Power_Control
                0x480477b8                Power_Control
                0x48047750                MdlInitializeSampleTimes_Power_Control
                0x480476d4                MdlUpdate_Power_Control
                0x48047fd4                MdlOutputs_Power_Control
                0x4804774c                MdlInitializeSizes_Power_Control
                0x480479a4                Power_Co_MotorL_Temp_Limitation
                0x480476a4                Pow_MotorL_Temp_Limitation_Init
                0x48047758                MdlStart_Power_Control
                0x48047754                MdlInitialize_Power_Control
                0x48047660                Power_Control_LimitReached
                0x48047cbc                Power_InverterL_Temp_Limitation
                0x48047674                InverterL_Temp_Limitation_Init
 .text          0x480482c8      0x358 Sensors0/Sensors_instances.o
                0x48048328                initInstance_RTWTop_Sensors
                0x480485f4                initModel_RTWTop_Sensors
                0x480482c8                setDeltaT_Sensors
                0x48048370                initClass_RTWTop_Sensors
 .text          0x48048620      0x6ac Sensors1/Sensors1.a(Sensors.o)
                0x48048634                Sensors_IfActionSubsystem1
                0x48048ae8                MdlInitializeSampleTimes_Sensors
                0x48048b10                MdlTerminate_Sensors
                0x48048620                Sensors_IfActionSubsystem
                0x48048650                MdlOutputs_Sensors
                0x48048a6c                MdlUpdate_Sensors
                0x48048ae4                MdlInitializeSizes_Sensors
                0x48048aec                MdlInitialize_Sensors
                0x48048af0                MdlStart_Sensors
                0x48048b14                Sensors
 .text          0x48048ccc        0x0 Sensors1/Sensors1.a(Sensors_data.o)
 .text          0x48048ccc      0x14c Synchronism0/Synchronism_instances.o
                0x48048d74                initClass_RTWTop_Synchronism
                0x48048d2c                initInstance_RTWTop_Synchronism
                0x48048dec                initModel_RTWTop_Synchronism
                0x48048ccc                setDeltaT_Synchronism
 .text          0x48048e18      0x268 Synchronism1/Synchronism1.a(Synchronism.o)
                0x48048eec                MdlInitializeSizes_Synchronism
                0x48048ef4                MdlInitialize_Synchronism
                0x48048ef8                MdlStart_Synchronism
                0x48048f14                MdlTerminate_Synchronism
                0x48048f18                Synchronism
                0x48048e18                MdlOutputs_Synchronism
                0x48048e74                MdlUpdate_Synchronism
                0x48048ef0                MdlInitializeSampleTimes_Synchronism
 .text          0x48049080      0x528 VDC0/VDC_instances.o
                0x480490e0                initInstance_RTWTop_VDC
                0x48049080                setDeltaT_VDC
                0x4804957c                initModel_RTWTop_VDC
                0x48049128                initClass_RTWTop_VDC
 .text          0x480495a8     0x20f8 VDC1/VDC1.a(VDC.o)
                0x48049c04                MdlOutputs_VDC
                0x48049764                VDC_IfActionSubsystem1
                0x4804964c                VDC_RIGIDAXLE
                0x48049810                MdlInitialize_VDC
                0x480495a8                VDC_MATLABFunction
                0x48049790                MdlUpdate_VDC
                0x480498bc                VDC
                0x48049710                VDC_RIGIDAXLEWITHTC_Init
                0x48049814                MdlStart_VDC
                0x48049a8c                VDC_RIGIDAXLEWITHTC
                0x48049808                MdlInitializeSizes_VDC
                0x480498b8                MdlTerminate_VDC
                0x4804980c                MdlInitializeSampleTimes_VDC
                0x4804967c                VDC_Torquedemandedbythedriver
                0x48049724                VDC_IfActionSubsystem
 .text          0x4804b6a0        0x0 matlabsharedR2023b/matlabsharedR2023b.a(const_params.o)
 .text          0x4804b6a0      0x114 matlabsharedR2023b/matlabsharedR2023b.a(look1_binlxpw.o)
                0x4804b6a0                look1_binlxpw
 .text          0x4804b7b4      0x19c matlabsharedR2023b/matlabsharedR2023b.a(rt_nonfinite.o)
                0x4804b8bc                rt_InitInfAndNaN
                0x4804b840                rtIsNaN
                0x4804b894                rtIsNaNF
                0x4804b800                rtIsInfF
                0x4804b7b4                rtIsInf
 .text          0x4804b950       0xd0 matlabsharedR2023b/matlabsharedR2023b.a(rtgetinf.o)
                0x4804b950                rtGetInf
                0x4804b9b8                rtGetMinusInf
                0x4804ba14                rtGetMinusInfF
                0x4804b9ac                rtGetInfF
 .text          0x4804ba20       0x84 matlabsharedR2023b/matlabsharedR2023b.a(rtgetnan.o)
                0x4804ba80                rtGetNaNF
                0x4804ba20                rtGetNaN
 .text          0x4804baa4      0x434 OSC/osekdefs.o
                0x4804bdc4                osE_ISR_CAN2
                0x4804bb64                os_StartOS
                0x4804bc50                os_pre_errorhook
                0x4804be20                osE_ISR_CAN1
                0x4804bc70                Tick_etasCounter
                0x4804bda4                osek_dispatch
                0x4804baa4                osResetOS
                0x4804be7c                osE_etasL1Isr
 .text          0x4804bed8        0x0 OSC/osgen.o
 .text          0x4804bed8       0x4c OSC/TaskISRArchive.a(etasConfigTask.o)
                0x4804bed8                osek_task_e_etasConfigTask
 .text          0x4804bf24       0x60 OSC/TaskISRArchive.a(Sync_25ms.o)
                0x4804bf24                osek_task_e_Sync_25ms
 .text          0x4804bf84       0x54 OSC/TaskISRArchive.a(Timer_1000ms.o)
                0x4804bf84                osek_task_e_Timer_1000ms
 .text          0x4804bfd8       0x54 OSC/TaskISRArchive.a(Timer_100ms.o)
                0x4804bfd8                osek_task_e_Timer_100ms
 .text          0x4804c02c       0x9c OSC/TaskISRArchive.a(Timer_25ms.o)
                0x4804c02c                osek_task_e_Timer_25ms
 .text          0x4804c0c8       0x6c OSC/TaskISRArchive.a(Timer_Inv.o)
                0x4804c0c8                osek_task_e_Timer_Inv
 .text          0x4804c134       0x50 OSC/TaskISRArchive.a(SWT_CAN1_AP_BMS_SDC.o)
                0x4804c134                osek_task_e_SWT_CAN1_AP_BMS_SDC
 .text          0x4804c184       0x50 OSC/TaskISRArchive.a(SWT_CAN1_AP_CurrentSensor.o)
                0x4804c184                osek_task_e_SWT_CAN1_AP_CurrentSensor
 .text          0x4804c1d4       0x50 OSC/TaskISRArchive.a(SWT_CAN1_AP_BMS_Voltages.o)
                0x4804c1d4                osek_task_e_SWT_CAN1_AP_BMS_Voltages
 .text          0x4804c224       0x50 OSC/TaskISRArchive.a(SWT_CAN1_AP_BMS_ChargerParameters.o)
                0x4804c224                osek_task_e_SWT_CAN1_AP_BMS_ChargerParameters
 .text          0x4804c274       0x50 OSC/TaskISRArchive.a(SWT_CAN1_AP_BMS_Temperatures.o)
                0x4804c274                osek_task_e_SWT_CAN1_AP_BMS_Temperatures
 .text          0x4804c2c4       0x50 OSC/TaskISRArchive.a(SWT_CAN1_AP_Inverter_R_Tx.o)
                0x4804c2c4                osek_task_e_SWT_CAN1_AP_Inverter_R_Tx
 .text          0x4804c314       0x50 OSC/TaskISRArchive.a(SWT_CAN1_AP_Inverter_L_Tx.o)
                0x4804c314                osek_task_e_SWT_CAN1_AP_Inverter_L_Tx
 .text          0x4804c364       0x50 OSC/TaskISRArchive.a(SWT_CAN1_AP_DASH_Mode.o)
                0x4804c364                osek_task_e_SWT_CAN1_AP_DASH_Mode
 .text          0x4804c3b4       0x50 OSC/TaskISRArchive.a(SWT_CAN1_NM_BMS_Keep_Alive.o)
                0x4804c3b4                osek_task_e_SWT_CAN1_NM_BMS_Keep_Alive
 .text          0x4804c404       0x50 OSC/TaskISRArchive.a(SWT_CAN1_AP_BMS_AIRs_State.o)
                0x4804c404                osek_task_e_SWT_CAN1_AP_BMS_AIRs_State
 .text          0x4804c454       0x50 OSC/TaskISRArchive.a(SWT_CAN1_NM_DASH_Keep_Alive.o)
                0x4804c454                osek_task_e_SWT_CAN1_NM_DASH_Keep_Alive
 .text          0x4804c4a4       0x50 OSC/TaskISRArchive.a(SWT_CAN1_AP_DASH_PrechargeRequest.o)
                0x4804c4a4                osek_task_e_SWT_CAN1_AP_DASH_PrechargeRequest
 .text          0x4804c4f4       0x50 OSC/TaskISRArchive.a(SWT_CAN1_AP_DASH_EnableDrive.o)
                0x4804c4f4                osek_task_e_SWT_CAN1_AP_DASH_EnableDrive
 .text          0x4804c544       0x50 OSC/TaskISRArchive.a(SWT_CAN2_AP_ELLIPSE_GPS_VEL.o)
                0x4804c544                osek_task_e_SWT_CAN2_AP_ELLIPSE_GPS_VEL
 .text          0x4804c594       0x50 OSC/TaskISRArchive.a(SWT_CAN2_MEAS_RECU_SDC.o)
                0x4804c594                osek_task_e_SWT_CAN2_MEAS_RECU_SDC
 .text          0x4804c5e4       0x50 OSC/TaskISRArchive.a(SWT_CAN2_MEAS_FECU_SDC.o)
                0x4804c5e4                osek_task_e_SWT_CAN2_MEAS_FECU_SDC
 .text          0x4804c634       0x50 OSC/TaskISRArchive.a(SWT_CAN2_AP_ELLIPSE_EKF_POS.o)
                0x4804c634                osek_task_e_SWT_CAN2_AP_ELLIPSE_EKF_POS
 .text          0x4804c684       0x50 OSC/TaskISRArchive.a(SWT_CAN2_AP_ELLIPSE_IMU_ACCEL.o)
                0x4804c684                osek_task_e_SWT_CAN2_AP_ELLIPSE_IMU_ACCEL
 .text          0x4804c6d4       0x50 OSC/TaskISRArchive.a(SWT_CAN2_AP_ELLIPSE_EKF_EULER.o)
                0x4804c6d4                osek_task_e_SWT_CAN2_AP_ELLIPSE_EKF_EULER
 .text          0x4804c724       0x50 OSC/TaskISRArchive.a(SWT_CAN2_AP_ELLIPSE_EKF_VEL.o)
                0x4804c724                osek_task_e_SWT_CAN2_AP_ELLIPSE_EKF_VEL
 .text          0x4804c774       0x50 OSC/TaskISRArchive.a(SWT_CAN2_NM_ELLIPSE_Status.o)
                0x4804c774                osek_task_e_SWT_CAN2_NM_ELLIPSE_Status
 .text          0x4804c7c4       0x50 OSC/TaskISRArchive.a(SWT_CAN2_AP_ELLIPSE_IMU_GYRO.o)
                0x4804c7c4                osek_task_e_SWT_CAN2_AP_ELLIPSE_IMU_GYRO
 .text          0x4804c814       0x50 OSC/TaskISRArchive.a(SWT_CAN2_AP_ELLIPSE_VEL_Valid.o)
                0x4804c814                osek_task_e_SWT_CAN2_AP_ELLIPSE_VEL_Valid
 .text          0x4804c864       0x50 OSC/TaskISRArchive.a(SWT_CAN2_AP_RECU_Data.o)
                0x4804c864                osek_task_e_SWT_CAN2_AP_RECU_Data
 .text          0x4804c8b4       0x50 OSC/TaskISRArchive.a(SWT_CAN2_NM_FECU_Keep_Alive.o)
                0x4804c8b4                osek_task_e_SWT_CAN2_NM_FECU_Keep_Alive
 .text          0x4804c904       0x50 OSC/TaskISRArchive.a(SWT_CAN2_NM_RECU_Keep_Alive.o)
                0x4804c904                osek_task_e_SWT_CAN2_NM_RECU_Keep_Alive
 .text          0x4804c954       0x50 OSC/TaskISRArchive.a(SWT_CAN2_AP_FECU_Data2.o)
                0x4804c954                osek_task_e_SWT_CAN2_AP_FECU_Data2
 .text          0x4804c9a4       0x50 OSC/TaskISRArchive.a(SWT_CAN2_AP_FECU_Data1.o)
                0x4804c9a4                osek_task_e_SWT_CAN2_AP_FECU_Data1
 .text          0x4804c9f4       0x4c OSC/TaskISRArchive.a(ISR_CAN1.o)
                0x4804c9f4                osek_isr_e_ISR_CAN1
 .text          0x4804ca40       0x4c OSC/TaskISRArchive.a(ISR_CAN2.o)
                0x4804ca40                osek_isr_e_ISR_CAN2
 .text          0x4804ca8c       0x40 OSC/etasActivateTaskIsr.o
                0x4804ca8c                osek_isr_e_etasActivateTaskIsr
 .text          0x4804cacc       0x48 OSC/etasL1Isr.o
                0x4804cacc                osek_isr_e_etasL1Isr
 .text          0x4804cb14       0x44 OSC/etasL1Task.o
                0x4804cb14                osek_task_e_etasL1Task
 .text          0x4804cb58       0x40 OSC/etasTimerIsr.o
                0x4804cb58                osek_isr_e_etasTimerIsr
 .text          0x4804cb98       0x40 OSC/etasStopOsIsr.o
                0x4804cb98                osek_isr_e_etasStopOsIsr
 .text          0x4804cbd8      0x244 OSC/DriverThreads.o
                0x4804cbd8                etasCreateDriverThreads
 .text          0x4804ce1c        0x0 OSC/ISRFunctions.o
 .text          0x4804ce1c      0x1dc OSC/osc_dyn.o
                0x4804cfb4                etasInitTasks
                0x4804ceec                TimerInitTask
                0x4804cebc                etasExitTasks
                0x4804ce28                TimerExitTask
                0x4804ce24                etasInactiveExitTask
                0x4804ce20                etasStartupExitTask
                0x4804cf8c                etasStartupInitTask
                0x4804ce1c                etasInactiveInitTask
 .text          0x4804cff8        0xc OSC/rtaInterface.o
                0x4804cff8                etasGetCounterPeriodUs
                0x4804d000                StackFaultHook
 .text          0x4804d004      0x5f8 OSC/ETCHooks.o
                0x4804d324                rtioHook_15_0
                0x4804d414                rtioHook_9_0
                0x4804d39c                rtioHook_12_0
                0x4804d284                rtioHook_19_0
                0x4804d2d4                rtioHook_17_0
                0x4804d554                rtioHook_1_0
                0x4804d4dc                rtioHook_4_0
                0x4804d07c                rtioHook_32_0
                0x4804d1e4                rtioHook_23_0
                0x4804d0cc                rtioHook_30_0
                0x4804d234                rtioHook_21_0
                0x4804d004                rtioHook_35_0
                0x4804d16c                rtioHook_26_0
                0x4804d5a4                rtioHook_37_0
                0x4804d11c                rtioHook_28_0
                0x4804d054                rtioHook_33_0
                0x4804d1bc                rtioHook_24_0
                0x4804d0f4                rtioHook_29_0
                0x4804d0a4                rtioHook_31_0
                0x4804d464                rtioHook_7_0
                0x4804d20c                rtioHook_22_0
                0x4804d57c                rtioHook_0_0
                0x4804d2ac                rtioHook_18_0
                0x4804d374                rtioHook_13_0
                0x4804d3c4                rtioHook_11_0
                0x4804d2fc                rtioHook_16_0
                0x4804d48c                rtioHook_6_0
                0x4804d34c                rtioHook_14_0
                0x4804d43c                rtioHook_8_0
                0x4804d25c                rtioHook_20_0
                0x4804d52c                rtioHook_2_0
                0x4804d02c                rtioHook_34_0
                0x4804d194                rtioHook_25_0
                0x4804d504                rtioHook_3_0
                0x4804d3ec                rtioHook_10_0
                0x4804d4b4                rtioHook_5_0
                0x4804d5d0                rtioHook_36_0
                0x4804d144                rtioHook_27_0
 .text          0x4804d5fc      0xf40 OSC/XbarHooks.o
                0x4804d624                crossbarHook_34_0
                0x4804dbc4                crossbarHook_21_0
                0x4804debc                crossbarHook_2_0
                0x4804d854                crossbarHook_32_6
                0x4804dd2c                crossbarHook_12_0
                0x4804e3dc                crossbarHook_36_7
                0x4804d8f4                crossbarHook_32_2
                0x4804e2a8                crossbarHook_36_14
                0x4804da5c                crossbarHook_29_1
                0x4804df0c                crossbarHook_37_17
                0x4804dafc                crossbarHook_26_0
                0x4804e06c                crossbarHook_37_9
                0x4804dc64                crossbarHook_17_0
                0x4804dfbc                crossbarHook_37_13
                0x4804ddf4                crossbarHook_7_0
                0x4804e11c                crossbarHook_37_5
                0x4804e1cc                crossbarHook_37_1
                0x4804de44                crossbarHook_5_0
                0x4804d69c                crossbarHook_33_3
                0x4804d78c                crossbarHook_32_11
                0x4804e510                crossbarHook_36_0
                0x4804db74                crossbarHook_23_0
                0x4804dcdc                crossbarHook_14_0
                0x4804d82c                crossbarHook_32_7
                0x4804e460                crossbarHook_36_4
                0x4804e3b0                crossbarHook_36_8
                0x4804d8cc                crossbarHook_32_3
                0x4804da34                crossbarHook_29_2
                0x4804e2d4                crossbarHook_36_13
                0x4804df90                crossbarHook_37_14
                0x4804e040                crossbarHook_37_10
                0x4804e224                crossbarHook_36_17
                0x4804e098                crossbarHook_37_8
                0x4804e148                crossbarHook_37_4
                0x4804e1f8                crossbarHook_37_0
                0x4804db4c                crossbarHook_24_0
                0x4804dcb4                crossbarHook_15_0
                0x4804d5fc                crossbarHook_35_0
                0x4804db9c                crossbarHook_22_0
                0x4804d6c4                crossbarHook_33_2
                0x4804dd04                crossbarHook_13_0
                0x4804e4e4                crossbarHook_36_1
                0x4804dee4                crossbarHook_1_0
                0x4804d96c                crossbarHook_31_1
                0x4804dad4                crossbarHook_27_0
                0x4804dc3c                crossbarHook_18_0
                0x4804de1c                crossbarHook_6_0
                0x4804d804                crossbarHook_32_8
                0x4804db24                crossbarHook_25_0
                0x4804dc8c                crossbarHook_16_0
                0x4804e434                crossbarHook_36_5
                0x4804e384                crossbarHook_36_9
                0x4804d8a4                crossbarHook_32_4
                0x4804d944                crossbarHook_32_0
                0x4804dd7c                crossbarHook_10_0
                0x4804e300                crossbarHook_36_12
                0x4804df64                crossbarHook_37_15
                0x4804ddcc                crossbarHook_8_0
                0x4804e014                crossbarHook_37_11
                0x4804e250                crossbarHook_36_16
                0x4804d9e4                crossbarHook_30_0
                0x4804e0c4                crossbarHook_37_7
                0x4804e174                crossbarHook_37_3
                0x4804da0c                crossbarHook_29_3
                0x4804d764                crossbarHook_32_12
                0x4804d64c                crossbarHook_33_5
                0x4804de94                crossbarHook_3_0
                0x4804d6ec                crossbarHook_33_1
                0x4804e4b8                crossbarHook_36_2
                0x4804d994                crossbarHook_31_0
                0x4804d7dc                crossbarHook_32_9
                0x4804e32c                crossbarHook_36_11
                0x4804e408                crossbarHook_36_6
                0x4804d87c                crossbarHook_32_5
                0x4804d91c                crossbarHook_32_1
                0x4804daac                crossbarHook_28_0
                0x4804dc14                crossbarHook_19_0
                0x4804e27c                crossbarHook_36_15
                0x4804d9bc                crossbarHook_30_1
                0x4804da84                crossbarHook_29_0
                0x4804df38                crossbarHook_37_16
                0x4804dfe8                crossbarHook_37_12
                0x4804e0f0                crossbarHook_37_6
                0x4804e1a0                crossbarHook_37_2
                0x4804d73c                crossbarHook_32_13
                0x4804d674                crossbarHook_33_4
                0x4804d714                crossbarHook_33_0
                0x4804dbec                crossbarHook_20_0
                0x4804dd54                crossbarHook_11_0
                0x4804d7b4                crossbarHook_32_10
                0x4804e48c                crossbarHook_36_3
                0x4804dda4                crossbarHook_9_0
                0x4804e358                crossbarHook_36_10
                0x4804de6c                crossbarHook_4_0
 .text          0x4804e53c        0x0 ETC/FormulaTable.o
 .text          0x4804e53c        0x0 ETC/DriverTable.o
 .text          0x4804e53c        0x0 ETC/MappingFunctionTable.o
 .text          0x4804e53c        0x0 ETC/RtioL1RecordTable.o
 .text          0x4804e53c        0x0 ETC/XCPTransportLayerFunctionsTable.o
 .text          0x4804e53c        0x0 ETC/ChecksumAlgoTables.o
 .text          0x4804e53c        0x0 CBC/CopyFunctionTable.o
 .text          0x4804e53c        0x0 CBC/CrossbarL1RecordTable.o
 .text          0x4804e53c       0x48 C:/ETAS/Compiler/INTECRIO5.0/QNXCompiler-V6.5\host\win32\x86/usr/lib/gcc/powerpc-unknown-nto-qnx6.5.0/4.4.2/spe/libgcc.a(_fixunsdfdi.o)
                0x4804e53c                __fixunsdfdi
 .text          0x4804e584       0x40 C:/ETAS/Compiler/INTECRIO5.0/QNXCompiler-V6.5\host\win32\x86/usr/lib/gcc/powerpc-unknown-nto-qnx6.5.0/4.4.2/spe/libgcc.a(_floatundidf.o)
                0x4804e584                __floatundidf
 .text          0x4804e5c4       0x98 C:/ETAS/Compiler/INTECRIO5.0/QNXCompiler-V6.5\host\win32\x86/usr/lib/gcc/powerpc-unknown-nto-qnx6.5.0/4.4.2/spe/crtend.o
 .text          0x4804e65c        0x0 C:/ETAS/Compiler/INTECRIO5.0/QNXCompiler-V6.5\target\qnx6/ppcbe-spe/lib/crtn.o
 .text          0x4804e65c     0x23b4 C:\Program Files (x86)\ETAS\INTECRIO5.0\Target\Etarget\ES910\libes910.a(i_rtautil.o)
                0x4804e984                etasActivateTaskViaIsr
                0x4804fe80                startTaskHookMon
                0x4804ef28                ErrorHook
                0x4804e72c                osTraceStopwatch
                0x4804eca0                switchToInactiveAppMode
                0x4804e668                isAppModeSwitchPending
                0x4804fb88                etasStartIsrHookMon
                0x4804fd98                etasStartIsrHook
                0x4804e85c                getModelRuntime
                0x4804e9b0                restartModelProcess
                0x4804e65c                GetNextAppMode
                0x4804e8d4                etasActivateTaskWithIdViaIsrHandler
                0x4804fc84                etasEndIsrHook
                0x4804e698                checkInterruptOccurence
                0x480501ac                osekThreadSuspendRtSignals
                0x4804fcbc                etasEndIsrHookMon
                0x4804ec68                getCurTaskMonitor
                0x4804ee64                GetStopwatchUncertainty
                0x4805001c                endTaskHook
                0x4804ed50                delayInitExitTask
                0x4804e6b4                rtaInitTarget
                0x4804eebc                OverrunHook
                0x4804e940                etasActivateTaskWithIdViaIsr
                0x4804ff58                startTaskHook
                0x4804e7a0                etasDeInstallOsErrorHook
                0x480504b0                applicationModeManager
                0x4804ea70                terminateModelProcess
                0x4804f8a8                StartupHook
                0x48050170                osekThreadResumeRtSignals
                0x4804ec1c                lockCriticalSection
                0x4804eb34                isRtaOsekThreadContext
                0x4804e734                isInsideInitExitTask
                0x4804e760                isInsideExitTask
                0x4804f254                ShutdownHook
                0x4804eb68                unlockCriticalSection
                0x4804e778                etasInstallOsErrorHook
                0x48050094                endTaskHookMon
                0x4804e684                resetInterruptFlag
                0x4804e724                GetStopwatch
                0x4804e6b0                etasRTATraceInitProcess
                0x4804e718                GetDeltaT
                0x4804e7cc                SetNextAppMode
                0x4804ee18                tempMgrRegisterSigtermEvent
                0x4804e748                isInsideInitTask
                0x4804e6a4                getLastInterruptTimeTicks
 .text          0x48050a10     0x2058 C:\Program Files (x86)\ETAS\INTECRIO5.0\Target\Etarget\ES910\libes910.a(t_driverThreads.o)
                0x480517fc                osek_sendto
                0x48051094                osek_msync
                0x48050df4                osek_vfprintf
                0x48051e74                osek_MsgReceive
                0x48051bdc                osek_MsgRead
                0x48051688                osek_cmsSendMessage
                0x48050b98                osek_malloc
                0x48050b4c                osek_free
                0x48050ad8                osek_fsync
                0x4805127c                osek_unlink
                0x48050f34                osek_munmap
                0x480518d4                osek_devctl
                0x48051ab8                osek_close
                0x4805159c                osek_cmsReceiveMessage
                0x480512f0                osek_system
                0x48051d3c                osek_MsgError
                0x48052098                osek_send
                0x48051dc4                osek_MsgReply
                0x48050eac                osek_ftruncate
                0x48051c8c                osek_MsgWrite
                0x480511e0                osek_lseek
                0x48051f24                osek_MsgSend
                0x48051724                osek_recvfrom
                0x48051130                osek_fwrite
                0x48050d28                osek_vslogf
                0x48051364                osek_cmsReceiveMessageEx
                0x48050a10                etasSetNumberOfDriverThreads
                0x48052148                etasCreateDriverThread
                0x48050fbc                osek_mmap
                0x48051a1c                osek_write
                0x48051fe8                osek_recv
                0x48050c0c                osek_etasLogCoreFeedRecordToBackends
                0x48051980                osek_read
                0x480514ec                osek_cmsErrorState
                0x48051450                osek_cmsSendMessageEx
                0x48051b2c                osek_open
 .text          0x48052a68      0x8fc C:\Program Files (x86)\ETAS\INTECRIO5.0\Target\Etarget\ES910\libes910.a(t_idle.o)
                0x4805328c                initRtaTraceSupport
                0x48052c9c                etasIdleProcess
                0x48052b28                signalStartupHookTermination
                0x48052ab4                apsGetPartitionId
                0x48052b58                apsJoinPartition
                0x48052af8                signalShutdownHookTermination
                0x48052ac0                getSysLoad
                0x48052a68                etasInstallIdleHook
                0x48052a90                etasDeInstallIdleHook
 .text          0x48053364     0x1fcc C:\Program Files (x86)\ETAS\INTECRIO5.0\Target\Etarget\ES910\libes910.a(t_l1com.o)
                0x48053364                setL1ComBufferSize
                0x480533a4                l1SetBusyState
                0x48053524                l1SignalIdleState
                0x480538cc                waitForL1Request
                0x48053ebc                createL1ModelThread
                0x48053e08                serveL1Request
                0x48053814                etasL1Process
 .text          0x48055330      0xcc4 C:\Program Files (x86)\ETAS\INTECRIO5.0\Target\Etarget\ES910\libes910.a(t_main.o)
                0x4805558c                main
 .text          0x48055ff4      0x9f0 C:\Program Files (x86)\ETAS\INTECRIO5.0\Target\Etarget\ES910\libes910.a(t_mlog.o)
                0x48056018                getDriverLogging
                0x48056024                getUserSeverity
                0x4805600c                getUserLogging
                0x480560b0                mlog_setSeverityFilterUser
                0x48056084                mlog_setSeverityFilterDrv
                0x48056030                getDriverSeverity
                0x4805676c                mlog_init
                0x48056470                mlog_updateLoggingConfiguration
                0x48055ff4                getUserLogChan
                0x4805655c                mlog_startLogConfigThread
                0x48056000                getDrvLogChan
                0x4805603c                mlog_debugLog
 .text          0x480569e4      0xfac C:\Program Files (x86)\ETAS\INTECRIO5.0\Target\Etarget\ES910\libes910.a(t_qnxtargetutil.o)
                0x48056f10                qnxThreadJoinPartition
                0x48056c40                qnxLockSetSockEnvironmentVariable
                0x48057360                qnxPrintProcesses
                0x480569f4                qnxCheckBootFromFlash
                0x48057290                qnxPrintCpuLoad
                0x48056a10                qnxCheckHaltedModel
                0x48056a38                qnxRestoreUnlockSockEnvironmentVariable
                0x480569e4                qnxSetBootFromFlash
                0x480578a8                qnxPrintSavedErrorMessages
                0x48056a1c                qnxSetStandalone
                0x4805722c                qnxAdjustThreadPriority
                0x48056a00                qnxSetHaltedModel
                0x48056f90                qnxGetSetRunInheritMask
                0x48056a2c                qnxCheckStandalone
 .text          0x48057990      0x638 C:\Program Files (x86)\ETAS\INTECRIO5.0\Target\Etarget\ES910\libes910.a(t_targetutil.o)
                0x480579e0                initL2CachePerfMeas
                0x48057f08                es910GetSerialNumber
                0x48057990                GetSystemTimeLow
                0x48057eb0                es910GetPcbRevision
                0x48057ee4                es910PiggyGetSerialNumber
                0x48057b3c                getL2CachePerf
                0x48057c44                es910PrintFwVersions
                0x48057ae8                getL2CachePerfRaw
                0x480579a0                GetSystemTime
                0x48057f94                es910MapCCSRMemoryRange
                0x48057998                GetSystemTimeHigh
                0x48057e7c                es910PiggyGetPcbRevision
                0x48057f2c                waitMicroseconds
 .text          0x48057fc8      0x2f4 C:\Program Files (x86)\ETAS\INTECRIO5.0\Target\Etarget\ES910\libes910.a(t_watchdog.o)
                0x48057fd8                wdDisableAutoService
                0x480580a0                etasServiceWatchdog
                0x48058030                wdService
                0x48058118                wdSetEventPeriod
                0x48057fc8                wdEnableAutoService
                0x48057fe8                wdSetApplicationName
                0x48058070                triggerWD
                0x48057ff4                wdDisconnect
 .text          0x480582bc      0x848 C:\Program Files (x86)\ETAS\INTECRIO5.0\Target\Etarget\ES910\libes910.a(p_chario.o)
                0x48058870                IOWrite
                0x480582bc                IOIsLogOn
                0x480582c8                IOLogOff
                0x48058324                IOLogOn
                0x480585f0                IOPrintf
 .text          0x48058b04      0x31c C:\Program Files (x86)\ETAS\INTECRIO5.0\Target\Etarget\ES910\libes910.a(t_hwTimeSync.o)
                0x48058b04                es9xxTimeSyncGetTimerValue
                0x48058bf8                es9xxTimeSyncGetTimerStatus
                0x48058d4c                es9xxTimeSyncInit
                0x48058b88                getLocalSystemTime
 .text          0x48058e20      0x224 C:\Program Files (x86)\ETAS\INTECRIO5.0\Target\Etarget\ES910\libes910.a(t_led.o)
                0x48058e20                userLed2Off
                0x48058eb8                userLed2Toggle
                0x48058fc4                ledsOff
                0x48058f8c                userLed1Toggle
                0x48058f40                userLed1On
                0x48058ef0                userLed1Off
                0x48058e6c                userLed2On
 .text          0x48059044     0x2178 C:\Program Files (x86)\ETAS\INTECRIO5.0\Target\Etarget\ES910\libtarget.a(a_dacqui.o)
                0x4805a698                asdSimPreCall
                0x4805b14c                asdSimPostCall
                0x4805a71c                getDacqTimeFor
                0x4805b044                storeMeasureDataForGroup
                0x4805a894                applicationStartUserMode
                0x4805a86c                resetLogSimulationTime
                0x480592fc                etasAscetLoggingBufferFillLevel
                0x4805a7e0                getLogSimulationTime
                0x48059330                etasAscetLoggingOverflowCounter
                0x48059374                asdDisableUserDefinedTime
                0x4805a808                getSimulationTime
                0x48059298                setSimulationTime
                0x48059364                asdEnableUserDefinedTime
                0x4805a3d4                checkForBufferOverflow
                0x4805a834                resetDacqTimeFor
                0x4805926c                setLogSimulationTime
                0x48059264                setDacqTimeFor
                0x48059044                applicationStopUserMode
                0x4805a974                timeMeasurementStop
                0x480592c8                etasAscetLoggingBufferSize
                0x4805aa1c                logDataForChannel
                0x4805ae68                storeLogDataForGroup
                0x4805a9c8                timeMeasurementStart
                0x4805a914                timeInSeconds
 .text          0x4805b1bc       0xd8 C:\Program Files (x86)\ETAS\INTECRIO5.0\Target\Etarget\ES910\libtarget.a(a_l1pro.o)
                0x4805b1bc                forwardToProcess
                0x4805b218                startUpSimulation
 .text          0x4805b294     0x4c88 C:\Program Files (x86)\ETAS\INTECRIO5.0\Target\Etarget\ES910\libtarget.a(a_primit.o)
                0x4805f9e0                v3_initInstance_uint16
                0x4805d138                Vec_uint32_getAtProtected
                0x4805e65c                v3_initInstance_Mat_real64
                0x4805dd04                v3_initInstance_Mat_bool
                0x4805f65c                initInstance_GroupCharTable2
                0x4805f298                initInstance_Vec_real32
                0x4805c8c8                Mat_sint16_setAtProtected
                0x4805c740                Mat_uint16_setAtProtected
                0x4805e408                v3_initInstance_Mat_sint8
                0x4805e530                v3_initInstance_Mat_real32
                0x4805e088                v3_initInstance_Mat_uint16
                0x4805cfac                Vec_qreal64_getAtProtected
                0x4805feac                delete_Mat
                0x4805bb1c                addVector
                0x4805e940                v3_initInstance_Vec_bool
                0x4805e190                initInstance_Mat_uint16
                0x4805f638                initInstance_uint32
                0x4805fae4                initInstance_sint16
                0x4805d964                qreal64_set
                0x4805fca0                initInstance_real32
                0x4805f038                initInstance_Vec_uint8
                0x4805fdec                delete_CharTable2
                0x4805d4c4                Vec_uint8_getAtProtected
                0x4805fa50                initInstance_uint16
                0x4805b320                removeMatrix
                0x4805d448                Vec_uint8_setAtProtected
                0x4805df5c                v3_initInstance_Mat_sint32
                0x4805ea4c                initInstance_Vec_bool
                0x4805c1a8                Mat_real64_getAtProtected
                0x4805c0b8                Mat_real64_setAtProtected
                0x4805de0c                initInstance_Mat_bool
                0x4805ecac                initInstance_Vec_sint32
                0x4805fb08                v3_initInstance_uint8
                0x4805d858                Vec_qreal64_setAtProtected
                0x4805b9e8                addMatrix
                0x4805db40                v3_initInstance_Mat_qreal64
                0x4805cc98                Mat_sint8_getAtProtected
                0x4805f7e4                initInstance_GroupCharTable1
                0x4805c994                Mat_sint16_getAtProtected
                0x4805ea70                v3_initInstance_Vec_uint32
                0x4805d5a0                Vec_sint8_getAtProtected
                0x4805c684                Mat_sint32_getAtProtected
                0x4805d604                qreal64_adjust
                0x4805fee4                delete_Vec
                0x4805ee00                v3_initInstance_Vec_sint16
                0x4805ef0c                initInstance_Vec_sint16
                0x4805ce8c                Vec_real64_setAtProtected
                0x4805d280                Vec_uint16_setAtProtected
                0x4805cfd4                Vec_real32_setAtProtected
                0x4805e3e4                initInstance_Mat_uint8
                0x4805c4fc                Mat_uint32_getAtProtected
                0x4805b2a0                getBasicType
                0x4805f188                v3_initInstance_Vec_real32
                0x4805d728                Mat_qreal64_setAtProtected
                0x4805ce28                Vec_bool_getAtProtected
                0x4805fd3c                initInstance_real64
                0x4805e908                initInstance_Vec_qreal64
                0x4805fe2c                delete_GroupCharTable1
                0x4805f94c                v3_initInstance_sint32
                0x4805e638                initInstance_Mat_real32
                0x4805d524                Vec_sint8_setAtProtected
                0x4805c374                Mat_real32_getAtProtected
                0x4805cda8                Vec_bool_setAtProtected
                0x4805b410                removeVector
                0x4805bffc                Mat_bool_getAtProtected
                0x4805fe6c                delete_CharTable1
                0x4805f9bc                initInstance_sint32
                0x4805de30                v3_initInstance_Mat_uint32
                0x4805fc0c                initInstance_sint8
                0x4805f720                initInstance_CharTable2
                0x4805f4fc                initInstance_qreal64
                0x4805c430                Mat_uint32_setAtProtected
                0x4805c80c                Mat_uint16_getAtProtected
                0x4805e764                initInstance_Mat_real64
                0x4805fcc4                v3_initInstance_real64
                0x4805f5c8                v3_initInstance_uint32
                0x4805b2ac                getPrimitiveType
                0x4805be98                Mat_setCurSizeYProtected
                0x4805f05c                v3_initInstance_Vec_sint8
                0x4805fb78                initInstance_uint8
                0x4805ecd0                v3_initInstance_Vec_uint16
                0x4805b294                getTypeSize
                0x4805e064                initInstance_Mat_sint32
                0x4805fc30                v3_initInstance_real32
                0x4805fdac                delete_GroupCharTable2
                0x4805bf30                Mat_bool_setAtProtected
                0x4805df38                initInstance_Mat_uint32
                0x4805f5a4                initInstance_bool
                0x4805d0b8                Vec_uint32_setAtProtected
                0x4805e788                v3_initInstance_Vec_qreal64
                0x4805dcc4                initInstance_Mat_qreal64
                0x4805c280                Mat_qreal64_getAtProtected
                0x4805ef30                v3_initInstance_Vec_uint8
                0x4805d21c                Vec_sint32_getAtProtected
                0x4805e2bc                initInstance_Mat_sint16
                0x4805d300                Vec_uint16_getAtProtected
                0x4805cd54                Vec_setCurSizeProtected
                0x4805fb9c                v3_initInstance_sint8
                0x4805cf2c                Vec_real64_getAtProtected
                0x4805ca50                Mat_uint8_setAtProtected
                0x4805eb7c                initInstance_Vec_uint32
                0x4805e1b4                v3_initInstance_Mat_sint16
                0x4805d19c                Vec_sint32_setAtProtected
                0x4805fd60                initInstance_reference
                0x4805d3e4                Vec_sint16_getAtProtected
                0x4805cbd0                Mat_sint8_setAtProtected
                0x4805bee4                Mat_setCurSizeXProtected
                0x4805f534                v3_initInstance_bool
                0x4805f898                initInstance_CharTable1
                0x4805f3ec                v3_initInstance_qreal64
                0x4805daac                initInstance_quantInfo
                0x4805c2a8                Mat_real32_setAtProtected
                0x4805e50c                initInstance_Mat_sint8
                0x4805eba0                v3_initInstance_Vec_sint32
                0x4805d054                Vec_real32_getAtProtected
                0x4805c5b8                Mat_sint32_setAtProtected
                0x4805f164                initInstance_Vec_sint8
                0x4805d364                Vec_sint16_setAtProtected
                0x4805cb18                Mat_uint8_getAtProtected
                0x4805fa74                v3_initInstance_sint16
                0x4805e2e0                v3_initInstance_Mat_uint8
                0x4805eddc                initInstance_Vec_uint16
                0x4805f3c8                initInstance_Vec_real64
                0x4805f2bc                v3_initInstance_Vec_real64
 .text          0x4805ff1c       0x20 C:\Program Files (x86)\ETAS\INTECRIO5.0\Target\Etarget\ES910\libtarget.a(a_sysver.o)
                0x4805ff30                getBuildRevision
                0x4805ff1c                getSystemLibVersion
                0x4805ff28                getSystemLibCid
 .text          0x4805ff3c     0x305c C:\Program Files (x86)\ETAS\INTECRIO5.0\Target\Etarget\ES910\libtarget.a(a_targma.o)
                0x48060e3c                perfMeasStop
                0x4806180c                asdMalloc
                0x48061c00                addToActiveSimObjList
                0x480600bc                getTargetL1BufferSizeCode
                0x48061d90                asdWriteUserError
                0x48060054                setTargetL1BufferSize
                0x480626c8                perfMeasDisplay
                0x48060020                getSimObjPtr
                0x4806110c                asdFree
                0x48061d64                asdClearUserError
                0x48060114                resetPerfMeasObj
                0x480615e0                asdMallocNoInit
                0x48062580                asdWriteUserDebug
                0x4805ff6c                searchInActiveList
                0x480617b8                asdCalloc
                0x480600b0                getTargetL1BufferSize
                0x4805ffc8                removeFromActiveSimObjList
                0x48060ee4                perfMeasStart
                0x4805ff48                instanceTreeMallocOn
                0x48061738                createPerfMeasObj
                0x48062910                etasInitModelProcess
                0x480608e0                getObjectsRecursive
                0x48060f50                availableMemory
                0x4805ff58                instanceTreeMallocOff
                0x48061004                asdFreeAll
                0x48061aa0                updateCTBlocks
                0x48061468                asdRealloc
                0x48061428                deletePerfMeasObj
                0x4805ff3c                getInstanceTreeMemoryConsumption
 .text          0x48062f98     0x14ac C:\Program Files (x86)\ETAS\INTECRIO5.0\Target\Etarget\ES910\libtarget.a(i_cpyfnc.o)
                0x480632c8                copyPlainFromFloat
                0x48063df4                copyScalSatTypeSatFromFloat
                0x4806442c                copyInt
                0x48064438                copyDouble
                0x48064420                copyShort
                0x4806395c                copyScalFromValidFloat
                0x48063ba0                copyScalSatFromFloat
                0x480634e8                copySatFromFloat
                0x48062f98                copyPlainToFloat
                0x480631e8                copyScalSatToFloat
                0x48063130                copyScalToFloat
                0x48064414                copyByte
                0x480641b8                copyBoolSatFromFloat
                0x48063064                copySatToFloat
                0x4806372c                copyScalFromFloat
 .text          0x48064444     0x530c C:\Program Files (x86)\ETAS\INTECRIO5.0\Target\Etarget\ES910\libtarget.a(i_mapfnc.o)
                0x480647dc                var2BufByteOffsetReal64
                0x48066ab4                var2BufBypassSint8
                0x48065818                var2Buf64BitIntelSint32
                0x480649c8                var2BufByteOffsetBool
                0x48067898                var2BufIndirectMotorolaReal32
                0x48064798                buf2VarSimpleUint8
                0x48064a5c                buf2VarByteOffsetSint32
                0x48067c0c                buf2VarIndirectMotorolaSint32
                0x48068f34                var2BufIndirectIntelSint16
                0x480696fc                bufGenFrameInit
                0x48067738                buf2VarGenFrameIntelSint32
                0x48069450                buf2VarBypassIntelUint16
                0x48064f1c                var2Buf64BitMotorolaUint16
                0x480656fc                var2Buf64BitIntelUint32
                0x48065f00                buf2Var64BitMotorolaReal32
                0x480668b0                var2BufBypassMotorolaReal64
                0x48064fc8                var2Buf64BitMotorolaSint16
                0x480648e4                var2BufByteOffsetSint16
                0x48064750                buf2VarSimpleSint32
                0x48066bf4                buf2VarBypassMotorolaSint32
                0x48064aac                buf2VarByteOffsetSint8
                0x4806795c                var2BufIndirectMotorolaUint16
                0x48066bc4                buf2VarBypassMotorolaUint32
                0x480661d0                buf2Var64BitMotorolaUint8
                0x4806928c                var2BufBypassMaskedIntelBoolUint32
                0x48067b6c                buf2VarIndirectMotorolaReal64
                0x48064648                var2BufSimpleBool
                0x48067578                buf2VarGenFrameMotorolaSint32
                0x480660ec                buf2Var64BitMotorolaSint32
                0x480651c4                var2Buf64BitMotorolaBool
                0x480676f8                buf2VarGenFrameIntelUint32
                0x480674b8                var2BufGenFrameIntelBool
                0x48067478                var2BufGenFrameIntelSint8
                0x480671f8                var2BufGenFrameMotorolaSint16
                0x48067878                var2BufIndirectMotorolaReal64
                0x48064930                var2BufByteOffsetUint8
                0x48064b5c                var2Buf64BitMotorolaUint64
                0x480671b8                var2BufGenFrameMotorolaUint16
                0x480694e0                buf2VarBypassIntelUint32
                0x48069614                var2BufBypassIntelSint32
                0x4806470c                buf2VarSimpleReal64
                0x48066ca4                buf2VarBypassIntelReal64
                0x48064a70                buf2VarByteOffsetUint16
                0x480644c0                var2BufSimpleSint32
                0x48066fcc                var2BufBypassMaskedUint8
                0x48066d7c                var2BufBypassMaskedMotorolaUint32
                0x4806497c                var2BufByteOffsetSint8
                0x4806538c                var2Buf64BitIntelUint64
                0x48067ba0                buf2VarIndirectMotorolaReal32
                0x48066b74                buf2VarBypassMotorolaReal64
                0x480672b8                var2BufGenFrameMotorolaBool
                0x48065934                var2Buf64BitIntelUint16
                0x48064800                var2BufByteOffsetUint32
                0x48068e00                buf2VarIndirectIntelUint16
                0x48064ac4                buf2VarByteOffsetBool
                0x4806917c                var2BufBypassMaskedIntelSint16
                0x480646b0                var2BufSimpleUint8Bool
                0x48066978                var2BufBypassMotorolaUint16
                0x48069204                var2BufBypassMaskedIntelUint16
                0x48064738                buf2VarSimpleUint32
                0x48067278                var2BufGenFrameMotorolaSint8
                0x480652bc                var2Buf64BitIntelReal32
                0x48067d98                buf2VarIndirectSint8
                0x48065f48                buf2Var64BitMotorolaUint64
                0x48067138                var2BufGenFrameMotorolaUint32
                0x48068218                var2BufGenFrameMotorolaReal64
                0x48069674                var2BufBypassIntelUint32
                0x48067638                buf2VarGenFrameMotorolaUint8
                0x48066134                buf2Var64BitMotorolaUint16
                0x4806681c                buf2Var64BitIntelSint8
                0x480672f8                var2BufGenFrameIntelReal32
                0x480662d0                buf2Var64BitIntelReal32
                0x48065268                var2Buf64BitIntelReal64
                0x48066ea0                var2BufBypassMaskedMotorolaUint16
                0x48065544                var2Buf64BitIntelSint64
                0x480673b8                var2BufGenFrameIntelUint16
                0x48068d00                buf2VarGenFrameIntelReal64
                0x480669c4                var2BufBypassMotorolaSint16
                0x48069524                buf2VarBypassIntelReal32
                0x4806949c                buf2VarBypassIntelSint32
                0x4806484c                var2BufByteOffsetSint32
                0x48066440                buf2Var64BitIntelSint64
                0x480674f8                buf2VarGenFrameMotorolaReal32
                0x48069728                bufBypassInit
                0x48066658                buf2Var64BitIntelUint16
                0x48066e44                var2BufBypassMaskedMotorolaBoolUint32
                0x4806906c                var2BufIndirectIntelUint32
                0x480675f8                buf2VarGenFrameMotorolaSint16
                0x48065074                var2Buf64BitMotorolaUint8
                0x4806634c                buf2Var64BitIntelUint64
                0x480677b8                buf2VarGenFrameIntelSint16
                0x48067378                var2BufGenFrameIntelSint32
                0x480689f0                buf2VarGenFrameMotorolaReal64
                0x48066784                buf2Var64BitIntelUint8
                0x4806709c                var2BufBypassMaskedBoolUint8
                0x480688d0                buf2VarGenFrameMotorolaUint64
                0x48067c94                buf2VarIndirectMotorolaSint16
                0x480676b8                buf2VarGenFrameIntelReal32
                0x48064dd4                var2Buf64BitMotorolaUint32
                0x480690d4                var2BufIndirectIntelReal32
                0x480647ec                var2BufByteOffsetReal32
                0x48069104                var2BufBypassMaskedIntelBoolUint16
                0x48066d44                buf2VarBypassSint8
                0x48065c9c                var2Buf64BitIntelSint8
                0x48064e78                var2Buf64BitMotorolaSint32
                0x480666f0                buf2Var64BitIntelSint16
                0x48065b7c                var2Buf64BitIntelUint8
                0x480680a0                var2BufGenFrameMotorolaUint64
                0x480675b8                buf2VarGenFrameMotorolaUint16
                0x48066d0c                buf2VarBypassUint8
                0x48064b00                var2Buf64BitMotorolaReal32
                0x48067778                buf2VarGenFrameIntelUint16
                0x480647ac                buf2VarSimpleSint8
                0x480678b4                var2BufIndirectMotorolaUint32
                0x48068b7c                buf2VarGenFrameIntelSint64
                0x48066c64                buf2VarBypassMotorolaSint16
                0x48064470                var2BufSimpleUint32
                0x480687ac                buf2VarGenFrameMotorolaSint64
                0x48064ad8                buf64BitInit
                0x48067ce0                buf2VarIndirectIntelReal64
                0x48068ef8                buf2VarIndirectIntelReal32
                0x4806692c                var2BufBypassMotorolaSint32
                0x480695b4                var2BufBypassIntelUint16
                0x48067678                buf2VarGenFrameMotorolaSint8
                0x48067f28                var2BufGenFrameMotorolaSint64
                0x48066f08                var2BufBypassMaskedMotorolaSint16
                0x48066f70                var2BufBypassMaskedMotorolaBoolUint16
                0x48068554                var2BufGenFrameIntelUint64
                0x48067238                var2BufGenFrameMotorolaUint8
                0x480645b0                var2BufSimpleUint8
                0x48064a34                buf2VarByteOffsetReal32
                0x48067ab8                var2BufIndirectSint8
                0x48064720                buf2VarSimpleReal32
                0x48068e58                buf2VarIndirectIntelSint32
                0x48069554                var2BufBypassIntelSint16
                0x480660a4                buf2Var64BitMotorolaUint32
                0x480668e0                var2BufBypassMotorolaUint32
                0x48069384                var2BufBypassMaskedIntelUint32
                0x48067a04                var2BufIndirectIntelReal64
                0x48067034                var2BufBypassMaskedSint8
                0x48064a48                buf2VarByteOffsetUint32
                0x480673f8                var2BufGenFrameIntelSint16
                0x480647c4                buf2VarSimpleBool
                0x48064768                buf2VarSimpleUint16
                0x48066220                buf2Var64BitMotorolaSint8
                0x48066c2c                buf2VarBypassMotorolaUint16
                0x48064a24                buf2VarByteOffsetReal64
                0x48069004                var2BufIndirectIntelSint32
                0x48067c50                buf2VarIndirectMotorolaUint16
                0x48068c40                buf2VarGenFrameIntelUint64
                0x48066a10                var2BufBypassIntelReal64
                0x48066538                buf2Var64BitIntelUint32
                0x48066184                buf2Var64BitMotorolaSint16
                0x48067178                var2BufGenFrameMotorolaSint32
                0x48065edc                buf2Var64BitMotorolaReal64
                0x48065ff4                buf2Var64BitMotorolaSint64
                0x48064a84                buf2VarByteOffsetSint16
                0x48067a64                var2BufIndirectUint8
                0x480677f8                buf2VarGenFrameIntelUint8
                0x48068f9c                var2BufIndirectIntelUint16
                0x48067d54                buf2VarIndirectUint8
                0x48067b0c                var2BufIndirectBool
                0x480696d4                var2BufBypassIntelReal32
                0x48067338                var2BufGenFrameIntelUint32
                0x48064510                var2BufSimpleUint16
                0x48067908                var2BufIndirectMotorolaSint32
                0x48067538                buf2VarGenFrameMotorolaUint32
                0x48064898                var2BufByteOffsetUint16
                0x4806626c                buf2Var64BitIntelReal64
                0x480665c8                buf2Var64BitIntelSint32
                0x480670f8                var2BufGenFrameMotorolaReal32
                0x4806511c                var2Buf64BitMotorolaSint8
                0x48067ddc                formulaOutReal64
                0x480645fc                var2BufSimpleSint8
                0x48067838                buf2VarGenFrameIntelSint8
                0x48067df8                formulaInReal64
                0x48064aec                var2Buf64BitMotorolaReal64
                0x48064560                var2BufSimpleSint16
                0x48067438                var2BufGenFrameIntelUint8
                0x48066ba0                buf2VarBypassMotorolaReal32
                0x48067bd0                buf2VarIndirectMotorolaUint32
                0x48068650                var2BufGenFrameIntelReal64
                0x480679b0                var2BufIndirectMotorolaSint16
                0x48065a58                var2Buf64BitIntelSint16
                0x48066a68                var2BufBypassUint8
                0x48064780                buf2VarSimpleSint16
                0x48068ea8                buf2VarIndirectIntelUint32
                0x48066de0                var2BufBypassMaskedMotorolaSint32
                0x48068da8                buf2VarIndirectIntelSint16
                0x48064444                var2BufSimpleReal64
                0x480668cc                var2BufBypassMotorolaReal32
                0x48064a98                buf2VarByteOffsetUint8
                0x48068458                var2BufGenFrameIntelSint64
                0x48069304                var2BufBypassMaskedIntelSint32
                0x48064c98                var2Buf64BitMotorolaSint64
                0x48069404                buf2VarBypassIntelSint16
                0x48064458                var2BufSimpleReal32
                0x48066b00                var2BufBypassBool
                0x48065dbc                var2Buf64BitIntelBool
 .text          0x48069750      0xee4 C:\Program Files (x86)\ETAS\INTECRIO5.0\Target\Etarget\ES910\libtarget.a(i_osman.o)
                0x4806a438                etasRemoveStopUserModeCallback
                0x48069ca4                activateTaskWithId
                0x4806980c                findCurAppModeName
                0x48069978                getTaskIdForTask
                0x48069a7c                clearMeasureGroupForTask
                0x48069b14                clearLogGroupForTask
                0x4806a314                etasInitTaskTerminationHook
                0x48069b58                isModelStarted
                0x48069774                getEEId
                0x480698a8                getTaskPtrForId
                0x4806a5fc                etasAddInitTaskTerminationCallback
                0x48069b80                updateUserModeState
                0x4806a5c4                etasAddStopUserModeCallback
                0x4806a210                etasStopUserModeHook
                0x48069750                etasInitOsProcess
                0x480699b8                findCurTaskName
                0x48069aa0                setMeasureGroupForTask
                0x48069b38                setLogGroupForTask
                0x4806a470                etasRemoveInitTaskTerminationCallback
 .text          0x4806a634     0x73e0 C:\Program Files (x86)\ETAS\INTECRIO5.0\Target\Etarget\ES910\libtarget.a(i_rtioma.o)
                0x4806a670                rtioCheckStartup
                0x4806a6cc                registerRtioDriverLockedCallback
                0x4806a6c0                etasRtioInitProcess
                0x480713bc                rtioHook
                0x48070c04                rtioSignalDriverLock
                0x4806a6c8                etasRtioExitProcess
                0x48070ad0                etasRtioIntDisableProcess
                0x4806a664                rtioSetConfigState
                0x4806a74c                deRegisterRtioDriverLockedCallback
                0x48070b24                rtioSignalDriverUnlock
                0x48070af0                etasRtioStartupProcess
                0x4806a658                rtioGetConfigState
                0x4806a7d0                rtioGetDriverLockedState
                0x4806a6b4                rtioIsOsExpertModeActive
                0x4806a6a8                rtioGetHwAbsenceBehavior
                0x4806a634                rtioSetLogPort
                0x4806a6c4                etasRtioIntEnableProcess
                0x4806a640                rtioSetConfigId
 .text          0x48071a14      0x550 C:\Program Files (x86)\ETAS\INTECRIO5.0\Target\Etarget\ES910\libtarget.a(i_salone.o)
                0x48071f10                crossbarPrepareReconnection
                0x48071d20                crossbarGetNextConfigResponse
                0x48071b7c                playbackConfigL1Records
                0x48071ebc                rtioPrepareReconnection
                0x48071e24                crossbarFinishReconnection
                0x48071cb4                rtioGetNextConfigResponse
                0x48071d8c                rtioFinishReconnection
 .text          0x48071f64     0x1830 C:\Program Files (x86)\ETAS\INTECRIO5.0\Target\Etarget\ES910\libtarget.a(t_croman.o)
                0x48071f70                crossbarSetConfigId
                0x48071f88                crossbarGetConfigState
                0x48071f64                crossbarSetLogPort
                0x48071f94                crossbarSetConfigState
                0x480736f0                crossbarHook
 .text          0x48073794      0xcb0 C:\Program Files (x86)\ETAS\INTECRIO5.0\Target\Etarget\ES910\libtarget.a(t_crosll.o)
                0x48073a68                createCopyObjectContainer
                0x48073ae4                insertObjectIntoCopyLists
                0x48073d68                commonCreateCopyAction
                0x480742e8                cromanExecuteObj
                0x48073794                internalDeleteCopyAction
                0x48073c38                createInsertVector
 .text          0x48074444     0x1cf0 C:\Program Files (x86)\ETAS\INTECRIO5.0\Target\Etarget\ES910\libtarget.a(t_nvram.o)
                0x48074578                nvramClear
                0x48074528                nvramEnableAutoUpdate
                0x480745b0                nvramResetStatistics
                0x48074444                nvramSetUpdateInterval
                0x4807451c                nvramGetConsistencyLevel
                0x480756d8                nvramUpdateMemoryBackground
                0x48075b38                nvramInit
                0x4807456c                nvramCheckRunningUpdate
                0x4807563c                nvramManualUpdateExit
                0x48075504                nvramManualUpdateBackground
                0x4807455c                nvramCheckForAutoUpdate
                0x480758c8                nvramInitModelVars
                0x480745a4                nvramCheckForInitializedVars
                0x48074ad4                nvramGetUpdateAgeMs
                0x480753d0                nvramManualUpdateBlocked
                0x480744fc                nvramSetConsistencyLevel
                0x48074544                nvramDisableAutoUpdate
                0x48074614                nvramGetStatistics
                0x48074498                nvramGetUpdateInterval
 .text          0x48076134      0x6ec C:\Program Files (x86)\ETAS\INTECRIO5.0\Target\Etarget\ES910\libtarget.a(t_objlis.o)
                0x48076728                createObjList
                0x48076134                dumpObjList
 .text          0x48076820      0xcd8 C:\Program Files (x86)\ETAS\INTECRIO5.0\Target\Etarget\ES910\libtarget.a(t_rtcros.o)
                0x48076a38                getObjectFromDynamicInstanceTree
                0x4807682c                deleteInstance_container
                0x48076edc                removeObjectFromDynamicInstanceTree
                0x480768c8                initInstance_container
                0x480770ac                getValuePtr
                0x48076fc4                addObjectToDynamicInstanceTree
                0x48076e58                getNextFreeRefIdOfDynamicInstanceTree
                0x48076820                rtcrosSetLogPort
                0x48076a08                createDynamicInstanceTree
                0x48077124                processBlockCommands
 .text          0x480774f8     0x1b38 C:\Program Files (x86)\ETAS\INTECRIO5.0\Target\Etarget\ES910\libtarget.a(t_sgman.o)
                0x48078ef4                sgHook
                0x48077658                sgGetComVarPtr
                0x48078eb8                deleteComVarCallback
                0x480774f8                sgGetCurTime
                0x48078e5c                sgGetObjPtr
 .text          0x48079030     0x14d0 C:\Program Files (x86)\ETAS\INTECRIO5.0\Target\Etarget\ES910\libtarget.a(y_primit.o)
                0x48079934                initInstance_columnDirMatrixWrapper
                0x4807a3f0                initInstance_charTable1Wrapper
                0x48079e8c                initInstance_columnDirGroupCharTable2Wrapper
                0x48079a98                initInstance_matrixWrapper
                0x4807a08c                initInstance_groupCharTable1Wrapper
                0x48079d4c                initInstance_scalarWrapper
                0x48079f8c                initInstance_groupCharTable2Wrapper
                0x48079bfc                initInstance_vectorWrapper
                0x4807a2b4                initInstance_charTable2Wrapper
                0x4807a178                initInstance_columnDirCharTable2Wrapper
 .text          0x4807a500     0x19c0 C:\Program Files (x86)\ETAS\INTECRIO5.0\Target\Etarget\ES910\libtarget.a(a1b_dacq.o)
                0x4807a5f0                getA1bGroup
                0x4807b878                instanciateA1bChannel
                0x4807ad88                getA1bChannelGroupUpdateOffline
                0x4807bca0                storeA1bDataForGroup
                0x4807b33c                destructA1bChannelGroup
                0x4807b674                instanciateA1bGroup
                0x4807b414                freeA1bMeasureBuffers
                0x4807bc80                allocateA1bMeasureBuffers
                0x4807a5ac                addA1bChannelToA1bGroup
                0x4807b124                destructA1bChannel
                0x4807a68c                removeA1bChannelFromA1bGroup
 .text          0x4807bec0     0x1060 C:\Program Files (x86)\ETAS\INTECRIO5.0\Target\Etarget\ES910\libtarget.a(a_contai.o)
                0x4807c5d0                dVectorRewindHeadReentrant
                0x4807c514                dVectorRemoveObject
                0x4807c6a0                dVectorCreate
                0x4807bf18                dListGetObjectForward
                0x4807c214                dTableRemoveLastObject
                0x4807cc4c                dTableDelete
                0x4807c368                dVectorGetObject
                0x4807bf00                dListRewindTailReentrant
                0x4807c6f8                dTableCreate
                0x4807c0d0                dTableGetObject
                0x4807c16c                dTableIsEmpty
                0x4807c350                dTableNofObjects
                0x4807bf70                dListGetObjectBackward
                0x4807ca74                dTableAddObject
                0x4807cc18                dTableDeleteStatic
                0x4807c47c                dVectorRemoveLastObject
                0x4807c3f4                dVectorRemoveFirstObject
                0x4807c18c                dTableRemoveFirstObject
                0x4807beec                dListRewindTail
                0x4807c7f4                dListAddObjectHead
                0x4807cec0                dListDelete
                0x4807cc90                dListRemoveObject
                0x4807bfc8                dListGetObjectAtIndex
                0x4807c8d8                dVectorAddObject
                0x4807bf9c                dListGetObjectBackwardReentrant
                0x4807c09c                dTableCreateStatic
                0x4807bf44                dListGetObjectForwardReentrant
                0x4807c394                dVectorRemoveObjectAtIndex
                0x4807c5d8                dVectorGetObjectForwardReentrant
                0x4807c62c                dVectorGetIndexOfLastEntry
                0x4807cd90                dListRemoveObjectTail
                0x4807c750                dListAddObjectTail
                0x4807c108                dTableRemoveObject
                0x4807ca30                dVectorDelete
                0x4807ce28                dListRemoveObjectHead
                0x4807c5b0                dVectorIsEmpty
                0x4807c058                dListIsEmpty
                0x4807c89c                dListCreate
                0x4807c2ac                dTableTestFunc
                0x4807c614                dVectorNofObjects
                0x4807bec0                dListRewindHead
                0x4807c084                dListNofObjects
                0x4807bed4                dListRewindHeadReentrant
 .text          0x4807cf20      0x498 C:\Program Files (x86)\ETAS\INTECRIO5.0\Target\Etarget\ES910\libtarget.a(i_transf.o)
                0x4807d1bc                transferToMatrix
                0x4807cfbc                transferToVector
                0x4807cf20                transferFromVector
                0x4807d058                transferFromMatrix
                0x4807d320                transferDirect
 .text          0x4807d3b8     0x2378 C:\Program Files (x86)\ETAS\INTECRIO5.0\Target\Etarget\ES910\libtarget.a(t_sglow.o)
                0x4807e314                freeDataSignal
                0x4807e744                makeDataSignal
                0x4807df28                computeTimeSliceTimes
                0x4807dbf0                setSinewaveSignal
                0x4807d5e4                getIntervalNr
                0x4807e228                deleteTimeSlice
                0x4807f494                freeChannel
                0x4807e77c                makeLinearSignal
                0x4807f588                freeStimuliSet
                0x4807dd48                setIntervalPulseSignal
                0x4807e378                freeInterval
                0x4807dcfc                setPulseSignal
                0x4807ded4                setTimeSlice
                0x4807d51c                insertTimeSlice
                0x4807e5d8                makeSinewaveSignal
                0x4807eb14                makeIntervalDataSignal
                0x4807d9a0                binsearch
                0x4807e2b4                freeRandomSignal
                0x4807d8dc                getLinearSignalY
                0x4807d4d0                getTimeSliceNr
                0x4807e00c                getTimeSliceT
                0x4807ece8                getRandomSignalY
                0x4807e2d4                freePulseSignal
                0x4807de08                setRandomSignal
                0x4807f1e4                getChannelY
                0x4807e6f4                setIntervalDataSignal
                0x4807ef08                getSinewaveSignalY
                0x4807f69c                makeStimuliSet
                0x4807d704                computeIntervalTimes
                0x4807d844                setIntervalLinearSignal
                0x4807e48c                makeTimeSlice
                0x4807e7a0                makeIntervalRandomSignal
                0x4807d404                insertChannel
                0x4807d630                insertInterval
                0x4807de3c                setIntervalRandomSignal
                0x4807d758                computeChannelTimes
                0x4807e8bc                makeIntervalPulseSignal
                0x4807d810                setLinearSignal
                0x4807df90                computeStimuliSetTimes
                0x4807e558                makeFunctionSignal
                0x4807d3b8                getChannelNr
                0x4807f420                resetStimuliSet
                0x4807e408                deleteInterval
                0x4807e0c0                getT
                0x4807f614                makeChannel
                0x4807e590                makeRandomSignal
                0x4807d6f8                resetInterval
                0x4807f034                getIntervalY
                0x4807edb0                getPulseSignalY
                0x4807dc3c                setIntervalSinewaveSignal
                0x4807e5b4                makePulseSignal
                0x4807e208                freeTimeSlice
                0x4807df14                resetTimeSlice
                0x4807da44                getDataSignalY
                0x4807e2f4                freeSinewaveSignal
                0x4807e358                freeLinearSignal
                0x4807f504                deleteChannel
                0x4807ebd0                makeIntervalLinearSignal
                0x4807e5fc                setDataSignal
                0x4807f350                resetChannel0
                0x4807e9e8                makeIntervalSinewaveSignal
 .text          0x4807f730        0x0 C:\Program Files (x86)\ETAS\INTECRIO5.0\Target\Etarget\rtio\global\es910\librtio_gnu.a(comm_err.o)
 .text          0x4807f730       0xa0 C:\Program Files (x86)\ETAS\INTECRIO5.0\Target\Etarget\rtio\global\es910\librtio_gnu.a(p_rtio.o)
                0x4807f730                rtioSignalHwAccessEnd
                0x4807f788                rtioSignalHwAccessBegin
 .text          0x4807f7d0      0xd38 C:\Program Files (x86)\ETAS\INTECRIO5.0\Target\Etarget\rtio\global\es910\librtio_gnu.a(p_rtio_s.o)
                0x480804c4                setupRTIO
                0x4807feb4                es910IsEtherCATEnabled
                0x4807f7dc                getMasterId
                0x4807f9f4                rtioHwDetect
                0x4807ffc0                rtioTestBoardPresence
                0x4807f8cc                printDetectedHardware
                0x4807f7f8                rtioGetNextDetectedHwTableEntry
                0x4807f7d0                es910RtioGetFpgaRegsGlobal
                0x4808043c                es910RtioMapFpgaRegsGlobal
                0x48080398                es910RtioUnmapFpgaRegsGlobal
                0x4807f7e4                rtioRewindDetectedHwTable
                0x4807ff4c                es910RtioIntDisable
 .text          0x48080508      0xe18 C:\Program Files (x86)\ETAS\INTECRIO5.0\Target\Etarget\rtio\global\es910\librtio_gnu.a(rtio_err.o)
                0x480806e4                clearErrMsgList
                0x48080640                deactivateRtioMsgLists
                0x480805ac                installEtasPseudoGeoAdrBoardNames
                0x48080588                installCommErrMessages
                0x480805b8                installUserBoardNames
                0x48080508                initMessageTables
                0x48080678                getNextErrMsg
                0x4808083c                rtioGetBoardName
                0x480805a0                installEtasAutoIdBoardNames
                0x48080fc8                rtioErr
                0x48080568                mapErrorCode
                0x480805c4                installEtasVirtualBoardNames
                0x480805d0                installMessages
                0x480808d0                rtio_err_v3
                0x48080654                rewindErrMsgList
                0x4808076c                clearCurErrMsg
                0x48080630                activateRtioMsgLists
                0x48080d44                rtioErrV2
                0x48080594                installEtasBoardNames
 .text          0x48081320      0x638 C:\Program Files (x86)\ETAS\INTECRIO5.0\Target\Etarget\rtio\global\es910\librtio_gnu.a(fhc_emu.o)
                0x48081320                fhc_get_module_name_port_name
                0x480815d8                fhc_check_port_presence_rp
 .text          0x48081958      0x798 C:\Program Files (x86)\ETAS\INTECRIO5.0\Target\Etarget\ES910\rta_osek\librtk_s.a(ostarget.o)
                0x48081958                os_get_sw_int_info
                0x48081c74                os_pre_start
                0x48081b2c                os_detach_interrupts
                0x480819e0                os_generate_sw_int
 .text          0x480820f0       0x30 C:\Program Files (x86)\ETAS\INTECRIO5.0\Target\Etarget\ES910\rta_osek\librtk_s.a(osfptgt.o)
                0x480820f0                os_fp_save
                0x4808211c                os_fp_restore_from
                0x48082104                os_fp_restore
                0x48082118                os_fp_save_to
 .text          0x48082120       0x94 C:\Program Files (x86)\ETAS\INTECRIO5.0\Target\Etarget\ES910\rta_osek\librtk_s.a(osiwrap1.o)
                0x48082120                os_cat1_wrapper
 .text          0x480821b4      0x288 C:\Program Files (x86)\ETAS\INTECRIO5.0\Target\Etarget\ES910\rta_osek\librtk_s.a(osxdspnf.o)
                0x480821b4                osek_dispatchN2F
 .text          0x4808243c      0x10c C:\Program Files (x86)\ETAS\INTECRIO5.0\Target\Etarget\ES910\rta_osek\librtk_s.a(osysd1hf.o)
                0x4808243c                os_fdispH1
 .text          0x48082548      0x2d4 C:\Program Files (x86)\ETAS\INTECRIO5.0\Target\Etarget\ES910\rta_osek\librtk_s.a(osysdfhf.o)
                0x48082548                os_fdispH2F
 .text          0x4808281c      0x2cc C:\Program Files (x86)\ETAS\INTECRIO5.0\Target\Etarget\ES910\rta_osek\librtk_s.a(osysdfhi.o)