Archive member included because of file (symbol)

Car_State1/Car_State1.a(Car_State.o)
                              Car_State0/Car_State_instances.o (Car_State_U)
Disconnections1/Disconnections1.a(Disconnections.o)
                              Disconnections0/Disconnections_instances.o (Disconnections_DW)
Ellipse1/Ellipse1.a(Ellipse.o)
                              Ellipse0/Ellipse_instances.o (Ellipse_B)
Inverters_Action1/Inverters_Action1.a(Inverters_Action.o)
                              Inverters_Action0/Inverters_Action_instances.o (Inverters_Action_U)
Inverters_Action1/Inverters_Action1.a(Inverters_Action_data.o)
                              Inverters_Action0/Inverters_Action_instances.o (Inverters_Action_ConstB)
Inverters_Data1/Inverters_Data1.a(Inverters_Data.o)
                              Inverters_Data0/Inverters_Data_instances.o (Inverters_Data_DW)
Power_Control1/Power_Control1.a(Power_Control.o)
                              Power_Control0/Power_Control_instances.o (Power_Control_DW)
Sensors1/Sensors1.a(Sensors.o)
                              Sensors0/Sensors_instances.o (Sensors_U)
Sensors1/Sensors1.a(Sensors_data.o)
                              Sensors0/Sensors_instances.o (Sensors_ConstB)
Synchronism1/Synchronism1.a(Synchronism.o)
                              Synchronism0/Synchronism_instances.o (Synchronism_DW)
VDC1/VDC1.a(VDC.o)            VDC0/VDC_instances.o (VDC_DW)
matlabsharedR2023b/matlabsharedR2023b.a(const_params.o)
                              Inverters_Data1/Inverters_Data1.a(Inverters_Data.o) (rtCP_pooled_JOqMvXAXZOeU)
matlabsharedR2023b/matlabsharedR2023b.a(look1_binlxpw.o)
                              Inverters_Data1/Inverters_Data1.a(Inverters_Data.o) (look1_binlxpw)
matlabsharedR2023b/matlabsharedR2023b.a(rt_nonfinite.o)
                              Inverters_Action1/Inverters_Action1.a(Inverters_Action.o) (rtIsInf)
matlabsharedR2023b/matlabsharedR2023b.a(rtgetinf.o)
                              matlabsharedR2023b/matlabsharedR2023b.a(rt_nonfinite.o) (rtGetInf)
matlabsharedR2023b/matlabsharedR2023b.a(rtgetnan.o)
                              matlabsharedR2023b/matlabsharedR2023b.a(rt_nonfinite.o) (rtGetNaN)
OSC/TaskISRArchive.a(etasConfigTask.o)
                              OSC/osekdefs.o (osek_task_e_etasConfigTask)
OSC/TaskISRArchive.a(Sync_25ms.o)
                              OSC/osekdefs.o (osek_task_e_Sync_25ms)
OSC/TaskISRArchive.a(Timer_1000ms.o)
                              OSC/osekdefs.o (osek_task_e_Timer_1000ms)
OSC/TaskISRArchive.a(Timer_100ms.o)
                              OSC/osekdefs.o (osek_task_e_Timer_100ms)
OSC/TaskISRArchive.a(Timer_25ms.o)
                              OSC/osekdefs.o (osek_task_e_Timer_25ms)
OSC/TaskISRArchive.a(Timer_Inv.o)
                              OSC/osekdefs.o (osek_task_e_Timer_Inv)
OSC/TaskISRArchive.a(SWT_CAN1_AP_BMS_SDC.o)
                              OSC/osekdefs.o (osek_task_e_SWT_CAN1_AP_BMS_SDC)
OSC/TaskISRArchive.a(SWT_CAN1_AP_CurrentSensor.o)
                              OSC/osekdefs.o (osek_task_e_SWT_CAN1_AP_CurrentSensor)
OSC/TaskISRArchive.a(SWT_CAN1_AP_BMS_Voltages.o)
                              OSC/osekdefs.o (osek_task_e_SWT_CAN1_AP_BMS_Voltages)
OSC/TaskISRArchive.a(SWT_CAN1_AP_BMS_ChargerParameters.o)
                              OSC/osekdefs.o (osek_task_e_SWT_CAN1_AP_BMS_ChargerParameters)
OSC/TaskISRArchive.a(SWT_CAN1_AP_BMS_Temperatures.o)
                              OSC/osekdefs.o (osek_task_e_SWT_CAN1_AP_BMS_Temperatures)
OSC/TaskISRArchive.a(SWT_CAN1_AP_Inverter_R_Tx.o)
                              OSC/osekdefs.o (osek_task_e_SWT_CAN1_AP_Inverter_R_Tx)
OSC/TaskISRArchive.a(SWT_CAN1_AP_Inverter_L_Tx.o)
                              OSC/osekdefs.o (osek_task_e_SWT_CAN1_AP_Inverter_L_Tx)
OSC/TaskISRArchive.a(SWT_CAN1_AP_DASH_Mode.o)
                              OSC/osekdefs.o (osek_task_e_SWT_CAN1_AP_DASH_Mode)
OSC/TaskISRArchive.a(SWT_CAN1_NM_BMS_Keep_Alive.o)
                              OSC/osekdefs.o (osek_task_e_SWT_CAN1_NM_BMS_Keep_Alive)
OSC/TaskISRArchive.a(SWT_CAN1_AP_BMS_AIRs_State.o)
                              OSC/osekdefs.o (osek_task_e_SWT_CAN1_AP_BMS_AIRs_State)
OSC/TaskISRArchive.a(SWT_CAN1_NM_DASH_Keep_Alive.o)
                              OSC/osekdefs.o (osek_task_e_SWT_CAN1_NM_DASH_Keep_Alive)
OSC/TaskISRArchive.a(SWT_CAN1_AP_DASH_PrechargeRequest.o)
                              OSC/osekdefs.o (osek_task_e_SWT_CAN1_AP_DASH_PrechargeRequest)
OSC/TaskISRArchive.a(SWT_CAN1_AP_DASH_EnableDrive.o)
                              OSC/osekdefs.o (osek_task_e_SWT_CAN1_AP_DASH_EnableDrive)
OSC/TaskISRArchive.a(SWT_CAN2_AP_ELLIPSE_GPS_VEL.o)
                              OSC/osekdefs.o (osek_task_e_SWT_CAN2_AP_ELLIPSE_GPS_VEL)
OSC/TaskISRArchive.a(SWT_CAN2_MEAS_RECU_SDC.o)
                              OSC/osekdefs.o (osek_task_e_SWT_CAN2_MEAS_RECU_SDC)
OSC/TaskISRArchive.a(SWT_CAN2_MEAS_FECU_SDC.o)
[...]
Memory Configuration

Name             Origin             Length             Attributes
*default*        0x00000000         0xffffffff

Linker script and memory map

LOAD C:/ETAS/Compiler/INTECRIO5.0/QNXCompiler-V6.5\target\qnx6/ppcbe-spe/lib/crt1.o
LOAD C:/ETAS/Compiler/INTECRIO5.0/QNXCompiler-V6.5\target\qnx6/ppcbe-spe/lib/crti.o
LOAD C:/ETAS/Compiler/INTECRIO5.0/QNXCompiler-V6.5\host\win32\x86/usr/lib/gcc/powerpc-unknown-nto-qnx6.5.0/4.4.2/spe/crtbegin.o
LOAD C:\ETAS\Compiler\INTECRIO5.0\QNXCompiler-V6.5\target\qnx6\ppcbe-spe\lib\gcc\4.4.2/libcpp.so
                0x00000000                PROVIDE (__stack, 0x0)
                0x00000000                PROVIDE (___stack, 0x0)
                0x48040000                PROVIDE (__executable_start, 0x48040000)
                0x480400f4                . = (0x48040000 + SIZEOF_HEADERS)

.interp         0x480400f4       0x14
 *(.interp)
 .interp        0x480400f4       0x14 C:/ETAS/Compiler/INTECRIO5.0/QNXCompiler-V6.5\target\qnx6/ppcbe-spe/lib/crt1.o

.note           0x48040110       0x18
 .note          0x48040110       0x18 C:/ETAS/Compiler/INTECRIO5.0/QNXCompiler-V6.5\target\qnx6/ppcbe-spe/lib/crtn.o

.note.gnu.build-id
 *(.note.gnu.build-id)

.hash           0x48040128      0x6a0
 *(.hash)
 .hash          0x48040128      0x6a0 C:/ETAS/Compiler/INTECRIO5.0/QNXCompiler-V6.5\target\qnx6/ppcbe-spe/lib/crt1.o

.gnu.hash
 *(.gnu.hash)

.dynsym         0x480407c8      0xe10
 *(.dynsym)
 .dynsym        0x480407c8      0xe10 C:/ETAS/Compiler/INTECRIO5.0/QNXCompiler-V6.5\target\qnx6/ppcbe-spe/lib/crt1.o

.dynstr         0x480415d8      0xbca
 *(.dynstr)
 .dynstr        0x480415d8      0xbca C:/ETAS/Compiler/INTECRIO5.0/QNXCompiler-V6.5\target\qnx6/ppcbe-spe/lib/crt1.o

.gnu.version    0x480421a2      0x1c2
 *(.gnu.version)
 .gnu.version   0x480421a2      0x1c2 C:/ETAS/Compiler/INTECRIO5.0/QNXCompiler-V6.5\target\qnx6/ppcbe-spe/lib/crt1.o

.gnu.version_d  0x48042364        0x0
 *(.gnu.version_d)
 .gnu.version_d
                0x00000000        0x0 C:/ETAS/Compiler/INTECRIO5.0/QNXCompiler-V6.5\target\qnx6/ppcbe-spe/lib/crt1.o

.gnu.version_r  0x48042364       0x20
 *(.gnu.version_r)
 .gnu.version_r
                0x48042364       0x20 C:/ETAS/Compiler/INTECRIO5.0/QNXCompiler-V6.5\target\qnx6/ppcbe-spe/lib/crt1.o

.rel.dyn
 *(.rel.init)
 *(.rel.text .rel.text.* .rel.gnu.linkonce.t.*)
 *(.rel.fini)
 *(.rel.rodata .rel.rodata.* .rel.gnu.linkonce.r.*)
 *(.rel.data.rel.ro* .rel.gnu.linkonce.d.rel.ro.*)
 *(.rel.data .rel.data.* .rel.gnu.linkonce.d.*)
 *(.rel.tdata .rel.tdata.* .rel.gnu.linkonce.td.*)
 *(.rel.tbss .rel.tbss.* .rel.gnu.linkonce.tb.*)
 *(.rel.ctors)
 *(.rel.dtors)
 *(.rel.got)
 *(.rel.sdata .rel.sdata.* .rel.gnu.linkonce.s.*)
 *(.rel.sbss .rel.sbss.* .rel.gnu.linkonce.sb.*)
 *(.rel.sdata2 .rel.sdata2.* .rel.gnu.linkonce.s2.*)
 *(.rel.sbss2 .rel.sbss2.* .rel.gnu.linkonce.sb2.*)
 *(.rel.bss .rel.bss.* .rel.gnu.linkonce.b.*)

.rela.dyn       0x48042384       0x90
 *(.rela.init)
 *(.rela.text .rela.text.* .rela.gnu.linkonce.t.*)
 .rela.text     0x00000000        0x0 C:/ETAS/Compiler/INTECRIO5.0/QNXCompiler-V6.5\target\qnx6/ppcbe-spe/lib/crt1.o
 *(.rela.fini)
 *(.rela.rodata .rela.rodata.* .rela.gnu.linkonce.r.*)
 .rela.rodata   0x00000000        0x0 C:/ETAS/Compiler/INTECRIO5.0/QNXCompiler-V6.5\target\qnx6/ppcbe-spe/lib/crt1.o
 *(.rela.data .rela.data.* .rela.gnu.linkonce.d.*)
 .rela.data     0x00000000        0x0 C:/ETAS/Compiler/INTECRIO5.0/QNXCompiler-V6.5\target\qnx6/ppcbe-spe/lib/crt1.o
 *(.rela.tdata .rela.tdata.* .rela.gnu.linkonce.td.*)
 *(.rela.tbss .rela.tbss.* .rela.gnu.linkonce.tb.*)
 *(.rela.ctors)
 *(.rela.dtors)
 *(.rela.got)
 .rela.got      0x48042384       0x30 C:/ETAS/Compiler/INTECRIO5.0/QNXCompiler-V6.5\target\qnx6/ppcbe-spe/lib/crt1.o
 *(.rela.got1)
 *(.rela.got2)
 *(.rela.sdata .rela.sdata.* .rela.gnu.linkonce.s.*)
 *(.rela.sbss .rela.sbss.* .rela.gnu.linkonce.sb.*)
 .rela.sbss     0x00000000        0x0 C:/ETAS/Compiler/INTECRIO5.0/QNXCompiler-V6.5\target\qnx6/ppcbe-spe/lib/crt1.o
 *(.rela.sdata2 .rela.sdata2.* .rela.gnu.linkonce.s2.*)
 *(.rela.sbss2 .rela.sbss2.* .rela.gnu.linkonce.sb2.*)
 *(.rela.bss .rela.bss.* .rela.gnu.linkonce.b.*)
 .rela.bss      0x480423b4       0x60 C:/ETAS/Compiler/INTECRIO5.0/QNXCompiler-V6.5\target\qnx6/ppcbe-spe/lib/crt1.o
 .rela.os_pid   0x00000000        0x0 C:/ETAS/Compiler/INTECRIO5.0/QNXCompiler-V6.5\target\qnx6/ppcbe-spe/lib/crt1.o
 .rela.os_intvec
                0x00000000        0x0 C:/ETAS/Compiler/INTECRIO5.0/QNXCompiler-V6.5\target\qnx6/ppcbe-spe/lib/crt1.o

.rel.plt
 *(.rel.plt)

.rela.plt       0x48042414      0x930
 *(.rela.plt)
 .rela.plt      0x48042414      0x930 C:/ETAS/Compiler/INTECRIO5.0/QNXCompiler-V6.5\target\qnx6/ppcbe-spe/lib/crt1.o

.init           0x48042d44       0x24
 *(.init)
 .init          0x48042d44        0xc C:/ETAS/Compiler/INTECRIO5.0/QNXCompiler-V6.5\target\qnx6/ppcbe-spe/lib/crti.o
                0x48042d44                _init
 .init          0x48042d50        0x4 C:/ETAS/Compiler/INTECRIO5.0/QNXCompiler-V6.5\host\win32\x86/usr/lib/gcc/powerpc-unknown-nto-qnx6.5.0/4.4.2/spe/crtbegin.o
 .init          0x48042d54        0x4 C:/ETAS/Compiler/INTECRIO5.0/QNXCompiler-V6.5\host\win32\x86/usr/lib/gcc/powerpc-unknown-nto-qnx6.5.0/4.4.2/spe/crtend.o
 .init          0x48042d58       0x10 C:/ETAS/Compiler/INTECRIO5.0/QNXCompiler-V6.5\target\qnx6/ppcbe-spe/lib/crtn.o

.text           0x48042d68    0x49ea4
                0x48042d68                _btext = .
 *(.text .stub .text.* .gnu.linkonce.t.*)
 .text          0x48042d68      0x118 C:/ETAS/Compiler/INTECRIO5.0/QNXCompiler-V6.5\target\qnx6/ppcbe-spe/lib/crt1.o
                0x48042d68                _start
 .text          0x48042e80        0x0 C:/ETAS/Compiler/INTECRIO5.0/QNXCompiler-V6.5\target\qnx6/ppcbe-spe/lib/crti.o
 .text          0x48042e80      0x1b8 C:/ETAS/Compiler/INTECRIO5.0/QNXCompiler-V6.5\host\win32\x86/usr/lib/gcc/powerpc-unknown-nto-qnx6.5.0/4.4.2/spe/crtbegin.o
 .text          0x48043038      0x240 ROOT_instances.o
                0x480431dc                initializeYukonModel
                0x48043088                getSystemTimeS
                0x48043050                getModelIdentificationString
                0x48043064                getDeltaT
                0x48043038                getIntecrioVersionNumber
                0x48043168                os_setDeltaT
                0x4804305c                getBuildEnvironment
                0x48043044                getBuildEnvironmentVersion
 .text          0x48043278        0x0 _INT_pid.pi.o
 .text          0x48043278       0x24 userFuncProcessCanPayload.o
                0x4804328c                userCanInitHook
                0x48043298                userCanTxHookV3
                0x48043290                userCanExitHook
                0x48043278                userCanHookGetVersionAndCid
                0x48043294                userCanRxHookV3
 .text          0x4804329c       0x24 userFuncProcessFlexRayPayload.o
                0x480432bc                userFlexRayPDURxHook
                0x480432b8                userFlexRayPDUTxHook
                0x4804329c                userFlexRayHookGetVersionAndCid
                0x480432b0                userFlexRayInitHook
                0x480432b4                userFlexRayExitHook
 .text          0x480432c0       0x60 OSC/i_rtawrapper.o
                0x48043300                rtaActivateTask
                0x480432e0                rtaSchedule
                0x480432c0                rtaShutdownOS
 .text          0x48043320      0x2f0 Car_State0/Car_State_instances.o
                0x480433c8                initClass_RTWTop_Car_State
                0x48043380                initInstance_RTWTop_Car_State
                0x48043320                setDeltaT_Car_State
                0x480435e4                initModel_RTWTop_Car_State
 .text          0x48043610      0xc44 Car_State1/Car_State1.a(Car_State.o)
                0x48044048                MdlInitialize_Car_State
                0x48043624                Car_State_FALSE
                0x48043638                MdlOutputs_Car_State
                0x48043fc8                MdlUpdate_Car_State
                0x48043610                Car_State_TRUE
                0x4804404c                MdlStart_Car_State
                0x48044040                MdlInitializeSizes_Car_State
                0x48044044                MdlInitializeSampleTimes_Car_State
                0x4804409c                Car_State
                0x48044098                MdlTerminate_Car_State
 .text          0x48044254      0x550 Disconnections0/Disconnections_instances.o
                0x480442b4                initInstance_RTWTop_Disconnections
                0x48044778                initModel_RTWTop_Disconnections
                0x48044254                setDeltaT_Disconnections
                0x480442fc                initClass_RTWTop_Disconnections
 .text          0x480447a4      0xd90 Disconnections1/Disconnections1.a(Disconnections.o)
                0x48045360                MdlTerminate_Disconnections
                0x48045364                Disconnections
                0x48044814                Disconnectio_IfActionSubsystem3
                0x48044828                Disconnections_RigidAxle2024
                0x480452e8                MdlInitializeSampleTimes_Disconnections
                0x480447b8                Disconnections_Counting
                0x480452f0                MdlStart_Disconnections
                0x480447a4                Disconnections_Reset_counter
                0x480452e4                MdlInitializeSizes_Disconnections
                0x4804483c                MdlOutputs_Disconnections
                0x480452ec                MdlInitialize_Disconnections
                0x480447d4                Disconnections_CAN_OK
                0x4804526c                MdlUpdate_Disconnections
                0x48044800                Disconnection_IfActionSubsystem
 .text          0x48045534      0x230 Ellipse0/Ellipse_instances.o
                0x480455dc                initClass_RTWTop_Ellipse
                0x48045534                setDeltaT_Ellipse
                0x48045594                initInstance_RTWTop_Ellipse
                0x48045738                initModel_RTWTop_Ellipse
 .text          0x48045764      0x370 Ellipse1/Ellipse1.a(Ellipse.o)
                0x480459a8                MdlOutputs_Ellipse
                0x480457e4                MdlInitialize_Ellipse
                0x480457dc                MdlInitializeSizes_Ellipse
                0x48045764                MdlUpdate_Ellipse
                0x48045804                MdlTerminate_Ellipse
                0x480457e8                MdlStart_Ellipse
                0x480457e0                MdlInitializeSampleTimes_Ellipse
                0x48045808                Ellipse
 .text          0x48045ad4      0x3a0 Inverters_Action0/Inverters_Action_instances.o
                0x48045e48                initModel_RTWTop_Inverters_Action
                0x48045ad4                setDeltaT_Inverters_Action
                0x48045b7c                initClass_RTWTop_Inverters_Action
                0x48045b34                initInstance_RTWTop_Inverters_Action
 .text          0x48045e74      0xcac Inverters_Action1/Inverters_Action1.a(Inverters_Action.o)
                0x48045fe0                MdlInitializeSizes_Inverters_Action
                0x48045fe8                MdlInitialize_Inverters_Action
                0x48046038                Inverters_Action
                0x48045fec                MdlStart_Inverters_Action
                0x48045e74                Inverters_Actio_EnumerationDone
                0x48045ef4                Inverters_Acti_ActionnotDefined
                0x48045f1c                Inverters_Action_TorqueCommand0
                0x48045f4c                MdlUpdate_Inverters_Action
                0x48045e9c                Inverte_DisableDriveEnableDrive
                0x48045f38                Inverters_Acti_ResetEnumeration
                0x48046034                MdlTerminate_Inverters_Action
                0x48045fe4                MdlInitializeSampleTimes_Inverters_Action
                0x48045f0c                Inverters_Action_bypass
                0x48046530                MdlOutputs_Inverters_Action
                0x480463d8                Inverters_Action_TorqueCommand
                0x48046214                Inverters_Ac_RegisterEnumerator
                0x48045e88                Inverters_Action_Unsubscribe
 .text          0x48046b20        0x0 Inverters_Action1/Inverters_Action1.a(Inverters_Action_data.o)
 .text          0x48046b20      0x354 Inverters_Data0/Inverters_Data_instances.o
                0x48046bc8                initClass_RTWTop_Inverters_Data
                0x48046b80                initInstance_RTWTop_Inverters_Data
                0x48046b20                setDeltaT_Inverters_Data
                0x48046e48                initModel_RTWTop_Inverters_Data
 .text          0x48046e74      0x624 Inverters_Data1/Inverters_Data1.a(Inverters_Data.o)
                0x48046ee4                MdlUpdate_Inverters_Data
                0x48046f64                MdlInitialize_Inverters_Data
                0x48046ed0                Inverters_Data_Signal_OK
                0x48046f90                MdlTerminate_Inverters_Data
                0x48046e90                Inverters_Data_CAN_OK
                0x48047138                MdlOutputs_Inverters_Data
                0x48046ebc                Inverters_Data_Signal_Failure
                0x48046f94                Inverters_Data
                0x48046f68                MdlStart_Inverters_Data
                0x48046f60                MdlInitializeSampleTimes_Inverters_Data
                0x48046e74                Inverters_Data_Error_Counter
                0x48046f5c                MdlInitializeSizes_Inverters_Data
 .text          0x48047498      0x290 Power_Control0/Power_Control_instances.o
                0x48047498                setDeltaT_Power_Control
                0x480474f8                initInstance_RTWTop_Power_Control
                0x48047540                initClass_RTWTop_Power_Control
                0x480476fc                initModel_RTWTop_Power_Control
 .text          0x48047728      0xc68 Power_Control1/Power_Control1.a(Power_Control.o)
                0x4804787c                MdlTerminate_Power_Control
                0x48047880                Power_Control
                0x48047818                MdlInitializeSampleTimes_Power_Control
                0x4804779c                MdlUpdate_Power_Control
                0x4804809c                MdlOutputs_Power_Control
                0x48047814                MdlInitializeSizes_Power_Control
                0x48047a6c                Power_Co_MotorL_Temp_Limitation
                0x4804776c                Pow_MotorL_Temp_Limitation_Init
                0x48047820                MdlStart_Power_Control
                0x4804781c                MdlInitialize_Power_Control
                0x48047728                Power_Control_LimitReached
                0x48047d84                Power_InverterL_Temp_Limitation
                0x4804773c                InverterL_Temp_Limitation_Init
 .text          0x48048390      0x358 Sensors0/Sensors_instances.o
                0x480483f0                initInstance_RTWTop_Sensors
                0x480486bc                initModel_RTWTop_Sensors
                0x48048390                setDeltaT_Sensors
                0x48048438                initClass_RTWTop_Sensors
 .text          0x480486e8      0x6ac Sensors1/Sensors1.a(Sensors.o)
                0x480486fc                Sensors_IfActionSubsystem1
                0x48048bb0                MdlInitializeSampleTimes_Sensors
                0x48048bd8                MdlTerminate_Sensors
                0x480486e8                Sensors_IfActionSubsystem
                0x48048718                MdlOutputs_Sensors
                0x48048b34                MdlUpdate_Sensors
                0x48048bac                MdlInitializeSizes_Sensors
                0x48048bb4                MdlInitialize_Sensors
                0x48048bb8                MdlStart_Sensors
                0x48048bdc                Sensors
 .text          0x48048d94        0x0 Sensors1/Sensors1.a(Sensors_data.o)
 .text          0x48048d94      0x14c Synchronism0/Synchronism_instances.o
                0x48048e3c                initClass_RTWTop_Synchronism
                0x48048df4                initInstance_RTWTop_Synchronism
                0x48048eb4                initModel_RTWTop_Synchronism
                0x48048d94                setDeltaT_Synchronism
 .text          0x48048ee0      0x268 Synchronism1/Synchronism1.a(Synchronism.o)
                0x48048fb4                MdlInitializeSizes_Synchronism
                0x48048fbc                MdlInitialize_Synchronism
                0x48048fc0                MdlStart_Synchronism
                0x48048fdc                MdlTerminate_Synchronism
                0x48048fe0                Synchronism
                0x48048ee0                MdlOutputs_Synchronism
                0x48048f3c                MdlUpdate_Synchronism
                0x48048fb8                MdlInitializeSampleTimes_Synchronism
 .text          0x48049148      0x528 VDC0/VDC_instances.o
                0x480491a8                initInstance_RTWTop_VDC
                0x48049148                setDeltaT_VDC
                0x48049644                initModel_RTWTop_VDC
                0x480491f0                initClass_RTWTop_VDC
 .text          0x48049670     0x21d4 VDC1/VDC1.a(VDC.o)
                0x48049ccc                MdlOutputs_VDC
                0x4804982c                VDC_IfActionSubsystem1
                0x48049714                VDC_RIGIDAXLE
                0x480498d8                MdlInitialize_VDC
                0x48049670                VDC_MATLABFunction
                0x48049858                MdlUpdate_VDC
                0x48049984                VDC
                0x480497d8                VDC_RIGIDAXLEWITHTC_Init
                0x480498dc                MdlStart_VDC
                0x48049b54                VDC_RIGIDAXLEWITHTC
                0x480498d0                MdlInitializeSizes_VDC
                0x48049980                MdlTerminate_VDC
                0x480498d4                MdlInitializeSampleTimes_VDC
                0x48049744                VDC_Torquedemandedbythedriver
                0x480497ec                VDC_IfActionSubsystem
 .text          0x4804b844        0x0 matlabsharedR2023b/matlabsharedR2023b.a(const_params.o)
 .text          0x4804b844      0x114 matlabsharedR2023b/matlabsharedR2023b.a(look1_binlxpw.o)
                0x4804b844                look1_binlxpw
 .text          0x4804b958      0x19c matlabsharedR2023b/matlabsharedR2023b.a(rt_nonfinite.o)
                0x4804ba60                rt_InitInfAndNaN
                0x4804b9e4                rtIsNaN
                0x4804ba38                rtIsNaNF
                0x4804b9a4                rtIsInfF
                0x4804b958                rtIsInf
 .text          0x4804baf4       0xd0 matlabsharedR2023b/matlabsharedR2023b.a(rtgetinf.o)
                0x4804baf4                rtGetInf
                0x4804bb5c                rtGetMinusInf
                0x4804bbb8                rtGetMinusInfF
                0x4804bb50                rtGetInfF
 .text          0x4804bbc4       0x84 matlabsharedR2023b/matlabsharedR2023b.a(rtgetnan.o)
                0x4804bc24                rtGetNaNF
                0x4804bbc4                rtGetNaN
 .text          0x4804bc48      0x434 OSC/osekdefs.o
                0x4804bf68                osE_ISR_CAN2
                0x4804bd08                os_StartOS
                0x4804bdf4                os_pre_errorhook
                0x4804bfc4                osE_ISR_CAN1
                0x4804be14                Tick_etasCounter
                0x4804bf48                osek_dispatch
                0x4804bc48                osResetOS
                0x4804c020                osE_etasL1Isr
 .text          0x4804c07c        0x0 OSC/osgen.o
 .text          0x4804c07c       0x4c OSC/TaskISRArchive.a(etasConfigTask.o)
                0x4804c07c                osek_task_e_etasConfigTask
 .text          0x4804c0c8       0x60 OSC/TaskISRArchive.a(Sync_25ms.o)
                0x4804c0c8                osek_task_e_Sync_25ms
 .text          0x4804c128       0x54 OSC/TaskISRArchive.a(Timer_1000ms.o)
                0x4804c128                osek_task_e_Timer_1000ms
 .text          0x4804c17c       0x54 OSC/TaskISRArchive.a(Timer_100ms.o)
                0x4804c17c                osek_task_e_Timer_100ms
 .text          0x4804c1d0       0x9c OSC/TaskISRArchive.a(Timer_25ms.o)
                0x4804c1d0                osek_task_e_Timer_25ms
 .text          0x4804c26c       0x6c OSC/TaskISRArchive.a(Timer_Inv.o)
                0x4804c26c                osek_task_e_Timer_Inv
 .text          0x4804c2d8       0x50 OSC/TaskISRArchive.a(SWT_CAN1_AP_BMS_SDC.o)
                0x4804c2d8                osek_task_e_SWT_CAN1_AP_BMS_SDC
 .text          0x4804c328       0x50 OSC/TaskISRArchive.a(SWT_CAN1_AP_CurrentSensor.o)
                0x4804c328                osek_task_e_SWT_CAN1_AP_CurrentSensor
 .text          0x4804c378       0x50 OSC/TaskISRArchive.a(SWT_CAN1_AP_BMS_Voltages.o)
                0x4804c378                osek_task_e_SWT_CAN1_AP_BMS_Voltages
 .text          0x4804c3c8       0x50 OSC/TaskISRArchive.a(SWT_CAN1_AP_BMS_ChargerParameters.o)
                0x4804c3c8                osek_task_e_SWT_CAN1_AP_BMS_ChargerParameters
 .text          0x4804c418       0x50 OSC/TaskISRArchive.a(SWT_CAN1_AP_BMS_Temperatures.o)
                0x4804c418                osek_task_e_SWT_CAN1_AP_BMS_Temperatures
 .text          0x4804c468       0x50 OSC/TaskISRArchive.a(SWT_CAN1_AP_Inverter_R_Tx.o)
                0x4804c468                osek_task_e_SWT_CAN1_AP_Inverter_R_Tx
 .text          0x4804c4b8       0x50 OSC/TaskISRArchive.a(SWT_CAN1_AP_Inverter_L_Tx.o)
                0x4804c4b8                osek_task_e_SWT_CAN1_AP_Inverter_L_Tx
 .text          0x4804c508       0x50 OSC/TaskISRArchive.a(SWT_CAN1_AP_DASH_Mode.o)
                0x4804c508                osek_task_e_SWT_CAN1_AP_DASH_Mode
 .text          0x4804c558       0x50 OSC/TaskISRArchive.a(SWT_CAN1_NM_BMS_Keep_Alive.o)
                0x4804c558                osek_task_e_SWT_CAN1_NM_BMS_Keep_Alive
 .text          0x4804c5a8       0x50 OSC/TaskISRArchive.a(SWT_CAN1_AP_BMS_AIRs_State.o)
                0x4804c5a8                osek_task_e_SWT_CAN1_AP_BMS_AIRs_State
 .text          0x4804c5f8       0x50 OSC/TaskISRArchive.a(SWT_CAN1_NM_DASH_Keep_Alive.o)
                0x4804c5f8                osek_task_e_SWT_CAN1_NM_DASH_Keep_Alive
 .text          0x4804c648       0x50 OSC/TaskISRArchive.a(SWT_CAN1_AP_DASH_PrechargeRequest.o)
                0x4804c648                osek_task_e_SWT_CAN1_AP_DASH_PrechargeRequest
 .text          0x4804c698       0x50 OSC/TaskISRArchive.a(SWT_CAN1_AP_DASH_EnableDrive.o)
                0x4804c698                osek_task_e_SWT_CAN1_AP_DASH_EnableDrive
 .text          0x4804c6e8       0x50 OSC/TaskISRArchive.a(SWT_CAN2_AP_ELLIPSE_GPS_VEL.o)
                0x4804c6e8                osek_task_e_SWT_CAN2_AP_ELLIPSE_GPS_VEL
 .text          0x4804c738       0x50 OSC/TaskISRArchive.a(SWT_CAN2_MEAS_RECU_SDC.o)
                0x4804c738                osek_task_e_SWT_CAN2_MEAS_RECU_SDC
 .text          0x4804c788       0x50 OSC/TaskISRArchive.a(SWT_CAN2_MEAS_FECU_SDC.o)
                0x4804c788                osek_task_e_SWT_CAN2_MEAS_FECU_SDC
 .text          0x4804c7d8       0x50 OSC/TaskISRArchive.a(SWT_CAN2_AP_ELLIPSE_EKF_POS.o)
                0x4804c7d8                osek_task_e_SWT_CAN2_AP_ELLIPSE_EKF_POS
 .text          0x4804c828       0x50 OSC/TaskISRArchive.a(SWT_CAN2_AP_ELLIPSE_IMU_ACCEL.o)
                0x4804c828                osek_task_e_SWT_CAN2_AP_ELLIPSE_IMU_ACCEL
 .text          0x4804c878       0x50 OSC/TaskISRArchive.a(SWT_CAN2_AP_ELLIPSE_EKF_EULER.o)
                0x4804c878                osek_task_e_SWT_CAN2_AP_ELLIPSE_EKF_EULER
 .text          0x4804c8c8       0x50 OSC/TaskISRArchive.a(SWT_CAN2_AP_ELLIPSE_EKF_VEL.o)
                0x4804c8c8                osek_task_e_SWT_CAN2_AP_ELLIPSE_EKF_VEL
 .text          0x4804c918       0x50 OSC/TaskISRArchive.a(SWT_CAN2_NM_ELLIPSE_Status.o)
                0x4804c918                osek_task_e_SWT_CAN2_NM_ELLIPSE_Status
 .text          0x4804c968       0x50 OSC/TaskISRArchive.a(SWT_CAN2_AP_ELLIPSE_IMU_GYRO.o)
                0x4804c968                osek_task_e_SWT_CAN2_AP_ELLIPSE_IMU_GYRO
 .text          0x4804c9b8       0x50 OSC/TaskISRArchive.a(SWT_CAN2_AP_ELLIPSE_VEL_Valid.o)
                0x4804c9b8                osek_task_e_SWT_CAN2_AP_ELLIPSE_VEL_Valid
 .text          0x4804ca08       0x50 OSC/TaskISRArchive.a(SWT_CAN2_AP_RECU_Data.o)
                0x4804ca08                osek_task_e_SWT_CAN2_AP_RECU_Data
 .text          0x4804ca58       0x50 OSC/TaskISRArchive.a(SWT_CAN2_NM_FECU_Keep_Alive.o)
                0x4804ca58                osek_task_e_SWT_CAN2_NM_FECU_Keep_Alive
 .text          0x4804caa8       0x50 OSC/TaskISRArchive.a(SWT_CAN2_NM_RECU_Keep_Alive.o)
                0x4804caa8                osek_task_e_SWT_CAN2_NM_RECU_Keep_Alive
 .text          0x4804caf8       0x50 OSC/TaskISRArchive.a(SWT_CAN2_AP_FECU_Data2.o)
                0x4804caf8                osek_task_e_SWT_CAN2_AP_FECU_Data2
 .text          0x4804cb48       0x50 OSC/TaskISRArchive.a(SWT_CAN2_AP_FECU_Data1.o)
                0x4804cb48                osek_task_e_SWT_CAN2_AP_FECU_Data1
 .text          0x4804cb98       0x4c OSC/TaskISRArchive.a(ISR_CAN1.o)
                0x4804cb98                osek_isr_e_ISR_CAN1
 .text          0x4804cbe4       0x4c OSC/TaskISRArchive.a(ISR_CAN2.o)
                0x4804cbe4                osek_isr_e_ISR_CAN2
 .text          0x4804cc30       0x40 OSC/etasActivateTaskIsr.o
                0x4804cc30                osek_isr_e_etasActivateTaskIsr
 .text          0x4804cc70       0x48 OSC/etasL1Isr.o
                0x4804cc70                osek_isr_e_etasL1Isr
 .text          0x4804ccb8       0x44 OSC/etasL1Task.o
                0x4804ccb8                osek_task_e_etasL1Task
 .text          0x4804ccfc       0x40 OSC/etasTimerIsr.o
                0x4804ccfc                osek_isr_e_etasTimerIsr
 .text          0x4804cd3c       0x40 OSC/etasStopOsIsr.o
                0x4804cd3c                osek_isr_e_etasStopOsIsr
 .text          0x4804cd7c      0x244 OSC/DriverThreads.o
                0x4804cd7c                etasCreateDriverThreads
 .text          0x4804cfc0        0x0 OSC/ISRFunctions.o
 .text          0x4804cfc0      0x1dc OSC/osc_dyn.o
                0x4804d158                etasInitTasks
                0x4804d090                TimerInitTask
                0x4804d060                etasExitTasks
                0x4804cfcc                TimerExitTask
                0x4804cfc8                etasInactiveExitTask
                0x4804cfc4                etasStartupExitTask
                0x4804d130                etasStartupInitTask
                0x4804cfc0                etasInactiveInitTask
 .text          0x4804d19c        0xc OSC/rtaInterface.o
                0x4804d19c                etasGetCounterPeriodUs
                0x4804d1a4                StackFaultHook
 .text          0x4804d1a8      0x5f8 OSC/ETCHooks.o
                0x4804d4c8                rtioHook_15_0
                0x4804d5b8                rtioHook_9_0
                0x4804d540                rtioHook_12_0
                0x4804d428                rtioHook_19_0
                0x4804d478                rtioHook_17_0
                0x4804d6f8                rtioHook_1_0
                0x4804d680                rtioHook_4_0
                0x4804d220                rtioHook_32_0
                0x4804d388                rtioHook_23_0
                0x4804d270                rtioHook_30_0
                0x4804d3d8                rtioHook_21_0
                0x4804d1a8                rtioHook_35_0
                0x4804d310                rtioHook_26_0
                0x4804d748                rtioHook_37_0
                0x4804d2c0                rtioHook_28_0
                0x4804d1f8                rtioHook_33_0
                0x4804d360                rtioHook_24_0
                0x4804d298                rtioHook_29_0
                0x4804d248                rtioHook_31_0
                0x4804d608                rtioHook_7_0
                0x4804d3b0                rtioHook_22_0
                0x4804d720                rtioHook_0_0
                0x4804d450                rtioHook_18_0
                0x4804d518                rtioHook_13_0
                0x4804d568                rtioHook_11_0
                0x4804d4a0                rtioHook_16_0
                0x4804d630                rtioHook_6_0
                0x4804d4f0                rtioHook_14_0
                0x4804d5e0                rtioHook_8_0
                0x4804d400                rtioHook_20_0
                0x4804d6d0                rtioHook_2_0
                0x4804d1d0                rtioHook_34_0
                0x4804d338                rtioHook_25_0
                0x4804d6a8                rtioHook_3_0
                0x4804d590                rtioHook_10_0
                0x4804d658                rtioHook_5_0
                0x4804d774                rtioHook_36_0
                0x4804d2e8                rtioHook_27_0
 .text          0x4804d7a0      0xf40 OSC/XbarHooks.o
                0x4804d7c8                crossbarHook_34_0
                0x4804dd68                crossbarHook_21_0
                0x4804e060                crossbarHook_2_0
                0x4804d9f8                crossbarHook_32_6
                0x4804ded0                crossbarHook_12_0
                0x4804e580                crossbarHook_36_7
                0x4804da98                crossbarHook_32_2
                0x4804e44c                crossbarHook_36_14
                0x4804dc00                crossbarHook_29_1
                0x4804e0b0                crossbarHook_37_17
                0x4804dca0                crossbarHook_26_0
                0x4804e210                crossbarHook_37_9
                0x4804de08                crossbarHook_17_0
                0x4804e160                crossbarHook_37_13
                0x4804df98                crossbarHook_7_0
                0x4804e2c0                crossbarHook_37_5
                0x4804e370                crossbarHook_37_1
                0x4804dfe8                crossbarHook_5_0
                0x4804d840                crossbarHook_33_3
                0x4804d930                crossbarHook_32_11
                0x4804e6b4                crossbarHook_36_0
                0x4804dd18                crossbarHook_23_0
                0x4804de80                crossbarHook_14_0
                0x4804d9d0                crossbarHook_32_7
                0x4804e604                crossbarHook_36_4
                0x4804e554                crossbarHook_36_8
                0x4804da70                crossbarHook_32_3
                0x4804dbd8                crossbarHook_29_2
                0x4804e478                crossbarHook_36_13
                0x4804e134                crossbarHook_37_14
                0x4804e1e4                crossbarHook_37_10
                0x4804e3c8                crossbarHook_36_17
                0x4804e23c                crossbarHook_37_8
                0x4804e2ec                crossbarHook_37_4
                0x4804e39c                crossbarHook_37_0
                0x4804dcf0                crossbarHook_24_0
                0x4804de58                crossbarHook_15_0
                0x4804d7a0                crossbarHook_35_0
                0x4804dd40                crossbarHook_22_0
                0x4804d868                crossbarHook_33_2
                0x4804dea8                crossbarHook_13_0
                0x4804e688                crossbarHook_36_1
                0x4804e088                crossbarHook_1_0
                0x4804db10                crossbarHook_31_1
                0x4804dc78                crossbarHook_27_0
                0x4804dde0                crossbarHook_18_0
                0x4804dfc0                crossbarHook_6_0
                0x4804d9a8                crossbarHook_32_8
                0x4804dcc8                crossbarHook_25_0
                0x4804de30                crossbarHook_16_0
                0x4804e5d8                crossbarHook_36_5
                0x4804e528                crossbarHook_36_9
                0x4804da48                crossbarHook_32_4
                0x4804dae8                crossbarHook_32_0
                0x4804df20                crossbarHook_10_0
                0x4804e4a4                crossbarHook_36_12
                0x4804e108                crossbarHook_37_15
                0x4804df70                crossbarHook_8_0
                0x4804e1b8                crossbarHook_37_11
                0x4804e3f4                crossbarHook_36_16
                0x4804db88                crossbarHook_30_0
                0x4804e268                crossbarHook_37_7
                0x4804e318                crossbarHook_37_3
                0x4804dbb0                crossbarHook_29_3
                0x4804d908                crossbarHook_32_12
                0x4804d7f0                crossbarHook_33_5
                0x4804e038                crossbarHook_3_0
                0x4804d890                crossbarHook_33_1
                0x4804e65c                crossbarHook_36_2
                0x4804db38                crossbarHook_31_0
                0x4804d980                crossbarHook_32_9
                0x4804e4d0                crossbarHook_36_11
                0x4804e5ac                crossbarHook_36_6
                0x4804da20                crossbarHook_32_5
                0x4804dac0                crossbarHook_32_1
                0x4804dc50                crossbarHook_28_0
                0x4804ddb8                crossbarHook_19_0
                0x4804e420                crossbarHook_36_15
                0x4804db60                crossbarHook_30_1
                0x4804dc28                crossbarHook_29_0
                0x4804e0dc                crossbarHook_37_16
                0x4804e18c                crossbarHook_37_12
                0x4804e294                crossbarHook_37_6
                0x4804e344                crossbarHook_37_2
                0x4804d8e0                crossbarHook_32_13
                0x4804d818                crossbarHook_33_4
                0x4804d8b8                crossbarHook_33_0
                0x4804dd90                crossbarHook_20_0
                0x4804def8                crossbarHook_11_0
                0x4804d958                crossbarHook_32_10
                0x4804e630                crossbarHook_36_3
                0x4804df48                crossbarHook_9_0
                0x4804e4fc                crossbarHook_36_10
                0x4804e010                crossbarHook_4_0
 .text          0x4804e6e0        0x0 ETC/FormulaTable.o
 .text          0x4804e6e0        0x0 ETC/DriverTable.o
 .text          0x4804e6e0        0x0 ETC/MappingFunctionTable.o
 .text          0x4804e6e0        0x0 ETC/RtioL1RecordTable.o
 .text          0x4804e6e0        0x0 ETC/XCPTransportLayerFunctionsTable.o
 .text          0x4804e6e0        0x0 ETC/ChecksumAlgoTables.o
 .text          0x4804e6e0        0x0 CBC/CopyFunctionTable.o
 .text          0x4804e6e0        0x0 CBC/CrossbarL1RecordTable.o
 .text          0x4804e6e0       0x48 C:/ETAS/Compiler/INTECRIO5.0/QNXCompiler-V6.5\host\win32\x86/usr/lib/gcc/powerpc-unknown-nto-qnx6.5.0/4.4.2/spe/libgcc.a(_fixunsdfdi.o)
                0x4804e6e0                __fixunsdfdi
 .text          0x4804e728       0x40 C:/ETAS/Compiler/INTECRIO5.0/QNXCompiler-V6.5\host\win32\x86/usr/lib/gcc/powerpc-unknown-nto-qnx6.5.0/4.4.2/spe/libgcc.a(_floatundidf.o)
                0x4804e728                __floatundidf
 .text          0x4804e768       0x98 C:/ETAS/Compiler/INTECRIO5.0/QNXCompiler-V6.5\host\win32\x86/usr/lib/gcc/powerpc-unknown-nto-qnx6.5.0/4.4.2/spe/crtend.o
 .text          0x4804e800        0x0 C:/ETAS/Compiler/INTECRIO5.0/QNXCompiler-V6.5\target\qnx6/ppcbe-spe/lib/crtn.o
 .text          0x4804e800     0x23b4 C:\Program Files (x86)\ETAS\INTECRIO5.0\Target\Etarget\ES910\libes910.a(i_rtautil.o)
                0x4804eb28                etasActivateTaskViaIsr
                0x48050024                startTaskHookMon
                0x4804f0cc                ErrorHook
                0x4804e8d0                osTraceStopwatch
                0x4804ee44                switchToInactiveAppMode
                0x4804e80c                isAppModeSwitchPending
                0x4804fd2c                etasStartIsrHookMon
                0x4804ff3c                etasStartIsrHook
                0x4804ea00                getModelRuntime
                0x4804eb54                restartModelProcess
                0x4804e800                GetNextAppMode
                0x4804ea78                etasActivateTaskWithIdViaIsrHandler
                0x4804fe28                etasEndIsrHook
                0x4804e83c                checkInterruptOccurence
                0x48050350                osekThreadSuspendRtSignals
                0x4804fe60                etasEndIsrHookMon
                0x4804ee0c                getCurTaskMonitor
                0x4804f008                GetStopwatchUncertainty
                0x480501c0                endTaskHook
                0x4804eef4                delayInitExitTask
                0x4804e858                rtaInitTarget
                0x4804f060                OverrunHook
                0x4804eae4                etasActivateTaskWithIdViaIsr
                0x480500fc                startTaskHook
                0x4804e944                etasDeInstallOsErrorHook
                0x48050654                applicationModeManager
                0x4804ec14                terminateModelProcess
                0x4804fa4c                StartupHook
                0x48050314                osekThreadResumeRtSignals
                0x4804edc0                lockCriticalSection
                0x4804ecd8                isRtaOsekThreadContext
                0x4804e8d8                isInsideInitExitTask
                0x4804e904                isInsideExitTask
                0x4804f3f8                ShutdownHook
                0x4804ed0c                unlockCriticalSection
                0x4804e91c                etasInstallOsErrorHook
                0x48050238                endTaskHookMon
                0x4804e828                resetInterruptFlag
                0x4804e8c8                GetStopwatch
                0x4804e854                etasRTATraceInitProcess
                0x4804e8bc                GetDeltaT
                0x4804e970                SetNextAppMode
                0x4804efbc                tempMgrRegisterSigtermEvent
                0x4804e8ec                isInsideInitTask
                0x4804e848                getLastInterruptTimeTicks
 .text          0x48050bb4     0x2058 C:\Program Files (x86)\ETAS\INTECRIO5.0\Target\Etarget\ES910\libes910.a(t_driverThreads.o)
                0x480519a0                osek_sendto
                0x48051238                osek_msync
                0x48050f98                osek_vfprintf
                0x48052018                osek_MsgReceive
                0x48051d80                osek_MsgRead
                0x4805182c                osek_cmsSendMessage
                0x48050d3c                osek_malloc
                0x48050cf0                osek_free
                0x48050c7c                osek_fsync
                0x48051420                osek_unlink
                0x480510d8                osek_munmap
                0x48051a78                osek_devctl
                0x48051c5c                osek_close
                0x48051740                osek_cmsReceiveMessage
                0x48051494                osek_system
                0x48051ee0                osek_MsgError
                0x4805223c                osek_send
                0x48051f68                osek_MsgReply
                0x48051050                osek_ftruncate
                0x48051e30                osek_MsgWrite
                0x48051384                osek_lseek
                0x480520c8                osek_MsgSend
                0x480518c8                osek_recvfrom
                0x480512d4                osek_fwrite
                0x48050ecc                osek_vslogf
                0x48051508                osek_cmsReceiveMessageEx
                0x48050bb4                etasSetNumberOfDriverThreads
                0x480522ec                etasCreateDriverThread
                0x48051160                osek_mmap
                0x48051bc0                osek_write
                0x4805218c                osek_recv
                0x48050db0                osek_etasLogCoreFeedRecordToBackends
                0x48051b24                osek_read
                0x48051690                osek_cmsErrorState
                0x480515f4                osek_cmsSendMessageEx
                0x48051cd0                osek_open
 .text          0x48052c0c      0x8fc C:\Program Files (x86)\ETAS\INTECRIO5.0\Target\Etarget\ES910\libes910.a(t_idle.o)
                0x48053430                initRtaTraceSupport
                0x48052e40                etasIdleProcess
                0x48052ccc                signalStartupHookTermination
                0x48052c58                apsGetPartitionId
                0x48052cfc                apsJoinPartition
                0x48052c9c                signalShutdownHookTermination
                0x48052c64                getSysLoad
                0x48052c0c                etasInstallIdleHook
                0x48052c34                etasDeInstallIdleHook
 .text          0x48053508     0x1fcc C:\Program Files (x86)\ETAS\INTECRIO5.0\Target\Etarget\ES910\libes910.a(t_l1com.o)
                0x48053508                setL1ComBufferSize
                0x48053548                l1SetBusyState
                0x480536c8                l1SignalIdleState
                0x48053a70                waitForL1Request
                0x48054060                createL1ModelThread
                0x48053fac                serveL1Request
                0x480539b8                etasL1Process
 .text          0x480554d4      0xcc4 C:\Program Files (x86)\ETAS\INTECRIO5.0\Target\Etarget\ES910\libes910.a(t_main.o)
                0x48055730                main
 .text          0x48056198      0x9f0 C:\Program Files (x86)\ETAS\INTECRIO5.0\Target\Etarget\ES910\libes910.a(t_mlog.o)
                0x480561bc                getDriverLogging
                0x480561c8                getUserSeverity
                0x480561b0                getUserLogging
                0x48056254                mlog_setSeverityFilterUser
                0x48056228                mlog_setSeverityFilterDrv
                0x480561d4                getDriverSeverity
                0x48056910                mlog_init
                0x48056614                mlog_updateLoggingConfiguration
                0x48056198                getUserLogChan
                0x48056700                mlog_startLogConfigThread
                0x480561a4                getDrvLogChan
                0x480561e0                mlog_debugLog
 .text          0x48056b88      0xfac C:\Program Files (x86)\ETAS\INTECRIO5.0\Target\Etarget\ES910\libes910.a(t_qnxtargetutil.o)
                0x480570b4                qnxThreadJoinPartition
                0x48056de4                qnxLockSetSockEnvironmentVariable
                0x48057504                qnxPrintProcesses
                0x48056b98                qnxCheckBootFromFlash
                0x48057434                qnxPrintCpuLoad
                0x48056bb4                qnxCheckHaltedModel
                0x48056bdc                qnxRestoreUnlockSockEnvironmentVariable
                0x48056b88                qnxSetBootFromFlash
                0x48057a4c                qnxPrintSavedErrorMessages
                0x48056bc0                qnxSetStandalone
                0x480573d0                qnxAdjustThreadPriority
                0x48056ba4                qnxSetHaltedModel
                0x48057134                qnxGetSetRunInheritMask
                0x48056bd0                qnxCheckStandalone
 .text          0x48057b34      0x638 C:\Program Files (x86)\ETAS\INTECRIO5.0\Target\Etarget\ES910\libes910.a(t_targetutil.o)
                0x48057b84                initL2CachePerfMeas
                0x480580ac                es910GetSerialNumber
                0x48057b34                GetSystemTimeLow
                0x48058054                es910GetPcbRevision
                0x48058088                es910PiggyGetSerialNumber
                0x48057ce0                getL2CachePerf
                0x48057de8                es910PrintFwVersions
                0x48057c8c                getL2CachePerfRaw
                0x48057b44                GetSystemTime
                0x48058138                es910MapCCSRMemoryRange
                0x48057b3c                GetSystemTimeHigh
                0x48058020                es910PiggyGetPcbRevision
                0x480580d0                waitMicroseconds
 .text          0x4805816c      0x2f4 C:\Program Files (x86)\ETAS\INTECRIO5.0\Target\Etarget\ES910\libes910.a(t_watchdog.o)
                0x4805817c                wdDisableAutoService
                0x48058244                etasServiceWatchdog
                0x480581d4                wdService
                0x480582bc                wdSetEventPeriod
                0x4805816c                wdEnableAutoService
                0x4805818c                wdSetApplicationName
                0x48058214                triggerWD
                0x48058198                wdDisconnect
 .text          0x48058460      0x848 C:\Program Files (x86)\ETAS\INTECRIO5.0\Target\Etarget\ES910\libes910.a(p_chario.o)
                0x48058a14                IOWrite
                0x48058460                IOIsLogOn
                0x4805846c                IOLogOff
                0x480584c8                IOLogOn
                0x48058794                IOPrintf
 .text          0x48058ca8      0x31c C:\Program Files (x86)\ETAS\INTECRIO5.0\Target\Etarget\ES910\libes910.a(t_hwTimeSync.o)
                0x48058ca8                es9xxTimeSyncGetTimerValue
                0x48058d9c                es9xxTimeSyncGetTimerStatus
                0x48058ef0                es9xxTimeSyncInit
                0x48058d2c                getLocalSystemTime
 .text          0x48058fc4      0x224 C:\Program Files (x86)\ETAS\INTECRIO5.0\Target\Etarget\ES910\libes910.a(t_led.o)
                0x48058fc4                userLed2Off
                0x4805905c                userLed2Toggle
                0x48059168                ledsOff
                0x48059130                userLed1Toggle
                0x480590e4                userLed1On
                0x48059094                userLed1Off
                0x48059010                userLed2On
 .text          0x480591e8     0x2178 C:\Program Files (x86)\ETAS\INTECRIO5.0\Target\Etarget\ES910\libtarget.a(a_dacqui.o)
                0x4805a83c                asdSimPreCall
                0x4805b2f0                asdSimPostCall
                0x4805a8c0                getDacqTimeFor
                0x4805b1e8                storeMeasureDataForGroup
                0x4805aa38                applicationStartUserMode
                0x4805aa10                resetLogSimulationTime
                0x480594a0                etasAscetLoggingBufferFillLevel
                0x4805a984                getLogSimulationTime
                0x480594d4                etasAscetLoggingOverflowCounter
                0x48059518                asdDisableUserDefinedTime
                0x4805a9ac                getSimulationTime
                0x4805943c                setSimulationTime
                0x48059508                asdEnableUserDefinedTime
                0x4805a578                checkForBufferOverflow
                0x4805a9d8                resetDacqTimeFor
                0x48059410                setLogSimulationTime
                0x48059408                setDacqTimeFor
                0x480591e8                applicationStopUserMode
                0x4805ab18                timeMeasurementStop
                0x4805946c                etasAscetLoggingBufferSize
                0x4805abc0                logDataForChannel
                0x4805b00c                storeLogDataForGroup
                0x4805ab6c                timeMeasurementStart
                0x4805aab8                timeInSeconds
 .text          0x4805b360       0xd8 C:\Program Files (x86)\ETAS\INTECRIO5.0\Target\Etarget\ES910\libtarget.a(a_l1pro.o)
                0x4805b360                forwardToProcess
                0x4805b3bc                startUpSimulation
 .text          0x4805b438     0x4c88 C:\Program Files (x86)\ETAS\INTECRIO5.0\Target\Etarget\ES910\libtarget.a(a_primit.o)
                0x4805fb84                v3_initInstance_uint16
                0x4805d2dc                Vec_uint32_getAtProtected
                0x4805e800                v3_initInstance_Mat_real64
                0x4805dea8                v3_initInstance_Mat_bool
                0x4805f800                initInstance_GroupCharTable2
                0x4805f43c                initInstance_Vec_real32
                0x4805ca6c                Mat_sint16_setAtProtected
                0x4805c8e4                Mat_uint16_setAtProtected
                0x4805e5ac                v3_initInstance_Mat_sint8
                0x4805e6d4                v3_initInstance_Mat_real32
                0x4805e22c                v3_initInstance_Mat_uint16
                0x4805d150                Vec_qreal64_getAtProtected
                0x48060050                delete_Mat
                0x4805bcc0                addVector
                0x4805eae4                v3_initInstance_Vec_bool
                0x4805e334                initInstance_Mat_uint16
                0x4805f7dc                initInstance_uint32
                0x4805fc88                initInstance_sint16
                0x4805db08                qreal64_set
                0x4805fe44                initInstance_real32
                0x4805f1dc                initInstance_Vec_uint8
                0x4805ff90                delete_CharTable2
                0x4805d668                Vec_uint8_getAtProtected
                0x4805fbf4                initInstance_uint16
                0x4805b4c4                removeMatrix
                0x4805d5ec                Vec_uint8_setAtProtected
                0x4805e100                v3_initInstance_Mat_sint32
                0x4805ebf0                initInstance_Vec_bool
                0x4805c34c                Mat_real64_getAtProtected
                0x4805c25c                Mat_real64_setAtProtected
                0x4805dfb0                initInstance_Mat_bool
                0x4805ee50                initInstance_Vec_sint32
                0x4805fcac                v3_initInstance_uint8
                0x4805d9fc                Vec_qreal64_setAtProtected
                0x4805bb8c                addMatrix
                0x4805dce4                v3_initInstance_Mat_qreal64
                0x4805ce3c                Mat_sint8_getAtProtected
                0x4805f988                initInstance_GroupCharTable1
                0x4805cb38                Mat_sint16_getAtProtected
                0x4805ec14                v3_initInstance_Vec_uint32
                0x4805d744                Vec_sint8_getAtProtected
                0x4805c828                Mat_sint32_getAtProtected
                0x4805d7a8                qreal64_adjust
                0x48060088                delete_Vec
                0x4805efa4                v3_initInstance_Vec_sint16
                0x4805f0b0                initInstance_Vec_sint16
                0x4805d030                Vec_real64_setAtProtected
                0x4805d424                Vec_uint16_setAtProtected
                0x4805d178                Vec_real32_setAtProtected
                0x4805e588                initInstance_Mat_uint8
                0x4805c6a0                Mat_uint32_getAtProtected
                0x4805b444                getBasicType
                0x4805f32c                v3_initInstance_Vec_real32
                0x4805d8cc                Mat_qreal64_setAtProtected
                0x4805cfcc                Vec_bool_getAtProtected
                0x4805fee0                initInstance_real64
                0x4805eaac                initInstance_Vec_qreal64
                0x4805ffd0                delete_GroupCharTable1
                0x4805faf0                v3_initInstance_sint32
                0x4805e7dc                initInstance_Mat_real32
                0x4805d6c8                Vec_sint8_setAtProtected
                0x4805c518                Mat_real32_getAtProtected
                0x4805cf4c                Vec_bool_setAtProtected
                0x4805b5b4                removeVector
                0x4805c1a0                Mat_bool_getAtProtected
                0x48060010                delete_CharTable1
                0x4805fb60                initInstance_sint32
                0x4805dfd4                v3_initInstance_Mat_uint32
                0x4805fdb0                initInstance_sint8
                0x4805f8c4                initInstance_CharTable2
                0x4805f6a0                initInstance_qreal64
                0x4805c5d4                Mat_uint32_setAtProtected
                0x4805c9b0                Mat_uint16_getAtProtected
                0x4805e908                initInstance_Mat_real64
                0x4805fe68                v3_initInstance_real64
                0x4805f76c                v3_initInstance_uint32
                0x4805b450                getPrimitiveType
                0x4805c03c                Mat_setCurSizeYProtected
                0x4805f200                v3_initInstance_Vec_sint8
                0x4805fd1c                initInstance_uint8
                0x4805ee74                v3_initInstance_Vec_uint16
                0x4805b438                getTypeSize
                0x4805e208                initInstance_Mat_sint32
                0x4805fdd4                v3_initInstance_real32
                0x4805ff50                delete_GroupCharTable2
                0x4805c0d4                Mat_bool_setAtProtected
                0x4805e0dc                initInstance_Mat_uint32
                0x4805f748                initInstance_bool
                0x4805d25c                Vec_uint32_setAtProtected
                0x4805e92c                v3_initInstance_Vec_qreal64
                0x4805de68                initInstance_Mat_qreal64
                0x4805c424                Mat_qreal64_getAtProtected
                0x4805f0d4                v3_initInstance_Vec_uint8
                0x4805d3c0                Vec_sint32_getAtProtected
                0x4805e460                initInstance_Mat_sint16
                0x4805d4a4                Vec_uint16_getAtProtected
                0x4805cef8                Vec_setCurSizeProtected
                0x4805fd40                v3_initInstance_sint8
                0x4805d0d0                Vec_real64_getAtProtected
                0x4805cbf4                Mat_uint8_setAtProtected
                0x4805ed20                initInstance_Vec_uint32
                0x4805e358                v3_initInstance_Mat_sint16
                0x4805d340                Vec_sint32_setAtProtected
                0x4805ff04                initInstance_reference
                0x4805d588                Vec_sint16_getAtProtected
                0x4805cd74                Mat_sint8_setAtProtected
                0x4805c088                Mat_setCurSizeXProtected
                0x4805f6d8                v3_initInstance_bool
                0x4805fa3c                initInstance_CharTable1
                0x4805f590                v3_initInstance_qreal64
                0x4805dc50                initInstance_quantInfo
                0x4805c44c                Mat_real32_setAtProtected
                0x4805e6b0                initInstance_Mat_sint8
                0x4805ed44                v3_initInstance_Vec_sint32
                0x4805d1f8                Vec_real32_getAtProtected
                0x4805c75c                Mat_sint32_setAtProtected
                0x4805f308                initInstance_Vec_sint8
                0x4805d508                Vec_sint16_setAtProtected
                0x4805ccbc                Mat_uint8_getAtProtected
                0x4805fc18                v3_initInstance_sint16
                0x4805e484                v3_initInstance_Mat_uint8
                0x4805ef80                initInstance_Vec_uint16
                0x4805f56c                initInstance_Vec_real64
                0x4805f460                v3_initInstance_Vec_real64
 .text          0x480600c0       0x20 C:\Program Files (x86)\ETAS\INTECRIO5.0\Target\Etarget\ES910\libtarget.a(a_sysver.o)
                0x480600d4                getBuildRevision
                0x480600c0                getSystemLibVersion
                0x480600cc                getSystemLibCid
 .text          0x480600e0     0x305c C:\Program Files (x86)\ETAS\INTECRIO5.0\Target\Etarget\ES910\libtarget.a(a_targma.o)
                0x48060fe0                perfMeasStop
                0x480619b0                asdMalloc
                0x48061da4                addToActiveSimObjList
                0x48060260                getTargetL1BufferSizeCode
                0x48061f34                asdWriteUserError
                0x480601f8                setTargetL1BufferSize
                0x4806286c                perfMeasDisplay
                0x480601c4                getSimObjPtr
                0x480612b0                asdFree
                0x48061f08                asdClearUserError
                0x480602b8                resetPerfMeasObj
                0x48061784                asdMallocNoInit
                0x48062724                asdWriteUserDebug
                0x48060110                searchInActiveList
                0x4806195c                asdCalloc
                0x48060254                getTargetL1BufferSize
                0x4806016c                removeFromActiveSimObjList
                0x48061088                perfMeasStart
                0x480600ec                instanceTreeMallocOn
                0x480618dc                createPerfMeasObj
                0x48062ab4                etasInitModelProcess
                0x48060a84                getObjectsRecursive
                0x480610f4                availableMemory
                0x480600fc                instanceTreeMallocOff
                0x480611a8                asdFreeAll
                0x48061c44                updateCTBlocks
                0x4806160c                asdRealloc
                0x480615cc                deletePerfMeasObj
                0x480600e0                getInstanceTreeMemoryConsumption
 .text          0x4806313c     0x14ac C:\Program Files (x86)\ETAS\INTECRIO5.0\Target\Etarget\ES910\libtarget.a(i_cpyfnc.o)
                0x4806346c                copyPlainFromFloat
                0x48063f98                copyScalSatTypeSatFromFloat
                0x480645d0                copyInt
                0x480645dc                copyDouble
                0x480645c4                copyShort
                0x48063b00                copyScalFromValidFloat
                0x48063d44                copyScalSatFromFloat
                0x4806368c                copySatFromFloat
                0x4806313c                copyPlainToFloat
                0x4806338c                copyScalSatToFloat
                0x480632d4                copyScalToFloat
                0x480645b8                copyByte
                0x4806435c                copyBoolSatFromFloat
                0x48063208                copySatToFloat
                0x480638d0                copyScalFromFloat
 .text          0x480645e8     0x530c C:\Program Files (x86)\ETAS\INTECRIO5.0\Target\Etarget\ES910\libtarget.a(i_mapfnc.o)
                0x48064980                var2BufByteOffsetReal64
                0x48066c58                var2BufBypassSint8
                0x480659bc                var2Buf64BitIntelSint32
                0x48064b6c                var2BufByteOffsetBool
                0x48067a3c                var2BufIndirectMotorolaReal32
                0x4806493c                buf2VarSimpleUint8
                0x48064c00                buf2VarByteOffsetSint32
                0x48067db0                buf2VarIndirectMotorolaSint32
                0x480690d8                var2BufIndirectIntelSint16
                0x480698a0                bufGenFrameInit
                0x480678dc                buf2VarGenFrameIntelSint32
                0x480695f4                buf2VarBypassIntelUint16
                0x480650c0                var2Buf64BitMotorolaUint16
                0x480658a0                var2Buf64BitIntelUint32
                0x480660a4                buf2Var64BitMotorolaReal32
                0x48066a54                var2BufBypassMotorolaReal64
                0x4806516c                var2Buf64BitMotorolaSint16
                0x48064a88                var2BufByteOffsetSint16
                0x480648f4                buf2VarSimpleSint32
                0x48066d98                buf2VarBypassMotorolaSint32
                0x48064c50                buf2VarByteOffsetSint8
                0x48067b00                var2BufIndirectMotorolaUint16
                0x48066d68                buf2VarBypassMotorolaUint32
                0x48066374                buf2Var64BitMotorolaUint8
                0x48069430                var2BufBypassMaskedIntelBoolUint32
                0x48067d10                buf2VarIndirectMotorolaReal64
                0x480647ec                var2BufSimpleBool
                0x4806771c                buf2VarGenFrameMotorolaSint32
                0x48066290                buf2Var64BitMotorolaSint32
                0x48065368                var2Buf64BitMotorolaBool
                0x4806789c                buf2VarGenFrameIntelUint32
                0x4806765c                var2BufGenFrameIntelBool
                0x4806761c                var2BufGenFrameIntelSint8
                0x4806739c                var2BufGenFrameMotorolaSint16
                0x48067a1c                var2BufIndirectMotorolaReal64
                0x48064ad4                var2BufByteOffsetUint8
                0x48064d00                var2Buf64BitMotorolaUint64
                0x4806735c                var2BufGenFrameMotorolaUint16
                0x48069684                buf2VarBypassIntelUint32
                0x480697b8                var2BufBypassIntelSint32
                0x480648b0                buf2VarSimpleReal64
                0x48066e48                buf2VarBypassIntelReal64
                0x48064c14                buf2VarByteOffsetUint16
                0x48064664                var2BufSimpleSint32
                0x48067170                var2BufBypassMaskedUint8
                0x48066f20                var2BufBypassMaskedMotorolaUint32
                0x48064b20                var2BufByteOffsetSint8
                0x48065530                var2Buf64BitIntelUint64
                0x48067d44                buf2VarIndirectMotorolaReal32
                0x48066d18                buf2VarBypassMotorolaReal64
                0x4806745c                var2BufGenFrameMotorolaBool
                0x48065ad8                var2Buf64BitIntelUint16
                0x480649a4                var2BufByteOffsetUint32
                0x48068fa4                buf2VarIndirectIntelUint16
                0x48064c68                buf2VarByteOffsetBool
                0x48069320                var2BufBypassMaskedIntelSint16
                0x48064854                var2BufSimpleUint8Bool
                0x48066b1c                var2BufBypassMotorolaUint16
                0x480693a8                var2BufBypassMaskedIntelUint16
                0x480648dc                buf2VarSimpleUint32
                0x4806741c                var2BufGenFrameMotorolaSint8
                0x48065460                var2Buf64BitIntelReal32
                0x48067f3c                buf2VarIndirectSint8
                0x480660ec                buf2Var64BitMotorolaUint64
                0x480672dc                var2BufGenFrameMotorolaUint32
                0x480683bc                var2BufGenFrameMotorolaReal64
                0x48069818                var2BufBypassIntelUint32
                0x480677dc                buf2VarGenFrameMotorolaUint8
                0x480662d8                buf2Var64BitMotorolaUint16
                0x480669c0                buf2Var64BitIntelSint8
                0x4806749c                var2BufGenFrameIntelReal32
                0x48066474                buf2Var64BitIntelReal32
                0x4806540c                var2Buf64BitIntelReal64
                0x48067044                var2BufBypassMaskedMotorolaUint16
                0x480656e8                var2Buf64BitIntelSint64
                0x4806755c                var2BufGenFrameIntelUint16
                0x48068ea4                buf2VarGenFrameIntelReal64
                0x48066b68                var2BufBypassMotorolaSint16
                0x480696c8                buf2VarBypassIntelReal32
                0x48069640                buf2VarBypassIntelSint32
                0x480649f0                var2BufByteOffsetSint32
                0x480665e4                buf2Var64BitIntelSint64
                0x4806769c                buf2VarGenFrameMotorolaReal32
                0x480698cc                bufBypassInit
                0x480667fc                buf2Var64BitIntelUint16
                0x48066fe8                var2BufBypassMaskedMotorolaBoolUint32
                0x48069210                var2BufIndirectIntelUint32
                0x4806779c                buf2VarGenFrameMotorolaSint16
                0x48065218                var2Buf64BitMotorolaUint8
                0x480664f0                buf2Var64BitIntelUint64
                0x4806795c                buf2VarGenFrameIntelSint16
                0x4806751c                var2BufGenFrameIntelSint32
                0x48068b94                buf2VarGenFrameMotorolaReal64
                0x48066928                buf2Var64BitIntelUint8
                0x48067240                var2BufBypassMaskedBoolUint8
                0x48068a74                buf2VarGenFrameMotorolaUint64
                0x48067e38                buf2VarIndirectMotorolaSint16
                0x4806785c                buf2VarGenFrameIntelReal32
                0x48064f78                var2Buf64BitMotorolaUint32
                0x48069278                var2BufIndirectIntelReal32
                0x48064990                var2BufByteOffsetReal32
                0x480692a8                var2BufBypassMaskedIntelBoolUint16
                0x48066ee8                buf2VarBypassSint8
                0x48065e40                var2Buf64BitIntelSint8
                0x4806501c                var2Buf64BitMotorolaSint32
                0x48066894                buf2Var64BitIntelSint16
                0x48065d20                var2Buf64BitIntelUint8
                0x48068244                var2BufGenFrameMotorolaUint64
                0x4806775c                buf2VarGenFrameMotorolaUint16
                0x48066eb0                buf2VarBypassUint8
                0x48064ca4                var2Buf64BitMotorolaReal32
                0x4806791c                buf2VarGenFrameIntelUint16
                0x48064950                buf2VarSimpleSint8
                0x48067a58                var2BufIndirectMotorolaUint32
                0x48068d20                buf2VarGenFrameIntelSint64
                0x48066e08                buf2VarBypassMotorolaSint16
                0x48064614                var2BufSimpleUint32
                0x48068950                buf2VarGenFrameMotorolaSint64
                0x48064c7c                buf64BitInit
                0x48067e84                buf2VarIndirectIntelReal64
                0x4806909c                buf2VarIndirectIntelReal32
                0x48066ad0                var2BufBypassMotorolaSint32
                0x48069758                var2BufBypassIntelUint16
                0x4806781c                buf2VarGenFrameMotorolaSint8
                0x480680cc                var2BufGenFrameMotorolaSint64
                0x480670ac                var2BufBypassMaskedMotorolaSint16
                0x48067114                var2BufBypassMaskedMotorolaBoolUint16
                0x480686f8                var2BufGenFrameIntelUint64
                0x480673dc                var2BufGenFrameMotorolaUint8
                0x48064754                var2BufSimpleUint8
                0x48064bd8                buf2VarByteOffsetReal32
                0x48067c5c                var2BufIndirectSint8
                0x480648c4                buf2VarSimpleReal32
                0x48068ffc                buf2VarIndirectIntelSint32
                0x480696f8                var2BufBypassIntelSint16
                0x48066248                buf2Var64BitMotorolaUint32
                0x48066a84                var2BufBypassMotorolaUint32
                0x48069528                var2BufBypassMaskedIntelUint32
                0x48067ba8                var2BufIndirectIntelReal64
                0x480671d8                var2BufBypassMaskedSint8
                0x48064bec                buf2VarByteOffsetUint32
                0x4806759c                var2BufGenFrameIntelSint16
                0x48064968                buf2VarSimpleBool
                0x4806490c                buf2VarSimpleUint16
                0x480663c4                buf2Var64BitMotorolaSint8
                0x48066dd0                buf2VarBypassMotorolaUint16
                0x48064bc8                buf2VarByteOffsetReal64
                0x480691a8                var2BufIndirectIntelSint32
                0x48067df4                buf2VarIndirectMotorolaUint16
                0x48068de4                buf2VarGenFrameIntelUint64
                0x48066bb4                var2BufBypassIntelReal64
                0x480666dc                buf2Var64BitIntelUint32
                0x48066328                buf2Var64BitMotorolaSint16
                0x4806731c                var2BufGenFrameMotorolaSint32
                0x48066080                buf2Var64BitMotorolaReal64
                0x48066198                buf2Var64BitMotorolaSint64
                0x48064c28                buf2VarByteOffsetSint16
                0x48067c08                var2BufIndirectUint8
                0x4806799c                buf2VarGenFrameIntelUint8
                0x48069140                var2BufIndirectIntelUint16
                0x48067ef8                buf2VarIndirectUint8
                0x48067cb0                var2BufIndirectBool
                0x48069878                var2BufBypassIntelReal32
                0x480674dc                var2BufGenFrameIntelUint32
                0x480646b4                var2BufSimpleUint16
                0x48067aac                var2BufIndirectMotorolaSint32
                0x480676dc                buf2VarGenFrameMotorolaUint32
                0x48064a3c                var2BufByteOffsetUint16
                0x48066410                buf2Var64BitIntelReal64
                0x4806676c                buf2Var64BitIntelSint32
                0x4806729c                var2BufGenFrameMotorolaReal32
                0x480652c0                var2Buf64BitMotorolaSint8
                0x48067f80                formulaOutReal64
                0x480647a0                var2BufSimpleSint8
                0x480679dc                buf2VarGenFrameIntelSint8
                0x48067f9c                formulaInReal64
                0x48064c90                var2Buf64BitMotorolaReal64
                0x48064704                var2BufSimpleSint16
                0x480675dc                var2BufGenFrameIntelUint8
                0x48066d44                buf2VarBypassMotorolaReal32
                0x48067d74                buf2VarIndirectMotorolaUint32
                0x480687f4                var2BufGenFrameIntelReal64
                0x48067b54                var2BufIndirectMotorolaSint16
                0x48065bfc                var2Buf64BitIntelSint16
                0x48066c0c                var2BufBypassUint8
                0x48064924                buf2VarSimpleSint16
                0x4806904c                buf2VarIndirectIntelUint32
                0x48066f84                var2BufBypassMaskedMotorolaSint32
                0x48068f4c                buf2VarIndirectIntelSint16
                0x480645e8                var2BufSimpleReal64
                0x48066a70                var2BufBypassMotorolaReal32
                0x48064c3c                buf2VarByteOffsetUint8
                0x480685fc                var2BufGenFrameIntelSint64
                0x480694a8                var2BufBypassMaskedIntelSint32
                0x48064e3c                var2Buf64BitMotorolaSint64
                0x480695a8                buf2VarBypassIntelSint16
                0x480645fc                var2BufSimpleReal32
                0x48066ca4                var2BufBypassBool
                0x48065f60                var2Buf64BitIntelBool
 .text          0x480698f4      0xee4 C:\Program Files (x86)\ETAS\INTECRIO5.0\Target\Etarget\ES910\libtarget.a(i_osman.o)
                0x4806a5dc                etasRemoveStopUserModeCallback
                0x48069e48                activateTaskWithId
                0x480699b0                findCurAppModeName
                0x48069b1c                getTaskIdForTask
                0x48069c20                clearMeasureGroupForTask
                0x48069cb8                clearLogGroupForTask
                0x4806a4b8                etasInitTaskTerminationHook
                0x48069cfc                isModelStarted
                0x48069918                getEEId
                0x48069a4c                getTaskPtrForId
                0x4806a7a0                etasAddInitTaskTerminationCallback
                0x48069d24                updateUserModeState
                0x4806a768                etasAddStopUserModeCallback
                0x4806a3b4                etasStopUserModeHook
                0x480698f4                etasInitOsProcess
                0x48069b5c                findCurTaskName
                0x48069c44                setMeasureGroupForTask
                0x48069cdc                setLogGroupForTask
                0x4806a614                etasRemoveInitTaskTerminationCallback
 .text          0x4806a7d8     0x73e0 C:\Program Files (x86)\ETAS\INTECRIO5.0\Target\Etarget\ES910\libtarget.a(i_rtioma.o)
                0x4806a814                rtioCheckStartup
                0x4806a870                registerRtioDriverLockedCallback
                0x4806a864                etasRtioInitProcess
                0x48071560                rtioHook
                0x48070da8                rtioSignalDriverLock
                0x4806a86c                etasRtioExitProcess
                0x48070c74                etasRtioIntDisableProcess
                0x4806a808                rtioSetConfigState
                0x4806a8f0                deRegisterRtioDriverLockedCallback
                0x48070cc8                rtioSignalDriverUnlock
                0x48070c94                etasRtioStartupProcess
                0x4806a7fc                rtioGetConfigState
                0x4806a974                rtioGetDriverLockedState
                0x4806a858                rtioIsOsExpertModeActive
                0x4806a84c                rtioGetHwAbsenceBehavior
                0x4806a7d8                rtioSetLogPort
                0x4806a868                etasRtioIntEnableProcess
                0x4806a7e4                rtioSetConfigId
 .text          0x48071bb8      0x550 C:\Program Files (x86)\ETAS\INTECRIO5.0\Target\Etarget\ES910\libtarget.a(i_salone.o)
                0x480720b4                crossbarPrepareReconnection
                0x48071ec4                crossbarGetNextConfigResponse
                0x48071d20                playbackConfigL1Records
                0x48072060                rtioPrepareReconnection
                0x48071fc8                crossbarFinishReconnection
                0x48071e58                rtioGetNextConfigResponse
                0x48071f30                rtioFinishReconnection
 .text          0x48072108     0x1830 C:\Program Files (x86)\ETAS\INTECRIO5.0\Target\Etarget\ES910\libtarget.a(t_croman.o)
                0x48072114                crossbarSetConfigId
                0x4807212c                crossbarGetConfigState
                0x48072108                crossbarSetLogPort
                0x48072138                crossbarSetConfigState
                0x48073894                crossbarHook
 .text          0x48073938      0xcb0 C:\Program Files (x86)\ETAS\INTECRIO5.0\Target\Etarget\ES910\libtarget.a(t_crosll.o)
                0x48073c0c                createCopyObjectContainer
                0x48073c88                insertObjectIntoCopyLists
                0x48073f0c                commonCreateCopyAction
                0x4807448c                cromanExecuteObj
                0x48073938                internalDeleteCopyAction
                0x48073ddc                createInsertVector
 .text          0x480745e8     0x1cf0 C:\Program Files (x86)\ETAS\INTECRIO5.0\Target\Etarget\ES910\libtarget.a(t_nvram.o)
                0x4807471c                nvramClear
                0x480746cc                nvramEnableAutoUpdate
                0x48074754                nvramResetStatistics
                0x480745e8                nvramSetUpdateInterval
                0x480746c0                nvramGetConsistencyLevel
                0x4807587c                nvramUpdateMemoryBackground
                0x48075cdc                nvramInit
                0x48074710                nvramCheckRunningUpdate
                0x480757e0                nvramManualUpdateExit
                0x480756a8                nvramManualUpdateBackground
                0x48074700                nvramCheckForAutoUpdate
                0x48075a6c                nvramInitModelVars
                0x48074748                nvramCheckForInitializedVars
                0x48074c78                nvramGetUpdateAgeMs
                0x48075574                nvramManualUpdateBlocked
                0x480746a0                nvramSetConsistencyLevel
                0x480746e8                nvramDisableAutoUpdate
                0x480747b8                nvramGetStatistics
                0x4807463c                nvramGetUpdateInterval
 .text          0x480762d8      0x6ec C:\Program Files (x86)\ETAS\INTECRIO5.0\Target\Etarget\ES910\libtarget.a(t_objlis.o)
                0x480768cc                createObjList
                0x480762d8                dumpObjList
 .text          0x480769c4      0xcd8 C:\Program Files (x86)\ETAS\INTECRIO5.0\Target\Etarget\ES910\libtarget.a(t_rtcros.o)
                0x48076bdc                getObjectFromDynamicInstanceTree
                0x480769d0                deleteInstance_container
                0x48077080                removeObjectFromDynamicInstanceTree
                0x48076a6c                initInstance_container
                0x48077250                getValuePtr
                0x48077168                addObjectToDynamicInstanceTree
                0x48076ffc                getNextFreeRefIdOfDynamicInstanceTree
                0x480769c4                rtcrosSetLogPort
                0x48076bac                createDynamicInstanceTree
                0x480772c8                processBlockCommands
 .text          0x4807769c     0x1b38 C:\Program Files (x86)\ETAS\INTECRIO5.0\Target\Etarget\ES910\libtarget.a(t_sgman.o)
                0x48079098                sgHook
                0x480777fc                sgGetComVarPtr
                0x4807905c                deleteComVarCallback
                0x4807769c                sgGetCurTime
                0x48079000                sgGetObjPtr
 .text          0x480791d4     0x14d0 C:\Program Files (x86)\ETAS\INTECRIO5.0\Target\Etarget\ES910\libtarget.a(y_primit.o)
                0x48079ad8                initInstance_columnDirMatrixWrapper
                0x4807a594                initInstance_charTable1Wrapper
                0x4807a030                initInstance_columnDirGroupCharTable2Wrapper
                0x48079c3c                initInstance_matrixWrapper
                0x4807a230                initInstance_groupCharTable1Wrapper
                0x48079ef0                initInstance_scalarWrapper
                0x4807a130                initInstance_groupCharTable2Wrapper
                0x48079da0                initInstance_vectorWrapper
                0x4807a458                initInstance_charTable2Wrapper
                0x4807a31c                initInstance_columnDirCharTable2Wrapper
 .text          0x4807a6a4     0x19c0 C:\Program Files (x86)\ETAS\INTECRIO5.0\Target\Etarget\ES910\libtarget.a(a1b_dacq.o)
                0x4807a794                getA1bGroup
                0x4807ba1c                instanciateA1bChannel
                0x4807af2c                getA1bChannelGroupUpdateOffline
                0x4807be44                storeA1bDataForGroup
                0x4807b4e0                destructA1bChannelGroup
                0x4807b818                instanciateA1bGroup
                0x4807b5b8                freeA1bMeasureBuffers
                0x4807be24                allocateA1bMeasureBuffers
                0x4807a750                addA1bChannelToA1bGroup
                0x4807b2c8                destructA1bChannel
                0x4807a830                removeA1bChannelFromA1bGroup
 .text          0x4807c064     0x1060 C:\Program Files (x86)\ETAS\INTECRIO5.0\Target\Etarget\ES910\libtarget.a(a_contai.o)
                0x4807c774                dVectorRewindHeadReentrant
                0x4807c6b8                dVectorRemoveObject
                0x4807c844                dVectorCreate
                0x4807c0bc                dListGetObjectForward
                0x4807c3b8                dTableRemoveLastObject
                0x4807cdf0                dTableDelete
                0x4807c50c                dVectorGetObject
                0x4807c0a4                dListRewindTailReentrant
                0x4807c89c                dTableCreate
                0x4807c274                dTableGetObject
                0x4807c310                dTableIsEmpty
                0x4807c4f4                dTableNofObjects
                0x4807c114                dListGetObjectBackward
                0x4807cc18                dTableAddObject
                0x4807cdbc                dTableDeleteStatic
                0x4807c620                dVectorRemoveLastObject
                0x4807c598                dVectorRemoveFirstObject
                0x4807c330                dTableRemoveFirstObject
                0x4807c090                dListRewindTail
                0x4807c998                dListAddObjectHead
                0x4807d064                dListDelete
                0x4807ce34                dListRemoveObject
                0x4807c16c                dListGetObjectAtIndex
                0x4807ca7c                dVectorAddObject
                0x4807c140                dListGetObjectBackwardReentrant
                0x4807c240                dTableCreateStatic
                0x4807c0e8                dListGetObjectForwardReentrant
                0x4807c538                dVectorRemoveObjectAtIndex
                0x4807c77c                dVectorGetObjectForwardReentrant
                0x4807c7d0                dVectorGetIndexOfLastEntry
                0x4807cf34                dListRemoveObjectTail
                0x4807c8f4                dListAddObjectTail
                0x4807c2ac                dTableRemoveObject
                0x4807cbd4                dVectorDelete
                0x4807cfcc                dListRemoveObjectHead
                0x4807c754                dVectorIsEmpty
                0x4807c1fc                dListIsEmpty
                0x4807ca40                dListCreate
                0x4807c450                dTableTestFunc
                0x4807c7b8                dVectorNofObjects
                0x4807c064                dListRewindHead
                0x4807c228                dListNofObjects
                0x4807c078                dListRewindHeadReentrant
 .text          0x4807d0c4      0x498 C:\Program Files (x86)\ETAS\INTECRIO5.0\Target\Etarget\ES910\libtarget.a(i_transf.o)
                0x4807d360                transferToMatrix
                0x4807d160                transferToVector
                0x4807d0c4                transferFromVector
                0x4807d1fc                transferFromMatrix
                0x4807d4c4                transferDirect
 .text          0x4807d55c     0x2378 C:\Program Files (x86)\ETAS\INTECRIO5.0\Target\Etarget\ES910\libtarget.a(t_sglow.o)
                0x4807e4b8                freeDataSignal
                0x4807e8e8                makeDataSignal
                0x4807e0cc                computeTimeSliceTimes
                0x4807dd94                setSinewaveSignal
                0x4807d788                getIntervalNr
                0x4807e3cc                deleteTimeSlice
                0x4807f638                freeChannel
                0x4807e920                makeLinearSignal
                0x4807f72c                freeStimuliSet
                0x4807deec                setIntervalPulseSignal
                0x4807e51c                freeInterval
                0x4807dea0                setPulseSignal
                0x4807e078                setTimeSlice
                0x4807d6c0                insertTimeSlice
                0x4807e77c                makeSinewaveSignal
                0x4807ecb8                makeIntervalDataSignal
                0x4807db44                binsearch
                0x4807e458                freeRandomSignal
                0x4807da80                getLinearSignalY
                0x4807d674                getTimeSliceNr
                0x4807e1b0                getTimeSliceT
                0x4807ee8c                getRandomSignalY
                0x4807e478                freePulseSignal
                0x4807dfac                setRandomSignal
                0x4807f388                getChannelY
                0x4807e898                setIntervalDataSignal
                0x4807f0ac                getSinewaveSignalY
                0x4807f840                makeStimuliSet
                0x4807d8a8                computeIntervalTimes
                0x4807d9e8                setIntervalLinearSignal
                0x4807e630                makeTimeSlice
                0x4807e944                makeIntervalRandomSignal
                0x4807d5a8                insertChannel
                0x4807d7d4                insertInterval
                0x4807dfe0                setIntervalRandomSignal
                0x4807d8fc                computeChannelTimes
                0x4807ea60                makeIntervalPulseSignal
                0x4807d9b4                setLinearSignal
                0x4807e134                computeStimuliSetTimes
                0x4807e6fc                makeFunctionSignal
                0x4807d55c                getChannelNr
                0x4807f5c4                resetStimuliSet
                0x4807e5ac                deleteInterval
                0x4807e264                getT
                0x4807f7b8                makeChannel
                0x4807e734                makeRandomSignal
                0x4807d89c                resetInterval
                0x4807f1d8                getIntervalY
                0x4807ef54                getPulseSignalY
                0x4807dde0                setIntervalSinewaveSignal
                0x4807e758                makePulseSignal
                0x4807e3ac                freeTimeSlice
                0x4807e0b8                resetTimeSlice
                0x4807dbe8                getDataSignalY
                0x4807e498                freeSinewaveSignal
                0x4807e4fc                freeLinearSignal
                0x4807f6a8                deleteChannel
                0x4807ed74                makeIntervalLinearSignal
                0x4807e7a0                setDataSignal
                0x4807f4f4                resetChannel0
                0x4807eb8c                makeIntervalSinewaveSignal
 .text          0x4807f8d4        0x0 C:\Program Files (x86)\ETAS\INTECRIO5.0\Target\Etarget\rtio\global\es910\librtio_gnu.a(comm_err.o)
 .text          0x4807f8d4       0xa0 C:\Program Files (x86)\ETAS\INTECRIO5.0\Target\Etarget\rtio\global\es910\librtio_gnu.a(p_rtio.o)
                0x4807f8d4                rtioSignalHwAccessEnd
                0x4807f92c                rtioSignalHwAccessBegin
 .text          0x4807f974      0xd38 C:\Program Files (x86)\ETAS\INTECRIO5.0\Target\Etarget\rtio\global\es910\librtio_gnu.a(p_rtio_s.o)
                0x48080668                setupRTIO
                0x48080058                es910IsEtherCATEnabled
                0x4807f980                getMasterId
                0x4807fb98                rtioHwDetect
                0x48080164                rtioTestBoardPresence
                0x4807fa70                printDetectedHardware
                0x4807f99c                rtioGetNextDetectedHwTableEntry
                0x4807f974                es910RtioGetFpgaRegsGlobal
                0x480805e0                es910RtioMapFpgaRegsGlobal
                0x4808053c                es910RtioUnmapFpgaRegsGlobal
                0x4807f988                rtioRewindDetectedHwTable
                0x480800f0                es910RtioIntDisable
 .text          0x480806ac      0xe18 C:\Program Files (x86)\ETAS\INTECRIO5.0\Target\Etarget\rtio\global\es910\librtio_gnu.a(rtio_err.o)
                0x48080888                clearErrMsgList
                0x480807e4                deactivateRtioMsgLists
                0x48080750                installEtasPseudoGeoAdrBoardNames
                0x4808072c                installCommErrMessages
                0x4808075c                installUserBoardNames
                0x480806ac                initMessageTables
                0x4808081c                getNextErrMsg
                0x480809e0                rtioGetBoardName
                0x48080744                installEtasAutoIdBoardNames
                0x4808116c                rtioErr
                0x4808070c                mapErrorCode
                0x48080768                installEtasVirtualBoardNames
                0x48080774                installMessages
                0x48080a74                rtio_err_v3
                0x480807f8                rewindErrMsgList
                0x48080910                clearCurErrMsg
                0x480807d4                activateRtioMsgLists
                0x48080ee8                rtioErrV2
                0x48080738                installEtasBoardNames
 .text          0x480814c4      0x638 C:\Program Files (x86)\ETAS\INTECRIO5.0\Target\Etarget\rtio\global\es910\librtio_gnu.a(fhc_emu.o)
                0x480814c4                fhc_get_module_name_port_name
                0x4808177c                fhc_check_port_presence_rp
 .text          0x48081afc      0x798 C:\Program Files (x86)\ETAS\INTECRIO5.0\Target\Etarget\ES910\rta_osek\librtk_s.a(ostarget.o)
                0x48081afc                os_get_sw_int_info
                0x48081e18                os_pre_start
                0x48081cd0                os_detach_interrupts
                0x48081b84                os_generate_sw_int
 .text          0x48082294       0x30 C:\Program Files (x86)\ETAS\INTECRIO5.0\Target\Etarget\ES910\rta_osek\librtk_s.a(osfptgt.o)
                0x48082294                os_fp_save
                0x480822c0                os_fp_restore_from
                0x480822a8                os_fp_restore
                0x480822bc                os_fp_save_to
 .text          0x480822c4       0x94 C:\Program Files (x86)\ETAS\INTECRIO5.0\Target\Etarget\ES910\rta_osek\librtk_s.a(osiwrap1.o)
                0x480822c4                os_cat1_wrapper
 .text          0x48082358      0x288 C:\Program Files (x86)\ETAS\INTECRIO5.0\Target\Etarget\ES910\rta_osek\librtk_s.a(osxdspnf.o)
                0x48082358                osek_dispatchN2F
 .text          0x480825e0      0x10c C:\Program Files (x86)\ETAS\INTECRIO5.0\Target\Etarget\ES910\rta_osek\librtk_s.a(osysd1hf.o)
                0x480825e0                os_fdispH1
 .text          0x480826ec      0x2d4 C:\Program Files (x86)\ETAS\INTECRIO5.0\Target\Etarget\ES910\rta_osek\librtk_s.a(osysdfhf.o)
                0x480826ec                os_fdispH2F
 .text          0x480829c0      0x2cc C:\Program Files (x86)\ETAS\INTECRIO5.0\Target\Etarget\ES910\rta_osek\librtk_s.a(osysdfhi.o)