_MID_ ; Torque_Control
_MNAME_ ; Torque_Control
Torque_Control_B.Abs ; 1001 0 ; ASD_VARIABLE ; Torque_Control.VDC.Abs.Abs ; 0x0
Torque_Control_B.BrakingwithRegenerative.sf_MATLABFunction.RegTq_RL ; 1001 1 ; ASD_VARIABLE ; Torque_Control.VDC.Vehicle_Dynamics_Control_Modes.VDC_Complete.Constraints_and_motor_to_wheel_Tq.Braking_with_Regenerative.MATLAB_Function.RegTq_RL ; 0x0
Torque_Control_B.BrakingwithRegenerative.sf_MATLABFunction.RegTq_RR ; 1001 2 ; ASD_VARIABLE ; Torque_Control.VDC.Vehicle_Dynamics_Control_Modes.VDC_Complete.Constraints_and_motor_to_wheel_Tq.Braking_with_Regenerative.MATLAB_Function.RegTq_RR ; 0x0
Torque_Control_B.BrakingwithRegenerative_b.sf_MATLABFunction.RegTq_RL ; 1001 3 ; ASD_VARIABLE ; Torque_Control.VDC.Vehicle_Dynamics_Control_Modes.VDC_without_Longitudinal.Constraints.Braking_with_Regenerative.MATLAB_Function.RegTq_RL ; 0x0
Torque_Control_B.BrakingwithRegenerative_b.sf_MATLABFunction.RegTq_RR ; 1001 4 ; ASD_VARIABLE ; Torque_Control.VDC.Vehicle_Dynamics_Control_Modes.VDC_without_Longitudinal.Constraints.Braking_with_Regenerative.MATLAB_Function.RegTq_RR ; 0x0
Torque_Control_B.Compare ; 1001 5 ; ASD_VARIABLE ; Torque_Control.Controls_Temperature_by_limiting_Torque.temperature_SoP.Flag_Accu.Compare.Compare ; 0x0
Torque_Control_B.Compare_d ; 1001 6 ; ASD_VARIABLE ; Torque_Control.Controls_Temperature_by_limiting_Torque.temperature_SoP.Flag_Inv.Compare.Compare_d ; 0x0
Torque_Control_B.Compare_g ; 1001 7 ; ASD_VARIABLE ; Torque_Control.Controls_Temperature_by_limiting_Torque.temperature_SoP.Flag_Mot.Compare.Compare_g ; 0x0
Torque_Control_B.Constant ; 1001 8 ; ASD_VARIABLE ; Torque_Control.SAFETY_BLOCK.Compare_To_Constant.Constant.Constant ; 0x0
Torque_Control_B.Constant1 ; 1001 9 ; ASD_VARIABLE ; Torque_Control.power_limitation.temperature_SoP.temperature_rise_limitator_Accu.Constant1.Constant1 ; 0x0
Torque_Control_B.Constant14 ; 1001 10 ; ASD_VARIABLE ; Torque_Control.Constant14.Constant14 ; 0x0
Torque_Control_B.Constant1_a ; 1001 11 ; ASD_VARIABLE ; Torque_Control.power_limitation.temperature_SoP.temperature_rise_limitator_Inverters.Constant1.Constant1_a ; 0x0
Torque_Control_B.Constant1_b ; 1001 12 ; ASD_VARIABLE ; Torque_Control.VDC.Vehicle_Dynamics_Control_Modes.VDC_without_Longitudinal.Kamm_Circle_Lateral.Constant1.Constant1_b ; 0x0
Torque_Control_B.Constant1_c ; 1001 13 ; ASD_VARIABLE ; Torque_Control.Controls_Temperature_by_limiting_Torque.temperature_SoP.temperature_rise_limitator_Motors.Constant1.Constant1_c ; 0x0
Torque_Control_B.Constant1_d ; 1001 14 ; ASD_VARIABLE ; Torque_Control.Controls_Temperature_by_limiting_Torque.temperature_SoP.temperature_rise_limitator_Inverters.Constant1.Constant1_d ; 0x0
Torque_Control_B.Constant1_h ; 1001 15 ; ASD_VARIABLE ; Torque_Control.power_limitation.temperature_SoP.temperature_rise_limitator_Motors.Constant1.Constant1_h ; 0x0
Torque_Control_B.Constant1_i ; 1001 16 ; ASD_VARIABLE ; Torque_Control.VDC.Vehicle_Dynamics_Control_Modes.VDC_Complete.Wheel_to_motor.Constant1.Constant1_i ; 0x0
Torque_Control_B.Constant1_j ; 1001 17 ; ASD_VARIABLE ; Torque_Control.VDC.Vehicle_Dynamics_Control_Modes.VDC_Complete.In_Numbers.Constant1.Constant1_j ; 0x0
Torque_Control_B.Constant1_k ; 1001 18 ; ASD_VARIABLE ; Torque_Control.VDC.Vehicle_Dynamics_Control_Modes.VDC_without_Longitudinal.Force_to_Tq.Constant1.Constant1_k ; 0x0
Torque_Control_B.Constant1_l ; 1001 19 ; ASD_VARIABLE ; Torque_Control.Controls_Temperature_by_limiting_Torque.temperature_SoP.temperature_rise_limitator_Accu.Constant1.Constant1_l ; 0x0
Torque_Control_B.Constant2 ; 1001 20 ; ASD_VARIABLE ; Torque_Control.power_limitation.temperature_SoP.temperature_rise_limitator_Accu.Constant2.Constant2 ; 0x0
Torque_Control_B.Constant2_k ; 1001 21 ; ASD_VARIABLE ; Torque_Control.Controls_Temperature_by_limiting_Torque.temperature_SoP.temperature_rise_limitator_Inverters.Constant2.Constant2_k ; 0x0
Torque_Control_B.Constant2_m ; 1001 22 ; ASD_VARIABLE ; Torque_Control.Controls_Temperature_by_limiting_Torque.temperature_SoP.temperature_rise_limitator_Motors.Constant2.Constant2_m ; 0x0
Torque_Control_B.Constant2_n ; 1001 23 ; ASD_VARIABLE ; Torque_Control.Controls_Temperature_by_limiting_Torque.temperature_SoP.temperature_rise_limitator_Accu.Constant2.Constant2_n ; 0x0
Torque_Control_B.Constant2_p ; 1001 24 ; ASD_VARIABLE ; Torque_Control.power_limitation.temperature_SoP.temperature_rise_limitator_Inverters.Constant2.Constant2_p ; 0x0
Torque_Control_B.Constant2_pf ; 1001 25 ; ASD_VARIABLE ; Torque_Control.power_limitation.temperature_SoP.temperature_rise_limitator_Motors.Constant2.Constant2_pf ; 0x0
Torque_Control_B.Constant3 ; 1001 26 ; ASD_VARIABLE ; Torque_Control.power_limitation.temperature_SoP.temperature_rise_limitator_Accu.Constant3.Constant3 ; 0x0
Torque_Control_B.Constant3_b ; 1001 27 ; ASD_VARIABLE ; Torque_Control.VDC.Vehicle_Dynamics_Control_Modes.VDC_Complete.Lateral_Dynamics.Constant3.Constant3_b ; 0x0
Torque_Control_B.Constant3_e ; 1001 28 ; ASD_VARIABLE ; Torque_Control.VDC.Vehicle_Dynamics_Control_Modes.VDC_Complete.Longitudinal_Dynamics.Constant3.Constant3_e ; 0x0
Torque_Control_B.Constant3_f ; 1001 29 ; ASD_VARIABLE ; Torque_Control.power_limitation.temperature_SoP.temperature_rise_limitator_Motors.Constant3.Constant3_f ; 0x0
Torque_Control_B.Constant3_i ; 1001 30 ; ASD_VARIABLE ; Torque_Control.power_limitation.temperature_SoP.temperature_rise_limitator_Inverters.Constant3.Constant3_i ; 0x0
Torque_Control_B.Constant3_it ; 1001 31 ; ASD_VARIABLE ; Torque_Control.Controls_Temperature_by_limiting_Torque.temperature_SoP.temperature_rise_limitator_Motors.Constant3.Constant3_it ; 0x0
Torque_Control_B.Constant3_n ; 1001 32 ; ASD_VARIABLE ; Torque_Control.Controls_Temperature_by_limiting_Torque.temperature_SoP.temperature_rise_limitator_Inverters.Constant3.Constant3_n ; 0x0
Torque_Control_B.Constant3_o ; 1001 33 ; ASD_VARIABLE ; Torque_Control.Controls_Temperature_by_limiting_Torque.temperature_SoP.temperature_rise_limitator_Accu.Constant3.Constant3_o ; 0x0
Torque_Control_B.Constant4 ; 1001 34 ; ASD_VARIABLE ; Torque_Control.VDC.Vehicle_Dynamics_Control_Modes.VDC_Complete.Lateral_Dynamics.Constant4.Constant4 ; 0x0
Torque_Control_B.Constant4_m ; 1001 35 ; ASD_VARIABLE ; Torque_Control.VDC.Vehicle_Dynamics_Control_Modes.VDC_Complete.Longitudinal_Dynamics.Constant4.Constant4_m ; 0x0
Torque_Control_B.Constant7 ; 1001 36 ; ASD_VARIABLE ; Torque_Control.VDC.Vehicle_Dynamics_Control_Modes.VDC_Complete.Lateral_Dynamics.Yaw_Rate_Reference.Constant7.Constant7 ; 0x0
Torque_Control_B.Constant8 ; 1001 37 ; ASD_VARIABLE ; Torque_Control.VDC.Vehicle_Dynamics_Control_Modes.VDC_Complete.Lateral_Dynamics.Yaw_Rate_Reference.Constant8.Constant8 ; 0x0
Torque_Control_B.Constant_a ; 1001 38 ; ASD_VARIABLE ; Torque_Control.power_limitation.temperature_SoP.temperature_rise_limitator_Inverters.Temp_higher_than_50.Constant.Constant_a ; 0x0
Torque_Control_B.Constant_aq ; 1001 39 ; ASD_VARIABLE ; Torque_Control.VDC.Vehicle_Dynamics_Control_Modes.Constant.Constant_aq ; 0x0
Torque_Control_B.Constant_b ; 1001 40 ; ASD_VARIABLE ; Torque_Control.power_limitation.temperature_SoP.temperature_rise_limitator_Accu.Temp_higher_than_50.Constant.Constant_b ; 0x0
Torque_Control_B.Constant_bb ; 1001 41 ; ASD_VARIABLE ; Torque_Control.VDC.Vehicle_Dynamics_Control_Modes.VDC_Complete.Wheel_to_motor.Constant.Constant_bb ; 0x0
Torque_Control_B.Constant_bc ; 1001 42 ; ASD_VARIABLE ; Torque_Control.power_limitation.temperature_SoP.Flag_Mot.Constant.Constant_bc ; 0x0
Torque_Control_B.Constant_c ; 1001 43 ; ASD_VARIABLE ; Torque_Control.VDC.Vehicle_Dynamics_Control_Modes.VDC_Complete.Constraints_and_motor_to_wheel_Tq.Acelerating_and_braking_without_Regenerative.Constant.Constant_c ; 0x0
Torque_Control_B.Constant_d ; 1001 44 ; ASD_VARIABLE ; Torque_Control.power_limitation.temperature_SoP.temperature_rise_limitator_Motors.Temp_higher_than_110.Constant.Constant_d ; 0x0
Torque_Control_B.Constant_dd ; 1001 45 ; ASD_VARIABLE ; Torque_Control.VDC.Vehicle_Dynamics_Control_Modes.VDC_without_Longitudinal.Kamm_Circle_Lateral.Constant.Constant_dd ; 0x0
Torque_Control_B.Constant_do ; 1001 46 ; ASD_VARIABLE ; Torque_Control.power_limitation.temperature_SoP.Flag_Inv.Constant.Constant_do ; 0x0
Torque_Control_B.Constant_du ; 1001 47 ; ASD_VARIABLE ; Torque_Control.VDC.Vehicle_Dynamics_Control_Modes.Steering_TV_with_TC.Optimization_SKF__amp__CKF.Subsystem.SKF.Spin.Constant.Constant_du ; 0x0
Torque_Control_B.Constant_dw ; 1001 48 ; ASD_VARIABLE ; Torque_Control.VDC.Vehicle_Dynamics_Control_Modes.VDC_Complete.Optimization_SKF__amp__CKF.Subsystem.CKF.Spin.Constant.Constant_dw ; 0x0
Torque_Control_B.Constant_e ; 1001 49 ; ASD_VARIABLE ; Torque_Control.VDC.Vehicle_Dynamics_Control_Modes.VDC_without_Longitudinal.Force_to_Tq.Constant.Constant_e ; 0x0
Torque_Control_B.Constant_f ; 1001 50 ; ASD_VARIABLE ; Torque_Control.VDC.Vehicle_Dynamics_Control_Modes.VDC_without_Longitudinal.Optimization_SKF__amp__CKF.Subsystem.CKF.Spin.Constant.Constant_f ; 0x0
Torque_Control_B.Constant_g ; 1001 51 ; ASD_VARIABLE ; Torque_Control.Controls_Temperature_by_limiting_Torque.temperature_SoP.temperature_rise_limitator_Accu.Temp_higher_than_50.Constant.Constant_g ; 0x0
Torque_Control_B.Constant_i ; 1001 52 ; ASD_VARIABLE ; Torque_Control.Pumps_Controller.Compare_To_Constant.Constant.Constant_i ; 0x0
Torque_Control_B.Constant_j ; 1001 53 ; ASD_VARIABLE ; Torque_Control.power_limitation.temperature_SoP.Flag_Accu.Constant.Constant_j ; 0x0
Torque_Control_B.Constant_j3 ; 1001 54 ; ASD_VARIABLE ; Torque_Control.Controls_Temperature_by_limiting_Torque.temperature_SoP.temperature_rise_limitator_Inverters.Temp_higher_than_50.Constant.Constant_j3 ; 0x0
Torque_Control_B.Constant_jv ; 1001 55 ; ASD_VARIABLE ; Torque_Control.Controls_Temperature_by_limiting_Torque.temperature_SoP.Flag_Accu.Constant.Constant_jv ; 0x0
Torque_Control_B.Constant_k ; 1001 56 ; ASD_VARIABLE ; Torque_Control.VDC.Vehicle_Dynamics_Control_Modes.VDC_Complete.Optimization_SKF__amp__CKF.Subsystem.SKF.Spin.Constant.Constant_k ; 0x0
Torque_Control_B.Constant_kc ; 1001 57 ; ASD_VARIABLE ; Torque_Control.Controls_Temperature_by_limiting_Torque.temperature_SoP.Flag_Mot.Constant.Constant_kc ; 0x0
Torque_Control_B.Constant_m ; 1001 58 ; ASD_VARIABLE ; Torque_Control.VDC.WORKSHOP_MODE_RESTRICTIONS.Torque_Reduction.Constant.Constant_m ; 0x0
Torque_Control_B.Constant_mf ; 1001 59 ; ASD_VARIABLE ; Torque_Control.VDC.Vehicle_Dynamics_Control_Modes.VDC_Complete.Longitudinal_Dynamics.Constant.Constant_mf ; 0x0
Torque_Control_B.Constant_mu ; 1001 60 ; ASD_VARIABLE ; Torque_Control.Controls_Temperature_by_limiting_Torque.temperature_SoP.temperature_rise_limitator_Motors.Temp_higher_than_110.Constant.Constant_mu ; 0x0
Torque_Control_B.Constant_n ; 1001 61 ; ASD_VARIABLE ; Torque_Control.Pumps_Controller.Compare_To_Constant1.Constant.Constant_n ; 0x0
Torque_Control_B.Constant_o ; 1001 62 ; ASD_VARIABLE ; Torque_Control.VDC.Regeneration_Enable.Constant.Constant_o ; 0x0
Torque_Control_B.Constant_o4 ; 1001 63 ; ASD_VARIABLE ; Torque_Control.Controls_Temperature_by_limiting_Torque.temperature_SoP.Flag_Inv.Constant.Constant_o4 ; 0x0
Torque_Control_B.Constant_ob ; 1001 64 ; ASD_VARIABLE ; Torque_Control.VDC.Vehicle_Dynamics_Control_Modes.Steering_TV_with_TC.Optimization_SKF__amp__CKF.Subsystem.CKF.Spin.Constant.Constant_ob ; 0x0
Torque_Control_B.Constant_p ; 1001 65 ; ASD_VARIABLE ; Torque_Control.VDC.Vehicle_Dynamics_Control_Modes.VDC_Complete.Constant.Constant_p ; 0x0
Torque_Control_B.Divide ; 1001 66 ; ASD_VARIABLE ; Torque_Control.VDC.Vehicle_Dynamics_Control_Modes.VDC_Complete.Wheel_to_motor.Fx_to_engineTqRR.Divide.Divide ; 0x0
Torque_Control_B.Divide1 ; 1001 67 ; ASD_VARIABLE ; Torque_Control.VDC.Vehicle_Dynamics_Control_Modes.VDC_Complete.Lateral_Dynamics.Tire_Longitudinal_Force_Difference.Momentum_Z_to_Longitudinal_Force_Difference.Divide1.Divide1 ; 0x0
Torque_Control_B.Divide_i ; 1001 68 ; ASD_VARIABLE ; Torque_Control.VDC.Vehicle_Dynamics_Control_Modes.VDC_Complete.Wheel_to_motor.Fx_to_engineTqRL.Divide.Divide_i ; 0x0
Torque_Control_B.Enabled_a ; 1001 69 ; ASD_VARIABLE ; Torque_Control.VDC.Regeneration_Enable.Enabled.Enabled_a ; 0x0
Torque_Control_B.Gain ; 1001 70 ; ASD_VARIABLE ; Torque_Control.VDC.Vehicle_Dynamics_Control_Modes.Gain.Gain ; 0x0
Torque_Control_B.GearRatio ; 1001 71 ; ASD_VARIABLE ; Torque_Control.Gear_Ratio.GearRatio ; 0x0
Torque_Control_B.LogicalOperator ; 1001 72 ; ASD_VARIABLE ; Torque_Control.SAFETY_BLOCK.Logical_Operator.LogicalOperator ; 0x0
Torque_Control_B.LogicalOperator1 ; 1001 73 ; ASD_VARIABLE ; Torque_Control.SAFETY_BLOCK.BRAKE_IMPLAUSIBILITY.Logical_Operator1.LogicalOperator1 ; 0x0
Torque_Control_B.MaxTqpermotorNm ; 1001 74 ; ASD_VARIABLE ; Torque_Control.Max_Tq_per_motor_[Nm].MaxTqpermotorNm ; 0x0
Torque_Control_B.Max_Power_chargekW ; 1001 75 ; ASD_VARIABLE ; Torque_Control.Power_limitation.Max_Power_charge_[kW].Max_Power_chargekW ; 0x0
Torque_Control_B.Max_Power_dischargekW ; 1001 76 ; ASD_VARIABLE ; Torque_Control.Power_limitation.Max_Power_discharge_[kW].Max_Power_dischargekW ; 0x0
Torque_Control_B.Max_Tq_per_motor ; 1001 77 ; ASD_VARIABLE ; Torque_Control.Controls_Temperature_by_limiting_Torque.Max_Tq_per_motor.Max_Tq_per_motor ; 0x0
Torque_Control_B.MaximumTorqueperengineNm ; 1001 78 ; ASD_VARIABLE ; Torque_Control.VDC.Vehicle_Dynamics_Control_Modes.VDC_Complete.In_Numbers.Maximum_Torque_per_engine_[Nm].MaximumTorqueperengineNm ; 0x0
Torque_Control_B.MaximumTransmissionTorqueDynami ; 1001 79 ; ASD_VARIABLE ; Torque_Control.VDC.Vehicle_Dynamics_Control_Modes.VDC_Complete.In_Numbers.Maximum_Transmission_Torque_Dynamic_[Nm].MaximumTransmissionTorqueDynami ; 0x0
Torque_Control_B.MaximumTransmissionTorqueStatic ; 1001 80 ; ASD_VARIABLE ; Torque_Control.VDC.Vehicle_Dynamics_Control_Modes.VDC_Complete.In_Numbers.Maximum_Transmission_Torque_Static_[Nm].MaximumTransmissionTorqueStatic ; 0x0
Torque_Control_B.Merge ; 1001 81 ; ASD_VARIABLE ; Torque_Control.VDC.TEST_MODE_IN.Merge.Merge ; 0x0
Torque_Control_B.Merge1 ; 1001 82 ; ASD_VARIABLE ; Torque_Control.VDC.TEST_MODE_IN.Merge1.Merge1 ; 0x0
Torque_Control_B.Merge1_a ; 1001 83 ; ASD_VARIABLE ; Torque_Control.VDC.Regeneration_Enable.Merge1.Merge1_a ; 0x0
Torque_Control_B.Merge1_a0 ; 1001 84 ; ASD_VARIABLE ; Torque_Control.Merge1.Merge1_a0 ; 0x0
Torque_Control_B.Merge1_b ; 1001 85 ; ASD_VARIABLE ; Torque_Control.VDC.Vehicle_Dynamics_Control_Modes.VDC_Complete.Driver____CarBehaviours.Merge1.Merge1_b ; 0x0
Torque_Control_B.Merge1_l ; 1001 86 ; ASD_VARIABLE ; Torque_Control.VDC.Vehicle_Dynamics_Control_Modes.VDC_without_Longitudinal.Driver____CarBehaviours.Merge1.Merge1_l ; 0x0
Torque_Control_B.Merge1_n ; 1001 87 ; ASD_VARIABLE ; Torque_Control.VDC.Vehicle_Dynamics_Control_Modes.VDC_Complete.Merge1.Merge1_n ; 0x0
Torque_Control_B.Merge1_p ; 1001 88 ; ASD_VARIABLE ; Torque_Control.VDC.Vehicle_Dynamics_Control_Modes.Steering_TV_with_TC.Accelerating__Braking_or_Regen_Braking.Merge1.Merge1_p ; 0x0
Torque_Control_B.Merge1_pg ; 1001 89 ; ASD_VARIABLE ; Torque_Control.Accumulator_Power.PowerLimitDetection.Merge1.Merge1_pg ; 0x0
Torque_Control_B.Merge2 ; 1001 90 ; ASD_VARIABLE ; Torque_Control.VDC.TEST_MODE_IN.Merge2.Merge2 ; 0x0
Torque_Control_B.Merge2_e ; 1001 91 ; ASD_VARIABLE ; Torque_Control.Merge2.Merge2_e ; 0x0
Torque_Control_B.Merge2_j ; 1001 92 ; ASD_VARIABLE ; Torque_Control.VDC.Vehicle_Dynamics_Control_Modes.VDC_Complete.Constraints_and_motor_to_wheel_Tq.Acelerating_and_braking_without_Regenerative.Merge2.Merge2_j ; 0x0
Torque_Control_B.Merge2_l ; 1001 93 ; ASD_VARIABLE ; Torque_Control.VDC.Vehicle_Dynamics_Control_Modes.Merge2.Merge2_l ; 0x0
Torque_Control_B.Merge2_lx ; 1001 94 ; ASD_VARIABLE ; Torque_Control.VDC.Vehicle_Dynamics_Control_Modes.VDC_Complete.Merge2.Merge2_lx ; 0x0
Torque_Control_B.Merge2_o ; 1001 95 ; ASD_VARIABLE ; Torque_Control.VDC.Vehicle_Dynamics_Control_Modes.VDC_without_Longitudinal.Constraints.Acelerating_and_braking_without_Regenerative.Merge2.Merge2_o ; 0x0
Torque_Control_B.Merge3 ; 1001 96 ; ASD_VARIABLE ; Torque_Control.VDC.TEST_MODE_IN.Merge3.Merge3 ; 0x0
Torque_Control_B.Merge3_c ; 1001 97 ; ASD_VARIABLE ; Torque_Control.VDC.Vehicle_Dynamics_Control_Modes.Merge3.Merge3_c ; 0x0
Torque_Control_B.Merge3_e ; 1001 98 ; ASD_VARIABLE ; Torque_Control.VDC.Vehicle_Dynamics_Control_Modes.VDC_Complete.Merge3.Merge3_e ; 0x0
Torque_Control_B.Merge4 ; 1001 99 ; ASD_VARIABLE ; Torque_Control.VDC.Vehicle_Dynamics_Control_Modes.VDC_Complete.Merge4.Merge4 ; 0x0
Torque_Control_B.Merge5 ; 1001 100 ; ASD_VARIABLE ; Torque_Control.SAFETY_BLOCK.BRAKE_IMPLAUSIBILITY.Merge5.Merge5 ; 0x0
Torque_Control_B.Merge5_e ; 1001 101 ; ASD_VARIABLE ; Torque_Control.VDC.Vehicle_Dynamics_Control_Modes.VDC_Complete.Merge5.Merge5_e ; 0x0
Torque_Control_B.Merge6 ; 1001 102 ; ASD_VARIABLE ; Torque_Control.VDC.Vehicle_Dynamics_Control_Modes.VDC_Complete.Merge6.Merge6 ; 0x0
Torque_Control_B.Merge7 ; 1001 103 ; ASD_VARIABLE ; Torque_Control.VDC.Vehicle_Dynamics_Control_Modes.VDC_Complete.Merge7.Merge7 ; 0x0
Torque_Control_B.MergeTq_RL ; 1001 104 ; ASD_VARIABLE ; Torque_Control.VDC.Vehicle_Dynamics_Control_Modes.Merge_Tq_RL.MergeTq_RL ; 0x0
Torque_Control_B.MergeTq_RR ; 1001 105 ; ASD_VARIABLE ; Torque_Control.VDC.Vehicle_Dynamics_Control_Modes.Merge_Tq_RR.MergeTq_RR ; 0x0
Torque_Control_B.Merge_c ; 1001 106 ; ASD_VARIABLE ; Torque_Control.VDC.Vehicle_Dynamics_Control_Modes.VDC_Complete.Optimization_SKF__amp__CKF.Subsystem.CKF.Merge.Merge_c ; 0x0
Torque_Control_B.Merge_d ; 1001 107 ; ASD_VARIABLE ; Torque_Control.VDC.Vehicle_Dynamics_Control_Modes.Steering_TV_with_TC.Accelerating__Braking_or_Regen_Braking.Merge.Merge_d ; 0x0
Torque_Control_B.Merge_g ; 1001 108 ; ASD_VARIABLE ; Torque_Control.VDC.Vehicle_Dynamics_Control_Modes.VDC_without_Longitudinal.Optimization_SKF__amp__CKF.Subsystem.CKF.Merge.Merge_g ; 0x0
Torque_Control_B.Merge_i ; 1001 109 ; ASD_VARIABLE ; Torque_Control.VDC.Vehicle_Dynamics_Control_Modes.VDC_Complete.Optimization_SKF__amp__CKF.Subsystem.SKF.Merge.Merge_i ; 0x0
Torque_Control_B.Merge_j ; 1001 110 ; ASD_VARIABLE ; Torque_Control.SAFETY_BLOCK.APPS_IMPLAUSIBILITY.Merge.Merge_j ; 0x0
Torque_Control_B.Merge_k ; 1001 111 ; ASD_VARIABLE ; Torque_Control.VDC.Vehicle_Dynamics_Control_Modes.Steering_TV_with_TC.Optimization_SKF__amp__CKF.Subsystem.CKF.Merge.Merge_k ; 0x0
Torque_Control_B.Merge_kj ; 1001 112 ; ASD_VARIABLE ; Torque_Control.VDC.Vehicle_Dynamics_Control_Modes.Steering_TV_with_TC.Optimization_SKF__amp__CKF.Subsystem.SKF.Merge.Merge_kj ; 0x0
Torque_Control_B.Merge_kt ; 1001 113 ; ASD_VARIABLE ; Torque_Control.VDC.Vehicle_Dynamics_Control_Modes.VDC_Complete.Driver____CarBehaviours.Merge.Merge_kt ; 0x0
Torque_Control_B.Merge_l ; 1001 114 ; ASD_VARIABLE ; Torque_Control.VDC.Vehicle_Dynamics_Control_Modes.Merge.Merge_l ; 0x0
Torque_Control_B.Merge_li ; 1001 115 ; ASD_VARIABLE ; Torque_Control.VDC.Vehicle_Dynamics_Control_Modes.VDC_without_Longitudinal.Driver____CarBehaviours.Merge.Merge_li ; 0x0
Torque_Control_B.Merge_m ; 1001 116 ; ASD_VARIABLE ; Torque_Control.VDC.Vehicle_Dynamics_Control_Modes.VDC_Complete.Merge.Merge_m ; 0x0
Torque_Control_B.OutportBufferForFlag_Power ; 1001 117 ; ASD_VARIABLE ; Torque_Control.VDC.Vehicle_Dynamics_Control_Modes.VDC_Complete.Constraints_and_motor_to_wheel_Tq.Acelerating_and_braking_without_Regenerative.Constant.OutportBufferForFlag_Power ; 0x0
Torque_Control_B.OutportBufferForFlags_num5 ; 1001 118 ; ASD_VARIABLE ; Torque_Control.VDC.Vehicle_Dynamics_Control_Modes.VDC_Complete.Flags.OutportBufferForFlags_num5 ; 0x0
Torque_Control_B.Product ; 1001 119 ; ASD_VARIABLE ; Torque_Control.VDC.Vehicle_Dynamics_Control_Modes.VDC_without_Longitudinal.In_Numbers.Product.Product ; 0x0
Torque_Control_B.RT_L ; 1001 120 ; ASD_VARIABLE ; Torque_Control.VDC.Vehicle_Dynamics_Control_Modes.Rigid_Axle.RT_L.RT_L ; 0x0
Torque_Control_B.RT_R ; 1001 121 ; ASD_VARIABLE ; Torque_Control.VDC.Vehicle_Dynamics_Control_Modes.Rigid_Axle.RT_R.RT_R ; 0x0
Torque_Control_B.Saturation ; 1001 122 ; ASD_VARIABLE ; Torque_Control.VDC.Vehicle_Dynamics_Control_Modes.Steering_TV_with_TC.Optimization_SKF__amp__CKF.Subsystem.CKF.Saturation.Saturation ; 0x0
Torque_Control_B.Saturation_f ; 1001 123 ; ASD_VARIABLE ; Torque_Control.VDC.Vehicle_Dynamics_Control_Modes.VDC_Complete.Optimization_SKF__amp__CKF.Subsystem.SKF.Saturation.Saturation_f ; 0x0
Torque_Control_B.Saturation_i ; 1001 124 ; ASD_VARIABLE ; Torque_Control.VDC.Vehicle_Dynamics_Control_Modes.VDC_Complete.Optimization_SKF__amp__CKF.Subsystem.CKF.Saturation.Saturation_i ; 0x0
Torque_Control_B.Saturation_k ; 1001 125 ; ASD_VARIABLE ; Torque_Control.VDC.Vehicle_Dynamics_Control_Modes.Steering_TV_with_TC.Optimization_SKF__amp__CKF.Subsystem.SKF.Saturation.Saturation_k ; 0x0
Torque_Control_B.SteeringWheelMaximumAngle ; 1001 126 ; ASD_VARIABLE ; Torque_Control.VDC.Vehicle_Dynamics_Control_Modes.Steering_TV_with_TC.Optimization_SKF__amp__CKF.Subsystem.Steering_Wheel_Maximum_Angle.SteeringWheelMaximumAngle ; 0x0
Torque_Control_B.SteeringWheelMaximumAngle_m ; 1001 127 ; ASD_VARIABLE ; Torque_Control.VDC.Vehicle_Dynamics_Control_Modes.Steering_TV_with_TC.Steering_Wheel_Maximum_Angle.SteeringWheelMaximumAngle_m ; 0x0
Torque_Control_B.SteeringWheelMaximumAngle_p ; 1001 128 ; ASD_VARIABLE ; Torque_Control.VDC.Vehicle_Dynamics_Control_Modes.VDC_Complete.Optimization_SKF__amp__CKF.Subsystem.Steering_Wheel_Maximum_Angle.SteeringWheelMaximumAngle_p ; 0x0
Torque_Control_B.SteeringWheelSaturationpersited ; 1001 129 ; ASD_VARIABLE ; Torque_Control.VDC.Vehicle_Dynamics_Control_Modes.Steering_Wheel_Saturation__per_site__[deg].SteeringWheelSaturationpersited ; 0x0
Torque_Control_B.Steering_Ratio ; 1001 130 ; ASD_VARIABLE ; Torque_Control.VDC.Vehicle_Dynamics_Control_Modes.VDC_Complete.Lateral_Dynamics.Yaw_Rate_Reference.Steering_Ratio____.Steering_Ratio ; 0x0
Torque_Control_B.Subtract ; 1001 131 ; ASD_VARIABLE ; Torque_Control.Steering_Data_Conv.Low_Pass.Subtract.Subtract ; 0x0
Torque_Control_B.Throttle ; 1001 132 ; ASD_VARIABLE ; Torque_Control.VDC.Vehicle_Dynamics_Control_Modes.VDC_Complete.Driver____CarBehaviours.Accelerating.Throttle.Throttle ; 0x0
Torque_Control_B.TowheelTqdynamic ; 1001 133 ; ASD_VARIABLE ; Torque_Control.VDC.Vehicle_Dynamics_Control_Modes.VDC_without_Longitudinal.Constraints.Acelerating_and_braking_without_Regenerative.To_wheel_Tq__dynamic_.TowheelTqdynamic ; 0x0
Torque_Control_B.TowheelTqstatic ; 1001 134 ; ASD_VARIABLE ; Torque_Control.VDC.Vehicle_Dynamics_Control_Modes.VDC_without_Longitudinal.Constraints.Acelerating_and_braking_without_Regenerative.To_wheel_Tq__static_.TowheelTqstatic ; 0x0
Torque_Control_B.Tq_diff_Max ; 1001 135 ; ASD_VARIABLE ; Torque_Control.VDC.Vehicle_Dynamics_Control_Modes.VDC_Complete.In_Numbers.Tq_diff_Max.Tq_diff_Max ; 0x0
Torque_Control_B.Tq_diff_maxNm ; 1001 136 ; ASD_VARIABLE ; Torque_Control.VDC.Vehicle_Dynamics_Control_Modes.Steering_TV_with_TC.Tq_diff_max_[Nm].Tq_diff_maxNm ; 0x0
Torque_Control_B.Tq_max_motorNm ; 1001 137 ; ASD_VARIABLE ; Torque_Control.VDC.Vehicle_Dynamics_Control_Modes.Steering_TV_with_TC.Tq_max_motor_[Nm].Tq_max_motorNm ; 0x0
Torque_Control_B.TransmisionRatio ; 1001 138 ; ASD_VARIABLE ; Torque_Control.VDC.Vehicle_Dynamics_Control_Modes.VDC_Complete.In_Numbers.Transmision_Ratio___.TransmisionRatio ; 0x0
Torque_Control_B.Wheelbasem ; 1001 139 ; ASD_VARIABLE ; Torque_Control.VDC.Vehicle_Dynamics_Control_Modes.VDC_Complete.Lateral_Dynamics.Yaw_Rate_Reference.Wheelbase_[m].Wheelbasem ; 0x0
Torque_Control_B.Yaw_Inertiakgm3 ; 1001 140 ; ASD_VARIABLE ; Torque_Control.VDC.Vehicle_Dynamics_Control_Modes.VDC_Complete.Lateral_Dynamics.Yaw_Inertia__kg__m_3_.Yaw_Inertiakgm3 ; 0x0
Torque_Control_B.Zero ; 1001 141 ; ASD_VARIABLE ; Torque_Control.VDC.Regeneration_Enable.Zero.Zero ; 0x0
Torque_Control_B.approx2095 ; 1001 142 ; ASD_VARIABLE ; Torque_Control.VDC.Vehicle_Dynamics_Control_Modes.VDC_without_Longitudinal.Constraints.Acelerating_and_braking_without_Regenerative.Gain.approx_20.95 ; 0x0
Torque_Control_B.approx2095_h ; 1001 143 ; ASD_VARIABLE ; Torque_Control.VDC.Vehicle_Dynamics_Control_Modes.VDC_Complete.Constraints_and_motor_to_wheel_Tq.Acelerating_and_braking_without_Regenerative.Gain.approx_20.95 ; 0x0
Torque_Control_B.exptcycletau1 ; 1001 144 ; ASD_VARIABLE ; Torque_Control.Steering_Data_Conv.Low_Pass.exp__tcycle__tau_1.exptcycletau1 ; 0x0
Torque_Control_B.initial_limitation ; 1001 145 ; ASD_VARIABLE ; Torque_Control.power_limitation.initial_limitation.initial_limitation ; 0x0
Torque_Control_B.initial_limitation_m ; 1001 146 ; ASD_VARIABLE ; Torque_Control.Controls_Temperature_by_limiting_Torque.initial_limitation.initial_limitation_m ; 0x0
Torque_Control_B.sf_Acceleratorbehaviour.throttle ; 1001 147 ; ASD_VARIABLE ; Torque_Control.VDC.Vehicle_Dynamics_Control_Modes.VDC_Complete.Driver____CarBehaviours.Accelerator_behaviour.throttle ; 0x0
Torque_Control_B.sf_Acceleratorbehaviour_b.throttle ; 1001 148 ; ASD_VARIABLE ; Torque_Control.VDC.Vehicle_Dynamics_Control_Modes.VDC_without_Longitudinal.Driver____CarBehaviours.Accelerating.Accelerator_behaviour.throttle ; 0x0
Torque_Control_B.sf_Acceleratorbehaviour_br.throttle ; 1001 149 ; ASD_VARIABLE ; Torque_Control.VDC.Vehicle_Dynamics_Control_Modes.Steering_TV_with_TC.Accelerator_behaviour.throttle ; 0x0
Torque_Control_B.sf_Acceleratorbehaviour_o.throttle ; 1001 150 ; ASD_VARIABLE ; Torque_Control.VDC.Vehicle_Dynamics_Control_Modes.Rigid_Axle.Accelerating.Accelerator_behaviour.throttle ; 0x0
Torque_Control_B.sf_MATLABFunction1_b.CKF_act0 ; 1001 151 ; ASD_VARIABLE ; Torque_Control.VDC.Vehicle_Dynamics_Control_Modes.VDC_Complete.Optimization_SKF__amp__CKF.Subsystem.CKF.No_spin.MATLAB_Function1.CKF_act0 ; 0x0
Torque_Control_B.sf_MATLABFunction1_f.value ; 1001 152 ; ASD_VARIABLE ; Torque_Control.VDC.Vehicle_Dynamics_Control_Modes.VDC_without_Longitudinal.Kamm_Circle_Lateral.MATLAB_Function1.value ; 0x0
Torque_Control_B.sf_MATLABFunction1_g.value ; 1001 153 ; ASD_VARIABLE ; Torque_Control.VDC.Vehicle_Dynamics_Control_Modes.VDC_Complete.Longitudinal_Dynamics.MATLAB_Function1.value ; 0x0
Torque_Control_B.sf_MATLABFunction1_gm.value ; 1001 154 ; ASD_VARIABLE ; Torque_Control.VDC.Vehicle_Dynamics_Control_Modes.VDC_without_Longitudinal.Force_to_Tq.MATLAB_Function1.value ; 0x0
Torque_Control_B.sf_MATLABFunction1_h.RegTq_RL ; 1001 155 ; ASD_VARIABLE ; Torque_Control.VDC.Vehicle_Dynamics_Control_Modes.Steering_TV_with_TC.Accelerating__Braking_or_Regen_Braking.Regenerative_Mech_Braking.MATLAB_Function1.RegTq_RL ; 0x0
Torque_Control_B.sf_MATLABFunction1_h.RegTq_RR ; 1001 156 ; ASD_VARIABLE ; Torque_Control.VDC.Vehicle_Dynamics_Control_Modes.Steering_TV_with_TC.Accelerating__Braking_or_Regen_Braking.Regenerative_Mech_Braking.MATLAB_Function1.RegTq_RR ; 0x0
Torque_Control_B.sf_MATLABFunction1_m.value ; 1001 157 ; ASD_VARIABLE ; Torque_Control.VDC.Vehicle_Dynamics_Control_Modes.VDC_Complete.Wheel_to_motor.MATLAB_Function1.value ; 0x0
Torque_Control_B.sf_MATLABFunction1_mk.value ; 1001 158 ; ASD_VARIABLE ; Torque_Control.VDC.Vehicle_Dynamics_Control_Modes.VDC_Complete.Lateral_Dynamics.MATLAB_Function1.value ; 0x0
Torque_Control_B.sf_MATLABFunction1_ny.value ; 1001 159 ; ASD_VARIABLE ; Torque_Control.VDC.Vehicle_Dynamics_Control_Modes.VDC_Complete.MATLAB_Function1.value ; 0x0
Torque_Control_B.sf_MATLABFunction2.value ; 1001 160 ; ASD_VARIABLE ; Torque_Control.VDC.Vehicle_Dynamics_Control_Modes.VDC_Complete.Wheel_to_motor.MATLAB_Function2.value ; 0x0
Torque_Control_B.sf_MATLABFunction2_b.value ; 1001 161 ; ASD_VARIABLE ; Torque_Control.VDC.Vehicle_Dynamics_Control_Modes.VDC_without_Longitudinal.Kamm_Circle_Lateral.MATLAB_Function2.value ; 0x0
Torque_Control_B.sf_MATLABFunction2_e.value ; 1001 162 ; ASD_VARIABLE ; Torque_Control.VDC.Vehicle_Dynamics_Control_Modes.VDC_Complete.Lateral_Dynamics.MATLAB_Function2.value ; 0x0
Torque_Control_B.sf_MATLABFunction2_l.value ; 1001 163 ; ASD_VARIABLE ; Torque_Control.VDC.Vehicle_Dynamics_Control_Modes.VDC_Complete.MATLAB_Function2.value ; 0x0
Torque_Control_B.sf_MATLABFunction2_m.value ; 1001 164 ; ASD_VARIABLE ; Torque_Control.VDC.Vehicle_Dynamics_Control_Modes.VDC_without_Longitudinal.Force_to_Tq.MATLAB_Function2.value ; 0x0
Torque_Control_B.sf_MATLABFunction_a.CKF_act0 ; 1001 165 ; ASD_VARIABLE ; Torque_Control.VDC.Vehicle_Dynamics_Control_Modes.VDC_without_Longitudinal.Optimization_SKF__amp__CKF.Subsystem.CKF.No_spin.MATLAB_Function.CKF_act0 ; 0x0
Torque_Control_B.sf_MATLABFunction_ab.RPM ; 1001 166 ; ASD_VARIABLE ; Torque_Control.VDC.Vehicle_Dynamics_Control_Modes.Steering_TV_with_TC.Optimization_SKF__amp__CKF.MATLAB_Function.RPM ; 0x0
Torque_Control_B.sf_MATLABFunction_d.value ; 1001 167 ; ASD_VARIABLE ; Torque_Control.VDC.Vehicle_Dynamics_Control_Modes.VDC_Complete.Longitudinal_Dynamics.MATLAB_Function.value ; 0x0
Torque_Control_B.sf_MATLABFunction_e.SKF_act0 ; 1001 168 ; ASD_VARIABLE ; Torque_Control.VDC.Vehicle_Dynamics_Control_Modes.VDC_Complete.Optimization_SKF__amp__CKF.Subsystem.SKF.No_spin.MATLAB_Function.SKF_act0 ; 0x0
Torque_Control_B.sf_MATLABFunction_fa.RPM ; 1001 169 ; ASD_VARIABLE ; Torque_Control.VDC.Vehicle_Dynamics_Control_Modes.VDC_without_Longitudinal.Optimization_SKF__amp__CKF.MATLAB_Function.RPM ; 0x0
Torque_Control_B.sf_MATLABFunction_fq.SKF_act0 ; 1001 170 ; ASD_VARIABLE ; Torque_Control.VDC.Vehicle_Dynamics_Control_Modes.Steering_TV_with_TC.Optimization_SKF__amp__CKF.Subsystem.SKF.No_spin.MATLAB_Function.SKF_act0 ; 0x0
Torque_Control_B.sf_MATLABFunction_i1.CKF_act1 ; 1001 171 ; ASD_VARIABLE ; Torque_Control.VDC.Vehicle_Dynamics_Control_Modes.VDC_without_Longitudinal.Optimization_SKF__amp__CKF.Subsystem.CKF.Spin.MATLAB_Function.CKF_act1 ; 0x0
Torque_Control_B.sf_MATLABFunction_k2.CKF_act0 ; 1001 172 ; ASD_VARIABLE ; Torque_Control.VDC.Vehicle_Dynamics_Control_Modes.Steering_TV_with_TC.Optimization_SKF__amp__CKF.Subsystem.CKF.No_spin.MATLAB_Function.CKF_act0 ; 0x0
Torque_Control_B.sf_MATLABFunction_mt.CKF_act1 ; 1001 173 ; ASD_VARIABLE ; Torque_Control.VDC.Vehicle_Dynamics_Control_Modes.VDC_Complete.Optimization_SKF__amp__CKF.Subsystem.CKF.Spin.MATLAB_Function.CKF_act1 ; 0x0
Torque_Control_B.sf_MATLABFunction_n.RPM ; 1001 174 ; ASD_VARIABLE ; Torque_Control.VDC.Vehicle_Dynamics_Control_Modes.VDC_Complete.Optimization_SKF__amp__CKF.MATLAB_Function.RPM ; 0x0
Torque_Control_B.u602pi ; 1001 175 ; ASD_VARIABLE ; Torque_Control.VDC.Vehicle_Dynamics_Control_Modes.VDC_Complete.Lateral_Dynamics.Yaw_Rate_Reference.360___2_pi_.u602pi ; 0x0
Torque_Control_B.u602pi_e ; 1001 176 ; ASD_VARIABLE ; Torque_Control.VDC.Vehicle_Dynamics_Control_Modes.VDC_Complete.Lateral_Dynamics.Yaw_Rate_Reference.360___2pi_.u602pi_e ; 0x0
Torque_Control_B.udifference ; 1001 177 ; ASD_VARIABLE ; Torque_Control.VDC.Vehicle_Dynamics_Control_Modes.VDC_without_Longitudinal.In_Numbers.3__difference.udifference ; 0x0
Torque_Control_B.udifference1 ; 1001 178 ; ASD_VARIABLE ; Torque_Control.VDC.Vehicle_Dynamics_Control_Modes.VDC_Complete.In_Numbers.3__difference1.udifference1 ; 0x0
Torque_Control_DW.A ; 1001 179 ; ASD_VARIABLE ; Torque_Control.VDC.Vehicle_Dynamics_Control_Modes.Steering_TV_with_TC.Optimization_SKF__amp__CKF.Data_Store_Memory.A ; 0x0
Torque_Control_DW.AA ; 1001 180 ; ASD_VARIABLE ; Torque_Control.SAFETY_BLOCK.BRAKE_IMPLAUSIBILITY.Data_Store_Memory1.AA ; 0x0
Torque_Control_DW.A_b ; 1001 181 ; ASD_VARIABLE ; Torque_Control.VDC.Vehicle_Dynamics_Control_Modes.VDC_Complete.Optimization_SKF__amp__CKF.Data_Store_Memory.A_b ; 0x0
Torque_Control_DW.A_i ; 1001 182 ; ASD_VARIABLE ; Torque_Control.Accumulator_Power.PowerLimitDetection.Data_Store_Memory10.A_i ; 0x0
Torque_Control_DW.B ; 1001 183 ; ASD_VARIABLE ; Torque_Control.VDC.Vehicle_Dynamics_Control_Modes.Steering_TV_with_TC.Optimization_SKF__amp__CKF.Data_Store_Memory1.B ; 0x0
Torque_Control_DW.B_i ; 1001 184 ; ASD_VARIABLE ; Torque_Control.VDC.Vehicle_Dynamics_Control_Modes.VDC_Complete.Optimization_SKF__amp__CKF.Data_Store_Memory1.B_i ; 0x0
Torque_Control_DW.B_k ; 1001 185 ; ASD_VARIABLE ; Torque_Control.VDC.Vehicle_Dynamics_Control_Modes.VDC_without_Longitudinal.Optimization_SKF__amp__CKF.Data_Store_Memory1.B_k ; 0x0
Torque_Control_DW.Previous_IN ; 1001 186 ; ASD_VARIABLE ; Torque_Control.Steering_Data_Conv.Low_Pass.Data_Store_Memory.Previous_IN ; 0x0
Torque_Control_DW.Previous_OUT ; 1001 187 ; ASD_VARIABLE ; Torque_Control.Steering_Data_Conv.Low_Pass.Data_Store_Memory1.Previous_OUT ; 0x0
Torque_Control_P.ANm_Gain ; 1001 188 ; ASD_PARAMETER ; Torque_Control.Calculate_Current_Conversion.KT_L_TORKY.A__Nm.Gain ; 0x0
Torque_Control_P.ANm_Gain_b ; 1001 189 ; ASD_PARAMETER ; Torque_Control.Calculate_Current_Conversion.KT_R_EMY.A__Nm.Gain ; 0x0
Torque_Control_P.Accu_Temperature_Limitation_Fla ; 1001 190 ; ASD_PARAMETER ; Torque_Control.Controls_Temperature_by_limiting_Torque.Accu_Temperature_Limitation_Flag.InitialOutput ; 0x0
Torque_Control_P.CKF_act_Y0 ; 1001 191 ; ASD_PARAMETER ; Torque_Control.VDC.Vehicle_Dynamics_Control_Modes.VDC_Complete.Optimization_SKF__amp__CKF.Subsystem.CKF.CKF_act.InitialOutput ; 0x0
Torque_Control_P.CKF_act_Y0_j ; 1001 192 ; ASD_PARAMETER ; Torque_Control.VDC.Vehicle_Dynamics_Control_Modes.Steering_TV_with_TC.Optimization_SKF__amp__CKF.Subsystem.CKF.CKF_act.InitialOutput ; 0x0
Torque_Control_P.CompareToConstant1_const ; 1001 193 ; ASD_PARAMETER ; Torque_Control.Pumps_Controller.Compare_To_Constant1.Constant.Value ; 0x0
Torque_Control_P.CompareToConstant_const ; 1001 194 ; ASD_PARAMETER ; Torque_Control.SAFETY_BLOCK.Compare_To_Constant.Constant.Value ; 0x0
Torque_Control_P.CompareToConstant_const_p ; 1001 195 ; ASD_PARAMETER ; Torque_Control.Pumps_Controller.Compare_To_Constant.Constant.Value ; 0x0
Torque_Control_P.Constant14_Value ; 1001 196 ; ASD_PARAMETER ; Torque_Control.Constant14.Value ; 0x0
Torque_Control_P.Constant1_Value ; 1001 197 ; ASD_PARAMETER ; Torque_Control.Controls_Temperature_by_limiting_Torque.temperature_SoP.temperature_rise_limitator_Accu.Constant1.Value ; 0x0
Torque_Control_P.Constant1_Value_a ; 1001 198 ; ASD_PARAMETER ; Torque_Control.VDC.Vehicle_Dynamics_Control_Modes.VDC_Complete.Lateral_Dynamics.Constant1.Value ; 0x0
Torque_Control_P.Constant1_Value_ab ; 1001 199 ; ASD_PARAMETER ; Torque_Control.VDC.Vehicle_Dynamics_Control_Modes.VDC_Complete.Wheel_to_motor.Constant1.Value ; 0x0
Torque_Control_P.Constant1_Value_b ; 1001 200 ; ASD_PARAMETER ; Torque_Control.VDC.Vehicle_Dynamics_Control_Modes.VDC_Complete.In_Numbers.Constant1.Value ; 0x0
Torque_Control_P.Constant1_Value_c ; 1001 201 ; ASD_PARAMETER ; Torque_Control.VDC.Vehicle_Dynamics_Control_Modes.VDC_without_Longitudinal.Kamm_Circle_Lateral.Constant1.Value ; 0x0
Torque_Control_P.Constant1_Value_e ; 1001 202 ; ASD_PARAMETER ; Torque_Control.power_limitation.temperature_SoP.temperature_rise_limitator_Accu.Constant1.Value ; 0x0
Torque_Control_P.Constant1_Value_f ; 1001 203 ; ASD_PARAMETER ; Torque_Control.VDC.Vehicle_Dynamics_Control_Modes.VDC_Complete.Longitudinal_Dynamics.Constant1.Value ; 0x0
Torque_Control_P.Constant1_Value_fp ; 1001 204 ; ASD_PARAMETER ; Torque_Control.power_limitation.temperature_SoP.temperature_rise_limitator_Inverters.Constant1.Value ; 0x0
Torque_Control_P.Constant1_Value_l ; 1001 205 ; ASD_PARAMETER ; Torque_Control.VDC.Vehicle_Dynamics_Control_Modes.VDC_without_Longitudinal.Force_to_Tq.Constant1.Value ; 0x0
Torque_Control_P.Constant1_Value_ln ; 1001 206 ; ASD_PARAMETER ; Torque_Control.VDC.TEST_MODE_IN.TEST_CONSTANTS.Constant1.Value ; 0x0
Torque_Control_P.Constant1_Value_o ; 1001 207 ; ASD_PARAMETER ; Torque_Control.Controls_Temperature_by_limiting_Torque.temperature_SoP.temperature_rise_limitator_Inverters.Constant1.Value ; 0x0
Torque_Control_P.Constant1_Value_p ; 1001 208 ; ASD_PARAMETER ; Torque_Control.Controls_Temperature_by_limiting_Torque.temperature_SoP.temperature_rise_limitator_Motors.Constant1.Value ; 0x0
Torque_Control_P.Constant1_Value_p2 ; 1001 209 ; ASD_PARAMETER ; Torque_Control.power_limitation.temperature_SoP.temperature_rise_limitator_Motors.Constant1.Value ; 0x0
Torque_Control_P.Constant2_Value ; 1001 210 ; ASD_PARAMETER ; Torque_Control.Controls_Temperature_by_limiting_Torque.temperature_SoP.temperature_rise_limitator_Accu.Constant2.Value ; 0x0
Torque_Control_P.Constant2_Value_b ; 1001 211 ; ASD_PARAMETER ; Torque_Control.power_limitation.temperature_SoP.temperature_rise_limitator_Inverters.Constant2.Value ; 0x0
Torque_Control_P.Constant2_Value_d ; 1001 212 ; ASD_PARAMETER ; Torque_Control.VDC.Vehicle_Dynamics_Control_Modes.VDC_Complete.Longitudinal_Dynamics.Constant2.Value ; 0x0
Torque_Control_P.Constant2_Value_g ; 1001 213 ; ASD_PARAMETER ; Torque_Control.VDC.Vehicle_Dynamics_Control_Modes.VDC_Complete.Lateral_Dynamics.Constant2.Value ; 0x0
Torque_Control_P.Constant2_Value_g1 ; 1001 214 ; ASD_PARAMETER ; Torque_Control.VDC.TEST_MODE_IN.TEST_CONSTANTS.Constant2.Value ; 0x0
Torque_Control_P.Constant2_Value_h ; 1001 215 ; ASD_PARAMETER ; Torque_Control.Controls_Temperature_by_limiting_Torque.temperature_SoP.temperature_rise_limitator_Inverters.Constant2.Value ; 0x0
Torque_Control_P.Constant2_Value_hv ; 1001 216 ; ASD_PARAMETER ; Torque_Control.power_limitation.temperature_SoP.temperature_rise_limitator_Motors.Constant2.Value ; 0x0
Torque_Control_P.Constant2_Value_m ; 1001 217 ; ASD_PARAMETER ; Torque_Control.Controls_Temperature_by_limiting_Torque.temperature_SoP.temperature_rise_limitator_Motors.Constant2.Value ; 0x0
Torque_Control_P.Constant2_Value_mw ; 1001 218 ; ASD_PARAMETER ; Torque_Control.power_limitation.temperature_SoP.temperature_rise_limitator_Accu.Constant2.Value ; 0x0
Torque_Control_P.Constant3_Value ; 1001 219 ; ASD_PARAMETER ; Torque_Control.Controls_Temperature_by_limiting_Torque.temperature_SoP.temperature_rise_limitator_Accu.Constant3.Value ; 0x0
Torque_Control_P.Constant3_Value_c ; 1001 220 ; ASD_PARAMETER ; Torque_Control.power_limitation.temperature_SoP.temperature_rise_limitator_Inverters.Constant3.Value ; 0x0
Torque_Control_P.Constant3_Value_d ; 1001 221 ; ASD_PARAMETER ; Torque_Control.Controls_Temperature_by_limiting_Torque.temperature_SoP.temperature_rise_limitator_Inverters.Constant3.Value ; 0x0
Torque_Control_P.Constant3_Value_e ; 1001 222 ; ASD_PARAMETER ; Torque_Control.Controls_Temperature_by_limiting_Torque.temperature_SoP.temperature_rise_limitator_Motors.Constant3.Value ; 0x0
Torque_Control_P.Constant3_Value_h ; 1001 223 ; ASD_PARAMETER ; Torque_Control.power_limitation.temperature_SoP.temperature_rise_limitator_Accu.Constant3.Value ; 0x0
Torque_Control_P.Constant3_Value_i ; 1001 224 ; ASD_PARAMETER ; Torque_Control.power_limitation.temperature_SoP.temperature_rise_limitator_Motors.Constant3.Value ; 0x0
Torque_Control_P.Constant3_Value_k ; 1001 225 ; ASD_PARAMETER ; Torque_Control.VDC.Vehicle_Dynamics_Control_Modes.VDC_Complete.Longitudinal_Dynamics.Constant3.Value ; 0x0
Torque_Control_P.Constant3_Value_n ; 1001 226 ; ASD_PARAMETER ; Torque_Control.VDC.TEST_MODE_IN.TEST_CONSTANTS.Constant3.Value ; 0x0
Torque_Control_P.Constant3_Value_o ; 1001 227 ; ASD_PARAMETER ; Torque_Control.VDC.Vehicle_Dynamics_Control_Modes.VDC_Complete.Lateral_Dynamics.Constant3.Value ; 0x0
Torque_Control_P.Constant4_Value ; 1001 228 ; ASD_PARAMETER ; Torque_Control.VDC.Vehicle_Dynamics_Control_Modes.VDC_Complete.Longitudinal_Dynamics.Constant4.Value ; 0x0
Torque_Control_P.Constant4_Value_p ; 1001 229 ; ASD_PARAMETER ; Torque_Control.VDC.Vehicle_Dynamics_Control_Modes.VDC_Complete.Lateral_Dynamics.Constant4.Value ; 0x0
Torque_Control_P.Constant5_Value ; 1001 230 ; ASD_PARAMETER ; Torque_Control.VDC.Vehicle_Dynamics_Control_Modes.VDC_Complete.Longitudinal_Dynamics.Constant5.Value ; 0x0
Torque_Control_P.Constant6_Value ; 1001 231 ; ASD_PARAMETER ; Torque_Control.VDC.Vehicle_Dynamics_Control_Modes.VDC_Complete.Longitudinal_Dynamics.Constant6.Value ; 0x0
Torque_Control_P.Constant6_Value_p ; 1001 232 ; ASD_PARAMETER ; Torque_Control.VDC.Vehicle_Dynamics_Control_Modes.VDC_Complete.Lateral_Dynamics.Constant6.Value ; 0x0
Torque_Control_P.Constant7_Value ; 1001 233 ; ASD_PARAMETER ; Torque_Control.VDC.Vehicle_Dynamics_Control_Modes.VDC_Complete.Lateral_Dynamics.Yaw_Rate_Reference.Constant7.Value ; 0x0
Torque_Control_P.Constant8_Value ; 1001 234 ; ASD_PARAMETER ; Torque_Control.VDC.Vehicle_Dynamics_Control_Modes.VDC_Complete.Lateral_Dynamics.Yaw_Rate_Reference.Constant8.Value ; 0x0
Torque_Control_P.Constant_Value ; 1001 235 ; ASD_PARAMETER ; Torque_Control.Current_0.Constant.Value ; 0x0
Torque_Control_P.Constant_Value_a ; 1001 236 ; ASD_PARAMETER ; Torque_Control.VDC.Vehicle_Dynamics_Control_Modes.VDC_Complete.Optimization_SKF__amp__CKF.Subsystem.SKF.Spin.Constant.Value ; 0x0
Torque_Control_P.Constant_Value_ad ; 1001 237 ; ASD_PARAMETER ; Torque_Control.VDC.Vehicle_Dynamics_Control_Modes.VDC_Complete.Lateral_Dynamics.Tire_Longitudinal_Force_Difference.Momentum_Z_to_Longitudinal_Force_Difference.Constant.Value ; 0x0
Torque_Control_P.Constant_Value_ae ; 1001 238 ; ASD_PARAMETER ; Torque_Control.VDC.Vehicle_Dynamics_Control_Modes.VDC_without_Longitudinal.Kamm_Circle_Lateral.Constant.Value ; 0x0
Torque_Control_P.Constant_Value_b ; 1001 239 ; ASD_PARAMETER ; Torque_Control.VDC.Vehicle_Dynamics_Control_Modes.VDC_Complete.Constant.Value ; 0x0
Torque_Control_P.Constant_Value_d ; 1001 240 ; ASD_PARAMETER ; Torque_Control.VDC.Vehicle_Dynamics_Control_Modes.VDC_without_Longitudinal.Optimization_SKF__amp__CKF.Subsystem.CKF.Spin.Constant.Value ; 0x0
Torque_Control_P.Constant_Value_dl ; 1001 241 ; ASD_PARAMETER ; Torque_Control.VDC.Vehicle_Dynamics_Control_Modes.Steering_TV_with_TC.Optimization_SKF__amp__CKF.Subsystem.CKF.Spin.Constant.Value ; 0x0
Torque_Control_P.Constant_Value_dm ; 1001 242 ; ASD_PARAMETER ; Torque_Control.VDC.WORKSHOP_MODE_RESTRICTIONS.Torque_Reduction.Constant.Value ; 0x0
Torque_Control_P.Constant_Value_f ; 1001 243 ; ASD_PARAMETER ; Torque_Control.VDC.Vehicle_Dynamics_Control_Modes.VDC_Complete.Optimization_SKF__amp__CKF.Subsystem.CKF.Spin.Constant.Value ; 0x0
Torque_Control_P.Constant_Value_f0 ; 1001 244 ; ASD_PARAMETER ; Torque_Control.VDC.Vehicle_Dynamics_Control_Modes.VDC_Complete.Longitudinal_Dynamics.Constant.Value ; 0x0
Torque_Control_P.Constant_Value_h ; 1001 245 ; ASD_PARAMETER ; Torque_Control.VDC.Vehicle_Dynamics_Control_Modes.VDC_Complete.Constraints_and_motor_to_wheel_Tq.Acelerating_and_braking_without_Regenerative.Constant.Value ; 0x0
Torque_Control_P.Constant_Value_i ; 1001 246 ; ASD_PARAMETER ; Torque_Control.Pumps_Controller.Pumps_Control_ON.Constant.Value ; 0x0
Torque_Control_P.Constant_Value_ib ; 1001 247 ; ASD_PARAMETER ; Torque_Control.VDC.Vehicle_Dynamics_Control_Modes.VDC_without_Longitudinal.Force_to_Tq.Constant.Value ; 0x0
Torque_Control_P.Constant_Value_k ; 1001 248 ; ASD_PARAMETER ; Torque_Control.VDC.Vehicle_Dynamics_Control_Modes.Constant.Value ; 0x0
Torque_Control_P.Constant_Value_k4 ; 1001 249 ; ASD_PARAMETER ; Torque_Control.VDC.TEST_MODE_IN.TEST_CONSTANTS.Constant.Value ; 0x0
Torque_Control_P.Constant_Value_l ; 1001 250 ; ASD_PARAMETER ; Torque_Control.VDC.Vehicle_Dynamics_Control_Modes.VDC_Complete.Wheel_to_motor.Constant.Value ; 0x0
Torque_Control_P.Constant_Value_m ; 1001 251 ; ASD_PARAMETER ; Torque_Control.VDC.Regeneration_Enable.Constant.Value ; 0x0
Torque_Control_P.Constant_Value_n ; 1001 252 ; ASD_PARAMETER ; Torque_Control.Pumps_Controller.Pumps_Control_OFF.Constant.Value ; 0x0
Torque_Control_P.Constant_Value_n5 ; 1001 253 ; ASD_PARAMETER ; Torque_Control.VDC.Vehicle_Dynamics_Control_Modes.Steering_TV_with_TC.Optimization_SKF__amp__CKF.Subsystem.SKF.Spin.Constant.Value ; 0x0
Torque_Control_P.Cornering_Stiffness_FN_Value ; 1001 254 ; ASD_PARAMETER ; Torque_Control.VDC.Vehicle_Dynamics_Control_Modes.VDC_Complete.Lateral_Dynamics.Yaw_Rate_Reference.Cornering_Stiffness_F_N_____.Value ; 0x0
Torque_Control_P.Cornering_Stiffness_RN_Value ; 1001 255 ; ASD_PARAMETER ; Torque_Control.VDC.Vehicle_Dynamics_Control_Modes.VDC_Complete.Lateral_Dynamics.Yaw_Rate_Reference.Cornering_Stiffness_R_N_____.Value ; 0x0
Torque_Control_P.DataStoreMemory10_InitialValue ; 1001 256 ; ASD_PARAMETER ; Torque_Control.Accumulator_Power.PowerLimitDetection.Data_Store_Memory10.InitialValue ; 0x0
Torque_Control_P.DataStoreMemory1_InitialValu_fl ; 1001 257 ; ASD_PARAMETER ; Torque_Control.SAFETY_BLOCK.BRAKE_IMPLAUSIBILITY.Data_Store_Memory1.InitialValue ; 0x0
Torque_Control_P.DataStoreMemory1_InitialValue ; 1001 258 ; ASD_PARAMETER ; Torque_Control.Steering_Data_Conv.Low_Pass.Data_Store_Memory1.InitialValue ; 0x0
Torque_Control_P.DataStoreMemory1_InitialValue_f ; 1001 259 ; ASD_PARAMETER ; Torque_Control.VDC.Vehicle_Dynamics_Control_Modes.Steering_TV_with_TC.Optimization_SKF__amp__CKF.Data_Store_Memory1.InitialValue ; 0x0
Torque_Control_P.DataStoreMemory1_InitialValue_i ; 1001 260 ; ASD_PARAMETER ; Torque_Control.VDC.Vehicle_Dynamics_Control_Modes.VDC_Complete.Optimization_SKF__amp__CKF.Data_Store_Memory1.InitialValue ; 0x0
Torque_Control_P.DataStoreMemory1_InitialValue_m ; 1001 261 ; ASD_PARAMETER ; Torque_Control.VDC.Vehicle_Dynamics_Control_Modes.VDC_without_Longitudinal.Optimization_SKF__amp__CKF.Data_Store_Memory1.InitialValue ; 0x0
Torque_Control_P.DataStoreMemory_InitialValue ; 1001 262 ; ASD_PARAMETER ; Torque_Control.Steering_Data_Conv.Low_Pass.Data_Store_Memory.InitialValue ; 0x0
Torque_Control_P.DataStoreMemory_InitialValue_c ; 1001 263 ; ASD_PARAMETER ; Torque_Control.VDC.Vehicle_Dynamics_Control_Modes.VDC_Complete.Optimization_SKF__amp__CKF.Data_Store_Memory.InitialValue ; 0x0
Torque_Control_P.DataStoreMemory_InitialValue_m ; 1001 264 ; ASD_PARAMETER ; Torque_Control.VDC.Vehicle_Dynamics_Control_Modes.Steering_TV_with_TC.Optimization_SKF__amp__CKF.Data_Store_Memory.InitialValue ; 0x0
Torque_Control_P.DiametertoRadius_Gain ; 1001 265 ; ASD_PARAMETER ; Torque_Control.VDC.Vehicle_Dynamics_Control_Modes.VDC_Complete.In_Numbers.Diameter_to_Radius.Gain ; 0x0
Torque_Control_P.DiametertoRadius_Gain_h ; 1001 266 ; ASD_PARAMETER ; Torque_Control.VDC.Vehicle_Dynamics_Control_Modes.VDC_without_Longitudinal.In_Numbers.Diameter_to_Radius.Gain ; 0x0
Torque_Control_P.EffectiveRollingDiameterinch_Va ; 1001 267 ; ASD_PARAMETER ; Torque_Control.VDC.Vehicle_Dynamics_Control_Modes.VDC_Complete.In_Numbers.Effective_Rolling_Diameter[inch].Value ; 0x0
Torque_Control_P.EffectiveRollingDiameterinch__b ; 1001 268 ; ASD_PARAMETER ; Torque_Control.VDC.Vehicle_Dynamics_Control_Modes.VDC_without_Longitudinal.In_Numbers.Effective_Rolling_Diameter[inch].Value ; 0x0
Torque_Control_P.Enabled_Value ; 1001 269 ; ASD_PARAMETER ; Torque_Control.VDC.Regeneration_Enable.Enabled.Value ; 0x0
Torque_Control_P.Flag_Accu_const ; 1001 270 ; ASD_PARAMETER ; Torque_Control.Controls_Temperature_by_limiting_Torque.temperature_SoP.Flag_Accu.Constant.Value ; 0x0
Torque_Control_P.Flag_Accu_const_h ; 1001 271 ; ASD_PARAMETER ; Torque_Control.power_limitation.temperature_SoP.Flag_Accu.Constant.Value ; 0x0
Torque_Control_P.Flag_Inv_const ; 1001 272 ; ASD_PARAMETER ; Torque_Control.Controls_Temperature_by_limiting_Torque.temperature_SoP.Flag_Inv.Constant.Value ; 0x0
Torque_Control_P.Flag_Inv_const_e ; 1001 273 ; ASD_PARAMETER ; Torque_Control.power_limitation.temperature_SoP.Flag_Inv.Constant.Value ; 0x0
Torque_Control_P.Flag_Mot_const ; 1001 274 ; ASD_PARAMETER ; Torque_Control.Controls_Temperature_by_limiting_Torque.temperature_SoP.Flag_Mot.Constant.Value ; 0x0
Torque_Control_P.Flag_Mot_const_n ; 1001 275 ; ASD_PARAMETER ; Torque_Control.power_limitation.temperature_SoP.Flag_Mot.Constant.Value ; 0x0
Torque_Control_P.Flags_num5_Y0 ; 1001 276 ; ASD_PARAMETER ; Torque_Control.VDC.Vehicle_Dynamics_Control_Modes.VDC_Complete.Flags_[num5].InitialOutput ; 0x0
Torque_Control_P.Fy_RN0inf_Y0 ; 1001 277 ; ASD_PARAMETER ; Torque_Control.VDC.Vehicle_Dynamics_Control_Modes.VDC_without_Longitudinal.Fy_R_[N]__0_inf_.InitialOutput ; 0x0
Torque_Control_P.Fyperwheel_Gain ; 1001 278 ; ASD_PARAMETER ; Torque_Control.VDC.Vehicle_Dynamics_Control_Modes.VDC_Complete.Lateral_Dynamics.Fy_per_wheel.Gain ; 0x0
Torque_Control_P.Fyperwheel_Gain_e ; 1001 279 ; ASD_PARAMETER ; Torque_Control.VDC.Vehicle_Dynamics_Control_Modes.VDC_without_Longitudinal.Lateral_Dynamics.Fy_per_wheel.Gain ; 0x0
Torque_Control_P.Gain1_Gain ; 1001 280 ; ASD_PARAMETER ; Torque_Control.VDC.Vehicle_Dynamics_Control_Modes.Steering_TV_with_TC.Accelerating__Braking_or_Regen_Braking.Regenerative_Mech_Braking.Gain1.Gain ; 0x0
Torque_Control_P.Gain1_Gain_m ; 1001 281 ; ASD_PARAMETER ; Torque_Control.Gain1.Gain ; 0x0
Torque_Control_P.Gain1_Gain_o ; 1001 282 ; ASD_PARAMETER ; Torque_Control.VDC.Gain1.Gain ; 0x0
Torque_Control_P.Gain5_Gain ; 1001 283 ; ASD_PARAMETER ; Torque_Control.Controls_Temperature_by_limiting_Torque.SoC_SoP.Gain5.Gain ; 0x0
Torque_Control_P.Gain5_Gain_n ; 1001 284 ; ASD_PARAMETER ; Torque_Control.power_limitation.SoC_SoP.Gain5.Gain ; 0x0
Torque_Control_P.Gain6_Gain ; 1001 285 ; ASD_PARAMETER ; Torque_Control.Controls_Temperature_by_limiting_Torque.SoC_SoP.Gain6.Gain ; 0x0
Torque_Control_P.Gain6_Gain_f ; 1001 286 ; ASD_PARAMETER ; Torque_Control.power_limitation.SoC_SoP.Gain6.Gain ; 0x0
Torque_Control_P.Gain_Gain ; 1001 287 ; ASD_PARAMETER ; Torque_Control.Calculate_Current_Conversion.Gain.Gain ; 0x0
Torque_Control_P.Gain_Gain_b ; 1001 288 ; ASD_PARAMETER ; Torque_Control.VDC.Vehicle_Dynamics_Control_Modes.Steering_TV_with_TC.Accelerating__Braking_or_Regen_Braking.Regenerative_Mech_Braking.Gain.Gain ; 0x0
Torque_Control_P.Gain_Gain_c ; 1001 289 ; ASD_PARAMETER ; Torque_Control.Steering_Data_Conv.Low_Pass.Gain.Gain ; 0x0
Torque_Control_P.Gain_Gain_co ; 1001 290 ; ASD_PARAMETER ; Torque_Control.VDC.Vehicle_Dynamics_Control_Modes.VDC_Complete.Constraints_and_motor_to_wheel_Tq.Acelerating_and_braking_without_Regenerative.Gain.Gain ; 0x0
Torque_Control_P.Gain_Gain_cv ; 1001 291 ; ASD_PARAMETER ; Torque_Control.VDC.Vehicle_Dynamics_Control_Modes.VDC_without_Longitudinal.Constraints.Acelerating_and_braking_without_Regenerative.Gain.Gain ; 0x0
Torque_Control_P.Gain_Gain_f ; 1001 292 ; ASD_PARAMETER ; Torque_Control.VDC.Vehicle_Dynamics_Control_Modes.Gain.Gain ; 0x0
Torque_Control_P.Gain_Gain_g ; 1001 293 ; ASD_PARAMETER ; Torque_Control.Gain.Gain ; 0x0
Torque_Control_P.Gain_Gain_k ; 1001 294 ; ASD_PARAMETER ; Torque_Control.VDC.Vehicle_Dynamics_Control_Modes.VDC_Complete.Longitudinal_Dynamics.Gain.Gain ; 0x0
Torque_Control_P.Gain_Gain_o ; 1001 295 ; ASD_PARAMETER ; Torque_Control.Steering_Data_Conv.Gain.Gain ; 0x0
Torque_Control_P.GearRatio_Value ; 1001 296 ; ASD_PARAMETER ; Torque_Control.Gear_Ratio.Value ; 0x0
Torque_Control_P.Gravity1_Gain ; 1001 297 ; ASD_PARAMETER ; Torque_Control.VDC.Vehicle_Dynamics_Control_Modes.VDC_Complete.Lateral_Dynamics.Gravity1.Gain ; 0x0
Torque_Control_P.Gravity1_Gain_g ; 1001 298 ; ASD_PARAMETER ; Torque_Control.VDC.Vehicle_Dynamics_Control_Modes.VDC_without_Longitudinal.Lateral_Dynamics.Gravity1.Gain ; 0x0
Torque_Control_P.Gravity_Gain ; 1001 299 ; ASD_PARAMETER ; Torque_Control.VDC.Vehicle_Dynamics_Control_Modes.VDC_Complete.Lateral_Dynamics.Gravity.Gain ; 0x0
Torque_Control_P.Handlinginfinf_Y0 ; 1001 300 ; ASD_PARAMETER ; Torque_Control.VDC.Vehicle_Dynamics_Control_Modes.VDC_without_Longitudinal.Handling_______inf_inf_.InitialOutput ; 0x0
Torque_Control_P.Integrator_IC ; 1001 301 ; ASD_PARAMETER ; Torque_Control.VDC.Vehicle_Dynamics_Control_Modes.VDC_Complete.Lateral_Dynamics.Integrator.InitialCondition ; 0x0
Torque_Control_P.Inverters_Temperature_Limitatio ; 1001 302 ; ASD_PARAMETER ; Torque_Control.Controls_Temperature_by_limiting_Torque.Inverters_Temperature_Limitation_Flag.InitialOutput ; 0x0
Torque_Control_P.Lookup_SoC_SoP_chg_bp01Data ; 1001 303 ; ASD_PARAMETER ; Torque_Control.Controls_Temperature_by_limiting_Torque.SoC_SoP.Lookup_SoC_SoP_chg.BreakpointsForDimension1 ; 0x0
Torque_Control_P.Lookup_SoC_SoP_chg_bp01Data_b ; 1001 304 ; ASD_PARAMETER ; Torque_Control.power_limitation.SoC_SoP.Lookup_SoC_SoP_chg.BreakpointsForDimension1 ; 0x0
Torque_Control_P.Lookup_SoC_SoP_chg_tableData ; 1001 305 ; ASD_PARAMETER ; Torque_Control.Controls_Temperature_by_limiting_Torque.SoC_SoP.Lookup_SoC_SoP_chg.Table ; 0x0
Torque_Control_P.Lookup_SoC_SoP_chg_tableData_p ; 1001 306 ; ASD_PARAMETER ; Torque_Control.power_limitation.SoC_SoP.Lookup_SoC_SoP_chg.Table ; 0x0
Torque_Control_P.Lookup_SoC_SoP_dischg_bp01Dat_m ; 1001 307 ; ASD_PARAMETER ; Torque_Control.power_limitation.SoC_SoP.Lookup_SoC_SoP_dischg.BreakpointsForDimension1 ; 0x0
Torque_Control_P.Lookup_SoC_SoP_dischg_bp01Data ; 1001 308 ; ASD_PARAMETER ; Torque_Control.Controls_Temperature_by_limiting_Torque.SoC_SoP.Lookup_SoC_SoP_dischg.BreakpointsForDimension1 ; 0x0
Torque_Control_P.Lookup_SoC_SoP_dischg_tableDa_g ; 1001 309 ; ASD_PARAMETER ; Torque_Control.power_limitation.SoC_SoP.Lookup_SoC_SoP_dischg.Table ; 0x0
Torque_Control_P.Lookup_SoC_SoP_dischg_tableData ; 1001 310 ; ASD_PARAMETER ; Torque_Control.Controls_Temperature_by_limiting_Torque.SoC_SoP.Lookup_SoC_SoP_dischg.Table ; 0x0
Torque_Control_P.Lookup_Temp_SoP_chg_bp01Data ; 1001 311 ; ASD_PARAMETER ; Torque_Control.Controls_Temperature_by_limiting_Torque.SoC_SoP.Lookup_Temp_SoP_chg.BreakpointsForDimension1 ; 0x0
Torque_Control_P.Lookup_Temp_SoP_chg_bp01Data_i ; 1001 312 ; ASD_PARAMETER ; Torque_Control.power_limitation.SoC_SoP.Lookup_Temp_SoP_chg.BreakpointsForDimension1 ; 0x0
Torque_Control_P.Lookup_Temp_SoP_chg_tableData ; 1001 313 ; ASD_PARAMETER ; Torque_Control.Controls_Temperature_by_limiting_Torque.SoC_SoP.Lookup_Temp_SoP_chg.Table ; 0x0
Torque_Control_P.Lookup_Temp_SoP_chg_tableData_m ; 1001 314 ; ASD_PARAMETER ; Torque_Control.power_limitation.SoC_SoP.Lookup_Temp_SoP_chg.Table ; 0x0
Torque_Control_P.Masskg0inf_Y0 ; 1001 315 ; ASD_PARAMETER ; Torque_Control.VDC.Vehicle_Dynamics_Control_Modes.VDC_without_Longitudinal.Mass_[kg]__0_inf_.InitialOutput ; 0x0
Torque_Control_P.MaxFx_RLN0inf_Y0 ; 1001 316 ; ASD_PARAMETER ; Torque_Control.VDC.Vehicle_Dynamics_Control_Modes.VDC_without_Longitudinal.MaxFx_RL_[N]__0_inf_.InitialOutput ; 0x0
Torque_Control_P.MaxFx_RRN0inf_Y0 ; 1001 317 ; ASD_PARAMETER ; Torque_Control.VDC.Vehicle_Dynamics_Control_Modes.VDC_without_Longitudinal.MaxFx_RR_[N]__0_inf_.InitialOutput ; 0x0
Torque_Control_P.MaxTq_RLNm0inf_Y0 ; 1001 318 ; ASD_PARAMETER ; Torque_Control.VDC.Vehicle_Dynamics_Control_Modes.VDC_Complete.MaxTq_RL_[Nm]__0_inf_.InitialOutput ; 0x0
Torque_Control_P.MaxTq_RLNm0inf_Y0_d ; 1001 319 ; ASD_PARAMETER ; Torque_Control.VDC.Vehicle_Dynamics_Control_Modes.VDC_without_Longitudinal.MaxTq_RL_[Nm]__0_inf_.InitialOutput ; 0x0
Torque_Control_P.MaxTq_RRNm0inf_Y0 ; 1001 320 ; ASD_PARAMETER ; Torque_Control.VDC.Vehicle_Dynamics_Control_Modes.VDC_Complete.MaxTq_RR_[Nm]__0_inf_.InitialOutput ; 0x0
Torque_Control_P.MaxTq_RRNm0inf_Y0_o ; 1001 321 ; ASD_PARAMETER ; Torque_Control.VDC.Vehicle_Dynamics_Control_Modes.VDC_without_Longitudinal.MaxTq_RR_[Nm]__0_inf_.InitialOutput ; 0x0
Torque_Control_P.MaxTqpermotorNm_Value ; 1001 322 ; ASD_PARAMETER ; Torque_Control.Max_Tq_per_motor_[Nm].Value ; 0x0
Torque_Control_P.Max_Power_chargekW_Value ; 1001 323 ; ASD_PARAMETER ; Torque_Control.Power_limitation.Max_Power_charge_[kW].Value ; 0x0
Torque_Control_P.Max_Power_dischargekW_Value ; 1001 324 ; ASD_PARAMETER ; Torque_Control.Power_limitation.Max_Power_discharge_[kW].Value ; 0x0
Torque_Control_P.Max_Tq_per_motor_Value ; 1001 325 ; ASD_PARAMETER ; Torque_Control.Controls_Temperature_by_limiting_Torque.Max_Tq_per_motor.Value ; 0x0
Torque_Control_P.MaximumTorqueperengineNm_Value ; 1001 326 ; ASD_PARAMETER ; Torque_Control.VDC.Vehicle_Dynamics_Control_Modes.VDC_Complete.In_Numbers.Maximum_Torque_per_engine_[Nm].Value ; 0x0
Torque_Control_P.MaximumTorquepermotorNm_Value ; 1001 327 ; ASD_PARAMETER ; Torque_Control.VDC.Vehicle_Dynamics_Control_Modes.VDC_without_Longitudinal.In_Numbers.Maximum_Torque_per_motor_[Nm].Value ; 0x0
Torque_Control_P.MaximumTransmissionTorqueDyna_a ; 1001 328 ; ASD_PARAMETER ; Torque_Control.VDC.Vehicle_Dynamics_Control_Modes.VDC_without_Longitudinal.In_Numbers.Maximum_Transmission_Torque_Dynamic_[Nm].Value ; 0x0
Torque_Control_P.MaximumTransmissionTorqueDynami ; 1001 329 ; ASD_PARAMETER ; Torque_Control.VDC.Vehicle_Dynamics_Control_Modes.VDC_Complete.In_Numbers.Maximum_Transmission_Torque_Dynamic_[Nm].Value ; 0x0
Torque_Control_P.MaximumTransmissionTorqueStat_n ; 1001 330 ; ASD_PARAMETER ; Torque_Control.VDC.Vehicle_Dynamics_Control_Modes.VDC_without_Longitudinal.In_Numbers.Maximum_Transmission_Torque_Static_[Nm].Value ; 0x0
Torque_Control_P.MaximumTransmissionTorqueStatic ; 1001 331 ; ASD_PARAMETER ; Torque_Control.VDC.Vehicle_Dynamics_Control_Modes.VDC_Complete.In_Numbers.Maximum_Transmission_Torque_Static_[Nm].Value ; 0x0
Torque_Control_P.Merge1_InitialOutput ; 1001 332 ; ASD_PARAMETER ; Torque_Control.VDC.Vehicle_Dynamics_Control_Modes.VDC_Complete.Driver____CarBehaviours.Merge1.InitialOutput ; 0x0
Torque_Control_P.Merge1_InitialOutput_e ; 1001 333 ; ASD_PARAMETER ; Torque_Control.VDC.Vehicle_Dynamics_Control_Modes.Steering_TV_with_TC.Accelerating__Braking_or_Regen_Braking.Merge1.InitialOutput ; 0x0
Torque_Control_P.Merge1_InitialOutput_k ; 1001 334 ; ASD_PARAMETER ; Torque_Control.VDC.Vehicle_Dynamics_Control_Modes.VDC_without_Longitudinal.Driver____CarBehaviours.Merge1.InitialOutput ; 0x0
Torque_Control_P.Merge2_InitialOutput ; 1001 335 ; ASD_PARAMETER ; Torque_Control.VDC.Vehicle_Dynamics_Control_Modes.VDC_Complete.Merge2.InitialOutput ; 0x0
Torque_Control_P.Merge2_InitialOutput_o ; 1001 336 ; ASD_PARAMETER ; Torque_Control.VDC.Vehicle_Dynamics_Control_Modes.Merge2.InitialOutput ; 0x0
Torque_Control_P.Merge3_InitialOutput ; 1001 337 ; ASD_PARAMETER ; Torque_Control.VDC.Vehicle_Dynamics_Control_Modes.VDC_Complete.Merge3.InitialOutput ; 0x0
Torque_Control_P.Merge3_InitialOutput_n ; 1001 338 ; ASD_PARAMETER ; Torque_Control.VDC.Vehicle_Dynamics_Control_Modes.Merge3.InitialOutput ; 0x0
Torque_Control_P.Merge4_InitialOutput ; 1001 339 ; ASD_PARAMETER ; Torque_Control.VDC.Vehicle_Dynamics_Control_Modes.VDC_Complete.Merge4.InitialOutput ; 0x0
Torque_Control_P.Merge5_InitialOutput ; 1001 340 ; ASD_PARAMETER ; Torque_Control.VDC.Vehicle_Dynamics_Control_Modes.VDC_Complete.Merge5.InitialOutput ; 0x0
Torque_Control_P.Merge6_InitialOutput ; 1001 341 ; ASD_PARAMETER ; Torque_Control.VDC.Vehicle_Dynamics_Control_Modes.VDC_Complete.Merge6.InitialOutput ; 0x0
Torque_Control_P.Merge7_InitialOutput ; 1001 342 ; ASD_PARAMETER ; Torque_Control.VDC.Vehicle_Dynamics_Control_Modes.VDC_Complete.Merge7.InitialOutput ; 0x0
Torque_Control_P.MergeTq_RL_InitialOutput ; 1001 343 ; ASD_PARAMETER ; Torque_Control.VDC.Vehicle_Dynamics_Control_Modes.Merge_Tq_RL.InitialOutput ; 0x0
Torque_Control_P.MergeTq_RR_InitialOutput ; 1001 344 ; ASD_PARAMETER ; Torque_Control.VDC.Vehicle_Dynamics_Control_Modes.Merge_Tq_RR.InitialOutput ; 0x0
Torque_Control_P.Merge_InitialOutput ; 1001 345 ; ASD_PARAMETER ; Torque_Control.VDC.Vehicle_Dynamics_Control_Modes.VDC_Complete.Optimization_SKF__amp__CKF.Subsystem.SKF.Merge.InitialOutput ; 0x0
Torque_Control_P.Merge_InitialOutput_a ; 1001 346 ; ASD_PARAMETER ; Torque_Control.VDC.Vehicle_Dynamics_Control_Modes.Steering_TV_with_TC.Optimization_SKF__amp__CKF.Subsystem.CKF.Merge.InitialOutput ; 0x0
Torque_Control_P.Merge_InitialOutput_e ; 1001 347 ; ASD_PARAMETER ; Torque_Control.VDC.Vehicle_Dynamics_Control_Modes.Steering_TV_with_TC.Accelerating__Braking_or_Regen_Braking.Merge.InitialOutput ; 0x0
Torque_Control_P.Merge_InitialOutput_h ; 1001 348 ; ASD_PARAMETER ; Torque_Control.VDC.Vehicle_Dynamics_Control_Modes.VDC_without_Longitudinal.Optimization_SKF__amp__CKF.Subsystem.CKF.Merge.InitialOutput ; 0x0
Torque_Control_P.Merge_InitialOutput_i ; 1001 349 ; ASD_PARAMETER ; Torque_Control.VDC.Vehicle_Dynamics_Control_Modes.VDC_Complete.Driver____CarBehaviours.Merge.InitialOutput ; 0x0
Torque_Control_P.Merge_InitialOutput_j ; 1001 350 ; ASD_PARAMETER ; Torque_Control.VDC.Vehicle_Dynamics_Control_Modes.VDC_Complete.Optimization_SKF__amp__CKF.Subsystem.CKF.Merge.InitialOutput ; 0x0
Torque_Control_P.Merge_InitialOutput_l ; 1001 351 ; ASD_PARAMETER ; Torque_Control.VDC.Vehicle_Dynamics_Control_Modes.VDC_without_Longitudinal.Driver____CarBehaviours.Merge.InitialOutput ; 0x0
Torque_Control_P.Merge_InitialOutput_p ; 1001 352 ; ASD_PARAMETER ; Torque_Control.VDC.Vehicle_Dynamics_Control_Modes.Steering_TV_with_TC.Optimization_SKF__amp__CKF.Subsystem.SKF.Merge.InitialOutput ; 0x0
Torque_Control_P.Motors_Temperature_Limitation_F ; 1001 353 ; ASD_PARAMETER ; Torque_Control.Controls_Temperature_by_limiting_Torque.Motors_Temperature_Limitation_Flag.InitialOutput ; 0x0
Torque_Control_P.Out1_Y0 ; 1001 354 ; ASD_PARAMETER ; Torque_Control.VDC.Vehicle_Dynamics_Control_Modes.If_Action_Subsystem.Out1.InitialOutput ; 0x0
Torque_Control_P.Out_Throttle_Y0 ; 1001 355 ; ASD_PARAMETER ; Torque_Control.VDC.Vehicle_Dynamics_Control_Modes.VDC_Complete.Driver____CarBehaviours.Accelerating.Out_Throttle.InitialOutput ; 0x0
Torque_Control_P.Out_Throttle_Y0_a ; 1001 356 ; ASD_PARAMETER ; Torque_Control.VDC.Vehicle_Dynamics_Control_Modes.VDC_without_Longitudinal.Driver____CarBehaviours.Accelerating.Out_Throttle.InitialOutput ; 0x0
Torque_Control_P.RT_L_Gain ; 1001 357 ; ASD_PARAMETER ; Torque_Control.VDC.Vehicle_Dynamics_Control_Modes.Rigid_Axle.RT_L.Gain ; 0x0
Torque_Control_P.RT_R_Gain ; 1001 358 ; ASD_PARAMETER ; Torque_Control.VDC.Vehicle_Dynamics_Control_Modes.Rigid_Axle.RT_R.Gain ; 0x0
Torque_Control_P.Rear_Trackwidthm_Value ; 1001 359 ; ASD_PARAMETER ; Torque_Control.VDC.Vehicle_Dynamics_Control_Modes.VDC_Complete.Lateral_Dynamics.Rear_Trackwidth_[m].Value ; 0x0
Torque_Control_P.SKF_act_Y0 ; 1001 360 ; ASD_PARAMETER ; Torque_Control.VDC.Vehicle_Dynamics_Control_Modes.VDC_Complete.Optimization_SKF__amp__CKF.Subsystem.SKF.SKF_act.InitialOutput ; 0x0
Torque_Control_P.SKF_act_Y0_l ; 1001 361 ; ASD_PARAMETER ; Torque_Control.VDC.Vehicle_Dynamics_Control_Modes.Steering_TV_with_TC.Optimization_SKF__amp__CKF.Subsystem.SKF.SKF_act.InitialOutput ; 0x0
Torque_Control_P.Saturation1_LowerSat ; 1001 362 ; ASD_PARAMETER ; Torque_Control.Controls_Temperature_by_limiting_Torque.temperature_SoP.temperature_rise_limitator_Accu.Saturation1.LowerLimit ; 0x0
Torque_Control_P.Saturation1_LowerSat_a ; 1001 363 ; ASD_PARAMETER ; Torque_Control.Controls_Temperature_by_limiting_Torque.temperature_SoP.temperature_rise_limitator_Inverters.Saturation1.LowerLimit ; 0x0
Torque_Control_P.Saturation1_LowerSat_b ; 1001 364 ; ASD_PARAMETER ; Torque_Control.power_limitation.temperature_SoP.temperature_rise_limitator_Motors.Saturation1.LowerLimit ; 0x0
Torque_Control_P.Saturation1_LowerSat_j ; 1001 365 ; ASD_PARAMETER ; Torque_Control.power_limitation.Saturation1.LowerLimit ; 0x0
Torque_Control_P.Saturation1_LowerSat_k ; 1001 366 ; ASD_PARAMETER ; Torque_Control.VDC.WORKSHOP_MODE_RESTRICTIONS.Torque_Reduction.Saturation1.LowerLimit ; 0x0
Torque_Control_P.Saturation1_LowerSat_ko ; 1001 367 ; ASD_PARAMETER ; Torque_Control.power_limitation.temperature_SoP.temperature_rise_limitator_Inverters.Saturation1.LowerLimit ; 0x0
Torque_Control_P.Saturation1_LowerSat_l ; 1001 368 ; ASD_PARAMETER ; Torque_Control.Controls_Temperature_by_limiting_Torque.temperature_SoP.temperature_rise_limitator_Motors.Saturation1.LowerLimit ; 0x0
Torque_Control_P.Saturation1_LowerSat_lw ; 1001 369 ; ASD_PARAMETER ; Torque_Control.VDC.WORKSHOP_MODE_RESTRICTIONS.Saturation1.LowerLimit ; 0x0
Torque_Control_P.Saturation1_LowerSat_m ; 1001 370 ; ASD_PARAMETER ; Torque_Control.power_limitation.temperature_SoP.temperature_rise_limitator_Accu.Saturation1.LowerLimit ; 0x0
Torque_Control_P.Saturation1_LowerSat_o ; 1001 371 ; ASD_PARAMETER ; Torque_Control.Controls_Temperature_by_limiting_Torque.Saturation1.LowerLimit ; 0x0
Torque_Control_P.Saturation1_UpperSat ; 1001 372 ; ASD_PARAMETER ; Torque_Control.Controls_Temperature_by_limiting_Torque.temperature_SoP.temperature_rise_limitator_Accu.Saturation1.UpperLimit ; 0x0
Torque_Control_P.Saturation1_UpperSat_a ; 1001 373 ; ASD_PARAMETER ; Torque_Control.Controls_Temperature_by_limiting_Torque.temperature_SoP.temperature_rise_limitator_Inverters.Saturation1.UpperLimit ; 0x0
Torque_Control_P.Saturation1_UpperSat_b ; 1001 374 ; ASD_PARAMETER ; Torque_Control.power_limitation.temperature_SoP.temperature_rise_limitator_Motors.Saturation1.UpperLimit ; 0x0
Torque_Control_P.Saturation1_UpperSat_d ; 1001 375 ; ASD_PARAMETER ; Torque_Control.power_limitation.temperature_SoP.temperature_rise_limitator_Accu.Saturation1.UpperLimit ; 0x0
Torque_Control_P.Saturation1_UpperSat_e ; 1001 376 ; ASD_PARAMETER ; Torque_Control.Controls_Temperature_by_limiting_Torque.Saturation1.UpperLimit ; 0x0
Torque_Control_P.Saturation1_UpperSat_g ; 1001 377 ; ASD_PARAMETER ; Torque_Control.Controls_Temperature_by_limiting_Torque.temperature_SoP.temperature_rise_limitator_Motors.Saturation1.UpperLimit ; 0x0
Torque_Control_P.Saturation1_UpperSat_i ; 1001 378 ; ASD_PARAMETER ; Torque_Control.power_limitation.temperature_SoP.temperature_rise_limitator_Inverters.Saturation1.UpperLimit ; 0x0
Torque_Control_P.Saturation1_UpperSat_is ; 1001 379 ; ASD_PARAMETER ; Torque_Control.power_limitation.Saturation1.UpperLimit ; 0x0
Torque_Control_P.Saturation1_UpperSat_k ; 1001 380 ; ASD_PARAMETER ; Torque_Control.VDC.WORKSHOP_MODE_RESTRICTIONS.Torque_Reduction.Saturation1.UpperLimit ; 0x0
Torque_Control_P.Saturation1_UpperSat_m ; 1001 381 ; ASD_PARAMETER ; Torque_Control.VDC.WORKSHOP_MODE_RESTRICTIONS.Saturation1.UpperLimit ; 0x0
Torque_Control_P.Saturation_LowerSat ; 1001 382 ; ASD_PARAMETER ; Torque_Control.Controls_Temperature_by_limiting_Torque.Saturation.LowerLimit ; 0x0
Torque_Control_P.Saturation_LowerSat_c ; 1001 383 ; ASD_PARAMETER ; Torque_Control.VDC.Vehicle_Dynamics_Control_Modes.VDC_without_Longitudinal.Optimization_SKF__amp__CKF.Subsystem.CKF.Saturation.LowerLimit ; 0x0
Torque_Control_P.Saturation_LowerSat_e ; 1001 384 ; ASD_PARAMETER ; Torque_Control.VDC.Vehicle_Dynamics_Control_Modes.Steering_TV_with_TC.Optimization_SKF__amp__CKF.Subsystem.CKF.Saturation.LowerLimit ; 0x0
Torque_Control_P.Saturation_LowerSat_ey ; 1001 385 ; ASD_PARAMETER ; Torque_Control.power_limitation.Saturation.LowerLimit ; 0x0
Torque_Control_P.Saturation_LowerSat_f ; 1001 386 ; ASD_PARAMETER ; Torque_Control.VDC.Vehicle_Dynamics_Control_Modes.VDC_Complete.Optimization_SKF__amp__CKF.Subsystem.CKF.Saturation.LowerLimit ; 0x0
Torque_Control_P.Saturation_LowerSat_f3 ; 1001 387 ; ASD_PARAMETER ; Torque_Control.VDC.Vehicle_Dynamics_Control_Modes.Steering_TV_with_TC.Optimization_SKF__amp__CKF.Subsystem.SKF.Saturation.LowerLimit ; 0x0
Torque_Control_P.Saturation_LowerSat_fi ; 1001 388 ; ASD_PARAMETER ; Torque_Control.VDC.WORKSHOP_MODE_RESTRICTIONS.Saturation.LowerLimit ; 0x0
Torque_Control_P.Saturation_LowerSat_h ; 1001 389 ; ASD_PARAMETER ; Torque_Control.VDC.Vehicle_Dynamics_Control_Modes.VDC_Complete.Optimization_SKF__amp__CKF.Subsystem.SKF.Saturation.LowerLimit ; 0x0
Torque_Control_P.Saturation_LowerSat_j ; 1001 390 ; ASD_PARAMETER ; Torque_Control.VDC.WORKSHOP_MODE_RESTRICTIONS.Torque_Reduction.Saturation.LowerLimit ; 0x0
Torque_Control_P.Saturation_UpperSat ; 1001 391 ; ASD_PARAMETER ; Torque_Control.Controls_Temperature_by_limiting_Torque.Saturation.UpperLimit ; 0x0
Torque_Control_P.Saturation_UpperSat_c ; 1001 392 ; ASD_PARAMETER ; Torque_Control.VDC.Vehicle_Dynamics_Control_Modes.Steering_TV_with_TC.Optimization_SKF__amp__CKF.Subsystem.CKF.Saturation.UpperLimit ; 0x0
Torque_Control_P.Saturation_UpperSat_d ; 1001 393 ; ASD_PARAMETER ; Torque_Control.VDC.Vehicle_Dynamics_Control_Modes.VDC_Complete.Optimization_SKF__amp__CKF.Subsystem.SKF.Saturation.UpperLimit ; 0x0
Torque_Control_P.Saturation_UpperSat_f ; 1001 394 ; ASD_PARAMETER ; Torque_Control.VDC.Vehicle_Dynamics_Control_Modes.VDC_Complete.Optimization_SKF__amp__CKF.Subsystem.CKF.Saturation.UpperLimit ; 0x0
Torque_Control_P.Saturation_UpperSat_fg ; 1001 395 ; ASD_PARAMETER ; Torque_Control.power_limitation.Saturation.UpperLimit ; 0x0
Torque_Control_P.Saturation_UpperSat_g ; 1001 396 ; ASD_PARAMETER ; Torque_Control.VDC.WORKSHOP_MODE_RESTRICTIONS.Saturation.UpperLimit ; 0x0
Torque_Control_P.Saturation_UpperSat_h ; 1001 397 ; ASD_PARAMETER ; Torque_Control.VDC.WORKSHOP_MODE_RESTRICTIONS.Torque_Reduction.Saturation.UpperLimit ; 0x0
Torque_Control_P.Saturation_UpperSat_i ; 1001 398 ; ASD_PARAMETER ; Torque_Control.VDC.Vehicle_Dynamics_Control_Modes.VDC_without_Longitudinal.Optimization_SKF__amp__CKF.Subsystem.CKF.Saturation.UpperLimit ; 0x0
Torque_Control_P.Saturation_UpperSat_k ; 1001 399 ; ASD_PARAMETER ; Torque_Control.VDC.Vehicle_Dynamics_Control_Modes.Steering_TV_with_TC.Optimization_SKF__amp__CKF.Subsystem.SKF.Saturation.UpperLimit ; 0x0
Torque_Control_P.SteeringWheelMaximumAngle_Val_i ; 1001 400 ; ASD_PARAMETER ; Torque_Control.VDC.Vehicle_Dynamics_Control_Modes.Steering_TV_with_TC.Steering_Wheel_Maximum_Angle.Value ; 0x0
Torque_Control_P.SteeringWheelMaximumAngle_Val_o ; 1001 401 ; ASD_PARAMETER ; Torque_Control.VDC.Vehicle_Dynamics_Control_Modes.Steering_TV_with_TC.Optimization_SKF__amp__CKF.Subsystem.Steering_Wheel_Maximum_Angle.Value ; 0x0
Torque_Control_P.SteeringWheelMaximumAngle_Value ; 1001 402 ; ASD_PARAMETER ; Torque_Control.VDC.Vehicle_Dynamics_Control_Modes.VDC_Complete.Optimization_SKF__amp__CKF.Subsystem.Steering_Wheel_Maximum_Angle.Value ; 0x0
Torque_Control_P.SteeringWheelSaturationpersited ; 1001 403 ; ASD_PARAMETER ; Torque_Control.VDC.Vehicle_Dynamics_Control_Modes.Steering_Wheel_Saturation__per_site__[deg].Value ; 0x0
Torque_Control_P.Steering_Ratio_Value ; 1001 404 ; ASD_PARAMETER ; Torque_Control.VDC.Vehicle_Dynamics_Control_Modes.VDC_Complete.Lateral_Dynamics.Yaw_Rate_Reference.Steering_Ratio____.Value ; 0x0
Torque_Control_P.Switch1_Threshold ; 1001 405 ; ASD_PARAMETER ; Torque_Control.VDC.Vehicle_Dynamics_Control_Modes.VDC_Complete.Optimization_SKF__amp__CKF.Subsystem.SKF.Spin.Switch1.Threshold ; 0x0
Torque_Control_P.Switch1_Threshold_b ; 1001 406 ; ASD_PARAMETER ; Torque_Control.VDC.Vehicle_Dynamics_Control_Modes.VDC_without_Longitudinal.Optimization_SKF__amp__CKF.Subsystem.CKF.No_spin.Switch1.Threshold ; 0x0
Torque_Control_P.Switch1_Threshold_c ; 1001 407 ; ASD_PARAMETER ; Torque_Control.VDC.Vehicle_Dynamics_Control_Modes.VDC_without_Longitudinal.Optimization_SKF__amp__CKF.Subsystem.CKF.Spin.Switch1.Threshold ; 0x0
Torque_Control_P.Switch1_Threshold_f ; 1001 408 ; ASD_PARAMETER ; Torque_Control.VDC.Vehicle_Dynamics_Control_Modes.VDC_Complete.Optimization_SKF__amp__CKF.Subsystem.SKF.No_spin.Switch1.Threshold ; 0x0
Torque_Control_P.Switch1_Threshold_h ; 1001 409 ; ASD_PARAMETER ; Torque_Control.VDC.Vehicle_Dynamics_Control_Modes.VDC_Complete.Optimization_SKF__amp__CKF.Subsystem.CKF.No_spin.Switch1.Threshold ; 0x0
Torque_Control_P.Switch1_Threshold_j ; 1001 410 ; ASD_PARAMETER ; Torque_Control.VDC.Vehicle_Dynamics_Control_Modes.VDC_Complete.Optimization_SKF__amp__CKF.Subsystem.CKF.Spin.Switch1.Threshold ; 0x0
Torque_Control_P.Switch1_Threshold_k ; 1001 411 ; ASD_PARAMETER ; Torque_Control.VDC.Vehicle_Dynamics_Control_Modes.Steering_TV_with_TC.Optimization_SKF__amp__CKF.Subsystem.SKF.Spin.Switch1.Threshold ; 0x0
Torque_Control_P.Switch1_Threshold_p ; 1001 412 ; ASD_PARAMETER ; Torque_Control.VDC.Vehicle_Dynamics_Control_Modes.Steering_TV_with_TC.Optimization_SKF__amp__CKF.Subsystem.CKF.Spin.Switch1.Threshold ; 0x0
Torque_Control_P.Switch_Threshold ; 1001 413 ; ASD_PARAMETER ; Torque_Control.VDC.Vehicle_Dynamics_Control_Modes.VDC_Complete.Optimization_SKF__amp__CKF.Subsystem.SKF.Spin.Switch.Threshold ; 0x0
Torque_Control_P.Switch_Threshold_a ; 1001 414 ; ASD_PARAMETER ; Torque_Control.VDC.Vehicle_Dynamics_Control_Modes.Steering_TV_with_TC.Optimization_SKF__amp__CKF.Subsystem.SKF.Spin.Switch.Threshold ; 0x0
Torque_Control_P.Switch_Threshold_b ; 1001 415 ; ASD_PARAMETER ; Torque_Control.VDC.Vehicle_Dynamics_Control_Modes.Steering_TV_with_TC.Optimization_SKF__amp__CKF.Subsystem.CKF.Spin.Switch.Threshold ; 0x0
Torque_Control_P.Switch_Threshold_d ; 1001 416 ; ASD_PARAMETER ; Torque_Control.VDC.Vehicle_Dynamics_Control_Modes.VDC_Complete.Optimization_SKF__amp__CKF.Subsystem.CKF.Spin.Switch.Threshold ; 0x0
Torque_Control_P.Switch_Threshold_e ; 1001 417 ; ASD_PARAMETER ; Torque_Control.VDC.Vehicle_Dynamics_Control_Modes.Steering_TV_with_TC.Optimization_SKF__amp__CKF.Subsystem.CKF.No_spin.Switch.Threshold ; 0x0
Torque_Control_P.Switch_Threshold_f ; 1001 418 ; ASD_PARAMETER ; Torque_Control.VDC.Vehicle_Dynamics_Control_Modes.Steering_TV_with_TC.Optimization_SKF__amp__CKF.Subsystem.SKF.No_spin.Switch.Threshold ; 0x0
Torque_Control_P.Switch_Threshold_i ; 1001 419 ; ASD_PARAMETER ; Torque_Control.VDC.Vehicle_Dynamics_Control_Modes.VDC_without_Longitudinal.Optimization_SKF__amp__CKF.Subsystem.CKF.Spin.Switch.Threshold ; 0x0
Torque_Control_P.Temphigherthan110_const ; 1001 420 ; ASD_PARAMETER ; Torque_Control.Controls_Temperature_by_limiting_Torque.temperature_SoP.temperature_rise_limitator_Motors.Temp_higher_than_110.Constant.Value ; 0x0
Torque_Control_P.Temphigherthan110_const_c ; 1001 421 ; ASD_PARAMETER ; Torque_Control.power_limitation.temperature_SoP.temperature_rise_limitator_Motors.Temp_higher_than_110.Constant.Value ; 0x0
Torque_Control_P.Temphigherthan50_const ; 1001 422 ; ASD_PARAMETER ; Torque_Control.Controls_Temperature_by_limiting_Torque.temperature_SoP.temperature_rise_limitator_Accu.Temp_higher_than_50.Constant.Value ; 0x0
Torque_Control_P.Temphigherthan50_const_g ; 1001 423 ; ASD_PARAMETER ; Torque_Control.power_limitation.temperature_SoP.temperature_rise_limitator_Inverters.Temp_higher_than_50.Constant.Value ; 0x0
Torque_Control_P.Temphigherthan50_const_k ; 1001 424 ; ASD_PARAMETER ; Torque_Control.Controls_Temperature_by_limiting_Torque.temperature_SoP.temperature_rise_limitator_Inverters.Temp_higher_than_50.Constant.Value ; 0x0
Torque_Control_P.Temphigherthan50_const_l ; 1001 425 ; ASD_PARAMETER ; Torque_Control.power_limitation.temperature_SoP.temperature_rise_limitator_Accu.Temp_higher_than_50.Constant.Value ; 0x0
Torque_Control_P.TomotorTqRT_Gain ; 1001 426 ; ASD_PARAMETER ; Torque_Control.VDC.Vehicle_Dynamics_Control_Modes.VDC_Complete.In_Numbers.To_motor_Tq__RT_.Gain ; 0x0
Torque_Control_P.Torque_RLNm_Value ; 1001 427 ; ASD_PARAMETER ; Torque_Control.VDC.Vehicle_Dynamics_Control_Modes.Rigid_Axle.Torque_RL_[Nm].Value ; 0x0
Torque_Control_P.Torque_RRNm_Value ; 1001 428 ; ASD_PARAMETER ; Torque_Control.VDC.Vehicle_Dynamics_Control_Modes.Rigid_Axle.Torque_RR_[Nm].Value ; 0x0
Torque_Control_P.Tq_diff_Max_Value ; 1001 429 ; ASD_PARAMETER ; Torque_Control.VDC.Vehicle_Dynamics_Control_Modes.VDC_Complete.In_Numbers.Tq_diff_Max.Value ; 0x0
Torque_Control_P.Tq_diff_maxNm_Value ; 1001 430 ; ASD_PARAMETER ; Torque_Control.VDC.Vehicle_Dynamics_Control_Modes.Steering_TV_with_TC.Tq_diff_max_[Nm].Value ; 0x0
Torque_Control_P.Tq_max_motorNm_Value ; 1001 431 ; ASD_PARAMETER ; Torque_Control.VDC.Vehicle_Dynamics_Control_Modes.Steering_TV_with_TC.Tq_max_motor_[Nm].Value ; 0x0
Torque_Control_P.TransmisionRatio_Value ; 1001 432 ; ASD_PARAMETER ; Torque_Control.VDC.Vehicle_Dynamics_Control_Modes.VDC_Complete.In_Numbers.Transmision_Ratio___.Value ; 0x0
Torque_Control_P.TransmisionRatio_Value_j ; 1001 433 ; ASD_PARAMETER ; Torque_Control.VDC.Vehicle_Dynamics_Control_Modes.VDC_without_Longitudinal.In_Numbers.Transmision_Ratio___.Value ; 0x0
Torque_Control_P.TransmissionGearRatio_Gain ; 1001 434 ; ASD_PARAMETER ; Torque_Control.Transmission_Gear_Ratio.Gain ; 0x0
Torque_Control_P.TransmissionRatio1_Gain ; 1001 435 ; ASD_PARAMETER ; Torque_Control.VDC.Vehicle_Dynamics_Control_Modes.Steering_TV_with_TC.Transmission_Ratio1.Gain ; 0x0
Torque_Control_P.TransmissionRatio_Gain ; 1001 436 ; ASD_PARAMETER ; Torque_Control.VDC.Vehicle_Dynamics_Control_Modes.Steering_TV_with_TC.Transmission_Ratio.Gain ; 0x0
Torque_Control_P.Wheelbasem_Value ; 1001 437 ; ASD_PARAMETER ; Torque_Control.VDC.Vehicle_Dynamics_Control_Modes.VDC_Complete.Lateral_Dynamics.Yaw_Rate_Reference.Wheelbase_[m].Value ; 0x0
Torque_Control_P.Yaw_Inertiakgm3_Value ; 1001 438 ; ASD_PARAMETER ; Torque_Control.VDC.Vehicle_Dynamics_Control_Modes.VDC_Complete.Lateral_Dynamics.Yaw_Inertia__kg__m_3_.Value ; 0x0
Torque_Control_P.Zero_Value ; 1001 439 ; ASD_PARAMETER ; Torque_Control.VDC.Regeneration_Enable.Zero.Value ; 0x0
Torque_Control_P.ct_Value ; 1001 440 ; ASD_PARAMETER ; Torque_Control.Steering_Data_Conv.Low_Pass.ct.Value ; 0x0
Torque_Control_P.exptcycletau1_Value ; 1001 441 ; ASD_PARAMETER ; Torque_Control.Steering_Data_Conv.Low_Pass.exp__tcycle__tau_1.Value ; 0x0
Torque_Control_P.halfrange_Value ; 1001 442 ; ASD_PARAMETER ; Torque_Control.Steering_Data_Conv.half_range.Value ; 0x0
Torque_Control_P.inchtom1_Gain ; 1001 443 ; ASD_PARAMETER ; Torque_Control.VDC.Vehicle_Dynamics_Control_Modes.VDC_Complete.In_Numbers.inch_to_m1.Gain ; 0x0
Torque_Control_P.inchtom_Gain ; 1001 444 ; ASD_PARAMETER ; Torque_Control.VDC.Vehicle_Dynamics_Control_Modes.VDC_without_Longitudinal.In_Numbers.inch_to_m.Gain ; 0x0
Torque_Control_P.initial_limitation_Value ; 1001 445 ; ASD_PARAMETER ; Torque_Control.Controls_Temperature_by_limiting_Torque.initial_limitation.Value ; 0x0
Torque_Control_P.initial_limitation_Value_k ; 1001 446 ; ASD_PARAMETER ; Torque_Control.power_limitation.initial_limitation.Value ; 0x0
Torque_Control_P.range_Value ; 1001 447 ; ASD_PARAMETER ; Torque_Control.Steering_Data_Conv.range.Value ; 0x0
Torque_Control_P.rpm_Value ; 1001 448 ; ASD_PARAMETER ; Torque_Control.VDC.Vehicle_Dynamics_Control_Modes.VDC_Complete.Constraints_and_motor_to_wheel_Tq.Acelerating_and_braking_without_Regenerative.rpm.Value ; 0x0
Torque_Control_P.rpm_Value_k ; 1001 449 ; ASD_PARAMETER ; Torque_Control.VDC.Vehicle_Dynamics_Control_Modes.VDC_without_Longitudinal.Constraints.Acelerating_and_braking_without_Regenerative.rpm.Value ; 0x0
Torque_Control_P.u602pi_Gain ; 1001 450 ; ASD_PARAMETER ; Torque_Control.VDC.Vehicle_Dynamics_Control_Modes.VDC_Complete.Lateral_Dynamics.Yaw_Rate_Reference.360___2_pi_.Gain ; 0x0
Torque_Control_P.u602pi_Gain_g ; 1001 451 ; ASD_PARAMETER ; Torque_Control.VDC.Vehicle_Dynamics_Control_Modes.VDC_Complete.Lateral_Dynamics.Yaw_Rate_Reference.360___2pi_.Gain ; 0x0
Torque_Control_P.udifference1_Gain ; 1001 452 ; ASD_PARAMETER ; Torque_Control.VDC.Vehicle_Dynamics_Control_Modes.VDC_Complete.In_Numbers.3__difference1.Gain ; 0x0
Torque_Control_P.udifference_Gain ; 1001 453 ; ASD_PARAMETER ; Torque_Control.VDC.Vehicle_Dynamics_Control_Modes.VDC_without_Longitudinal.In_Numbers.3__difference.Gain ; 0x0
Torque_Control_P.zero_Value ; 1001 454 ; ASD_PARAMETER ; Torque_Control.Steering_Data_Conv.zero.Value ; 0x0
Torque_Control_U.ACCEL_F_X_SI ; 1001 455 ; ASD_VARIABLE ; Torque_Control.ACCEL_F_X_SI ; 0x0
Torque_Control_U.ACCEL_F_Y_SI ; 1001 456 ; ASD_VARIABLE ; Torque_Control.ACCEL_F_Y_SI ; 0x0
Torque_Control_U.ACCEL_F_Z_SI ; 1001 457 ; ASD_VARIABLE ; Torque_Control.ACCEL_F_Z_SI ; 0x0
Torque_Control_U.ACCEL_R_X_SI ; 1001 458 ; ASD_VARIABLE ; Torque_Control.ACCEL_R_X_SI ; 0x0
Torque_Control_U.ACCEL_R_Y_SI ; 1001 459 ; ASD_VARIABLE ; Torque_Control.ACCEL_R_Y_SI ; 0x0
Torque_Control_U.ACCEL_R_Z_SI ; 1001 460 ; ASD_VARIABLE ; Torque_Control.ACCEL_R_Z_SI ; 0x0
Torque_Control_U.APPS1_Value ; 1001 461 ; ASD_VARIABLE ; Torque_Control.APPS1_Value ; 0x0
Torque_Control_U.APPS2_Value ; 1001 462 ; ASD_VARIABLE ; Torque_Control.APPS2_Value ; 0x0
Torque_Control_U.Accumulator_Current ; 1001 463 ; ASD_VARIABLE ; Torque_Control.Accumulator_Current ; 0x0
Torque_Control_U.Accumulator_Voltage ; 1001 464 ; ASD_VARIABLE ; Torque_Control.Accumulator_Voltage ; 0x0
Torque_Control_U.BrakeSensor_Value ; 1001 465 ; ASD_VARIABLE ; Torque_Control.BrakeSensor_Value ; 0x0
Torque_Control_U.Car_State ; 1001 466 ; ASD_VARIABLE ; Torque_Control.Car_State ; 0x0
Torque_Control_U.CriticalDisconnection ; 1001 467 ; ASD_VARIABLE ; Torque_Control.CriticalDisconnection ; 0x0
Torque_Control_U.Gyro_F_Z_Deg ; 1001 468 ; ASD_VARIABLE ; Torque_Control.Gyro_F_Z_Deg ; 0x0
Torque_Control_U.Highest_CellTemp ; 1001 469 ; ASD_VARIABLE ; Torque_Control.Highest_CellTemp ; 0x0
Torque_Control_U.RL_rads ; 1001 470 ; ASD_VARIABLE ; Torque_Control.RL_rads ; 0x0
Torque_Control_U.RR_rads ; 1001 471 ; ASD_VARIABLE ; Torque_Control.RR_rads ; 0x0
Torque_Control_U.ShutdownClosed ; 1001 472 ; ASD_VARIABLE ; Torque_Control.ShutdownClosed ; 0x0
Torque_Control_U.SoC_High ; 1001 473 ; ASD_VARIABLE ; Torque_Control.SoC_High ; 0x0
Torque_Control_U.SoC_Low ; 1001 474 ; ASD_VARIABLE ; Torque_Control.SoC_Low ; 0x0
Torque_Control_U.SteeringSensor_Bits ; 1001 475 ; ASD_VARIABLE ; Torque_Control.SteeringSensor_Bits ; 0x0
Torque_Control_U.Susp_F_L ; 1001 476 ; ASD_VARIABLE ; Torque_Control.Susp_F_L ; 0x0
Torque_Control_U.Susp_F_R ; 1001 477 ; ASD_VARIABLE ; Torque_Control.Susp_F_R ; 0x0
Torque_Control_U.Susp_R_L ; 1001 478 ; ASD_VARIABLE ; Torque_Control.Susp_R_L ; 0x0
Torque_Control_U.Susp_R_R ; 1001 479 ; ASD_VARIABLE ; Torque_Control.Susp_R_R ; 0x0
Torque_Control_U.TV_Mode ; 1001 480 ; ASD_VARIABLE ; Torque_Control.TV_Mode ; 0x0
Torque_Control_U.Temp_IGBT ; 1001 481 ; ASD_VARIABLE ; Torque_Control.Temp_IGBT ; 0x0
Torque_Control_U.Temp_Motors ; 1001 482 ; ASD_VARIABLE ; Torque_Control.Temp_Motors ; 0x0
Torque_Control_U.TorqueEnable ; 1001 483 ; ASD_VARIABLE ; Torque_Control.TorqueEnable ; 0x0
Torque_Control_U.VDC_Apps_Sat_Down ; 1001 484 ; ASD_VARIABLE ; Torque_Control.VDC_Apps_Sat_Down ; 0x0
Torque_Control_U.VDC_Apps_Sat_Up ; 1001 485 ; ASD_VARIABLE ; Torque_Control.VDC_Apps_Sat_Up ; 0x0
Torque_Control_U.VDC_CKF_Initial ; 1001 486 ; ASD_VARIABLE ; Torque_Control.VDC_CKF_Initial ; 0x0
Torque_Control_U.VDC_Cte_CKF ; 1001 487 ; ASD_VARIABLE ; Torque_Control.VDC_Cte_CKF ; 0x0
Torque_Control_U.VDC_Cte_SKF ; 1001 488 ; ASD_VARIABLE ; Torque_Control.VDC_Cte_SKF ; 0x0
Torque_Control_U.VDC_K_Reduction_P ; 1001 489 ; ASD_VARIABLE ; Torque_Control.VDC_K_Reduction_P ; 0x0
Torque_Control_U.VDC_K_Reduction_Temperature ; 1001 490 ; ASD_VARIABLE ; Torque_Control.VDC_K_Reduction_Temperature ; 0x0
Torque_Control_U.VDC_Max_Regenerative_Torque ; 1001 491 ; ASD_VARIABLE ; Torque_Control.VDC_Max_Regenerative_Torque ; 0x0
Torque_Control_U.VDC_Power_Limit ; 1001 492 ; ASD_VARIABLE ; Torque_Control.VDC_Power_Limit ; 0x0
Torque_Control_U.VDC_SKF_Initial ; 1001 493 ; ASD_VARIABLE ; Torque_Control.VDC_SKF_Initial ; 0x0
Torque_Control_U.Vel_RL_kmh ; 1001 494 ; ASD_VARIABLE ; Torque_Control.Vel_RL_kmh ; 0x0
Torque_Control_U.Vel_RR_kmh ; 1001 495 ; ASD_VARIABLE ; Torque_Control.Vel_RR_kmh ; 0x0
Torque_Control_U.Workshop_Mode_Enable ; 1001 496 ; ASD_VARIABLE ; Torque_Control.Workshop_Mode_Enable ; 0x0
Torque_Control_Y.APPS_Implausibility ; 1001 497 ; ASD_VARIABLE ; Torque_Control.APPS_Implausibility ; 0x0
Torque_Control_Y.Brake_Implausibility ; 1001 498 ; ASD_VARIABLE ; Torque_Control.Brake_Implausibility ; 0x0
Torque_Control_Y.CKF_actual ; 1001 499 ; ASD_VARIABLE ; Torque_Control.CKF_actual ; 0x0
Torque_Control_Y.Dash_Speed ; 1001 500 ; ASD_VARIABLE ; Torque_Control.Dash_Speed ; 0x0
Torque_Control_Y.Fy_R ; 1001 501 ; ASD_VARIABLE ; Torque_Control.Fy_R ; 0x0
Torque_Control_Y.Handling ; 1001 502 ; ASD_VARIABLE ; Torque_Control.Handling ; 0x0
Torque_Control_Y.Mass ; 1001 503 ; ASD_VARIABLE ; Torque_Control.Mass ; 0x0
Torque_Control_Y.Max_Fx_RL ; 1001 504 ; ASD_VARIABLE ; Torque_Control.Max_Fx_RL ; 0x0
Torque_Control_Y.Max_Fx_RR ; 1001 505 ; ASD_VARIABLE ; Torque_Control.Max_Fx_RR ; 0x0
Torque_Control_Y.Max_Torque_RL ; 1001 506 ; ASD_VARIABLE ; Torque_Control.Max_Torque_RL ; 0x0
Torque_Control_Y.Max_Torque_RR ; 1001 507 ; ASD_VARIABLE ; Torque_Control.Max_Torque_RR ; 0x0
Torque_Control_Y.MeasVDCTorque_L ; 1001 508 ; ASD_VARIABLE ; Torque_Control.Meas_VDC_Torque_L ; 0x0
Torque_Control_Y.MeasVDCTorque_R ; 1001 509 ; ASD_VARIABLE ; Torque_Control.Meas_VDC_Torque_R ; 0x0
Torque_Control_Y.Power ; 1001 510 ; ASD_VARIABLE ; Torque_Control.Power ; 0x0
Torque_Control_Y.PowerLimitReached ; 1001 511 ; ASD_VARIABLE ; Torque_Control.PowerLimitReached ; 0x0
Torque_Control_Y.PowerMean500ms ; 1001 512 ; ASD_VARIABLE ; Torque_Control.PowerMean500ms ; 0x0
Torque_Control_Y.Pumps_Control ; 1001 513 ; ASD_VARIABLE ; Torque_Control.Pumps_Control ; 0x0
Torque_Control_Y.Regenerative_Enable ; 1001 514 ; ASD_VARIABLE ; Torque_Control.Regenerative_Enable ; 0x0
Torque_Control_Y.SKF_actual ; 1001 515 ; ASD_VARIABLE ; Torque_Control.SKF_actual ; 0x0
Torque_Control_Y.SteeringSensor_Value ; 1001 516 ; ASD_VARIABLE ; Torque_Control.SteeringSensor_Value ; 0x0
Torque_Control_Y.TV_Flag_CarBehaviour ; 1001 517 ; ASD_VARIABLE ; Torque_Control.TV_Flag_CarBehaviour ; 0x0
Torque_Control_Y.TV_Flag_Power ; 1001 518 ; ASD_VARIABLE ; Torque_Control.TV_Flag_Power ; 0x0
Torque_Control_Y.TV_Flag_Temperature ; 1001 519 ; ASD_VARIABLE ; Torque_Control.TV_Flag_Temperature ; 0x0
Torque_Control_Y.TV_Flag_WheelSpinRL ; 1001 520 ; ASD_VARIABLE ; Torque_Control.TV_Flag_WheelSpinRL ; 0x0
Torque_Control_Y.TV_Flag_WheelSpinRR ; 1001 521 ; ASD_VARIABLE ; Torque_Control.TV_Flag_WheelSpinRR ; 0x0
Torque_Control_Y.Throttle ; 1001 522 ; ASD_VARIABLE ; Torque_Control.Throttle ; 0x0
Torque_Control_Y.Torque_L ; 1001 523 ; ASD_VARIABLE ; Torque_Control.Torque_L ; 0x0
Torque_Control_Y.Torque_OK ; 1001 524 ; ASD_VARIABLE ; Torque_Control.Torque_OK ; 0x0
Torque_Control_Y.Torque_R ; 1001 525 ; ASD_VARIABLE ; Torque_Control.Torque_R ; 0x0
Torque_Control_Y.Torque_RLwc ; 1001 526 ; ASD_VARIABLE ; Torque_Control.Torque_RLwc ; 0x0
Torque_Control_Y.Torque_RRwc ; 1001 527 ; ASD_VARIABLE ; Torque_Control.Torque_RRwc ; 0x0
Torque_Control_Y.current_L ; 1001 528 ; ASD_VARIABLE ; Torque_Control.current_L ; 0x0
Torque_Control_Y.current_R ; 1001 529 ; ASD_VARIABLE ; Torque_Control.current_R ; 0x0
