_MID_ ; VDC
_MNAME_ ; VDC
VDC_B.Merge ; 1001 0 ; ASD_VARIABLE ; VDC.ENDURANCE.Merge.Merge ; 0x0
VDC_B.Merge1 ; 1001 1 ; ASD_VARIABLE ; VDC.Merge1.Merge1 ; 0x0
VDC_B.Merge1_f ; 1001 2 ; ASD_VARIABLE ; VDC.ENDURANCE.Merge1.Merge1_f ; 0x0
VDC_B.Merge2 ; 1001 3 ; ASD_VARIABLE ; VDC.Merge2.Merge2 ; 0x0
VDC_B.Merge2_l ; 1001 4 ; ASD_VARIABLE ; VDC.ENDURANCE.Merge2.Merge2_l ; 0x0
VDC_B.Merge3 ; 1001 5 ; ASD_VARIABLE ; VDC.Merge3.Merge3 ; 0x0
VDC_B.Merge3_n ; 1001 6 ; ASD_VARIABLE ; VDC.ENDURANCE.Merge3.Merge3_n ; 0x0
VDC_B.Merge4 ; 1001 7 ; ASD_VARIABLE ; VDC.Merge4.Merge4 ; 0x0
VDC_B.sf_MATLABFunction.Torque_L_Nm ; 1001 8 ; ASD_VARIABLE ; VDC.SKIDPAD.TC_TV.MATLAB_Function.Torque_L_Nm ; 0x0
VDC_B.sf_MATLABFunction.Torque_R_Nm ; 1001 9 ; ASD_VARIABLE ; VDC.SKIDPAD.TC_TV.MATLAB_Function.Torque_R_Nm ; 0x0
VDC_B.sf_MATLABFunction_a.Torque_L_Nm ; 1001 10 ; ASD_VARIABLE ; VDC.SKIDPAD.TV_with_TC_OFF.MATLAB_Function.Torque_L_Nm ; 0x0
VDC_B.sf_MATLABFunction_a.Torque_R_Nm ; 1001 11 ; ASD_VARIABLE ; VDC.SKIDPAD.TV_with_TC_OFF.MATLAB_Function.Torque_R_Nm ; 0x0
VDC_B.sf_Torquedemandedbythedriver_a.Throttle_Torque ; 1001 12 ; ASD_VARIABLE ; VDC.AUTOX1.Torque_demanded_by_the_driver.Throttle_Torque ; 0x0
VDC_B.sf_Torquedemandedbythedriver_k.Throttle_Torque ; 1001 13 ; ASD_VARIABLE ; VDC.ACCELERATION.Torque_demanded_by_the_driver.Throttle_Torque ; 0x0
VDC_B.sf_Torquedemandedbythedriver_m.Throttle_Torque ; 1001 14 ; ASD_VARIABLE ; VDC.SKIDPAD.Torque_demanded_by_the_driver.Throttle_Torque ; 0x0
VDC_B.state ; 1001 15 ; ASD_VARIABLE ; VDC.ENDURANCE.Torque.state.state ; 0x0
VDC_DW.ERROR_Counter ; 1001 16 ; ASD_VARIABLE ; VDC.SAFETY_BLOCK.APPS_IMPLAUSIBILITY.Data_Store_Memory1.ERROR_Counter ; 0x0
VDC_U.APPS1_Value ; 1001 17 ; ASD_VARIABLE ; VDC.APPS1_Value ; 0x0
VDC_U.APPS2_Value ; 1001 18 ; ASD_VARIABLE ; VDC.APPS2_Value ; 0x0
VDC_U.Accumulator_Voltage ; 1001 19 ; ASD_VARIABLE ; VDC.Accumulator_Voltage ; 0x0
VDC_U.BrakePedal_Value ; 1001 20 ; ASD_VARIABLE ; VDC.BrakePedal_Value ; 0x0
VDC_U.Car_State ; 1001 21 ; ASD_VARIABLE ; VDC.Car_State ; 0x0
VDC_U.CriticalDisconnection ; 1001 22 ; ASD_VARIABLE ; VDC.CriticalDisconnection ; 0x0
VDC_U.Disconnection_Mode ; 1001 23 ; ASD_VARIABLE ; VDC.Disconnection_Mode ; 0x0
VDC_U.RL_Vel_ms_Wheel ; 1001 24 ; ASD_VARIABLE ; VDC.RL_Vel_ms_Wheel ; 0x0
VDC_U.RL_rads_Motor ; 1001 25 ; ASD_VARIABLE ; VDC.RL_rads_Motor ; 0x0
VDC_U.RR_Vel_ms_Wheel ; 1001 26 ; ASD_VARIABLE ; VDC.RR_Vel_ms_Wheel ; 0x0
VDC_U.RR_rads_Motor ; 1001 27 ; ASD_VARIABLE ; VDC.RR_rads_Motor ; 0x0
VDC_U.RacingMode ; 1001 28 ; ASD_VARIABLE ; VDC.RacingMode ; 0x0
VDC_U.Shutdown_PackageIntck ; 1001 29 ; ASD_VARIABLE ; VDC.Shutdown_PackageIntck ; 0x0
VDC_U.SoC_High ; 1001 30 ; ASD_VARIABLE ; VDC.SoC_High ; 0x0
VDC_U.SteeringSensor_Value ; 1001 31 ; ASD_VARIABLE ; VDC.SteeringSensor_Value ; 0x0
VDC_U.Susp_F_L ; 1001 32 ; ASD_VARIABLE ; VDC.Susp_F_L ; 0x0
VDC_U.Susp_F_R ; 1001 33 ; ASD_VARIABLE ; VDC.Susp_F_R ; 0x0
VDC_U.Susp_R_L ; 1001 34 ; ASD_VARIABLE ; VDC.Susp_R_L ; 0x0
VDC_U.Susp_R_R ; 1001 35 ; ASD_VARIABLE ; VDC.Susp_R_R ; 0x0
VDC_U.TorqueEnable ; 1001 36 ; ASD_VARIABLE ; VDC.TorqueEnable ; 0x0
VDC_U.el_ACCEL_X ; 1001 37 ; ASD_VARIABLE ; VDC.el_ACCEL_X ; 0x0
VDC_U.el_ACCEL_Y ; 1001 38 ; ASD_VARIABLE ; VDC.el_ACCEL_Y ; 0x0
VDC_U.el_ACCEL_Z ; 1001 39 ; ASD_VARIABLE ; VDC.el_ACCEL_Z ; 0x0
VDC_U.el_GYRO_X ; 1001 40 ; ASD_VARIABLE ; VDC.el_GYRO_X ; 0x0
VDC_U.el_GYRO_Y ; 1001 41 ; ASD_VARIABLE ; VDC.el_GYRO_Y ; 0x0
VDC_U.el_GYRO_Z ; 1001 42 ; ASD_VARIABLE ; VDC.el_GYRO_Z ; 0x0
VDC_U.el_PITCH ; 1001 43 ; ASD_VARIABLE ; VDC.el_PITCH ; 0x0
VDC_U.el_ROLL ; 1001 44 ; ASD_VARIABLE ; VDC.el_ROLL ; 0x0
VDC_U.el_SlipAngle ; 1001 45 ; ASD_VARIABLE ; VDC.el_SlipAngle ; 0x0
VDC_U.el_Vel_X ; 1001 46 ; ASD_VARIABLE ; VDC.el_Vel_X ; 0x0
VDC_U.el_Vel_Y ; 1001 47 ; ASD_VARIABLE ; VDC.el_Vel_Y ; 0x0
VDC_U.el_Vel_Z ; 1001 48 ; ASD_VARIABLE ; VDC.el_Vel_Z ; 0x0
VDC_U.el_YAW ; 1001 49 ; ASD_VARIABLE ; VDC.el_YAW ; 0x0
VDC_Y.APPS_Implausibility ; 1001 50 ; ASD_VARIABLE ; VDC.APPS_Implausibility ; 0x0
VDC_Y.BrakeLight_Control ; 1001 51 ; ASD_VARIABLE ; VDC.BrakeLight_Control ; 0x0
VDC_Y.Regenerative_Enable ; 1001 52 ; ASD_VARIABLE ; VDC.Regenerative_Enable ; 0x0
VDC_Y.TV_Mode ; 1001 53 ; ASD_VARIABLE ; VDC.TV_Mode ; 0x0
VDC_Y.Throttle_Torque ; 1001 54 ; ASD_VARIABLE ; VDC.Throttle_Torque ; 0x0
VDC_Y.Torque_L ; 1001 55 ; ASD_VARIABLE ; VDC.Torque_L ; 0x0
VDC_Y.Torque_OK ; 1001 56 ; ASD_VARIABLE ; VDC.Torque_OK ; 0x0
VDC_Y.Torque_R ; 1001 57 ; ASD_VARIABLE ; VDC.Torque_R ; 0x0
VDC_Y.VDC_Max_Tyre_Slip ; 1001 58 ; ASD_VARIABLE ; VDC.VDC_Max_Tyre_Slip ; 0x0
