_MID_ ; inverters_action_ETR07
_MNAME_ ; inverters_action_ETR07
inverters_action_ETR07_B.Merge ; 1001 0 ; ASD_VARIABLE ; inverters_action_ETR07.Merge.Merge ; 0x0
inverters_action_ETR07_B.Merge2 ; 1001 1 ; ASD_VARIABLE ; inverters_action_ETR07.Subsystem9.Merge2.Merge2 ; 0x0
inverters_action_ETR07_B.Merge2_p ; 1001 2 ; ASD_VARIABLE ; inverters_action_ETR07.Subsystem10.Merge2.Merge2_p ; 0x0
inverters_action_ETR07_B.subscribed ; 1001 3 ; ASD_VARIABLE ; inverters_action_ETR07.Subsystem9.Unsubscribe__Subscribe.subscribed_.subscribed ; 0x0
inverters_action_ETR07_B.subscribed_b ; 1001 4 ; ASD_VARIABLE ; inverters_action_ETR07.Subsystem10.Unsubscribe__Subscribe.subscribed_.subscribed_b ; 0x0
inverters_action_ETR07_DW.EnumerationCounter ; 1001 5 ; ASD_VARIABLE ; inverters_action_ETR07.Subsystem10.Data_Store_Memory2.EnumerationCounter ; 0x0
inverters_action_ETR07_DW.EnumerationCounter_m ; 1001 6 ; ASD_VARIABLE ; inverters_action_ETR07.Subsystem9.Data_Store_Memory2.EnumerationCounter_m ; 0x0
inverters_action_ETR07_DW.LastAction ; 1001 7 ; ASD_VARIABLE ; inverters_action_ETR07.Subsystem10.Data_Store_Memory1.LastAction ; 0x0
inverters_action_ETR07_DW.LastAction_k ; 1001 8 ; ASD_VARIABLE ; inverters_action_ETR07.Subsystem9.Data_Store_Memory1.LastAction_k ; 0x0
inverters_action_ETR07_P.Constant_Value ; 1001 9 ; ASD_PARAMETER ; inverters_action_ETR07.Subsystem10.Unsubscribe__Subscribe.Constant.Value ; 0x0
inverters_action_ETR07_P.Constant_Value_m ; 1001 10 ; ASD_PARAMETER ; inverters_action_ETR07.Subsystem9.Unsubscribe__Subscribe.Constant.Value ; 0x0
inverters_action_ETR07_P.DataStoreMemory1_InitialValue ; 1001 11 ; ASD_PARAMETER ; inverters_action_ETR07.Subsystem10.Data_Store_Memory1.InitialValue ; 0x0
inverters_action_ETR07_P.DataStoreMemory1_InitialValue_m ; 1001 12 ; ASD_PARAMETER ; inverters_action_ETR07.Subsystem9.Data_Store_Memory1.InitialValue ; 0x0
inverters_action_ETR07_P.DataStoreMemory2_InitialValue ; 1001 13 ; ASD_PARAMETER ; inverters_action_ETR07.Subsystem10.Data_Store_Memory2.InitialValue ; 0x0
inverters_action_ETR07_P.DataStoreMemory2_InitialValue_c ; 1001 14 ; ASD_PARAMETER ; inverters_action_ETR07.Subsystem9.Data_Store_Memory2.InitialValue ; 0x0
inverters_action_ETR07_P.Delay_DelayLength ; 1001 15 ; ASD_PARAMETER ; inverters_action_ETR07.Subsystem10.edge_detection.Delay.DelayLength ; 0x0
inverters_action_ETR07_P.Delay_DelayLength_h ; 1001 16 ; ASD_PARAMETER ; inverters_action_ETR07.Subsystem9.edge_detection.Delay.DelayLength ; 0x0
inverters_action_ETR07_P.Delay_InitialCondition ; 1001 17 ; ASD_PARAMETER ; inverters_action_ETR07.Subsystem10.edge_detection.Delay.InitialCondition ; 0x0
inverters_action_ETR07_P.Delay_InitialCondition_o ; 1001 18 ; ASD_PARAMETER ; inverters_action_ETR07.Subsystem9.edge_detection.Delay.InitialCondition ; 0x0
inverters_action_ETR07_P.Merge_InitialOutput ; 1001 19 ; ASD_PARAMETER ; inverters_action_ETR07.Merge.InitialOutput ; 0x0
inverters_action_ETR07_P.TimeInterval_Value ; 1001 20 ; ASD_PARAMETER ; inverters_action_ETR07.Subsystem10.Unsubscribe__Subscribe.Subscribe.Time_Interval.Value ; 0x0
inverters_action_ETR07_P.TimeInterval_Value_d ; 1001 21 ; ASD_PARAMETER ; inverters_action_ETR07.Subsystem9.Unsubscribe__Subscribe.Subscribe.Time_Interval.Value ; 0x0
inverters_action_ETR07_P._Value ; 1001 22 ; ASD_PARAMETER ; inverters_action_ETR07.Subsystem10.Unsubscribe__Subscribe.Subscribe._.Value ; 0x0
inverters_action_ETR07_P.subscribed_InitialOutput ; 1001 23 ; ASD_PARAMETER ; inverters_action_ETR07.Subsystem10.Unsubscribe__Subscribe.subscribed_.InitialOutput ; 0x0
inverters_action_ETR07_P.subscribed_InitialOutput_k ; 1001 24 ; ASD_PARAMETER ; inverters_action_ETR07.Subsystem9.Unsubscribe__Subscribe.subscribed_.InitialOutput ; 0x0
inverters_action_ETR07_P.u_Value ; 1001 25 ; ASD_PARAMETER ; inverters_action_ETR07.Subsystem9.Unsubscribe__Subscribe.Subscribe.1.Value ; 0x0
inverters_action_ETR07_U.InvertersAction ; 1001 26 ; ASD_VARIABLE ; inverters_action_ETR07.InvertersAction ; 0x0
inverters_action_ETR07_U.current_L ; 1001 27 ; ASD_VARIABLE ; inverters_action_ETR07.current_L ; 0x0
inverters_action_ETR07_U.current_R ; 1001 28 ; ASD_VARIABLE ; inverters_action_ETR07.current_R ; 0x0
inverters_action_ETR07_Y.Inverter_L_RegID ; 1001 29 ; ASD_VARIABLE ; inverters_action_ETR07.Inverter_L_RegID ; 0x0
inverters_action_ETR07_Y.Inverter_L_b15tob8 ; 1001 30 ; ASD_VARIABLE ; inverters_action_ETR07.Inverter_L_b15tob8 ; 0x0
inverters_action_ETR07_Y.Inverter_L_b7tob0 ; 1001 31 ; ASD_VARIABLE ; inverters_action_ETR07.Inverter_L_b7tob0 ; 0x0
inverters_action_ETR07_Y.Inverter_R_RegID ; 1001 32 ; ASD_VARIABLE ; inverters_action_ETR07.Inverter_R_RegID ; 0x0
inverters_action_ETR07_Y.Inverter_R_b15tob8 ; 1001 33 ; ASD_VARIABLE ; inverters_action_ETR07.Inverter_R_b15tob8 ; 0x0
inverters_action_ETR07_Y.Inverter_R_b7tob0 ; 1001 34 ; ASD_VARIABLE ; inverters_action_ETR07.Inverter_R_b7tob0 ; 0x0
inverters_action_ETR07_Y.InvertersSubscribed ; 1001 35 ; ASD_VARIABLE ; inverters_action_ETR07.InvertersSubscribed ; 0x0
