_MID_ ; Torque_Control_ETR07
_MNAME_ ; Torque_Control_ETR07
Torque_Control_ETR07_B.A ; 1001 0 ; ASD_VARIABLE ; Torque_Control_ETR07.Calculate_Current_Conversion.KT_L_TORKY.A.A ; 0x0
Torque_Control_ETR07_B.A1 ; 1001 1 ; ASD_VARIABLE ; Torque_Control_ETR07.Calculate_Current_Conversion.KT_R_EMY.A1.A1 ; 0x0
Torque_Control_ETR07_B.Abs ; 1001 2 ; ASD_VARIABLE ; Torque_Control_ETR07.VDC.Abs.Abs ; 0x0
Torque_Control_ETR07_B.B ; 1001 3 ; ASD_VARIABLE ; Torque_Control_ETR07.Calculate_Current_Conversion.KT_L_TORKY.B.B ; 0x0
Torque_Control_ETR07_B.B1 ; 1001 4 ; ASD_VARIABLE ; Torque_Control_ETR07.Calculate_Current_Conversion.KT_R_EMY.B1.B1 ; 0x0
Torque_Control_ETR07_B.BRAKE_THRESHOLD ; 1001 5 ; ASD_VARIABLE ; Torque_Control_ETR07.VDC.Regeneration_Enable.BRAKE_THRESHOLD.BRAKE_THRESHOLD ; 0x0
Torque_Control_ETR07_B.C ; 1001 6 ; ASD_VARIABLE ; Torque_Control_ETR07.Calculate_Current_Conversion.KT_L_TORKY.C.C ; 0x0
Torque_Control_ETR07_B.C1 ; 1001 7 ; ASD_VARIABLE ; Torque_Control_ETR07.Calculate_Current_Conversion.KT_R_EMY.C1.C1 ; 0x0
Torque_Control_ETR07_B.Constant ; 1001 8 ; ASD_VARIABLE ; Torque_Control_ETR07.SAFETY_BLOCK.Compare_To_Constant.Constant.Constant ; 0x0
Torque_Control_ETR07_B.Constant1 ; 1001 9 ; ASD_VARIABLE ; Torque_Control_ETR07.VDC.Vehicle_Dynamics_Control_2018.VDC_2018_without_Longitudinal.Kamm_Circle_Lateral.Constant1.Constant1 ; 0x0
Torque_Control_ETR07_B.Constant1_i ; 1001 10 ; ASD_VARIABLE ; Torque_Control_ETR07.VDC.Vehicle_Dynamics_Control_2018.VDC_2018_Complete.Wheel_to_engine.Constant1.Constant1_i ; 0x0
Torque_Control_ETR07_B.Constant1_j ; 1001 11 ; ASD_VARIABLE ; Torque_Control_ETR07.VDC.Vehicle_Dynamics_Control_2018.VDC_2018_Complete.In_Numbers.Constant1.Constant1_j ; 0x0
Torque_Control_ETR07_B.Constant1_k ; 1001 12 ; ASD_VARIABLE ; Torque_Control_ETR07.VDC.Vehicle_Dynamics_Control_2018.VDC_2018_without_Longitudinal.Wheel_to_engine.Constant1.Constant1_k ; 0x0
Torque_Control_ETR07_B.Constant3 ; 1001 13 ; ASD_VARIABLE ; Torque_Control_ETR07.VDC.Vehicle_Dynamics_Control_2018.VDC_2018_Complete.Lateral_Dynamics.Constant3.Constant3 ; 0x0
Torque_Control_ETR07_B.Constant3_e ; 1001 14 ; ASD_VARIABLE ; Torque_Control_ETR07.VDC.Vehicle_Dynamics_Control_2018.VDC_2018_Complete.Longitudinal_Dynamics.Constant3.Constant3_e ; 0x0
Torque_Control_ETR07_B.Constant4 ; 1001 15 ; ASD_VARIABLE ; Torque_Control_ETR07.VDC.Vehicle_Dynamics_Control_2018.VDC_2018_Complete.Lateral_Dynamics.Constant4.Constant4 ; 0x0
Torque_Control_ETR07_B.Constant4_m ; 1001 16 ; ASD_VARIABLE ; Torque_Control_ETR07.VDC.Vehicle_Dynamics_Control_2018.VDC_2018_Complete.Longitudinal_Dynamics.Constant4.Constant4_m ; 0x0
Torque_Control_ETR07_B.Constant7 ; 1001 17 ; ASD_VARIABLE ; Torque_Control_ETR07.VDC.Vehicle_Dynamics_Control_2018.VDC_2018_Complete.Lateral_Dynamics.Yaw_Rate_Reference.Constant7.Constant7 ; 0x0
Torque_Control_ETR07_B.Constant8 ; 1001 18 ; ASD_VARIABLE ; Torque_Control_ETR07.VDC.Vehicle_Dynamics_Control_2018.VDC_2018_Complete.Lateral_Dynamics.Yaw_Rate_Reference.Constant8.Constant8 ; 0x0
Torque_Control_ETR07_B.Constant_b ; 1001 19 ; ASD_VARIABLE ; Torque_Control_ETR07.VDC.Vehicle_Dynamics_Control_2018.VDC_2018_Complete.Wheel_to_engine.Constant.Constant_b ; 0x0
Torque_Control_ETR07_B.Constant_d ; 1001 20 ; ASD_VARIABLE ; Torque_Control_ETR07.VDC.Vehicle_Dynamics_Control_2018.Steering_TV_2017_with_TC.Optimization_SKF__amp__CKF.Subsystem.SKF.Spin.Constant.Constant_d ; 0x0
Torque_Control_ETR07_B.Constant_dd ; 1001 21 ; ASD_VARIABLE ; Torque_Control_ETR07.VDC.Vehicle_Dynamics_Control_2018.VDC_2018_without_Longitudinal.Kamm_Circle_Lateral.Constant.Constant_dd ; 0x0
Torque_Control_ETR07_B.Constant_e ; 1001 22 ; ASD_VARIABLE ; Torque_Control_ETR07.VDC.Vehicle_Dynamics_Control_2018.VDC_2018_without_Longitudinal.Wheel_to_engine.Constant.Constant_e ; 0x0
Torque_Control_ETR07_B.Constant_h ; 1001 23 ; ASD_VARIABLE ; Torque_Control_ETR07.Constant.Constant_h ; 0x0
Torque_Control_ETR07_B.Constant_i ; 1001 24 ; ASD_VARIABLE ; Torque_Control_ETR07.Pumps_Controller.Compare_To_Constant.Constant.Constant_i ; 0x0
Torque_Control_ETR07_B.Constant_k ; 1001 25 ; ASD_VARIABLE ; Torque_Control_ETR07.VDC.Vehicle_Dynamics_Control_2018.VDC_2018_Complete.Optimization_SKF__amp__CKF.Subsystem.SKF.Spin.Constant.Constant_k ; 0x0
Torque_Control_ETR07_B.Constant_l ; 1001 26 ; ASD_VARIABLE ; Torque_Control_ETR07.VDC.Constant.Constant_l ; 0x0
Torque_Control_ETR07_B.Constant_m ; 1001 27 ; ASD_VARIABLE ; Torque_Control_ETR07.VDC.WORKSHOP_MODE_RESTRICTIONS.Torque_Reduction.Constant.Constant_m ; 0x0
Torque_Control_ETR07_B.Constant_mf ; 1001 28 ; ASD_VARIABLE ; Torque_Control_ETR07.VDC.Vehicle_Dynamics_Control_2018.VDC_2018_Complete.Longitudinal_Dynamics.Constant.Constant_mf ; 0x0
Torque_Control_ETR07_B.Constant_n ; 1001 29 ; ASD_VARIABLE ; Torque_Control_ETR07.Pumps_Controller.Compare_To_Constant1.Constant.Constant_n ; 0x0
Torque_Control_ETR07_B.Constant_o ; 1001 30 ; ASD_VARIABLE ; Torque_Control_ETR07.VDC.Regeneration_Enable.Constant.Constant_o ; 0x0
Torque_Control_ETR07_B.Constant_ob ; 1001 31 ; ASD_VARIABLE ; Torque_Control_ETR07.VDC.Vehicle_Dynamics_Control_2018.Steering_TV_2017_with_TC.Optimization_SKF__amp__CKF.Subsystem.CKF.Spin.Constant.Constant_ob ; 0x0
Torque_Control_ETR07_B.Constant_p ; 1001 32 ; ASD_VARIABLE ; Torque_Control_ETR07.VDC.Vehicle_Dynamics_Control_2018.VDC_2018_Complete.Constant.Constant_p ; 0x0
Torque_Control_ETR07_B.Divide ; 1001 33 ; ASD_VARIABLE ; Torque_Control_ETR07.VDC.Vehicle_Dynamics_Control_2018.VDC_2018_Complete.Wheel_to_engine.Fx_to_engineTqRR.Divide.Divide ; 0x0
Torque_Control_ETR07_B.Divide1 ; 1001 34 ; ASD_VARIABLE ; Torque_Control_ETR07.VDC.Vehicle_Dynamics_Control_2018.VDC_2018_Complete.Lateral_Dynamics.Tire_Longitudinal_Force_Difference.Momentum_Z_to_Longitudinal_Force_Difference.Divide1.Divide1 ; 0x0
Torque_Control_ETR07_B.Divide_i ; 1001 35 ; ASD_VARIABLE ; Torque_Control_ETR07.VDC.Vehicle_Dynamics_Control_2018.VDC_2018_Complete.Wheel_to_engine.Fx_to_engineTqRL.Divide.Divide_i ; 0x0
Torque_Control_ETR07_B.Gain ; 1001 36 ; ASD_VARIABLE ; Torque_Control_ETR07.VDC.Vehicle_Dynamics_Control_2018.Gain.Gain ; 0x0
Torque_Control_ETR07_B.LimitTemperatureCeldasC ; 1001 37 ; ASD_VARIABLE ; Torque_Control_ETR07.VDC.Vehicle_Dynamics_Control_2018.Limit_Temperature_Celdas___C_.LimitTemperatureCeldasC ; 0x0
Torque_Control_ETR07_B.LimitTemperatureIGBTC ; 1001 38 ; ASD_VARIABLE ; Torque_Control_ETR07.VDC.Vehicle_Dynamics_Control_2018.Limit_Temperature_IGBT____C_.LimitTemperatureIGBTC ; 0x0
Torque_Control_ETR07_B.LimitTemperatureMotorC ; 1001 39 ; ASD_VARIABLE ; Torque_Control_ETR07.VDC.Vehicle_Dynamics_Control_2018.Limit_Temperature_Motor____C_.LimitTemperatureMotorC ; 0x0
Torque_Control_ETR07_B.LogicalOperator ; 1001 40 ; ASD_VARIABLE ; Torque_Control_ETR07.SAFETY_BLOCK.Logical_Operator.LogicalOperator ; 0x0
Torque_Control_ETR07_B.LogicalOperator1 ; 1001 41 ; ASD_VARIABLE ; Torque_Control_ETR07.SAFETY_BLOCK.BRAKE_IMPLAUSIBILITY.Logical_Operator1.LogicalOperator1 ; 0x0
Torque_Control_ETR07_B.MaximumTorqueperengineNm ; 1001 42 ; ASD_VARIABLE ; Torque_Control_ETR07.VDC.Vehicle_Dynamics_Control_2018.VDC_2018_without_Longitudinal.In_Numbers.Maximum_Torque_per_engine_[Nm].MaximumTorqueperengineNm ; 0x0
Torque_Control_ETR07_B.MaximumTorqueperengineNm_m ; 1001 43 ; ASD_VARIABLE ; Torque_Control_ETR07.VDC.Vehicle_Dynamics_Control_2018.VDC_2018_Complete.In_Numbers.Maximum_Torque_per_engine_[Nm].MaximumTorqueperengineNm_m ; 0x0
Torque_Control_ETR07_B.MaximumTransmissionTorqueDyna_b ; 1001 44 ; ASD_VARIABLE ; Torque_Control_ETR07.VDC.Vehicle_Dynamics_Control_2018.VDC_2018_Complete.In_Numbers.Maximum_Transmission_Torque_Dynamic_[Nm].MaximumTransmissionTorqueDyna_b ; 0x0
Torque_Control_ETR07_B.MaximumTransmissionTorqueDynami ; 1001 45 ; ASD_VARIABLE ; Torque_Control_ETR07.VDC.Vehicle_Dynamics_Control_2018.VDC_2018_without_Longitudinal.In_Numbers.Maximum_Transmission_Torque_Dynamic_[Nm].MaximumTransmissionTorqueDynami ; 0x0
Torque_Control_ETR07_B.MaximumTransmissionTorqueStat_b ; 1001 46 ; ASD_VARIABLE ; Torque_Control_ETR07.VDC.Vehicle_Dynamics_Control_2018.VDC_2018_Complete.In_Numbers.Maximum_Transmission_Torque_Static_[Nm].MaximumTransmissionTorqueStat_b ; 0x0
Torque_Control_ETR07_B.MaximumTransmissionTorqueStatic ; 1001 47 ; ASD_VARIABLE ; Torque_Control_ETR07.VDC.Vehicle_Dynamics_Control_2018.VDC_2018_without_Longitudinal.In_Numbers.Maximum_Transmission_Torque_Static_[Nm].MaximumTransmissionTorqueStatic ; 0x0
Torque_Control_ETR07_B.Merge ; 1001 48 ; ASD_VARIABLE ; Torque_Control_ETR07.VDC.TEST_MODE_IN.Merge.Merge ; 0x0
Torque_Control_ETR07_B.Merge1 ; 1001 49 ; ASD_VARIABLE ; Torque_Control_ETR07.VDC.TEST_MODE_IN.Merge1.Merge1 ; 0x0
Torque_Control_ETR07_B.Merge1_a ; 1001 50 ; ASD_VARIABLE ; Torque_Control_ETR07.VDC.Regeneration_Enable.Merge1.Merge1_a ; 0x0
Torque_Control_ETR07_B.Merge1_a0 ; 1001 51 ; ASD_VARIABLE ; Torque_Control_ETR07.Merge1.Merge1_a0 ; 0x0
Torque_Control_ETR07_B.Merge1_b ; 1001 52 ; ASD_VARIABLE ; Torque_Control_ETR07.VDC.Vehicle_Dynamics_Control_2018.VDC_2018_Complete.Driver____CarBehaviours.Merge1.Merge1_b ; 0x0
Torque_Control_ETR07_B.Merge1_i ; 1001 53 ; ASD_VARIABLE ; Torque_Control_ETR07.Calculate_Current_Conversion.KT_R_EMY.Merge1.Merge1_i ; 0x0
Torque_Control_ETR07_B.Merge1_k ; 1001 54 ; ASD_VARIABLE ; Torque_Control_ETR07.VDC.Regeneration_Enable.Not_Braking.Merge1.Merge1_k ; 0x0
Torque_Control_ETR07_B.Merge1_l ; 1001 55 ; ASD_VARIABLE ; Torque_Control_ETR07.VDC.Vehicle_Dynamics_Control_2018.VDC_2018_without_Longitudinal.Driver____CarBehaviours.Merge1.Merge1_l ; 0x0
Torque_Control_ETR07_B.Merge1_lz ; 1001 56 ; ASD_VARIABLE ; Torque_Control_ETR07.Calculate_Current_Conversion.KT_L_TORKY.Merge1.Merge1_lz ; 0x0
Torque_Control_ETR07_B.Merge1_m ; 1001 57 ; ASD_VARIABLE ; Torque_Control_ETR07.VDC.Vehicle_Dynamics_Control_2018.Merge1.Merge1_m ; 0x0
Torque_Control_ETR07_B.Merge1_n ; 1001 58 ; ASD_VARIABLE ; Torque_Control_ETR07.VDC.Vehicle_Dynamics_Control_2018.VDC_2018_Complete.Merge1.Merge1_n ; 0x0
Torque_Control_ETR07_B.Merge2 ; 1001 59 ; ASD_VARIABLE ; Torque_Control_ETR07.VDC.TEST_MODE_IN.Merge2.Merge2 ; 0x0
Torque_Control_ETR07_B.Merge2_b ; 1001 60 ; ASD_VARIABLE ; Torque_Control_ETR07.Calculate_Current_Conversion.KT_L_TORKY.Merge2.Merge2_b ; 0x0
Torque_Control_ETR07_B.Merge2_e ; 1001 61 ; ASD_VARIABLE ; Torque_Control_ETR07.Merge2.Merge2_e ; 0x0
Torque_Control_ETR07_B.Merge2_g ; 1001 62 ; ASD_VARIABLE ; Torque_Control_ETR07.Calculate_Current_Conversion.KT_R_EMY.Merge2.Merge2_g ; 0x0
Torque_Control_ETR07_B.Merge2_j ; 1001 63 ; ASD_VARIABLE ; Torque_Control_ETR07.VDC.Vehicle_Dynamics_Control_2018.VDC_2018_Complete.Constraints.Acelerating_and_braking_without_Regenerative.Merge2.Merge2_j ; 0x0
Torque_Control_ETR07_B.Merge2_l ; 1001 64 ; ASD_VARIABLE ; Torque_Control_ETR07.VDC.Vehicle_Dynamics_Control_2018.Merge2.Merge2_l ; 0x0
Torque_Control_ETR07_B.Merge2_lx ; 1001 65 ; ASD_VARIABLE ; Torque_Control_ETR07.VDC.Vehicle_Dynamics_Control_2018.VDC_2018_Complete.Merge2.Merge2_lx ; 0x0
Torque_Control_ETR07_B.Merge2_o ; 1001 66 ; ASD_VARIABLE ; Torque_Control_ETR07.VDC.Vehicle_Dynamics_Control_2018.VDC_2018_without_Longitudinal.Constraints.Acelerating_and_braking_without_Regenerative.Merge2.Merge2_o ; 0x0
Torque_Control_ETR07_B.Merge3 ; 1001 67 ; ASD_VARIABLE ; Torque_Control_ETR07.VDC.TEST_MODE_IN.Merge3.Merge3 ; 0x0
Torque_Control_ETR07_B.Merge3_c ; 1001 68 ; ASD_VARIABLE ; Torque_Control_ETR07.VDC.Vehicle_Dynamics_Control_2018.Merge3.Merge3_c ; 0x0
Torque_Control_ETR07_B.Merge3_e ; 1001 69 ; ASD_VARIABLE ; Torque_Control_ETR07.VDC.Vehicle_Dynamics_Control_2018.VDC_2018_Complete.Merge3.Merge3_e ; 0x0
Torque_Control_ETR07_B.Merge3_h ; 1001 70 ; ASD_VARIABLE ; Torque_Control_ETR07.VDC.Vehicle_Dynamics_Control_2018.VDC_2018_Complete.Constraints.Acelerating_and_braking_without_Regenerative.Merge3.Merge3_h ; 0x0
Torque_Control_ETR07_B.Merge4 ; 1001 71 ; ASD_VARIABLE ; Torque_Control_ETR07.VDC.Vehicle_Dynamics_Control_2018.VDC_2018_Complete.Merge4.Merge4 ; 0x0
Torque_Control_ETR07_B.Merge4_b ; 1001 72 ; ASD_VARIABLE ; Torque_Control_ETR07.VDC.Vehicle_Dynamics_Control_2018.VDC_2018_Complete.Constraints.Acelerating_and_braking_without_Regenerative.Merge4.Merge4_b ; 0x0
Torque_Control_ETR07_B.Merge5 ; 1001 73 ; ASD_VARIABLE ; Torque_Control_ETR07.SAFETY_BLOCK.BRAKE_IMPLAUSIBILITY.Merge5.Merge5 ; 0x0
Torque_Control_ETR07_B.Merge5_e ; 1001 74 ; ASD_VARIABLE ; Torque_Control_ETR07.VDC.Vehicle_Dynamics_Control_2018.VDC_2018_Complete.Merge5.Merge5_e ; 0x0
Torque_Control_ETR07_B.Merge6 ; 1001 75 ; ASD_VARIABLE ; Torque_Control_ETR07.VDC.Vehicle_Dynamics_Control_2018.VDC_2018_Complete.Merge6.Merge6 ; 0x0
Torque_Control_ETR07_B.Merge7 ; 1001 76 ; ASD_VARIABLE ; Torque_Control_ETR07.VDC.Vehicle_Dynamics_Control_2018.VDC_2018_Complete.Merge7.Merge7 ; 0x0
Torque_Control_ETR07_B.Merge_a ; 1001 77 ; ASD_VARIABLE ; Torque_Control_ETR07.Calculate_Current_Conversion.KT_L_TORKY.Merge.Merge_a ; 0x0
Torque_Control_ETR07_B.Merge_c ; 1001 78 ; ASD_VARIABLE ; Torque_Control_ETR07.VDC.Vehicle_Dynamics_Control_2018.Merge.Merge_c ; 0x0
Torque_Control_ETR07_B.Merge_cu ; 1001 79 ; ASD_VARIABLE ; Torque_Control_ETR07.VDC.Vehicle_Dynamics_Control_2018.VDC_2018_Complete.Optimization_SKF__amp__CKF.Subsystem.CKF.Merge.Merge_cu ; 0x0
Torque_Control_ETR07_B.Merge_d ; 1001 80 ; ASD_VARIABLE ; Torque_Control_ETR07.VDC.Regeneration_Enable.Merge.Merge_d ; 0x0
Torque_Control_ETR07_B.Merge_g ; 1001 81 ; ASD_VARIABLE ; Torque_Control_ETR07.VDC.Vehicle_Dynamics_Control_2018.VDC_2018_without_Longitudinal.Optimization_SKF__amp__CKF.Subsystem.CKF.Merge.Merge_g ; 0x0
Torque_Control_ETR07_B.Merge_h ; 1001 82 ; ASD_VARIABLE ; Torque_Control_ETR07.VDC.Regeneration_Enable.Not_Braking.Merge.Merge_h ; 0x0
Torque_Control_ETR07_B.Merge_i ; 1001 83 ; ASD_VARIABLE ; Torque_Control_ETR07.VDC.Vehicle_Dynamics_Control_2018.VDC_2018_Complete.Optimization_SKF__amp__CKF.Subsystem.SKF.Merge.Merge_i ; 0x0
Torque_Control_ETR07_B.Merge_j ; 1001 84 ; ASD_VARIABLE ; Torque_Control_ETR07.SAFETY_BLOCK.APPS_IMPLAUSIBILITY.Merge.Merge_j ; 0x0
Torque_Control_ETR07_B.Merge_k ; 1001 85 ; ASD_VARIABLE ; Torque_Control_ETR07.VDC.Vehicle_Dynamics_Control_2018.Steering_TV_2017_with_TC.Optimization_SKF__amp__CKF.Subsystem.CKF.Merge.Merge_k ; 0x0
Torque_Control_ETR07_B.Merge_kj ; 1001 86 ; ASD_VARIABLE ; Torque_Control_ETR07.VDC.Vehicle_Dynamics_Control_2018.Steering_TV_2017_with_TC.Optimization_SKF__amp__CKF.Subsystem.SKF.Merge.Merge_kj ; 0x0
Torque_Control_ETR07_B.Merge_kt ; 1001 87 ; ASD_VARIABLE ; Torque_Control_ETR07.VDC.Vehicle_Dynamics_Control_2018.VDC_2018_Complete.Driver____CarBehaviours.Merge.Merge_kt ; 0x0
Torque_Control_ETR07_B.Merge_l ; 1001 88 ; ASD_VARIABLE ; Torque_Control_ETR07.VDC.Vehicle_Dynamics_Control_2018.VDC_2018_without_Longitudinal.Driver____CarBehaviours.Merge.Merge_l ; 0x0
Torque_Control_ETR07_B.Merge_m ; 1001 89 ; ASD_VARIABLE ; Torque_Control_ETR07.VDC.Vehicle_Dynamics_Control_2018.VDC_2018_Complete.Merge.Merge_m ; 0x0
Torque_Control_ETR07_B.Nospin_k.sf_MATLABFunction.CKF_act0 ; 1001 90 ; ASD_VARIABLE ; Torque_Control_ETR07.VDC.Vehicle_Dynamics_Control_2018.VDC_2018_Complete.Optimization_SKF__amp__CKF.Subsystem.CKF.No_spin.MATLAB_Function.CKF_act0 ; 0x0
Torque_Control_ETR07_B.Nospin_m.sf_MATLABFunction.CKF_act0 ; 1001 91 ; ASD_VARIABLE ; Torque_Control_ETR07.VDC.Vehicle_Dynamics_Control_2018.VDC_2018_without_Longitudinal.Optimization_SKF__amp__CKF.Subsystem.CKF.No_spin.MATLAB_Function.CKF_act0 ; 0x0
Torque_Control_ETR07_B.OutportBufferForFlags_num5 ; 1001 92 ; ASD_VARIABLE ; Torque_Control_ETR07.VDC.Vehicle_Dynamics_Control_2018.VDC_2018_Complete.Flags.OutportBufferForFlags_num5 ; 0x0
Torque_Control_ETR07_B.Saturation ; 1001 93 ; ASD_VARIABLE ; Torque_Control_ETR07.VDC.Vehicle_Dynamics_Control_2018.Steering_TV_2017_with_TC.Optimization_SKF__amp__CKF.Subsystem.CKF.Saturation.Saturation ; 0x0
Torque_Control_ETR07_B.Saturation_f ; 1001 94 ; ASD_VARIABLE ; Torque_Control_ETR07.VDC.Vehicle_Dynamics_Control_2018.VDC_2018_Complete.Optimization_SKF__amp__CKF.Subsystem.SKF.Saturation.Saturation_f ; 0x0
Torque_Control_ETR07_B.Saturation_i ; 1001 95 ; ASD_VARIABLE ; Torque_Control_ETR07.VDC.Vehicle_Dynamics_Control_2018.VDC_2018_Complete.Optimization_SKF__amp__CKF.Subsystem.CKF.Saturation.Saturation_i ; 0x0
Torque_Control_ETR07_B.Saturation_k ; 1001 96 ; ASD_VARIABLE ; Torque_Control_ETR07.VDC.Vehicle_Dynamics_Control_2018.Steering_TV_2017_with_TC.Optimization_SKF__amp__CKF.Subsystem.SKF.Saturation.Saturation_k ; 0x0
Torque_Control_ETR07_B.Spin_n.Constant ; 1001 97 ; ASD_VARIABLE ; Torque_Control_ETR07.VDC.Vehicle_Dynamics_Control_2018.VDC_2018_Complete.Optimization_SKF__amp__CKF.Subsystem.CKF.Spin.Constant.Constant ; 0x0
Torque_Control_ETR07_B.Spin_n.sf_MATLABFunction.CKF_act1 ; 1001 98 ; ASD_VARIABLE ; Torque_Control_ETR07.VDC.Vehicle_Dynamics_Control_2018.VDC_2018_Complete.Optimization_SKF__amp__CKF.Subsystem.CKF.Spin.MATLAB_Function.CKF_act1 ; 0x0
Torque_Control_ETR07_B.Spin_nb.Constant ; 1001 99 ; ASD_VARIABLE ; Torque_Control_ETR07.VDC.Vehicle_Dynamics_Control_2018.VDC_2018_without_Longitudinal.Optimization_SKF__amp__CKF.Subsystem.CKF.Spin.Constant.Constant ; 0x0
Torque_Control_ETR07_B.Spin_nb.sf_MATLABFunction.CKF_act1 ; 1001 100 ; ASD_VARIABLE ; Torque_Control_ETR07.VDC.Vehicle_Dynamics_Control_2018.VDC_2018_without_Longitudinal.Optimization_SKF__amp__CKF.Subsystem.CKF.Spin.MATLAB_Function.CKF_act1 ; 0x0
Torque_Control_ETR07_B.SteeringWheelMaximumAngle ; 1001 101 ; ASD_VARIABLE ; Torque_Control_ETR07.VDC.Vehicle_Dynamics_Control_2018.Steering_TV_2017_with_TC.Optimization_SKF__amp__CKF.Subsystem.Steering_Wheel_Maximum_Angle.SteeringWheelMaximumAngle ; 0x0
Torque_Control_ETR07_B.SteeringWheelMaximumAngle_m ; 1001 102 ; ASD_VARIABLE ; Torque_Control_ETR07.VDC.Vehicle_Dynamics_Control_2018.Steering_TV_2017_with_TC.Steering_Wheel_Maximum_Angle.SteeringWheelMaximumAngle_m ; 0x0
Torque_Control_ETR07_B.SteeringWheelMaximumAngle_p ; 1001 103 ; ASD_VARIABLE ; Torque_Control_ETR07.VDC.Vehicle_Dynamics_Control_2018.VDC_2018_Complete.Optimization_SKF__amp__CKF.Subsystem.Steering_Wheel_Maximum_Angle.SteeringWheelMaximumAngle_p ; 0x0
Torque_Control_ETR07_B.SteeringWheelSaturationpersited ; 1001 104 ; ASD_VARIABLE ; Torque_Control_ETR07.VDC.Vehicle_Dynamics_Control_2018.Steering_Wheel_Saturation__per_site__[deg].SteeringWheelSaturationpersited ; 0x0
Torque_Control_ETR07_B.Steering_Ratio ; 1001 105 ; ASD_VARIABLE ; Torque_Control_ETR07.VDC.Vehicle_Dynamics_Control_2018.VDC_2018_Complete.Lateral_Dynamics.Yaw_Rate_Reference.Steering_Ratio____.Steering_Ratio ; 0x0
Torque_Control_ETR07_B.Subtract ; 1001 106 ; ASD_VARIABLE ; Torque_Control_ETR07.Steering_Data_Conv.Low_Pass.Subtract.Subtract ; 0x0
Torque_Control_ETR07_B.Throttle ; 1001 107 ; ASD_VARIABLE ; Torque_Control_ETR07.VDC.Vehicle_Dynamics_Control_2018.VDC_2018_Complete.Driver____CarBehaviours.Accelerating.Throttle.Throttle ; 0x0
Torque_Control_ETR07_B.Torque_RLNm ; 1001 108 ; ASD_VARIABLE ; Torque_Control_ETR07.VDC.Vehicle_Dynamics_Control_2018.Rigid_Axle.Torque_RL_[Nm].Torque_RLNm ; 0x0
Torque_Control_ETR07_B.Torque_RRNm ; 1001 109 ; ASD_VARIABLE ; Torque_Control_ETR07.VDC.Vehicle_Dynamics_Control_2018.Rigid_Axle.Torque_RR_[Nm].Torque_RRNm ; 0x0
Torque_Control_ETR07_B.Tq_diff_Max ; 1001 110 ; ASD_VARIABLE ; Torque_Control_ETR07.VDC.Vehicle_Dynamics_Control_2018.VDC_2018_Complete.In_Numbers.Tq_diff_Max.Tq_diff_Max ; 0x0
Torque_Control_ETR07_B.Tq_diff_maxNm ; 1001 111 ; ASD_VARIABLE ; Torque_Control_ETR07.VDC.Vehicle_Dynamics_Control_2018.Steering_TV_2017_with_TC.Tq_diff_max_[Nm].Tq_diff_maxNm ; 0x0
Torque_Control_ETR07_B.Tq_maxNm ; 1001 112 ; ASD_VARIABLE ; Torque_Control_ETR07.VDC.Vehicle_Dynamics_Control_2018.Steering_TV_2017_with_TC.Tq_max_[Nm].Tq_maxNm ; 0x0
Torque_Control_ETR07_B.TransmisionRatio ; 1001 113 ; ASD_VARIABLE ; Torque_Control_ETR07.VDC.Vehicle_Dynamics_Control_2018.VDC_2018_without_Longitudinal.In_Numbers.Transmision_Ratio___.TransmisionRatio ; 0x0
Torque_Control_ETR07_B.TransmisionRatio_b ; 1001 114 ; ASD_VARIABLE ; Torque_Control_ETR07.VDC.Vehicle_Dynamics_Control_2018.VDC_2018_Complete.In_Numbers.Transmision_Ratio___.TransmisionRatio_b ; 0x0
Torque_Control_ETR07_B.Wheelbasem ; 1001 115 ; ASD_VARIABLE ; Torque_Control_ETR07.VDC.Vehicle_Dynamics_Control_2018.VDC_2018_Complete.Lateral_Dynamics.Yaw_Rate_Reference.Wheelbase_[m].Wheelbasem ; 0x0
Torque_Control_ETR07_B.Yaw_Inertiakgm3 ; 1001 116 ; ASD_VARIABLE ; Torque_Control_ETR07.VDC.Vehicle_Dynamics_Control_2018.VDC_2018_Complete.Lateral_Dynamics.Yaw_Inertia__kg__m_3_.Yaw_Inertiakgm3 ; 0x0
Torque_Control_ETR07_B.Zero ; 1001 117 ; ASD_VARIABLE ; Torque_Control_ETR07.VDC.Regeneration_Enable.Zero.Zero ; 0x0
Torque_Control_ETR07_B.Zero_m ; 1001 118 ; ASD_VARIABLE ; Torque_Control_ETR07.Calculate_Current_Conversion.KT_L_TORKY.Zero.Zero_m ; 0x0
Torque_Control_ETR07_B.Zero_p ; 1001 119 ; ASD_VARIABLE ; Torque_Control_ETR07.Calculate_Current_Conversion.KT_R_EMY.Zero.Zero_p ; 0x0
Torque_Control_ETR07_B.approx2095 ; 1001 120 ; ASD_VARIABLE ; Torque_Control_ETR07.VDC.Vehicle_Dynamics_Control_2018.VDC_2018_without_Longitudinal.Constraints.Acelerating_and_braking_without_Regenerative.Gain.approx_20.95 ; 0x0
Torque_Control_ETR07_B.approx2095_h ; 1001 121 ; ASD_VARIABLE ; Torque_Control_ETR07.VDC.Vehicle_Dynamics_Control_2018.VDC_2018_Complete.Constraints.Acelerating_and_braking_without_Regenerative.Gain.approx_20.95 ; 0x0
Torque_Control_ETR07_B.exptcycletau1 ; 1001 122 ; ASD_VARIABLE ; Torque_Control_ETR07.Steering_Data_Conv.Low_Pass.exp__tcycle__tau_1.exptcycletau1 ; 0x0
Torque_Control_ETR07_B.sf_Acceleratorbehaviour.throttle ; 1001 123 ; ASD_VARIABLE ; Torque_Control_ETR07.VDC.Vehicle_Dynamics_Control_2018.VDC_2018_Complete.Driver____CarBehaviours.Accelerator_behaviour.throttle ; 0x0
Torque_Control_ETR07_B.sf_Acceleratorbehaviour_b.throttle ; 1001 124 ; ASD_VARIABLE ; Torque_Control_ETR07.VDC.Vehicle_Dynamics_Control_2018.VDC_2018_without_Longitudinal.Driver____CarBehaviours.Accelerating.Accelerator_behaviour.throttle ; 0x0
Torque_Control_ETR07_B.sf_Acceleratorbehaviour_f.throttle ; 1001 125 ; ASD_VARIABLE ; Torque_Control_ETR07.VDC.Vehicle_Dynamics_Control_2018.Steering_TV_2017_with_TC.Accelerating.Accelerator_behaviour.throttle ; 0x0
Torque_Control_ETR07_B.sf_Acceleratorbehaviour_o.throttle ; 1001 126 ; ASD_VARIABLE ; Torque_Control_ETR07.VDC.Vehicle_Dynamics_Control_2018.Rigid_Axle.Accelerating.Accelerator_behaviour.throttle ; 0x0
Torque_Control_ETR07_B.sf_MATLABFunction.RPM ; 1001 127 ; ASD_VARIABLE ; Torque_Control_ETR07.VDC.Vehicle_Dynamics_Control_2018.VDC_2018_Complete.Optimization_SKF__amp__CKF.MATLAB_Function.RPM ; 0x0
Torque_Control_ETR07_B.sf_MATLABFunction1_f.value ; 1001 128 ; ASD_VARIABLE ; Torque_Control_ETR07.VDC.Vehicle_Dynamics_Control_2018.VDC_2018_without_Longitudinal.Kamm_Circle_Lateral.MATLAB_Function1.value ; 0x0
Torque_Control_ETR07_B.sf_MATLABFunction1_g.value ; 1001 129 ; ASD_VARIABLE ; Torque_Control_ETR07.VDC.Vehicle_Dynamics_Control_2018.VDC_2018_Complete.Longitudinal_Dynamics.MATLAB_Function1.value ; 0x0
Torque_Control_ETR07_B.sf_MATLABFunction1_gm.value ; 1001 130 ; ASD_VARIABLE ; Torque_Control_ETR07.VDC.Vehicle_Dynamics_Control_2018.VDC_2018_without_Longitudinal.Wheel_to_engine.MATLAB_Function1.value ; 0x0
Torque_Control_ETR07_B.sf_MATLABFunction1_m.value ; 1001 131 ; ASD_VARIABLE ; Torque_Control_ETR07.VDC.Vehicle_Dynamics_Control_2018.VDC_2018_Complete.Wheel_to_engine.MATLAB_Function1.value ; 0x0
Torque_Control_ETR07_B.sf_MATLABFunction1_mk.value ; 1001 132 ; ASD_VARIABLE ; Torque_Control_ETR07.VDC.Vehicle_Dynamics_Control_2018.VDC_2018_Complete.Lateral_Dynamics.MATLAB_Function1.value ; 0x0
Torque_Control_ETR07_B.sf_MATLABFunction1_n.value ; 1001 133 ; ASD_VARIABLE ; Torque_Control_ETR07.VDC.Vehicle_Dynamics_Control_2018.VDC_2018_Complete.MATLAB_Function1.value ; 0x0
Torque_Control_ETR07_B.sf_MATLABFunction2.value ; 1001 134 ; ASD_VARIABLE ; Torque_Control_ETR07.VDC.Vehicle_Dynamics_Control_2018.VDC_2018_Complete.Wheel_to_engine.MATLAB_Function2.value ; 0x0
Torque_Control_ETR07_B.sf_MATLABFunction2_b.value ; 1001 135 ; ASD_VARIABLE ; Torque_Control_ETR07.VDC.Vehicle_Dynamics_Control_2018.VDC_2018_without_Longitudinal.Kamm_Circle_Lateral.MATLAB_Function2.value ; 0x0
Torque_Control_ETR07_B.sf_MATLABFunction2_e.value ; 1001 136 ; ASD_VARIABLE ; Torque_Control_ETR07.VDC.Vehicle_Dynamics_Control_2018.VDC_2018_Complete.Lateral_Dynamics.MATLAB_Function2.value ; 0x0
Torque_Control_ETR07_B.sf_MATLABFunction2_l.value ; 1001 137 ; ASD_VARIABLE ; Torque_Control_ETR07.VDC.Vehicle_Dynamics_Control_2018.VDC_2018_Complete.MATLAB_Function2.value ; 0x0
Torque_Control_ETR07_B.sf_MATLABFunction2_m.value ; 1001 138 ; ASD_VARIABLE ; Torque_Control_ETR07.VDC.Vehicle_Dynamics_Control_2018.VDC_2018_without_Longitudinal.Wheel_to_engine.MATLAB_Function2.value ; 0x0
Torque_Control_ETR07_B.sf_MATLABFunction_a.RPM ; 1001 139 ; ASD_VARIABLE ; Torque_Control_ETR07.VDC.Vehicle_Dynamics_Control_2018.Steering_TV_2017_with_TC.Optimization_SKF__amp__CKF.MATLAB_Function.RPM ; 0x0
Torque_Control_ETR07_B.sf_MATLABFunction_d.SKF_act0 ; 1001 140 ; ASD_VARIABLE ; Torque_Control_ETR07.VDC.Vehicle_Dynamics_Control_2018.VDC_2018_Complete.Optimization_SKF__amp__CKF.Subsystem.SKF.No_spin.MATLAB_Function.SKF_act0 ; 0x0
Torque_Control_ETR07_B.sf_MATLABFunction_d1.value ; 1001 141 ; ASD_VARIABLE ; Torque_Control_ETR07.VDC.Vehicle_Dynamics_Control_2018.VDC_2018_Complete.Longitudinal_Dynamics.MATLAB_Function.value ; 0x0
Torque_Control_ETR07_B.sf_MATLABFunction_fa.RPM ; 1001 142 ; ASD_VARIABLE ; Torque_Control_ETR07.VDC.Vehicle_Dynamics_Control_2018.VDC_2018_without_Longitudinal.Optimization_SKF__amp__CKF.MATLAB_Function.RPM ; 0x0
Torque_Control_ETR07_B.sf_MATLABFunction_fq.SKF_act0 ; 1001 143 ; ASD_VARIABLE ; Torque_Control_ETR07.VDC.Vehicle_Dynamics_Control_2018.Steering_TV_2017_with_TC.Optimization_SKF__amp__CKF.Subsystem.SKF.No_spin.MATLAB_Function.SKF_act0 ; 0x0
Torque_Control_ETR07_B.sf_MATLABFunction_k.CKF_act1 ; 1001 144 ; ASD_VARIABLE ; Torque_Control_ETR07.VDC.Vehicle_Dynamics_Control_2018.Steering_TV_2017_with_TC.Optimization_SKF__amp__CKF.Subsystem.CKF.Spin.MATLAB_Function.CKF_act1 ; 0x0
Torque_Control_ETR07_B.sf_MATLABFunction_k2.CKF_act0 ; 1001 145 ; ASD_VARIABLE ; Torque_Control_ETR07.VDC.Vehicle_Dynamics_Control_2018.Steering_TV_2017_with_TC.Optimization_SKF__amp__CKF.Subsystem.CKF.No_spin.MATLAB_Function.CKF_act0 ; 0x0
Torque_Control_ETR07_B.sf_MATLABFunction_m.SKF_act1 ; 1001 146 ; ASD_VARIABLE ; Torque_Control_ETR07.VDC.Vehicle_Dynamics_Control_2018.VDC_2018_Complete.Optimization_SKF__amp__CKF.Subsystem.SKF.Spin.MATLAB_Function.SKF_act1 ; 0x0
Torque_Control_ETR07_B.sf_MATLABFunction_p.SKF_act1 ; 1001 147 ; ASD_VARIABLE ; Torque_Control_ETR07.VDC.Vehicle_Dynamics_Control_2018.Steering_TV_2017_with_TC.Optimization_SKF__amp__CKF.Subsystem.SKF.Spin.MATLAB_Function.SKF_act1 ; 0x0
Torque_Control_ETR07_B.sf_minimumvalue.min ; 1001 148 ; ASD_VARIABLE ; Torque_Control_ETR07.VDC.Vehicle_Dynamics_Control_2018.VDC_2018_Complete.Constraints.Acelerating_and_braking_without_Regenerative.minimum_value.min ; 0x0
Torque_Control_ETR07_B.sf_minimumvalue1.min ; 1001 149 ; ASD_VARIABLE ; Torque_Control_ETR07.VDC.Vehicle_Dynamics_Control_2018.VDC_2018_Complete.Constraints.Acelerating_and_braking_without_Regenerative.minimum_value1.min ; 0x0
Torque_Control_ETR07_B.sf_minimumvalue1_k.min ; 1001 150 ; ASD_VARIABLE ; Torque_Control_ETR07.VDC.Vehicle_Dynamics_Control_2018.VDC_2018_without_Longitudinal.Constraints.Acelerating_and_braking_without_Regenerative.minimum_value1.min ; 0x0
Torque_Control_ETR07_B.sf_minimumvalue_o.min ; 1001 151 ; ASD_VARIABLE ; Torque_Control_ETR07.VDC.Vehicle_Dynamics_Control_2018.VDC_2018_without_Longitudinal.Constraints.Acelerating_and_braking_without_Regenerative.minimum_value.min ; 0x0
Torque_Control_ETR07_B.u602pi ; 1001 152 ; ASD_VARIABLE ; Torque_Control_ETR07.VDC.Vehicle_Dynamics_Control_2018.VDC_2018_Complete.Lateral_Dynamics.Yaw_Rate_Reference.360___2_pi_.u602pi ; 0x0
Torque_Control_ETR07_B.u602pi_e ; 1001 153 ; ASD_VARIABLE ; Torque_Control_ETR07.VDC.Vehicle_Dynamics_Control_2018.VDC_2018_Complete.Lateral_Dynamics.Yaw_Rate_Reference.360___2pi_.u602pi_e ; 0x0
Torque_Control_ETR07_B.udifference ; 1001 154 ; ASD_VARIABLE ; Torque_Control_ETR07.VDC.Vehicle_Dynamics_Control_2018.VDC_2018_without_Longitudinal.In_Numbers.3__difference.udifference ; 0x0
Torque_Control_ETR07_B.udifference_l ; 1001 155 ; ASD_VARIABLE ; Torque_Control_ETR07.VDC.Vehicle_Dynamics_Control_2018.VDC_2018_Complete.In_Numbers.3__difference.udifference_l ; 0x0
Torque_Control_ETR07_DW.A ; 1001 156 ; ASD_VARIABLE ; Torque_Control_ETR07.VDC.Vehicle_Dynamics_Control_2018.Steering_TV_2017_with_TC.Optimization_SKF__amp__CKF.Data_Store_Memory.A ; 0x0
Torque_Control_ETR07_DW.AA ; 1001 157 ; ASD_VARIABLE ; Torque_Control_ETR07.SAFETY_BLOCK.BRAKE_IMPLAUSIBILITY.Data_Store_Memory1.AA ; 0x0
Torque_Control_ETR07_DW.A_b ; 1001 158 ; ASD_VARIABLE ; Torque_Control_ETR07.VDC.Vehicle_Dynamics_Control_2018.VDC_2018_Complete.Optimization_SKF__amp__CKF.Data_Store_Memory.A_b ; 0x0
Torque_Control_ETR07_DW.A_i ; 1001 159 ; ASD_VARIABLE ; Torque_Control_ETR07.Accumulator_Power.PowerLimitDetection.Data_Store_Memory10.A_i ; 0x0
Torque_Control_ETR07_DW.B ; 1001 160 ; ASD_VARIABLE ; Torque_Control_ETR07.VDC.Vehicle_Dynamics_Control_2018.Steering_TV_2017_with_TC.Optimization_SKF__amp__CKF.Data_Store_Memory1.B ; 0x0
Torque_Control_ETR07_DW.B_i ; 1001 161 ; ASD_VARIABLE ; Torque_Control_ETR07.VDC.Vehicle_Dynamics_Control_2018.VDC_2018_Complete.Optimization_SKF__amp__CKF.Data_Store_Memory1.B_i ; 0x0
Torque_Control_ETR07_DW.B_k ; 1001 162 ; ASD_VARIABLE ; Torque_Control_ETR07.VDC.Vehicle_Dynamics_Control_2018.VDC_2018_without_Longitudinal.Optimization_SKF__amp__CKF.Data_Store_Memory1.B_k ; 0x0
Torque_Control_ETR07_DW.Previous_IN ; 1001 163 ; ASD_VARIABLE ; Torque_Control_ETR07.Steering_Data_Conv.Low_Pass.Data_Store_Memory.Previous_IN ; 0x0
Torque_Control_ETR07_DW.Previous_OUT ; 1001 164 ; ASD_VARIABLE ; Torque_Control_ETR07.Steering_Data_Conv.Low_Pass.Data_Store_Memory1.Previous_OUT ; 0x0
Torque_Control_ETR07_DW.R ; 1001 165 ; ASD_VARIABLE ; Torque_Control_ETR07.VDC.Regeneration_Enable.Data_Store_Memory.R ; 0x0
Torque_Control_ETR07_P.A1_Value ; 1001 166 ; ASD_PARAMETER ; Torque_Control_ETR07.Calculate_Current_Conversion.KT_R_EMY.A1.Value ; 0x0
Torque_Control_ETR07_P.A_Value ; 1001 167 ; ASD_PARAMETER ; Torque_Control_ETR07.Calculate_Current_Conversion.KT_L_TORKY.A.Value ; 0x0
Torque_Control_ETR07_P.B1_Value ; 1001 168 ; ASD_PARAMETER ; Torque_Control_ETR07.Calculate_Current_Conversion.KT_R_EMY.B1.Value ; 0x0
Torque_Control_ETR07_P.BRAKE_THRESHOLD_Value ; 1001 169 ; ASD_PARAMETER ; Torque_Control_ETR07.VDC.Regeneration_Enable.BRAKE_THRESHOLD.Value ; 0x0
Torque_Control_ETR07_P.B_Value ; 1001 170 ; ASD_PARAMETER ; Torque_Control_ETR07.Calculate_Current_Conversion.KT_L_TORKY.B.Value ; 0x0
Torque_Control_ETR07_P.C1_Value ; 1001 171 ; ASD_PARAMETER ; Torque_Control_ETR07.Calculate_Current_Conversion.KT_R_EMY.C1.Value ; 0x0
Torque_Control_ETR07_P.CKF_act_Y0 ; 1001 172 ; ASD_PARAMETER ; Torque_Control_ETR07.VDC.Vehicle_Dynamics_Control_2018.VDC_2018_Complete.Optimization_SKF__amp__CKF.Subsystem.CKF.CKF_act.InitialOutput ; 0x0
Torque_Control_ETR07_P.CKF_act_Y0_j ; 1001 173 ; ASD_PARAMETER ; Torque_Control_ETR07.VDC.Vehicle_Dynamics_Control_2018.Steering_TV_2017_with_TC.Optimization_SKF__amp__CKF.Subsystem.CKF.CKF_act.InitialOutput ; 0x0
Torque_Control_ETR07_P.C_Value ; 1001 174 ; ASD_PARAMETER ; Torque_Control_ETR07.Calculate_Current_Conversion.KT_L_TORKY.C.Value ; 0x0
Torque_Control_ETR07_P.CompareToConstant1_const ; 1001 175 ; ASD_PARAMETER ; Torque_Control_ETR07.Pumps_Controller.Compare_To_Constant1.Constant.Value ; 0x0
Torque_Control_ETR07_P.CompareToConstant_const ; 1001 176 ; ASD_PARAMETER ; Torque_Control_ETR07.SAFETY_BLOCK.Compare_To_Constant.Constant.Value ; 0x0
Torque_Control_ETR07_P.CompareToConstant_const_p ; 1001 177 ; ASD_PARAMETER ; Torque_Control_ETR07.Pumps_Controller.Compare_To_Constant.Constant.Value ; 0x0
Torque_Control_ETR07_P.Constant1_Value ; 1001 178 ; ASD_PARAMETER ; Torque_Control_ETR07.VDC.Vehicle_Dynamics_Control_2018.VDC_2018_Complete.Constraints.Acelerating_and_braking_without_Regenerative.else.Constant1.Value ; 0x0
Torque_Control_ETR07_P.Constant1_Value_a ; 1001 179 ; ASD_PARAMETER ; Torque_Control_ETR07.VDC.Vehicle_Dynamics_Control_2018.VDC_2018_Complete.Lateral_Dynamics.Constant1.Value ; 0x0
Torque_Control_ETR07_P.Constant1_Value_ab ; 1001 180 ; ASD_PARAMETER ; Torque_Control_ETR07.VDC.Vehicle_Dynamics_Control_2018.VDC_2018_Complete.Wheel_to_engine.Constant1.Value ; 0x0
Torque_Control_ETR07_P.Constant1_Value_b ; 1001 181 ; ASD_PARAMETER ; Torque_Control_ETR07.VDC.Vehicle_Dynamics_Control_2018.VDC_2018_Complete.In_Numbers.Constant1.Value ; 0x0
Torque_Control_ETR07_P.Constant1_Value_c ; 1001 182 ; ASD_PARAMETER ; Torque_Control_ETR07.VDC.Vehicle_Dynamics_Control_2018.VDC_2018_without_Longitudinal.Kamm_Circle_Lateral.Constant1.Value ; 0x0
Torque_Control_ETR07_P.Constant1_Value_f ; 1001 183 ; ASD_PARAMETER ; Torque_Control_ETR07.VDC.Vehicle_Dynamics_Control_2018.VDC_2018_Complete.Longitudinal_Dynamics.Constant1.Value ; 0x0
Torque_Control_ETR07_P.Constant1_Value_l ; 1001 184 ; ASD_PARAMETER ; Torque_Control_ETR07.VDC.Vehicle_Dynamics_Control_2018.VDC_2018_without_Longitudinal.Wheel_to_engine.Constant1.Value ; 0x0
Torque_Control_ETR07_P.Constant1_Value_ln ; 1001 185 ; ASD_PARAMETER ; Torque_Control_ETR07.VDC.TEST_MODE_IN.TEST_CONSTANTS.Constant1.Value ; 0x0
Torque_Control_ETR07_P.Constant2_Value ; 1001 186 ; ASD_PARAMETER ; Torque_Control_ETR07.VDC.Vehicle_Dynamics_Control_2018.VDC_2018_Complete.Longitudinal_Dynamics.Constant2.Value ; 0x0
Torque_Control_ETR07_P.Constant2_Value_g ; 1001 187 ; ASD_PARAMETER ; Torque_Control_ETR07.VDC.Vehicle_Dynamics_Control_2018.VDC_2018_Complete.Lateral_Dynamics.Constant2.Value ; 0x0
Torque_Control_ETR07_P.Constant2_Value_g1 ; 1001 188 ; ASD_PARAMETER ; Torque_Control_ETR07.VDC.TEST_MODE_IN.TEST_CONSTANTS.Constant2.Value ; 0x0
Torque_Control_ETR07_P.Constant3_Value ; 1001 189 ; ASD_PARAMETER ; Torque_Control_ETR07.VDC.Vehicle_Dynamics_Control_2018.VDC_2018_Complete.Longitudinal_Dynamics.Constant3.Value ; 0x0
Torque_Control_ETR07_P.Constant3_Value_n ; 1001 190 ; ASD_PARAMETER ; Torque_Control_ETR07.VDC.TEST_MODE_IN.TEST_CONSTANTS.Constant3.Value ; 0x0
Torque_Control_ETR07_P.Constant3_Value_o ; 1001 191 ; ASD_PARAMETER ; Torque_Control_ETR07.VDC.Vehicle_Dynamics_Control_2018.VDC_2018_Complete.Lateral_Dynamics.Constant3.Value ; 0x0
Torque_Control_ETR07_P.Constant4_Value ; 1001 192 ; ASD_PARAMETER ; Torque_Control_ETR07.VDC.Vehicle_Dynamics_Control_2018.VDC_2018_Complete.Longitudinal_Dynamics.Constant4.Value ; 0x0
Torque_Control_ETR07_P.Constant4_Value_p ; 1001 193 ; ASD_PARAMETER ; Torque_Control_ETR07.VDC.Vehicle_Dynamics_Control_2018.VDC_2018_Complete.Lateral_Dynamics.Constant4.Value ; 0x0
Torque_Control_ETR07_P.Constant5_Value ; 1001 194 ; ASD_PARAMETER ; Torque_Control_ETR07.VDC.Vehicle_Dynamics_Control_2018.VDC_2018_Complete.Longitudinal_Dynamics.Constant5.Value ; 0x0
Torque_Control_ETR07_P.Constant6_Value ; 1001 195 ; ASD_PARAMETER ; Torque_Control_ETR07.VDC.Vehicle_Dynamics_Control_2018.VDC_2018_Complete.Longitudinal_Dynamics.Constant6.Value ; 0x0
Torque_Control_ETR07_P.Constant6_Value_p ; 1001 196 ; ASD_PARAMETER ; Torque_Control_ETR07.VDC.Vehicle_Dynamics_Control_2018.VDC_2018_Complete.Lateral_Dynamics.Constant6.Value ; 0x0
Torque_Control_ETR07_P.Constant7_Value ; 1001 197 ; ASD_PARAMETER ; Torque_Control_ETR07.VDC.Vehicle_Dynamics_Control_2018.VDC_2018_Complete.Lateral_Dynamics.Yaw_Rate_Reference.Constant7.Value ; 0x0
Torque_Control_ETR07_P.Constant8_Value ; 1001 198 ; ASD_PARAMETER ; Torque_Control_ETR07.VDC.Vehicle_Dynamics_Control_2018.VDC_2018_Complete.Lateral_Dynamics.Yaw_Rate_Reference.Constant8.Value ; 0x0
Torque_Control_ETR07_P.Constant_Value ; 1001 199 ; ASD_PARAMETER ; Torque_Control_ETR07.Current_0.Constant.Value ; 0x0
Torque_Control_ETR07_P.Constant_Value_a ; 1001 200 ; ASD_PARAMETER ; Torque_Control_ETR07.VDC.Vehicle_Dynamics_Control_2018.VDC_2018_Complete.Optimization_SKF__amp__CKF.Subsystem.SKF.Spin.Constant.Value ; 0x0
Torque_Control_ETR07_P.Constant_Value_ad ; 1001 201 ; ASD_PARAMETER ; Torque_Control_ETR07.VDC.Vehicle_Dynamics_Control_2018.VDC_2018_Complete.Lateral_Dynamics.Tire_Longitudinal_Force_Difference.Momentum_Z_to_Longitudinal_Force_Difference.Constant.Value ; 0x0
Torque_Control_ETR07_P.Constant_Value_ae ; 1001 202 ; ASD_PARAMETER ; Torque_Control_ETR07.VDC.Vehicle_Dynamics_Control_2018.VDC_2018_without_Longitudinal.Kamm_Circle_Lateral.Constant.Value ; 0x0
Torque_Control_ETR07_P.Constant_Value_b ; 1001 203 ; ASD_PARAMETER ; Torque_Control_ETR07.VDC.Vehicle_Dynamics_Control_2018.VDC_2018_Complete.Constant.Value ; 0x0
Torque_Control_ETR07_P.Constant_Value_d ; 1001 204 ; ASD_PARAMETER ; Torque_Control_ETR07.VDC.Vehicle_Dynamics_Control_2018.Steering_TV_2017_with_TC.Optimization_SKF__amp__CKF.Subsystem.CKF.Spin.Constant.Value ; 0x0
Torque_Control_ETR07_P.Constant_Value_dm ; 1001 205 ; ASD_PARAMETER ; Torque_Control_ETR07.VDC.WORKSHOP_MODE_RESTRICTIONS.Torque_Reduction.Constant.Value ; 0x0
Torque_Control_ETR07_P.Constant_Value_f ; 1001 206 ; ASD_PARAMETER ; Torque_Control_ETR07.VDC.Vehicle_Dynamics_Control_2018.VDC_2018_Complete.Longitudinal_Dynamics.Constant.Value ; 0x0
Torque_Control_ETR07_P.Constant_Value_f3 ; 1001 207 ; ASD_PARAMETER ; Torque_Control_ETR07.VDC.Constant.Value ; 0x0
Torque_Control_ETR07_P.Constant_Value_g ; 1001 208 ; ASD_PARAMETER ; Torque_Control_ETR07.VDC.Vehicle_Dynamics_Control_2018.VDC_2018_Complete.Constraints.Acelerating_and_braking_without_Regenerative.else.Constant.Value ; 0x0
Torque_Control_ETR07_P.Constant_Value_h ; 1001 209 ; ASD_PARAMETER ; Torque_Control_ETR07.Constant.Value ; 0x0
Torque_Control_ETR07_P.Constant_Value_i ; 1001 210 ; ASD_PARAMETER ; Torque_Control_ETR07.Pumps_Controller.Pumps_Control_ON.Constant.Value ; 0x0
Torque_Control_ETR07_P.Constant_Value_ib ; 1001 211 ; ASD_PARAMETER ; Torque_Control_ETR07.VDC.Vehicle_Dynamics_Control_2018.VDC_2018_without_Longitudinal.Wheel_to_engine.Constant.Value ; 0x0
Torque_Control_ETR07_P.Constant_Value_k ; 1001 212 ; ASD_PARAMETER ; Torque_Control_ETR07.VDC.TEST_MODE_IN.TEST_CONSTANTS.Constant.Value ; 0x0
Torque_Control_ETR07_P.Constant_Value_l ; 1001 213 ; ASD_PARAMETER ; Torque_Control_ETR07.VDC.Vehicle_Dynamics_Control_2018.VDC_2018_Complete.Wheel_to_engine.Constant.Value ; 0x0
Torque_Control_ETR07_P.Constant_Value_m ; 1001 214 ; ASD_PARAMETER ; Torque_Control_ETR07.VDC.Regeneration_Enable.Constant.Value ; 0x0
Torque_Control_ETR07_P.Constant_Value_n ; 1001 215 ; ASD_PARAMETER ; Torque_Control_ETR07.Pumps_Controller.Pumps_Control_OFF.Constant.Value ; 0x0
Torque_Control_ETR07_P.Constant_Value_n5 ; 1001 216 ; ASD_PARAMETER ; Torque_Control_ETR07.VDC.Vehicle_Dynamics_Control_2018.Steering_TV_2017_with_TC.Optimization_SKF__amp__CKF.Subsystem.SKF.Spin.Constant.Value ; 0x0
Torque_Control_ETR07_P.Cornering_Stiffness_FN_Value ; 1001 217 ; ASD_PARAMETER ; Torque_Control_ETR07.VDC.Vehicle_Dynamics_Control_2018.VDC_2018_Complete.Lateral_Dynamics.Yaw_Rate_Reference.Cornering_Stiffness_F_N_____.Value ; 0x0
Torque_Control_ETR07_P.Cornering_Stiffness_RN_Value ; 1001 218 ; ASD_PARAMETER ; Torque_Control_ETR07.VDC.Vehicle_Dynamics_Control_2018.VDC_2018_Complete.Lateral_Dynamics.Yaw_Rate_Reference.Cornering_Stiffness_R_N_____.Value ; 0x0
Torque_Control_ETR07_P.DataStoreMemory10_InitialValue ; 1001 219 ; ASD_PARAMETER ; Torque_Control_ETR07.Accumulator_Power.PowerLimitDetection.Data_Store_Memory10.InitialValue ; 0x0
Torque_Control_ETR07_P.DataStoreMemory1_InitialValu_fl ; 1001 220 ; ASD_PARAMETER ; Torque_Control_ETR07.SAFETY_BLOCK.BRAKE_IMPLAUSIBILITY.Data_Store_Memory1.InitialValue ; 0x0
Torque_Control_ETR07_P.DataStoreMemory1_InitialValue ; 1001 221 ; ASD_PARAMETER ; Torque_Control_ETR07.Steering_Data_Conv.Low_Pass.Data_Store_Memory1.InitialValue ; 0x0
Torque_Control_ETR07_P.DataStoreMemory1_InitialValue_f ; 1001 222 ; ASD_PARAMETER ; Torque_Control_ETR07.VDC.Vehicle_Dynamics_Control_2018.Steering_TV_2017_with_TC.Optimization_SKF__amp__CKF.Data_Store_Memory1.InitialValue ; 0x0
Torque_Control_ETR07_P.DataStoreMemory1_InitialValue_i ; 1001 223 ; ASD_PARAMETER ; Torque_Control_ETR07.VDC.Vehicle_Dynamics_Control_2018.VDC_2018_Complete.Optimization_SKF__amp__CKF.Data_Store_Memory1.InitialValue ; 0x0
Torque_Control_ETR07_P.DataStoreMemory1_InitialValue_m ; 1001 224 ; ASD_PARAMETER ; Torque_Control_ETR07.VDC.Vehicle_Dynamics_Control_2018.VDC_2018_without_Longitudinal.Optimization_SKF__amp__CKF.Data_Store_Memory1.InitialValue ; 0x0
Torque_Control_ETR07_P.DataStoreMemory_InitialValue ; 1001 225 ; ASD_PARAMETER ; Torque_Control_ETR07.Steering_Data_Conv.Low_Pass.Data_Store_Memory.InitialValue ; 0x0
Torque_Control_ETR07_P.DataStoreMemory_InitialValue_c ; 1001 226 ; ASD_PARAMETER ; Torque_Control_ETR07.VDC.Vehicle_Dynamics_Control_2018.VDC_2018_Complete.Optimization_SKF__amp__CKF.Data_Store_Memory.InitialValue ; 0x0
Torque_Control_ETR07_P.DataStoreMemory_InitialValue_j ; 1001 227 ; ASD_PARAMETER ; Torque_Control_ETR07.VDC.Regeneration_Enable.Data_Store_Memory.InitialValue ; 0x0
Torque_Control_ETR07_P.DataStoreMemory_InitialValue_m ; 1001 228 ; ASD_PARAMETER ; Torque_Control_ETR07.VDC.Vehicle_Dynamics_Control_2018.Steering_TV_2017_with_TC.Optimization_SKF__amp__CKF.Data_Store_Memory.InitialValue ; 0x0
Torque_Control_ETR07_P.EffectiveRollingRadiusinch_Va_b ; 1001 229 ; ASD_PARAMETER ; Torque_Control_ETR07.VDC.Vehicle_Dynamics_Control_2018.VDC_2018_without_Longitudinal.In_Numbers.Effective_Rolling_Radius[inch].Value ; 0x0
Torque_Control_ETR07_P.EffectiveRollingRadiusinch_Valu ; 1001 230 ; ASD_PARAMETER ; Torque_Control_ETR07.VDC.Vehicle_Dynamics_Control_2018.VDC_2018_Complete.In_Numbers.Effective_Rolling_Radius[inch].Value ; 0x0
Torque_Control_ETR07_P.Flags_num5_Y0 ; 1001 231 ; ASD_PARAMETER ; Torque_Control_ETR07.VDC.Vehicle_Dynamics_Control_2018.VDC_2018_Complete.Flags_[num5].InitialOutput ; 0x0
Torque_Control_ETR07_P.Fy_RN0inf_Y0 ; 1001 232 ; ASD_PARAMETER ; Torque_Control_ETR07.VDC.Vehicle_Dynamics_Control_2018.VDC_2018_without_Longitudinal.Fy_R_[N]__0_inf_.InitialOutput ; 0x0
Torque_Control_ETR07_P.Fyperwheel_Gain ; 1001 233 ; ASD_PARAMETER ; Torque_Control_ETR07.VDC.Vehicle_Dynamics_Control_2018.VDC_2018_Complete.Lateral_Dynamics.Fy_per_wheel.Gain ; 0x0
Torque_Control_ETR07_P.Fyperwheel_Gain_e ; 1001 234 ; ASD_PARAMETER ; Torque_Control_ETR07.VDC.Vehicle_Dynamics_Control_2018.VDC_2018_without_Longitudinal.Lateral_Dynamics.Fy_per_wheel.Gain ; 0x0
Torque_Control_ETR07_P.Gain1_Gain ; 1001 235 ; ASD_PARAMETER ; Torque_Control_ETR07.VDC.Vehicle_Dynamics_Control_2018.VDC_2018_Complete.Constraints.Braking_with_Regenerative.Gain1.Gain ; 0x0
Torque_Control_ETR07_P.Gain1_Gain_i ; 1001 236 ; ASD_PARAMETER ; Torque_Control_ETR07.VDC.Vehicle_Dynamics_Control_2018.VDC_2018_without_Longitudinal.Constraints.Braking_with_Regenerative.Gain1.Gain ; 0x0
Torque_Control_ETR07_P.Gain1_Gain_o ; 1001 237 ; ASD_PARAMETER ; Torque_Control_ETR07.VDC.Gain1.Gain ; 0x0
Torque_Control_ETR07_P.Gain_Gain ; 1001 238 ; ASD_PARAMETER ; Torque_Control_ETR07.Calculate_Current_Conversion.Gain.Gain ; 0x0
Torque_Control_ETR07_P.Gain_Gain_a ; 1001 239 ; ASD_PARAMETER ; Torque_Control_ETR07.VDC.Vehicle_Dynamics_Control_2018.VDC_2018_without_Longitudinal.Constraints.Braking_with_Regenerative.Gain.Gain ; 0x0
Torque_Control_ETR07_P.Gain_Gain_c ; 1001 240 ; ASD_PARAMETER ; Torque_Control_ETR07.Steering_Data_Conv.Low_Pass.Gain.Gain ; 0x0
Torque_Control_ETR07_P.Gain_Gain_co ; 1001 241 ; ASD_PARAMETER ; Torque_Control_ETR07.VDC.Vehicle_Dynamics_Control_2018.VDC_2018_Complete.Constraints.Acelerating_and_braking_without_Regenerative.Gain.Gain ; 0x0
Torque_Control_ETR07_P.Gain_Gain_cv ; 1001 242 ; ASD_PARAMETER ; Torque_Control_ETR07.VDC.Vehicle_Dynamics_Control_2018.VDC_2018_without_Longitudinal.Constraints.Acelerating_and_braking_without_Regenerative.Gain.Gain ; 0x0
Torque_Control_ETR07_P.Gain_Gain_f ; 1001 243 ; ASD_PARAMETER ; Torque_Control_ETR07.VDC.Vehicle_Dynamics_Control_2018.Gain.Gain ; 0x0
Torque_Control_ETR07_P.Gain_Gain_k ; 1001 244 ; ASD_PARAMETER ; Torque_Control_ETR07.VDC.Vehicle_Dynamics_Control_2018.VDC_2018_Complete.Longitudinal_Dynamics.Gain.Gain ; 0x0
Torque_Control_ETR07_P.Gain_Gain_l ; 1001 245 ; ASD_PARAMETER ; Torque_Control_ETR07.VDC.Vehicle_Dynamics_Control_2018.VDC_2018_Complete.Constraints.Braking_with_Regenerative.Gain.Gain ; 0x0
Torque_Control_ETR07_P.Gain_Gain_o ; 1001 246 ; ASD_PARAMETER ; Torque_Control_ETR07.Steering_Data_Conv.Gain.Gain ; 0x0
Torque_Control_ETR07_P.Gravity1_Gain ; 1001 247 ; ASD_PARAMETER ; Torque_Control_ETR07.VDC.Vehicle_Dynamics_Control_2018.VDC_2018_Complete.Lateral_Dynamics.Gravity1.Gain ; 0x0
Torque_Control_ETR07_P.Gravity1_Gain_g ; 1001 248 ; ASD_PARAMETER ; Torque_Control_ETR07.VDC.Vehicle_Dynamics_Control_2018.VDC_2018_without_Longitudinal.Lateral_Dynamics.Gravity1.Gain ; 0x0
Torque_Control_ETR07_P.Gravity_Gain ; 1001 249 ; ASD_PARAMETER ; Torque_Control_ETR07.VDC.Vehicle_Dynamics_Control_2018.VDC_2018_Complete.Lateral_Dynamics.Gravity.Gain ; 0x0
Torque_Control_ETR07_P.Handlinginfinf_Y0 ; 1001 250 ; ASD_PARAMETER ; Torque_Control_ETR07.VDC.Vehicle_Dynamics_Control_2018.VDC_2018_without_Longitudinal.Handling_______inf_inf_.InitialOutput ; 0x0
Torque_Control_ETR07_P.Integrator_IC ; 1001 251 ; ASD_PARAMETER ; Torque_Control_ETR07.VDC.Vehicle_Dynamics_Control_2018.VDC_2018_Complete.Lateral_Dynamics.Integrator.InitialCondition ; 0x0
Torque_Control_ETR07_P.LimitTemperatureCeldasC_Value ; 1001 252 ; ASD_PARAMETER ; Torque_Control_ETR07.VDC.Vehicle_Dynamics_Control_2018.Limit_Temperature_Celdas___C_.Value ; 0x0
Torque_Control_ETR07_P.LimitTemperatureIGBTC_Value ; 1001 253 ; ASD_PARAMETER ; Torque_Control_ETR07.VDC.Vehicle_Dynamics_Control_2018.Limit_Temperature_IGBT____C_.Value ; 0x0
Torque_Control_ETR07_P.LimitTemperatureMotorC_Value ; 1001 254 ; ASD_PARAMETER ; Torque_Control_ETR07.VDC.Vehicle_Dynamics_Control_2018.Limit_Temperature_Motor____C_.Value ; 0x0
Torque_Control_ETR07_P.Masskg0inf_Y0 ; 1001 255 ; ASD_PARAMETER ; Torque_Control_ETR07.VDC.Vehicle_Dynamics_Control_2018.VDC_2018_without_Longitudinal.Mass_[kg]__0_inf_.InitialOutput ; 0x0
Torque_Control_ETR07_P.MaxFx_RLN0inf_Y0 ; 1001 256 ; ASD_PARAMETER ; Torque_Control_ETR07.VDC.Vehicle_Dynamics_Control_2018.VDC_2018_without_Longitudinal.MaxFx_RL_[N]__0_inf_.InitialOutput ; 0x0
Torque_Control_ETR07_P.MaxFx_RRN0inf_Y0 ; 1001 257 ; ASD_PARAMETER ; Torque_Control_ETR07.VDC.Vehicle_Dynamics_Control_2018.VDC_2018_without_Longitudinal.MaxFx_RR_[N]__0_inf_.InitialOutput ; 0x0
Torque_Control_ETR07_P.MaxTq_RLNm0inf_Y0 ; 1001 258 ; ASD_PARAMETER ; Torque_Control_ETR07.VDC.Vehicle_Dynamics_Control_2018.VDC_2018_Complete.MaxTq_RL_[Nm]__0_inf_.InitialOutput ; 0x0
Torque_Control_ETR07_P.MaxTq_RLNm0inf_Y0_d ; 1001 259 ; ASD_PARAMETER ; Torque_Control_ETR07.VDC.Vehicle_Dynamics_Control_2018.VDC_2018_without_Longitudinal.MaxTq_RL_[Nm]__0_inf_.InitialOutput ; 0x0
Torque_Control_ETR07_P.MaxTq_RRNm0inf_Y0 ; 1001 260 ; ASD_PARAMETER ; Torque_Control_ETR07.VDC.Vehicle_Dynamics_Control_2018.VDC_2018_Complete.MaxTq_RR_[Nm]__0_inf_.InitialOutput ; 0x0
Torque_Control_ETR07_P.MaxTq_RRNm0inf_Y0_o ; 1001 261 ; ASD_PARAMETER ; Torque_Control_ETR07.VDC.Vehicle_Dynamics_Control_2018.VDC_2018_without_Longitudinal.MaxTq_RR_[Nm]__0_inf_.InitialOutput ; 0x0
Torque_Control_ETR07_P.MaximumTorqueperengineNm_Valu_b ; 1001 262 ; ASD_PARAMETER ; Torque_Control_ETR07.VDC.Vehicle_Dynamics_Control_2018.VDC_2018_without_Longitudinal.In_Numbers.Maximum_Torque_per_engine_[Nm].Value ; 0x0
Torque_Control_ETR07_P.MaximumTorqueperengineNm_Value ; 1001 263 ; ASD_PARAMETER ; Torque_Control_ETR07.VDC.Vehicle_Dynamics_Control_2018.VDC_2018_Complete.In_Numbers.Maximum_Torque_per_engine_[Nm].Value ; 0x0
Torque_Control_ETR07_P.MaximumTransmissionTorqueDyna_a ; 1001 264 ; ASD_PARAMETER ; Torque_Control_ETR07.VDC.Vehicle_Dynamics_Control_2018.VDC_2018_without_Longitudinal.In_Numbers.Maximum_Transmission_Torque_Dynamic_[Nm].Value ; 0x0
Torque_Control_ETR07_P.MaximumTransmissionTorqueDynami ; 1001 265 ; ASD_PARAMETER ; Torque_Control_ETR07.VDC.Vehicle_Dynamics_Control_2018.VDC_2018_Complete.In_Numbers.Maximum_Transmission_Torque_Dynamic_[Nm].Value ; 0x0
Torque_Control_ETR07_P.MaximumTransmissionTorqueStat_n ; 1001 266 ; ASD_PARAMETER ; Torque_Control_ETR07.VDC.Vehicle_Dynamics_Control_2018.VDC_2018_without_Longitudinal.In_Numbers.Maximum_Transmission_Torque_Static_[Nm].Value ; 0x0
Torque_Control_ETR07_P.MaximumTransmissionTorqueStatic ; 1001 267 ; ASD_PARAMETER ; Torque_Control_ETR07.VDC.Vehicle_Dynamics_Control_2018.VDC_2018_Complete.In_Numbers.Maximum_Transmission_Torque_Static_[Nm].Value ; 0x0
Torque_Control_ETR07_P.Merge1_InitialOutput ; 1001 268 ; ASD_PARAMETER ; Torque_Control_ETR07.VDC.Vehicle_Dynamics_Control_2018.VDC_2018_Complete.Driver____CarBehaviours.Merge1.InitialOutput ; 0x0
Torque_Control_ETR07_P.Merge1_InitialOutput_f ; 1001 269 ; ASD_PARAMETER ; Torque_Control_ETR07.VDC.Vehicle_Dynamics_Control_2018.Merge1.InitialOutput ; 0x0
Torque_Control_ETR07_P.Merge1_InitialOutput_k ; 1001 270 ; ASD_PARAMETER ; Torque_Control_ETR07.VDC.Vehicle_Dynamics_Control_2018.VDC_2018_without_Longitudinal.Driver____CarBehaviours.Merge1.InitialOutput ; 0x0
Torque_Control_ETR07_P.Merge2_InitialOutput ; 1001 271 ; ASD_PARAMETER ; Torque_Control_ETR07.VDC.Vehicle_Dynamics_Control_2018.VDC_2018_Complete.Merge2.InitialOutput ; 0x0
Torque_Control_ETR07_P.Merge2_InitialOutput_o ; 1001 272 ; ASD_PARAMETER ; Torque_Control_ETR07.VDC.Vehicle_Dynamics_Control_2018.Merge2.InitialOutput ; 0x0
Torque_Control_ETR07_P.Merge3_InitialOutput ; 1001 273 ; ASD_PARAMETER ; Torque_Control_ETR07.VDC.Vehicle_Dynamics_Control_2018.VDC_2018_Complete.Constraints.Acelerating_and_braking_without_Regenerative.Merge3.InitialOutput ; 0x0
Torque_Control_ETR07_P.Merge3_InitialOutput_j ; 1001 274 ; ASD_PARAMETER ; Torque_Control_ETR07.VDC.Vehicle_Dynamics_Control_2018.VDC_2018_Complete.Merge3.InitialOutput ; 0x0
Torque_Control_ETR07_P.Merge3_InitialOutput_n ; 1001 275 ; ASD_PARAMETER ; Torque_Control_ETR07.VDC.Vehicle_Dynamics_Control_2018.Merge3.InitialOutput ; 0x0
Torque_Control_ETR07_P.Merge4_InitialOutput ; 1001 276 ; ASD_PARAMETER ; Torque_Control_ETR07.VDC.Vehicle_Dynamics_Control_2018.VDC_2018_Complete.Constraints.Acelerating_and_braking_without_Regenerative.Merge4.InitialOutput ; 0x0
Torque_Control_ETR07_P.Merge4_InitialOutput_d ; 1001 277 ; ASD_PARAMETER ; Torque_Control_ETR07.VDC.Vehicle_Dynamics_Control_2018.VDC_2018_Complete.Merge4.InitialOutput ; 0x0
Torque_Control_ETR07_P.Merge5_InitialOutput ; 1001 278 ; ASD_PARAMETER ; Torque_Control_ETR07.VDC.Vehicle_Dynamics_Control_2018.VDC_2018_Complete.Merge5.InitialOutput ; 0x0
Torque_Control_ETR07_P.Merge6_InitialOutput ; 1001 279 ; ASD_PARAMETER ; Torque_Control_ETR07.VDC.Vehicle_Dynamics_Control_2018.VDC_2018_Complete.Merge6.InitialOutput ; 0x0
Torque_Control_ETR07_P.Merge7_InitialOutput ; 1001 280 ; ASD_PARAMETER ; Torque_Control_ETR07.VDC.Vehicle_Dynamics_Control_2018.VDC_2018_Complete.Merge7.InitialOutput ; 0x0
Torque_Control_ETR07_P.Merge_InitialOutput ; 1001 281 ; ASD_PARAMETER ; Torque_Control_ETR07.VDC.Vehicle_Dynamics_Control_2018.VDC_2018_Complete.Optimization_SKF__amp__CKF.Subsystem.SKF.Merge.InitialOutput ; 0x0
Torque_Control_ETR07_P.Merge_InitialOutput_a ; 1001 282 ; ASD_PARAMETER ; Torque_Control_ETR07.VDC.Vehicle_Dynamics_Control_2018.Steering_TV_2017_with_TC.Optimization_SKF__amp__CKF.Subsystem.CKF.Merge.InitialOutput ; 0x0
Torque_Control_ETR07_P.Merge_InitialOutput_h ; 1001 283 ; ASD_PARAMETER ; Torque_Control_ETR07.VDC.Vehicle_Dynamics_Control_2018.VDC_2018_without_Longitudinal.Optimization_SKF__amp__CKF.Subsystem.CKF.Merge.InitialOutput ; 0x0
Torque_Control_ETR07_P.Merge_InitialOutput_i ; 1001 284 ; ASD_PARAMETER ; Torque_Control_ETR07.VDC.Vehicle_Dynamics_Control_2018.VDC_2018_Complete.Driver____CarBehaviours.Merge.InitialOutput ; 0x0
Torque_Control_ETR07_P.Merge_InitialOutput_j ; 1001 285 ; ASD_PARAMETER ; Torque_Control_ETR07.VDC.Vehicle_Dynamics_Control_2018.VDC_2018_Complete.Optimization_SKF__amp__CKF.Subsystem.CKF.Merge.InitialOutput ; 0x0
Torque_Control_ETR07_P.Merge_InitialOutput_jq ; 1001 286 ; ASD_PARAMETER ; Torque_Control_ETR07.VDC.Regeneration_Enable.Not_Braking.Merge.InitialOutput ; 0x0
Torque_Control_ETR07_P.Merge_InitialOutput_l ; 1001 287 ; ASD_PARAMETER ; Torque_Control_ETR07.VDC.Vehicle_Dynamics_Control_2018.VDC_2018_without_Longitudinal.Driver____CarBehaviours.Merge.InitialOutput ; 0x0
Torque_Control_ETR07_P.Merge_InitialOutput_p ; 1001 288 ; ASD_PARAMETER ; Torque_Control_ETR07.VDC.Vehicle_Dynamics_Control_2018.Steering_TV_2017_with_TC.Optimization_SKF__amp__CKF.Subsystem.SKF.Merge.InitialOutput ; 0x0
Torque_Control_ETR07_P.Merge_InitialOutput_pp ; 1001 289 ; ASD_PARAMETER ; Torque_Control_ETR07.VDC.Vehicle_Dynamics_Control_2018.Merge.InitialOutput ; 0x0
Torque_Control_ETR07_P.Nospin_k.Switch_Threshold ; 1001 290 ; ASD_PARAMETER ; Torque_Control_ETR07.VDC.Vehicle_Dynamics_Control_2018.VDC_2018_Complete.Optimization_SKF__amp__CKF.Subsystem.CKF.No_spin.Switch.Threshold ; 0x0
Torque_Control_ETR07_P.Not_Braking_Value ; 1001 291 ; ASD_PARAMETER ; Torque_Control_ETR07.VDC.Regeneration_Enable.Not_Braking.Not_Braking.Value ; 0x0
Torque_Control_ETR07_P.Out_Throttle_Y0 ; 1001 292 ; ASD_PARAMETER ; Torque_Control_ETR07.VDC.Vehicle_Dynamics_Control_2018.VDC_2018_Complete.Driver____CarBehaviours.Accelerating.Out_Throttle.InitialOutput ; 0x0
Torque_Control_ETR07_P.Out_Throttle_Y0_a ; 1001 293 ; ASD_PARAMETER ; Torque_Control_ETR07.VDC.Vehicle_Dynamics_Control_2018.VDC_2018_without_Longitudinal.Driver____CarBehaviours.Accelerating.Out_Throttle.InitialOutput ; 0x0
Torque_Control_ETR07_P.Rear_Trackwidthm_Value ; 1001 294 ; ASD_PARAMETER ; Torque_Control_ETR07.VDC.Vehicle_Dynamics_Control_2018.VDC_2018_Complete.Lateral_Dynamics.Rear_Trackwidth_[m].Value ; 0x0
Torque_Control_ETR07_P.SKF_act_Y0 ; 1001 295 ; ASD_PARAMETER ; Torque_Control_ETR07.VDC.Vehicle_Dynamics_Control_2018.VDC_2018_Complete.Optimization_SKF__amp__CKF.Subsystem.SKF.SKF_act.InitialOutput ; 0x0
Torque_Control_ETR07_P.SKF_act_Y0_l ; 1001 296 ; ASD_PARAMETER ; Torque_Control_ETR07.VDC.Vehicle_Dynamics_Control_2018.Steering_TV_2017_with_TC.Optimization_SKF__amp__CKF.Subsystem.SKF.SKF_act.InitialOutput ; 0x0
Torque_Control_ETR07_P.Saturation1_LowerSat ; 1001 297 ; ASD_PARAMETER ; Torque_Control_ETR07.VDC.WORKSHOP_MODE_RESTRICTIONS.Torque_Reduction.Saturation1.LowerLimit ; 0x0
Torque_Control_ETR07_P.Saturation1_LowerSat_l ; 1001 298 ; ASD_PARAMETER ; Torque_Control_ETR07.VDC.WORKSHOP_MODE_RESTRICTIONS.Saturation1.LowerLimit ; 0x0
Torque_Control_ETR07_P.Saturation1_UpperSat ; 1001 299 ; ASD_PARAMETER ; Torque_Control_ETR07.VDC.WORKSHOP_MODE_RESTRICTIONS.Torque_Reduction.Saturation1.UpperLimit ; 0x0
Torque_Control_ETR07_P.Saturation1_UpperSat_m ; 1001 300 ; ASD_PARAMETER ; Torque_Control_ETR07.VDC.WORKSHOP_MODE_RESTRICTIONS.Saturation1.UpperLimit ; 0x0
Torque_Control_ETR07_P.Saturation_LowerSat ; 1001 301 ; ASD_PARAMETER ; Torque_Control_ETR07.VDC.Vehicle_Dynamics_Control_2018.VDC_2018_Complete.Optimization_SKF__amp__CKF.Subsystem.SKF.Saturation.LowerLimit ; 0x0
Torque_Control_ETR07_P.Saturation_LowerSat_c ; 1001 302 ; ASD_PARAMETER ; Torque_Control_ETR07.VDC.Vehicle_Dynamics_Control_2018.VDC_2018_without_Longitudinal.Optimization_SKF__amp__CKF.Subsystem.CKF.Saturation.LowerLimit ; 0x0
Torque_Control_ETR07_P.Saturation_LowerSat_e ; 1001 303 ; ASD_PARAMETER ; Torque_Control_ETR07.VDC.Vehicle_Dynamics_Control_2018.Steering_TV_2017_with_TC.Optimization_SKF__amp__CKF.Subsystem.CKF.Saturation.LowerLimit ; 0x0
Torque_Control_ETR07_P.Saturation_LowerSat_f ; 1001 304 ; ASD_PARAMETER ; Torque_Control_ETR07.VDC.Vehicle_Dynamics_Control_2018.VDC_2018_Complete.Optimization_SKF__amp__CKF.Subsystem.CKF.Saturation.LowerLimit ; 0x0
Torque_Control_ETR07_P.Saturation_LowerSat_f3 ; 1001 305 ; ASD_PARAMETER ; Torque_Control_ETR07.VDC.Vehicle_Dynamics_Control_2018.Steering_TV_2017_with_TC.Optimization_SKF__amp__CKF.Subsystem.SKF.Saturation.LowerLimit ; 0x0
Torque_Control_ETR07_P.Saturation_LowerSat_fi ; 1001 306 ; ASD_PARAMETER ; Torque_Control_ETR07.VDC.WORKSHOP_MODE_RESTRICTIONS.Saturation.LowerLimit ; 0x0
Torque_Control_ETR07_P.Saturation_LowerSat_j ; 1001 307 ; ASD_PARAMETER ; Torque_Control_ETR07.VDC.WORKSHOP_MODE_RESTRICTIONS.Torque_Reduction.Saturation.LowerLimit ; 0x0
Torque_Control_ETR07_P.Saturation_UpperSat ; 1001 308 ; ASD_PARAMETER ; Torque_Control_ETR07.VDC.Vehicle_Dynamics_Control_2018.VDC_2018_Complete.Optimization_SKF__amp__CKF.Subsystem.SKF.Saturation.UpperLimit ; 0x0
Torque_Control_ETR07_P.Saturation_UpperSat_c ; 1001 309 ; ASD_PARAMETER ; Torque_Control_ETR07.VDC.Vehicle_Dynamics_Control_2018.Steering_TV_2017_with_TC.Optimization_SKF__amp__CKF.Subsystem.CKF.Saturation.UpperLimit ; 0x0
Torque_Control_ETR07_P.Saturation_UpperSat_f ; 1001 310 ; ASD_PARAMETER ; Torque_Control_ETR07.VDC.Vehicle_Dynamics_Control_2018.VDC_2018_Complete.Optimization_SKF__amp__CKF.Subsystem.CKF.Saturation.UpperLimit ; 0x0
Torque_Control_ETR07_P.Saturation_UpperSat_g ; 1001 311 ; ASD_PARAMETER ; Torque_Control_ETR07.VDC.WORKSHOP_MODE_RESTRICTIONS.Saturation.UpperLimit ; 0x0
Torque_Control_ETR07_P.Saturation_UpperSat_h ; 1001 312 ; ASD_PARAMETER ; Torque_Control_ETR07.VDC.WORKSHOP_MODE_RESTRICTIONS.Torque_Reduction.Saturation.UpperLimit ; 0x0
Torque_Control_ETR07_P.Saturation_UpperSat_i ; 1001 313 ; ASD_PARAMETER ; Torque_Control_ETR07.VDC.Vehicle_Dynamics_Control_2018.VDC_2018_without_Longitudinal.Optimization_SKF__amp__CKF.Subsystem.CKF.Saturation.UpperLimit ; 0x0
Torque_Control_ETR07_P.Saturation_UpperSat_k ; 1001 314 ; ASD_PARAMETER ; Torque_Control_ETR07.VDC.Vehicle_Dynamics_Control_2018.Steering_TV_2017_with_TC.Optimization_SKF__amp__CKF.Subsystem.SKF.Saturation.UpperLimit ; 0x0
Torque_Control_ETR07_P.Spin_n.Constant_Value ; 1001 315 ; ASD_PARAMETER ; Torque_Control_ETR07.VDC.Vehicle_Dynamics_Control_2018.VDC_2018_Complete.Optimization_SKF__amp__CKF.Subsystem.CKF.Spin.Constant.Value ; 0x0
Torque_Control_ETR07_P.Spin_n.Switch_Threshold ; 1001 316 ; ASD_PARAMETER ; Torque_Control_ETR07.VDC.Vehicle_Dynamics_Control_2018.VDC_2018_Complete.Optimization_SKF__amp__CKF.Subsystem.CKF.Spin.Switch.Threshold ; 0x0
Torque_Control_ETR07_P.SteeringWheelMaximumAngle_Val_i ; 1001 317 ; ASD_PARAMETER ; Torque_Control_ETR07.VDC.Vehicle_Dynamics_Control_2018.Steering_TV_2017_with_TC.Steering_Wheel_Maximum_Angle.Value ; 0x0
Torque_Control_ETR07_P.SteeringWheelMaximumAngle_Val_o ; 1001 318 ; ASD_PARAMETER ; Torque_Control_ETR07.VDC.Vehicle_Dynamics_Control_2018.Steering_TV_2017_with_TC.Optimization_SKF__amp__CKF.Subsystem.Steering_Wheel_Maximum_Angle.Value ; 0x0
Torque_Control_ETR07_P.SteeringWheelMaximumAngle_Value ; 1001 319 ; ASD_PARAMETER ; Torque_Control_ETR07.VDC.Vehicle_Dynamics_Control_2018.VDC_2018_Complete.Optimization_SKF__amp__CKF.Subsystem.Steering_Wheel_Maximum_Angle.Value ; 0x0
Torque_Control_ETR07_P.SteeringWheelSaturationpersited ; 1001 320 ; ASD_PARAMETER ; Torque_Control_ETR07.VDC.Vehicle_Dynamics_Control_2018.Steering_Wheel_Saturation__per_site__[deg].Value ; 0x0
Torque_Control_ETR07_P.Steering_Ratio_Value ; 1001 321 ; ASD_PARAMETER ; Torque_Control_ETR07.VDC.Vehicle_Dynamics_Control_2018.VDC_2018_Complete.Lateral_Dynamics.Yaw_Rate_Reference.Steering_Ratio____.Value ; 0x0
Torque_Control_ETR07_P.Switch_Threshold ; 1001 322 ; ASD_PARAMETER ; Torque_Control_ETR07.VDC.Vehicle_Dynamics_Control_2018.VDC_2018_Complete.Optimization_SKF__amp__CKF.Subsystem.SKF.Spin.Switch.Threshold ; 0x0
Torque_Control_ETR07_P.Switch_Threshold_a ; 1001 323 ; ASD_PARAMETER ; Torque_Control_ETR07.VDC.Vehicle_Dynamics_Control_2018.Steering_TV_2017_with_TC.Optimization_SKF__amp__CKF.Subsystem.SKF.Spin.Switch.Threshold ; 0x0
Torque_Control_ETR07_P.Switch_Threshold_b ; 1001 324 ; ASD_PARAMETER ; Torque_Control_ETR07.VDC.Vehicle_Dynamics_Control_2018.Steering_TV_2017_with_TC.Optimization_SKF__amp__CKF.Subsystem.CKF.Spin.Switch.Threshold ; 0x0
Torque_Control_ETR07_P.Switch_Threshold_e ; 1001 325 ; ASD_PARAMETER ; Torque_Control_ETR07.VDC.Vehicle_Dynamics_Control_2018.Steering_TV_2017_with_TC.Optimization_SKF__amp__CKF.Subsystem.CKF.No_spin.Switch.Threshold ; 0x0
Torque_Control_ETR07_P.Switch_Threshold_f ; 1001 326 ; ASD_PARAMETER ; Torque_Control_ETR07.VDC.Vehicle_Dynamics_Control_2018.Steering_TV_2017_with_TC.Optimization_SKF__amp__CKF.Subsystem.SKF.No_spin.Switch.Threshold ; 0x0
Torque_Control_ETR07_P.Switch_Threshold_g ; 1001 327 ; ASD_PARAMETER ; Torque_Control_ETR07.VDC.Vehicle_Dynamics_Control_2018.VDC_2018_Complete.Optimization_SKF__amp__CKF.Subsystem.SKF.No_spin.Switch.Threshold ; 0x0
Torque_Control_ETR07_P.TEMP_LIMIT_LOWER_Value ; 1001 328 ; ASD_PARAMETER ; Torque_Control_ETR07.VDC.Regeneration_Enable.Not_Braking.Low_Threshold.TEMP_LIMIT_LOWER.Value ; 0x0
Torque_Control_ETR07_P.TEMP_LIMIT_UPPER_Value ; 1001 329 ; ASD_PARAMETER ; Torque_Control_ETR07.VDC.Regeneration_Enable.Not_Braking.Upper_Threshold.TEMP_LIMIT_UPPER.Value ; 0x0
Torque_Control_ETR07_P.Temp_LIMIT.TEMP_LIMIT_Value ; 1001 330 ; ASD_PARAMETER ; Torque_Control_ETR07.VDC.Regeneration_Enable.Not_Braking.Temp_LIMIT.TEMP_LIMIT.Value ; 0x0
Torque_Control_ETR07_P.Torque_RLNm_Value ; 1001 331 ; ASD_PARAMETER ; Torque_Control_ETR07.VDC.Vehicle_Dynamics_Control_2018.Rigid_Axle.Torque_RL_[Nm].Value ; 0x0
Torque_Control_ETR07_P.Torque_RRNm_Value ; 1001 332 ; ASD_PARAMETER ; Torque_Control_ETR07.VDC.Vehicle_Dynamics_Control_2018.Rigid_Axle.Torque_RR_[Nm].Value ; 0x0
Torque_Control_ETR07_P.Tq_diff_Max_Value ; 1001 333 ; ASD_PARAMETER ; Torque_Control_ETR07.VDC.Vehicle_Dynamics_Control_2018.VDC_2018_Complete.In_Numbers.Tq_diff_Max.Value ; 0x0
Torque_Control_ETR07_P.Tq_diff_maxNm_Value ; 1001 334 ; ASD_PARAMETER ; Torque_Control_ETR07.VDC.Vehicle_Dynamics_Control_2018.Steering_TV_2017_with_TC.Tq_diff_max_[Nm].Value ; 0x0
Torque_Control_ETR07_P.Tq_maxNm_Value ; 1001 335 ; ASD_PARAMETER ; Torque_Control_ETR07.VDC.Vehicle_Dynamics_Control_2018.Steering_TV_2017_with_TC.Tq_max_[Nm].Value ; 0x0
Torque_Control_ETR07_P.TransmisionRatio_Value ; 1001 336 ; ASD_PARAMETER ; Torque_Control_ETR07.VDC.Vehicle_Dynamics_Control_2018.VDC_2018_Complete.In_Numbers.Transmision_Ratio___.Value ; 0x0
Torque_Control_ETR07_P.TransmisionRatio_Value_j ; 1001 337 ; ASD_PARAMETER ; Torque_Control_ETR07.VDC.Vehicle_Dynamics_Control_2018.VDC_2018_without_Longitudinal.In_Numbers.Transmision_Ratio___.Value ; 0x0
Torque_Control_ETR07_P.Wheelbasem_Value ; 1001 338 ; ASD_PARAMETER ; Torque_Control_ETR07.VDC.Vehicle_Dynamics_Control_2018.VDC_2018_Complete.Lateral_Dynamics.Yaw_Rate_Reference.Wheelbase_[m].Value ; 0x0
Torque_Control_ETR07_P.Yaw_Inertiakgm3_Value ; 1001 339 ; ASD_PARAMETER ; Torque_Control_ETR07.VDC.Vehicle_Dynamics_Control_2018.VDC_2018_Complete.Lateral_Dynamics.Yaw_Inertia__kg__m_3_.Value ; 0x0
Torque_Control_ETR07_P.Zero_Value ; 1001 340 ; ASD_PARAMETER ; Torque_Control_ETR07.Calculate_Current_Conversion.KT_L_TORKY.Zero.Value ; 0x0
Torque_Control_ETR07_P.Zero_Value_c ; 1001 341 ; ASD_PARAMETER ; Torque_Control_ETR07.VDC.Regeneration_Enable.Zero.Value ; 0x0
Torque_Control_ETR07_P.Zero_Value_p ; 1001 342 ; ASD_PARAMETER ; Torque_Control_ETR07.Calculate_Current_Conversion.KT_R_EMY.Zero.Value ; 0x0
Torque_Control_ETR07_P.ct_Value ; 1001 343 ; ASD_PARAMETER ; Torque_Control_ETR07.Steering_Data_Conv.Low_Pass.ct.Value ; 0x0
Torque_Control_ETR07_P.exptcycletau1_Value ; 1001 344 ; ASD_PARAMETER ; Torque_Control_ETR07.Steering_Data_Conv.Low_Pass.exp__tcycle__tau_1.Value ; 0x0
Torque_Control_ETR07_P.halfrange_Value ; 1001 345 ; ASD_PARAMETER ; Torque_Control_ETR07.Steering_Data_Conv.half_range.Value ; 0x0
Torque_Control_ETR07_P.inchtom_Gain ; 1001 346 ; ASD_PARAMETER ; Torque_Control_ETR07.VDC.Vehicle_Dynamics_Control_2018.VDC_2018_Complete.In_Numbers.inch_to_m.Gain ; 0x0
Torque_Control_ETR07_P.inchtom_Gain_g ; 1001 347 ; ASD_PARAMETER ; Torque_Control_ETR07.VDC.Vehicle_Dynamics_Control_2018.VDC_2018_without_Longitudinal.In_Numbers.inch_to_m.Gain ; 0x0
Torque_Control_ETR07_P.range_Value ; 1001 348 ; ASD_PARAMETER ; Torque_Control_ETR07.Steering_Data_Conv.range.Value ; 0x0
Torque_Control_ETR07_P.rpm_Value ; 1001 349 ; ASD_PARAMETER ; Torque_Control_ETR07.VDC.Vehicle_Dynamics_Control_2018.VDC_2018_Complete.Constraints.Acelerating_and_braking_without_Regenerative.rpm.Value ; 0x0
Torque_Control_ETR07_P.rpm_Value_k ; 1001 350 ; ASD_PARAMETER ; Torque_Control_ETR07.VDC.Vehicle_Dynamics_Control_2018.VDC_2018_without_Longitudinal.Constraints.Acelerating_and_braking_without_Regenerative.rpm.Value ; 0x0
Torque_Control_ETR07_P.u602pi_Gain ; 1001 351 ; ASD_PARAMETER ; Torque_Control_ETR07.VDC.Vehicle_Dynamics_Control_2018.VDC_2018_Complete.Lateral_Dynamics.Yaw_Rate_Reference.360___2_pi_.Gain ; 0x0
Torque_Control_ETR07_P.u602pi_Gain_g ; 1001 352 ; ASD_PARAMETER ; Torque_Control_ETR07.VDC.Vehicle_Dynamics_Control_2018.VDC_2018_Complete.Lateral_Dynamics.Yaw_Rate_Reference.360___2pi_.Gain ; 0x0
Torque_Control_ETR07_P.udifference_Gain ; 1001 353 ; ASD_PARAMETER ; Torque_Control_ETR07.VDC.Vehicle_Dynamics_Control_2018.VDC_2018_Complete.In_Numbers.3__difference.Gain ; 0x0
Torque_Control_ETR07_P.udifference_Gain_d ; 1001 354 ; ASD_PARAMETER ; Torque_Control_ETR07.VDC.Vehicle_Dynamics_Control_2018.VDC_2018_without_Longitudinal.In_Numbers.3__difference.Gain ; 0x0
Torque_Control_ETR07_P.zero_Value ; 1001 355 ; ASD_PARAMETER ; Torque_Control_ETR07.Steering_Data_Conv.zero.Value ; 0x0
Torque_Control_ETR07_U.ACCEL_F_X_SI ; 1001 356 ; ASD_VARIABLE ; Torque_Control_ETR07.ACCEL_F_X_SI ; 0x0
Torque_Control_ETR07_U.ACCEL_F_Y_SI ; 1001 357 ; ASD_VARIABLE ; Torque_Control_ETR07.ACCEL_F_Y_SI ; 0x0
Torque_Control_ETR07_U.ACCEL_F_Z_SI ; 1001 358 ; ASD_VARIABLE ; Torque_Control_ETR07.ACCEL_F_Z_SI ; 0x0
Torque_Control_ETR07_U.ACCEL_R_X_SI ; 1001 359 ; ASD_VARIABLE ; Torque_Control_ETR07.ACCEL_R_X_SI ; 0x0
Torque_Control_ETR07_U.ACCEL_R_Y_SI ; 1001 360 ; ASD_VARIABLE ; Torque_Control_ETR07.ACCEL_R_Y_SI ; 0x0
Torque_Control_ETR07_U.ACCEL_R_Z_SI ; 1001 361 ; ASD_VARIABLE ; Torque_Control_ETR07.ACCEL_R_Z_SI ; 0x0
Torque_Control_ETR07_U.APPS1_Value ; 1001 362 ; ASD_VARIABLE ; Torque_Control_ETR07.APPS1_Value ; 0x0
Torque_Control_ETR07_U.APPS2_Value ; 1001 363 ; ASD_VARIABLE ; Torque_Control_ETR07.APPS2_Value ; 0x0
Torque_Control_ETR07_U.Accumulator_Current ; 1001 364 ; ASD_VARIABLE ; Torque_Control_ETR07.Accumulator_Current ; 0x0
Torque_Control_ETR07_U.Accumulator_Voltage ; 1001 365 ; ASD_VARIABLE ; Torque_Control_ETR07.Accumulator_Voltage ; 0x0
Torque_Control_ETR07_U.BrakeSensor_Value ; 1001 366 ; ASD_VARIABLE ; Torque_Control_ETR07.BrakeSensor_Value ; 0x0
Torque_Control_ETR07_U.Car_State ; 1001 367 ; ASD_VARIABLE ; Torque_Control_ETR07.Car_State ; 0x0
Torque_Control_ETR07_U.CriticalDisconnection ; 1001 368 ; ASD_VARIABLE ; Torque_Control_ETR07.CriticalDisconnection ; 0x0
Torque_Control_ETR07_U.Gyro_F_Z_Deg ; 1001 369 ; ASD_VARIABLE ; Torque_Control_ETR07.Gyro_F_Z_Deg ; 0x0
Torque_Control_ETR07_U.Highest_CellTemp ; 1001 370 ; ASD_VARIABLE ; Torque_Control_ETR07.Highest_CellTemp ; 0x0
Torque_Control_ETR07_U.RL_rads ; 1001 371 ; ASD_VARIABLE ; Torque_Control_ETR07.RL_rads ; 0x0
Torque_Control_ETR07_U.RR_rads ; 1001 372 ; ASD_VARIABLE ; Torque_Control_ETR07.RR_rads ; 0x0
Torque_Control_ETR07_U.ShutdownClosed ; 1001 373 ; ASD_VARIABLE ; Torque_Control_ETR07.ShutdownClosed ; 0x0
Torque_Control_ETR07_U.SteeringSensor_Bits ; 1001 374 ; ASD_VARIABLE ; Torque_Control_ETR07.SteeringSensor_Bits ; 0x0
Torque_Control_ETR07_U.Susp_F_L ; 1001 375 ; ASD_VARIABLE ; Torque_Control_ETR07.Susp_F_L ; 0x0
Torque_Control_ETR07_U.Susp_F_R ; 1001 376 ; ASD_VARIABLE ; Torque_Control_ETR07.Susp_F_R ; 0x0
Torque_Control_ETR07_U.Susp_R_L ; 1001 377 ; ASD_VARIABLE ; Torque_Control_ETR07.Susp_R_L ; 0x0
Torque_Control_ETR07_U.Susp_R_R ; 1001 378 ; ASD_VARIABLE ; Torque_Control_ETR07.Susp_R_R ; 0x0
Torque_Control_ETR07_U.TV_Mode ; 1001 379 ; ASD_VARIABLE ; Torque_Control_ETR07.TV_Mode ; 0x0
Torque_Control_ETR07_U.Temp_IGBT ; 1001 380 ; ASD_VARIABLE ; Torque_Control_ETR07.Temp_IGBT ; 0x0
Torque_Control_ETR07_U.Temp_Motors ; 1001 381 ; ASD_VARIABLE ; Torque_Control_ETR07.Temp_Motors ; 0x0
Torque_Control_ETR07_U.TorqueEnable ; 1001 382 ; ASD_VARIABLE ; Torque_Control_ETR07.TorqueEnable ; 0x0
Torque_Control_ETR07_U.VDC_Apps_Sat_Down ; 1001 383 ; ASD_VARIABLE ; Torque_Control_ETR07.VDC_Apps_Sat_Down ; 0x0
Torque_Control_ETR07_U.VDC_Apps_Sat_Up ; 1001 384 ; ASD_VARIABLE ; Torque_Control_ETR07.VDC_Apps_Sat_Up ; 0x0
Torque_Control_ETR07_U.VDC_CKF_Initial ; 1001 385 ; ASD_VARIABLE ; Torque_Control_ETR07.VDC_CKF_Initial ; 0x0
Torque_Control_ETR07_U.VDC_Cte_CKF ; 1001 386 ; ASD_VARIABLE ; Torque_Control_ETR07.VDC_Cte_CKF ; 0x0
Torque_Control_ETR07_U.VDC_Cte_SKF ; 1001 387 ; ASD_VARIABLE ; Torque_Control_ETR07.VDC_Cte_SKF ; 0x0
Torque_Control_ETR07_U.VDC_K_Reduction_P ; 1001 388 ; ASD_VARIABLE ; Torque_Control_ETR07.VDC_K_Reduction_P ; 0x0
Torque_Control_ETR07_U.VDC_K_Reduction_Temperature ; 1001 389 ; ASD_VARIABLE ; Torque_Control_ETR07.VDC_K_Reduction_Temperature ; 0x0
Torque_Control_ETR07_U.VDC_Max_Regenerative_Torque ; 1001 390 ; ASD_VARIABLE ; Torque_Control_ETR07.VDC_Max_Regenerative_Torque ; 0x0
Torque_Control_ETR07_U.VDC_Power_Limit ; 1001 391 ; ASD_VARIABLE ; Torque_Control_ETR07.VDC_Power_Limit ; 0x0
Torque_Control_ETR07_U.VDC_SKF_Initial ; 1001 392 ; ASD_VARIABLE ; Torque_Control_ETR07.VDC_SKF_Initial ; 0x0
Torque_Control_ETR07_U.Vel_RL_kmh ; 1001 393 ; ASD_VARIABLE ; Torque_Control_ETR07.Vel_RL_kmh ; 0x0
Torque_Control_ETR07_U.Vel_RR_kmh ; 1001 394 ; ASD_VARIABLE ; Torque_Control_ETR07.Vel_RR_kmh ; 0x0
Torque_Control_ETR07_U.Workshop_Mode_Enable ; 1001 395 ; ASD_VARIABLE ; Torque_Control_ETR07.Workshop_Mode_Enable ; 0x0
Torque_Control_ETR07_Y.APPS_Implausibility ; 1001 396 ; ASD_VARIABLE ; Torque_Control_ETR07.APPS_Implausibility ; 0x0
Torque_Control_ETR07_Y.Brake_Implausibility ; 1001 397 ; ASD_VARIABLE ; Torque_Control_ETR07.Brake_Implausibility ; 0x0
Torque_Control_ETR07_Y.CKF_actual ; 1001 398 ; ASD_VARIABLE ; Torque_Control_ETR07.CKF_actual ; 0x0
Torque_Control_ETR07_Y.Dash_Speed ; 1001 399 ; ASD_VARIABLE ; Torque_Control_ETR07.Dash_Speed ; 0x0
Torque_Control_ETR07_Y.Fy_R ; 1001 400 ; ASD_VARIABLE ; Torque_Control_ETR07.Fy_R ; 0x0
Torque_Control_ETR07_Y.Handling ; 1001 401 ; ASD_VARIABLE ; Torque_Control_ETR07.Handling ; 0x0
Torque_Control_ETR07_Y.Mass ; 1001 402 ; ASD_VARIABLE ; Torque_Control_ETR07.Mass ; 0x0
Torque_Control_ETR07_Y.Max_Fx_RL ; 1001 403 ; ASD_VARIABLE ; Torque_Control_ETR07.Max_Fx_RL ; 0x0
Torque_Control_ETR07_Y.Max_Fx_RR ; 1001 404 ; ASD_VARIABLE ; Torque_Control_ETR07.Max_Fx_RR ; 0x0
Torque_Control_ETR07_Y.Max_Torque_RL ; 1001 405 ; ASD_VARIABLE ; Torque_Control_ETR07.Max_Torque_RL ; 0x0
Torque_Control_ETR07_Y.Max_Torque_RR ; 1001 406 ; ASD_VARIABLE ; Torque_Control_ETR07.Max_Torque_RR ; 0x0
Torque_Control_ETR07_Y.MeasVDCTorque_L ; 1001 407 ; ASD_VARIABLE ; Torque_Control_ETR07.Meas_VDC_Torque_L ; 0x0
Torque_Control_ETR07_Y.MeasVDCTorque_R ; 1001 408 ; ASD_VARIABLE ; Torque_Control_ETR07.Meas_VDC_Torque_R ; 0x0
Torque_Control_ETR07_Y.Power ; 1001 409 ; ASD_VARIABLE ; Torque_Control_ETR07.Power ; 0x0
Torque_Control_ETR07_Y.PowerLimitReached ; 1001 410 ; ASD_VARIABLE ; Torque_Control_ETR07.PowerLimitReached ; 0x0
Torque_Control_ETR07_Y.PowerMean500ms ; 1001 411 ; ASD_VARIABLE ; Torque_Control_ETR07.PowerMean500ms ; 0x0
Torque_Control_ETR07_Y.Pumps_Control ; 1001 412 ; ASD_VARIABLE ; Torque_Control_ETR07.Pumps_Control ; 0x0
Torque_Control_ETR07_Y.Regenerative_Enable ; 1001 413 ; ASD_VARIABLE ; Torque_Control_ETR07.Regenerative_Enable ; 0x0
Torque_Control_ETR07_Y.SKF_actual ; 1001 414 ; ASD_VARIABLE ; Torque_Control_ETR07.SKF_actual ; 0x0
Torque_Control_ETR07_Y.SteeringSensor_Value ; 1001 415 ; ASD_VARIABLE ; Torque_Control_ETR07.SteeringSensor_Value ; 0x0
Torque_Control_ETR07_Y.TV_Flag_CarBehaviour ; 1001 416 ; ASD_VARIABLE ; Torque_Control_ETR07.TV_Flag_CarBehaviour ; 0x0
Torque_Control_ETR07_Y.TV_Flag_Power ; 1001 417 ; ASD_VARIABLE ; Torque_Control_ETR07.TV_Flag_Power ; 0x0
Torque_Control_ETR07_Y.TV_Flag_Temperature ; 1001 418 ; ASD_VARIABLE ; Torque_Control_ETR07.TV_Flag_Temperature ; 0x0
Torque_Control_ETR07_Y.TV_Flag_WheelSpinRL ; 1001 419 ; ASD_VARIABLE ; Torque_Control_ETR07.TV_Flag_WheelSpinRL ; 0x0
Torque_Control_ETR07_Y.TV_Flag_WheelSpinRR ; 1001 420 ; ASD_VARIABLE ; Torque_Control_ETR07.TV_Flag_WheelSpinRR ; 0x0
Torque_Control_ETR07_Y.Throttle ; 1001 421 ; ASD_VARIABLE ; Torque_Control_ETR07.Throttle ; 0x0
Torque_Control_ETR07_Y.Torque_L ; 1001 422 ; ASD_VARIABLE ; Torque_Control_ETR07.Torque_L ; 0x0
Torque_Control_ETR07_Y.Torque_OK ; 1001 423 ; ASD_VARIABLE ; Torque_Control_ETR07.Torque_OK ; 0x0
Torque_Control_ETR07_Y.Torque_R ; 1001 424 ; ASD_VARIABLE ; Torque_Control_ETR07.Torque_R ; 0x0
Torque_Control_ETR07_Y.Torque_RLwc ; 1001 425 ; ASD_VARIABLE ; Torque_Control_ETR07.Torque_RLwc ; 0x0
Torque_Control_ETR07_Y.Torque_RRwc ; 1001 426 ; ASD_VARIABLE ; Torque_Control_ETR07.Torque_RRwc ; 0x0
Torque_Control_ETR07_Y.current_L ; 1001 427 ; ASD_VARIABLE ; Torque_Control_ETR07.current_L ; 0x0
Torque_Control_ETR07_Y.current_R ; 1001 428 ; ASD_VARIABLE ; Torque_Control_ETR07.current_R ; 0x0
